Symbol="BCO"
AssetType="Common Stock"
Name="Brinks Company"
Description="The Brink's Company provides secure transportation, cash management, and other security-related services in North America, Latin America, Europe, and internationally. The company is headquartered in Richmond, Virginia."
CIK="78890"
Exchange="NYSE"
Currency="USD"
Country="USA"
Sector="ENERGY & TRANSPORTATION"
Industry="ARRANGEMENT OF TRANSPORTATION OF FREIGHT & CARGO"
Address="1801 BAYBERRY COURT, P O BOX 18100, RICHMOND, VA, US"
FiscalYearEnd="December"
LatestQuarter="2023-06-30"
MarketCapitalization="3360336000"
EBITDA="655100000"
PERatio="10.25"
PEGRatio="2.83"
BookValue="11.67"
DividendPerShare="0.82"
DividendYield="0.0121"
EPS="2.347"
RevenuePerShareTTM="100.94"
ProfitMargin="0.0235"
OperatingMarginTTM="0.0837"
ReturnOnAssetsTTM="0.0404"
ReturnOnEquityTTM="29.01"
RevenueTTM="4729200000"
GrossProfitTTM="1073600000"
DilutedEPSTTM="2.45"
QuarterlyEarningsGrowthYOY="-0.069"
QuarterlyRevenueGrowthYOY="0.073"
AnalystTargetPrice="91"
TrailingPE="29.38"
ForwardPE="17.27"
PriceToSalesRatioTTM="0.59"
PriceToBookRatio="13.41"
EVToRevenue="1.196"
EVToEBITDA="8.73"
Beta="1.335"
num_52WeekHigh="74.69"
num_52WeekLow="47.76"
num_50DayMovingAverage="70.16"
num_200DayMovingAverage="64.47"
SharesOutstanding="46425400"
DividendDate="2023-09-01"
ExDividendDate="2023-07-28"
symbol="BCO"
open="72.13"
high="72.69"
low="71.76"
price="71.97"
volume="201552.00"
latest_trading_day="2023-08-17"
previous_close="72.38"
change="-0.41"
change_percent="-0.5665%"
aroon_positive_momentum_days="72"
aroon_negative_momentum_days="0"
trend_strength="Absent or Weak Trend"
buying_signal="Weak Buy Signal"
volume_analysis="Target Volume"
value_analysis="Expected Range"
Aroon_change="FALSE"
Aroon_momentum="72"
Volume_recent_avg="196494"
Change_recent_avg="0.12"
Delta_recent_avg="1.55"
Variance_recent_avg="0.77"
Change_ratio_recent_avg="0.16"
RSI_change="FALSE"
ADX_change="FALSE"

event="FALSE"
Aroon_signal="positive"
Aroon_change="FALSE"
Aroon_momentum_positive="72"
Aroon_momentum_negative="28"
image_negative_thumbnail_id_1="1164"
image_negative_url_1="https://hehge.com/wp-content/uploads/sites/16/2023/06/MI_Finance_Negative_Landscape_0198.jpeg"
image_negative_thumbnail_id_2="492"
image_negative_url_2="https://hehge.com/wp-content/uploads/sites/16/2023/06/MI_Finance_Negative_Landscape_0113.jpeg"
image_neutral_thumbnail_id_1="595"
image_neutral_url_1="https://hehge.com/wp-content/uploads/sites/16/2023/06/MI_Finance_Neutral_Landscape_0004.jpeg"
image_neutral_thumbnail_id_2="566"
image_neutral_url_2="https://hehge.com/wp-content/uploads/sites/16/2023/06/MI_Finance_Neutral_Landscape_0033.jpeg"
image_positive_thumbnail_id_1="599"
image_positive_url_1="https://hehge.com/wp-content/uploads/sites/16/2023/06/MI_Finance_Positive_Landscape_0109.jpeg"
image_positive_thumbnail_id_2="950"
image_positive_url_2="https://hehge.com/wp-content/uploads/sites/16/2023/06/MI_Finance_Positive_Landscape_0112.jpeg"
image_professor_thumbnail_id_1="1186"
image_professor_url_1="https://hehge.com/wp-content/uploads/sites/16/2023/06/MI_Finance_Professor_Landscape_0020.jpeg"
image_professor_thumbnail_id_2="1202"
image_professor_url_2="https://hehge.com/wp-content/uploads/sites/16/2023/06/MI_Finance_Professor_Landscape_0036.jpeg"
