Symbol="BROG"
AssetType="Common Stock"
Name="Brooge Holdings Ltd"
Description="Brooge Energy Limited, provides oil storage and related services at the port of Fujairah in the emirate of Fujairah in the United Arab Emirates. The company is headquartered in Fujairah, the United Arab Emirates."
CIK="1774983"
Exchange="NASDAQ"
Currency="USD"
Country="USA"
Sector="ENERGY & TRANSPORTATION"
Industry="PETROLEUM REFINING"
Address="C/O BROOGE PETROLEUM & GAS INVESTMENT CO, P.O. BOX 50170, FUJAIRAH, AE"
FiscalYearEnd="December"
LatestQuarter="2021-06-30"
MarketCapitalization="481091000"
EBITDA="53303000"
PERatio="14.16"
PEGRatio="None"
BookValue="0.959"
DividendPerShare="0"
DividendYield="0"
EPS="0.31"
RevenuePerShareTTM="0.926"
ProfitMargin="0.334"
OperatingMarginTTM="0.504"
ReturnOnAssetsTTM="0.0552"
ReturnOnEquityTTM="0.297"
RevenueTTM="81541000"
GrossProfitTTM="56849000"
DilutedEPSTTM="0.31"
QuarterlyEarningsGrowthYOY="-0.315"
QuarterlyRevenueGrowthYOY="0.017"
AnalystTargetPrice="14"
TrailingPE="14.16"
ForwardPE="9.69"
PriceToSalesRatioTTM="14.74"
PriceToBookRatio="4.173"
EVToRevenue="19.94"
EVToEBITDA="30.64"
Beta="-0.368"
num_52WeekHigh="9.8"
num_52WeekLow="4.341"
num_50DayMovingAverage="4.766"
num_200DayMovingAverage="5.65"
SharesOutstanding="109588000"
DividendDate="None"
ExDividendDate="None"
symbol="BROG"
open="4.58"
high="4.58"
low="4.58"
price="4.58"
volume="423.00"
latest_trading_day="2023-08-10"
previous_close="4.39"
change="0.19"
change_percent="4.3280%"
aroon_positive_momentum_days="0"
aroon_negative_momentum_days="90"
trend_strength="Absent or Weak Trend"
buying_signal="Strong Sell Signal"
volume_analysis="Target Volume"
value_analysis="Expected Range"
Aroon_change="FALSE"
Aroon_momentum="10"
Volume_recent_avg="2762"
Change_recent_avg="-0.01"
Delta_recent_avg="0.08"
Variance_recent_avg="0.04"
Change_ratio_recent_avg="-0.11"
RSI_change="FALSE"
ADX_change="FALSE"

event="FALSE"
Aroon_signal="negative"
Aroon_change="FALSE"
Aroon_momentum_positive="10"
Aroon_momentum_negative="90"
image_negative_thumbnail_id_1="489"
image_negative_url_1="https://hehge.com/wp-content/uploads/sites/16/2023/06/MI_Finance_Negative_Landscape_0116.jpeg"
image_negative_thumbnail_id_2="1104"
image_negative_url_2="https://hehge.com/wp-content/uploads/sites/16/2023/06/MI_Finance_Negative_Landscape_0137.jpeg"
image_neutral_thumbnail_id_1="537"
image_neutral_url_1="https://hehge.com/wp-content/uploads/sites/16/2023/06/MI_Finance_Neutral_Landscape_0062.jpeg"
image_neutral_thumbnail_id_2="592"
image_neutral_url_2="https://hehge.com/wp-content/uploads/sites/16/2023/06/MI_Finance_Neutral_Landscape_0007.jpeg"
image_positive_thumbnail_id_1="1013"
image_positive_url_1="https://hehge.com/wp-content/uploads/sites/16/2023/06/MI_Finance_Positive_Landscape_0175.jpeg"
image_positive_thumbnail_id_2="640"
image_positive_url_2="https://hehge.com/wp-content/uploads/sites/16/2023/06/MI_Finance_Positive_Landscape_0068.jpeg"
image_professor_thumbnail_id_1="1191"
image_professor_url_1="https://hehge.com/wp-content/uploads/sites/16/2023/06/MI_Finance_Professor_Landscape_0025.jpeg"
image_professor_thumbnail_id_2="1197"
image_professor_url_2="https://hehge.com/wp-content/uploads/sites/16/2023/06/MI_Finance_Professor_Landscape_0031.jpeg"
