Symbol="MMYT"
AssetType="Common Stock"
Name="MakeMyTrip Limited"
Description="MakeMyTrip Limited, an online travel company, sells travel products and solutions in India, the United States, Singapore, Malaysia, Thailand, the United Arab Emirates, Peru, Colombia, and Indonesia. The company is headquartered in Gurugram, India."
CIK="1495153"
Exchange="NASDAQ"
Currency="USD"
Country="USA"
Sector="ENERGY & TRANSPORTATION"
Industry="TRANSPORTATION SERVICES"
Address="19TH FLOOR, BUILDING NO.5,, DLF CYBER CITY,, GURGAON, IN"
FiscalYearEnd="March"
LatestQuarter="2023-03-31"
MarketCapitalization="3115058000"
EBITDA="51000000"
PERatio="None"
PEGRatio="-0.21"
BookValue="7.91"
DividendPerShare="0"
DividendYield="0"
EPS="-0.1"
RevenuePerShareTTM="5.41"
ProfitMargin="-0.0191"
OperatingMarginTTM="0.0398"
ReturnOnAssetsTTM="0.011"
ReturnOnEquityTTM="-0.0126"
RevenueTTM="593036000"
GrossProfitTTM="283501000"
DilutedEPSTTM="-0.1"
QuarterlyEarningsGrowthYOY="0"
QuarterlyRevenueGrowthYOY="0.677"
AnalystTargetPrice="36.88"
TrailingPE="-"
ForwardPE="-"
PriceToSalesRatioTTM="6.29"
PriceToBookRatio="3.564"
EVToRevenue="5.86"
EVToEBITDA="89.86"
Beta="1.237"
num_52WeekHigh="34.68"
num_52WeekLow="22.5"
num_50DayMovingAverage="26.87"
num_200DayMovingAverage="27.16"
SharesOutstanding="65606000"
DividendDate="None"
ExDividendDate="None"
symbol="MMYT"
open="29.65"
high="29.93"
low="29.24"
price="29.44"
volume="748887.00"
latest_trading_day="2023-07-17"
previous_close="29.59"
change="-0.15"
change_percent="-0.5069%"
aroon_positive_momentum_days="40"
aroon_negative_momentum_days="0"
trend_strength="Absent or Weak Trend"
buying_signal="Strong Buy Signal"
volume_analysis="Target Volume"
value_analysis="Expected Range"
Aroon_change="FALSE"
Aroon_momentum="40"
Volume_recent_avg="319563"
Change_recent_avg="0.04"
Delta_recent_avg="0.72"
Variance_recent_avg="0.36"
Change_ratio_recent_avg="0.13"
RSI_change="FALSE"
ADX_change="FALSE"

event="FALSE"
Aroon_signal="positive"
Aroon_change="FALSE"
Aroon_momentum_positive="40"
Aroon_momentum_negative="60"
image_negative_thumbnail_id_1="103"
image_negative_url_1="https://hehge.com/wp-content/uploads/sites/16/2023/05/MI_Finance_Negative_Landscape_0073.jpeg"
image_negative_thumbnail_id_2="132"
image_negative_url_2="https://hehge.com/wp-content/uploads/sites/16/2023/05/MI_Finance_Negative_Landscape_0044.jpeg"
image_neutral_thumbnail_id_1="569"
image_neutral_url_1="https://hehge.com/wp-content/uploads/sites/16/2023/06/MI_Finance_Neutral_Landscape_0030.jpeg"
image_neutral_thumbnail_id_2="559"
image_neutral_url_2="https://hehge.com/wp-content/uploads/sites/16/2023/06/MI_Finance_Neutral_Landscape_0040.jpeg"
image_positive_thumbnail_id_1="988"
image_positive_url_1="https://hehge.com/wp-content/uploads/sites/16/2023/06/MI_Finance_Positive_Landscape_0150.jpeg"
image_positive_thumbnail_id_2="607"
image_positive_url_2="https://hehge.com/wp-content/uploads/sites/16/2023/06/MI_Finance_Positive_Landscape_0101.jpeg"
image_professor_thumbnail_id_1="1184"
image_professor_url_1="https://hehge.com/wp-content/uploads/sites/16/2023/06/MI_Finance_Professor_Landscape_0018.jpeg"
image_professor_thumbnail_id_2="1175"
image_professor_url_2="https://hehge.com/wp-content/uploads/sites/16/2023/06/MI_Finance_Professor_Landscape_0009.jpeg"
aroon_positive_momentum_days="40"
aroon_negative_momentum_days="0"
trend_strength="Absent or Weak Trend"
buying_signal="Strong Buy Signal"
volume_analysis="Target Volume"
value_analysis="Expected Range"
Aroon_change="FALSE"
Aroon_momentum="40"
Volume_recent_avg="319563"
Change_recent_avg="0.04"
Delta_recent_avg="0.72"
Variance_recent_avg="0.36"
Change_ratio_recent_avg="0.13"
RSI_change="FALSE"
ADX_change="FALSE"

event="FALSE"
Aroon_signal="positive"
Aroon_change="FALSE"
Aroon_momentum_positive="40"
Aroon_momentum_negative="60"
image_negative_thumbnail_id_1="1099"
image_negative_url_1="https://hehge.com/wp-content/uploads/sites/16/2023/06/MI_Finance_Negative_Landscape_0132.jpeg"
image_negative_thumbnail_id_2="106"
image_negative_url_2="https://hehge.com/wp-content/uploads/sites/16/2023/05/MI_Finance_Negative_Landscape_0070.jpeg"
image_neutral_thumbnail_id_1="597"
image_neutral_url_1="https://hehge.com/wp-content/uploads/sites/16/2023/06/MI_Finance_Neutral_Landscape_0002.jpeg"
image_neutral_thumbnail_id_2="583"
image_neutral_url_2="https://hehge.com/wp-content/uploads/sites/16/2023/06/MI_Finance_Neutral_Landscape_0016.jpeg"
image_positive_thumbnail_id_1="674"
image_positive_url_1="https://hehge.com/wp-content/uploads/sites/16/2023/06/MI_Finance_Positive_Landscape_0034.jpeg"
image_positive_thumbnail_id_2="971"
image_positive_url_2="https://hehge.com/wp-content/uploads/sites/16/2023/06/MI_Finance_Positive_Landscape_0133.jpeg"
image_professor_thumbnail_id_1="1174"
image_professor_url_1="https://hehge.com/wp-content/uploads/sites/16/2023/06/MI_Finance_Professor_Landscape_0008.jpeg"
image_professor_thumbnail_id_2="1176"
image_professor_url_2="https://hehge.com/wp-content/uploads/sites/16/2023/06/MI_Finance_Professor_Landscape_0010.jpeg"
