Symbol="ORA"
AssetType="Common Stock"
Name="Ormat Technologies Inc"
Description="Ormat Technologies, Inc. is engaged in the geothermal and recovered energy business in the United States, Indonesia, Kenya, Turkey, Chile, Guadeloupe, Guatemala, Ethiopia, New Zealand, Honduras and internationally. The company is headquartered in Reno, Nevada."
CIK="1296445"
Exchange="NYSE"
Currency="USD"
Country="USA"
Sector="ENERGY & TRANSPORTATION"
Industry="ELECTRIC SERVICES"
Address="6225 NEIL ROAD, SUITE 300, RENO, NV, US"
FiscalYearEnd="December"
LatestQuarter="2023-06-30"
MarketCapitalization="4564720000"
EBITDA="397470000"
PERatio="45.52"
PEGRatio="5.06"
BookValue="37.41"
DividendPerShare="0.48"
DividendYield="0.0062"
EPS="1.547"
RevenuePerShareTTM="13.3"
ProfitMargin="0.117"
OperatingMarginTTM="0.24"
ReturnOnAssetsTTM="0.0239"
ReturnOnEquityTTM="4.373"
RevenueTTM="761399000"
GrossProfitTTM="268824000"
DilutedEPSTTM="1.35"
QuarterlyEarningsGrowthYOY="1"
QuarterlyRevenueGrowthYOY="0.152"
AnalystTargetPrice="90.25"
TrailingPE="56.11"
ForwardPE="50.51"
PriceToSalesRatioTTM="6.85"
PriceToBookRatio="2.676"
EVToRevenue="9.48"
EVToEBITDA="16.74"
Beta="0.436"
num_52WeekHigh="101.25"
num_52WeekLow="75.44"
num_50DayMovingAverage="81.96"
num_200DayMovingAverage="86.51"
SharesOutstanding="59706000"
DividendDate="2023-08-30"
ExDividendDate="2023-05-22"
symbol="ORA"
open="75.44"
high="76.62"
low="75.44"
price="75.71"
volume="243433.00"
latest_trading_day="2023-08-18"
previous_close="75.93"
change="-0.22"
change_percent="-0.2897%"
aroon_positive_momentum_days="0"
aroon_negative_momentum_days="91"
trend_strength="Absent or Weak Trend"
buying_signal="Strong Sell Signal"
volume_analysis="Target Volume"
value_analysis="Expected Range"
Aroon_change="FALSE"
Aroon_momentum="9"
Volume_recent_avg="396319"
Change_recent_avg="-0.16"
Delta_recent_avg="1.62"
Variance_recent_avg="0.81"
Change_ratio_recent_avg="-0.2"
RSI_change="FALSE"
ADX_change="FALSE"

event="FALSE"
Aroon_signal="negative"
Aroon_change="FALSE"
Aroon_momentum_positive="9"
Aroon_momentum_negative="91"
image_negative_thumbnail_id_1="495"
image_negative_url_1="https://hehge.com/wp-content/uploads/sites/16/2023/06/MI_Finance_Negative_Landscape_0110.jpeg"
image_negative_thumbnail_id_2="492"
image_negative_url_2="https://hehge.com/wp-content/uploads/sites/16/2023/06/MI_Finance_Negative_Landscape_0113.jpeg"
image_neutral_thumbnail_id_1="564"
image_neutral_url_1="https://hehge.com/wp-content/uploads/sites/16/2023/06/MI_Finance_Neutral_Landscape_0035.jpeg"
image_neutral_thumbnail_id_2="581"
image_neutral_url_2="https://hehge.com/wp-content/uploads/sites/16/2023/06/MI_Finance_Neutral_Landscape_0018.jpeg"
image_positive_thumbnail_id_1="952"
image_positive_url_1="https://hehge.com/wp-content/uploads/sites/16/2023/06/MI_Finance_Positive_Landscape_0114.jpeg"
image_positive_thumbnail_id_2="997"
image_positive_url_2="https://hehge.com/wp-content/uploads/sites/16/2023/06/MI_Finance_Positive_Landscape_0159.jpeg"
image_professor_thumbnail_id_1="1191"
image_professor_url_1="https://hehge.com/wp-content/uploads/sites/16/2023/06/MI_Finance_Professor_Landscape_0025.jpeg"
image_professor_thumbnail_id_2="1194"
image_professor_url_2="https://hehge.com/wp-content/uploads/sites/16/2023/06/MI_Finance_Professor_Landscape_0028.jpeg"
