Symbol="PXS"
AssetType="Common Stock"
Name="Pyxis Tankers Inc"
Description="Pyxis Tankers Inc. is a shipping company with a focus on the tanker sector in the United States. The company is headquartered in Maroussi, Greece."
CIK="1640043"
Exchange="NASDAQ"
Currency="USD"
Country="USA"
Sector="ENERGY & TRANSPORTATION"
Industry="DEEP SEA FOREIGN TRANSPORTATION OF FREIGHT"
Address="357-359, MESSOGHION AVENUE, HALANDRI 152 31, ATHENS, GR"
FiscalYearEnd="December"
LatestQuarter="2023-06-30"
MarketCapitalization="39329300"
EBITDA="26715000"
PERatio="1.726"
PEGRatio="0"
BookValue="6.74"
DividendPerShare="0"
DividendYield="0"
EPS="2.12"
RevenuePerShareTTM="5.29"
ProfitMargin="0.423"
OperatingMarginTTM="0.372"
ReturnOnAssetsTTM="0.0964"
ReturnOnEquityTTM="0.39"
RevenueTTM="56497000"
GrossProfitTTM="28122000"
DilutedEPSTTM="2.12"
QuarterlyEarningsGrowthYOY="-0.382"
QuarterlyRevenueGrowthYOY="-0.408"
AnalystTargetPrice="8.07"
TrailingPE="1.726"
ForwardPE="3.667"
PriceToSalesRatioTTM="1.208"
PriceToBookRatio="1.102"
EVToRevenue="2.675"
EVToEBITDA="12.03"
Beta="-0.642"
num_52WeekHigh="6.26"
num_52WeekLow="3.01"
num_50DayMovingAverage="3.681"
num_200DayMovingAverage="4.742"
SharesOutstanding="10745700"
DividendDate="None"
ExDividendDate="None"
symbol="PXS"
open="3.67"
high="3.70"
low="3.56"
price="3.56"
volume="18980.00"
latest_trading_day="2023-08-21"
previous_close="3.66"
change="-0.10"
change_percent="-2.7322%"
aroon_positive_momentum_days="0"
aroon_negative_momentum_days="75"
trend_strength="Absent or Weak Trend"
buying_signal="Strong Sell Signal"
volume_analysis="Target Volume"
value_analysis="Expected Range"
Aroon_change="FALSE"
Aroon_momentum="25"
Volume_recent_avg="85779"
Change_recent_avg="-0.02"
Delta_recent_avg="0.19"
Variance_recent_avg="0.09"
Change_ratio_recent_avg="-0.53"
RSI_change="FALSE"
ADX_change="FALSE"

event="FALSE"
Aroon_signal="negative"
Aroon_change="FALSE"
Aroon_momentum_positive="25"
Aroon_momentum_negative="75"
image_negative_thumbnail_id_1="96"
image_negative_url_1="https://hehge.com/wp-content/uploads/sites/16/2023/05/MI_Finance_Negative_Landscape_0080.jpeg"
image_negative_thumbnail_id_2="1152"
image_negative_url_2="https://hehge.com/wp-content/uploads/sites/16/2023/06/MI_Finance_Negative_Landscape_0185.jpeg"
image_neutral_thumbnail_id_1="523"
image_neutral_url_1="https://hehge.com/wp-content/uploads/sites/16/2023/06/MI_Finance_Neutral_Landscape_0076.jpeg"
image_neutral_thumbnail_id_2="521"
image_neutral_url_2="https://hehge.com/wp-content/uploads/sites/16/2023/06/MI_Finance_Neutral_Landscape_0078.jpeg"
image_positive_thumbnail_id_1="666"
image_positive_url_1="https://hehge.com/wp-content/uploads/sites/16/2023/06/MI_Finance_Positive_Landscape_0042.jpeg"
image_positive_thumbnail_id_2="976"
image_positive_url_2="https://hehge.com/wp-content/uploads/sites/16/2023/06/MI_Finance_Positive_Landscape_0138.jpeg"
image_professor_thumbnail_id_1="1174"
image_professor_url_1="https://hehge.com/wp-content/uploads/sites/16/2023/06/MI_Finance_Professor_Landscape_0008.jpeg"
image_professor_thumbnail_id_2="1176"
image_professor_url_2="https://hehge.com/wp-content/uploads/sites/16/2023/06/MI_Finance_Professor_Landscape_0010.jpeg"
