Symbol="LICY"
AssetType="Common Stock"
Name="LiCycle Holdings Corp"
Description="None"
CIK="1828811"
Exchange="NYSE"
Currency="USD"
Country="USA"
Sector="ENERGY & TRANSPORTATION"
Industry="HAZARDOUS WASTE MANAGEMENT"
Address="C/O LI-CYCLE CORP., 10-2351 ROYAL WINDSOR DRIVE, MISSISSAUGA, ON, CA"
FiscalYearEnd="October"
LatestQuarter="2023-04-30"
MarketCapitalization="764083000"
EBITDA="-120600000"
PERatio="None"
PEGRatio="None"
BookValue="2.42"
DividendPerShare="0"
DividendYield="0"
EPS="-0.32"
RevenuePerShareTTM="0.192"
ProfitMargin="-0.757"
OperatingMarginTTM="-3.884"
ReturnOnAssetsTTM="-0.0868"
ReturnOnEquityTTM="-0.116"
RevenueTTM="34600000"
GrossProfitTTM="-3200000"
DilutedEPSTTM="-0.32"
QuarterlyEarningsGrowthYOY="-0.517"
QuarterlyRevenueGrowthYOY="-0.55"
AnalystTargetPrice="7.19"
TrailingPE="-"
ForwardPE="-"
PriceToSalesRatioTTM="61.04"
PriceToBookRatio="1.771"
EVToRevenue="44.92"
EVToEBITDA="-3.27"
Beta="1.236"
num_52WeekHigh="7.61"
num_52WeekLow="4.095"
num_50DayMovingAverage="5.45"
num_200DayMovingAverage="5.39"
SharesOutstanding="178108000"
DividendDate="None"
ExDividendDate="None"
symbol="LICY"
open="4.40"
high="4.51"
low="4.37"
price="4.46"
volume="1407617.00"
latest_trading_day="2023-08-28"
previous_close="4.29"
change="0.17"
change_percent="3.9627%"
aroon_positive_momentum_days="0"
aroon_negative_momentum_days="57"
trend_strength="Absent or Weak Trend"
buying_signal="Weak Sell Signal"
volume_analysis="Target Volume"
value_analysis="Expected Range"
Aroon_change="FALSE"
Aroon_momentum="43"
Volume_recent_avg="1361176"
Change_recent_avg="-0.02"
Delta_recent_avg="0.25"
Variance_recent_avg="0.13"
Change_ratio_recent_avg="-0.4"
RSI_change="FALSE"
ADX_change="FALSE"

event="aroon_milestone_negative_10"
Aroon_signal="negative"
Aroon_change="FALSE"
Aroon_momentum_positive="43"
Aroon_momentum_negative="57"
image_negative_thumbnail_id_1="171"
image_negative_url_1="https://hehge.com/wp-content/uploads/sites/16/2023/05/MI_Finance_Negative_Landscape_0005.jpeg"
image_negative_thumbnail_id_2="1106"
image_negative_url_2="https://hehge.com/wp-content/uploads/sites/16/2023/06/MI_Finance_Negative_Landscape_0139.jpeg"
image_neutral_thumbnail_id_1="556"
image_neutral_url_1="https://hehge.com/wp-content/uploads/sites/16/2023/06/MI_Finance_Neutral_Landscape_0043.jpeg"
image_neutral_thumbnail_id_2="549"
image_neutral_url_2="https://hehge.com/wp-content/uploads/sites/16/2023/06/MI_Finance_Neutral_Landscape_0050.jpeg"
image_positive_thumbnail_id_1="643"
image_positive_url_1="https://hehge.com/wp-content/uploads/sites/16/2023/06/MI_Finance_Positive_Landscape_0065.jpeg"
image_positive_thumbnail_id_2="663"
image_positive_url_2="https://hehge.com/wp-content/uploads/sites/16/2023/06/MI_Finance_Positive_Landscape_0045.jpeg"
image_professor_thumbnail_id_1="1192"
image_professor_url_1="https://hehge.com/wp-content/uploads/sites/16/2023/06/MI_Finance_Professor_Landscape_0026.jpeg"
image_professor_thumbnail_id_2="1180"
image_professor_url_2="https://hehge.com/wp-content/uploads/sites/16/2023/06/MI_Finance_Professor_Landscape_0014.jpeg"
