Symbol="OP"
AssetType="Common Stock"
Name="Oceanpal Inc"
Description="OceanPal Inc. is focused on providing ocean freight services. "
CIK="1869467"
Exchange="NASDAQ"
Currency="USD"
Country="USA"
Sector="ENERGY & TRANSPORTATION"
Industry="DEEP SEA FOREIGN TRANSPORTATION OF FREIGHT"
Address="PENDELIS 26, PALAIO FALIRO, ATHENS, GR"
FiscalYearEnd="December"
LatestQuarter="2023-06-30"
MarketCapitalization="5785700"
EBITDA="-590000"
PERatio="None"
PEGRatio="None"
BookValue="52.91"
DividendPerShare="0"
DividendYield="4.571"
EPS="-14.24"
RevenuePerShareTTM="26.04"
ProfitMargin="-0.002"
OperatingMarginTTM="-0.283"
ReturnOnAssetsTTM="-0.0443"
ReturnOnEquityTTM="-0.0005"
RevenueTTM="20122000"
GrossProfitTTM="0"
DilutedEPSTTM="-14.24"
QuarterlyEarningsGrowthYOY="0"
QuarterlyRevenueGrowthYOY="0.182"
AnalystTargetPrice="None"
TrailingPE="-"
ForwardPE="-"
PriceToSalesRatioTTM="0.499"
PriceToBookRatio="0.0673"
EVToRevenue="0.089"
EVToEBITDA="2.108"
Beta="None"
num_52WeekHigh="91.8"
num_52WeekLow="1.26"
num_50DayMovingAverage="1.709"
num_200DayMovingAverage="73.67"
SharesOutstanding="3549500"
DividendDate="2022-08-31"
ExDividendDate="2022-08-11"
symbol="OP"
open="1.62"
high="1.63"
low="1.53"
price="1.53"
volume="31019.00"
latest_trading_day="2023-08-24"
previous_close="1.63"
change="-0.10"
change_percent="-6.1350%"
aroon_positive_momentum_days="0"
aroon_negative_momentum_days="100"
trend_strength="Absent or Weak Trend"
buying_signal="Weak Sell Signal"
volume_analysis="Trending High"
value_analysis="Bullish Trend"
Aroon_change="FALSE"
Aroon_momentum="0"
Volume_recent_avg="328974"
Change_recent_avg="-0.03"
Delta_recent_avg="0.1"
Variance_recent_avg="0.05"
Change_ratio_recent_avg="-2.47"
RSI_change="FALSE"
ADX_change="FALSE"
Aroon_signal="negative"
Aroon_change="FALSE"
Aroon_momentum_positive="0"
Aroon_momentum_negative="100"
image_negative_thumbnail_id_1="1105"
image_negative_url_1="https://hehge.com/wp-content/uploads/sites/16/2023/06/MI_Finance_Negative_Landscape_0138.jpeg"
image_negative_thumbnail_id_2="122"
image_negative_url_2="https://hehge.com/wp-content/uploads/sites/16/2023/05/MI_Finance_Negative_Landscape_0054.jpeg"
image_neutral_thumbnail_id_1="596"
image_neutral_url_1="https://hehge.com/wp-content/uploads/sites/16/2023/06/MI_Finance_Neutral_Landscape_0003.jpeg"
image_neutral_thumbnail_id_2="550"
image_neutral_url_2="https://hehge.com/wp-content/uploads/sites/16/2023/06/MI_Finance_Neutral_Landscape_0049.jpeg"
image_positive_thumbnail_id_1="668"
image_positive_url_1="https://hehge.com/wp-content/uploads/sites/16/2023/06/MI_Finance_Positive_Landscape_0040.jpeg"
image_positive_thumbnail_id_2="669"
image_positive_url_2="https://hehge.com/wp-content/uploads/sites/16/2023/06/MI_Finance_Positive_Landscape_0039.jpeg"
image_professor_thumbnail_id_1="1197"
image_professor_url_1="https://hehge.com/wp-content/uploads/sites/16/2023/06/MI_Finance_Professor_Landscape_0031.jpeg"
image_professor_thumbnail_id_2="1179"
image_professor_url_2="https://hehge.com/wp-content/uploads/sites/16/2023/06/MI_Finance_Professor_Landscape_0013.jpeg"
