Symbol="ODV"
AssetType="Common Stock"
Name="Osisko Development Corp."
Description="None"
CIK="1431852"
Exchange="NYSE"
Currency="USD"
Country="USA"
Sector="ENERGY & TRANSPORTATION"
Industry="GOLD AND SILVER ORES"
Address="1100 AVENUE DES CANADIENS-DE-MONTRÉAL, SUITE 300, MONTRÉAL, QC, CANADA"
FiscalYearEnd="December"
LatestQuarter="2023-06-30"
MarketCapitalization="309832000"
EBITDA="-218050000"
PERatio="None"
PEGRatio="None"
BookValue="8.7"
DividendPerShare="0"
DividendYield="0"
EPS="-1.4"
RevenuePerShareTTM="0.719"
ProfitMargin="0"
OperatingMarginTTM="-4.061"
ReturnOnAssetsTTM="-0.141"
ReturnOnEquityTTM="-0.255"
RevenueTTM="56315000"
GrossProfitTTM="-21200000"
DilutedEPSTTM="-1.4"
QuarterlyEarningsGrowthYOY="0"
QuarterlyRevenueGrowthYOY="-0.157"
AnalystTargetPrice="8.72"
TrailingPE="-"
ForwardPE="3.937"
PriceToSalesRatioTTM="6.61"
PriceToBookRatio="0.549"
EVToRevenue="4.679"
EVToEBITDA="-1.296"
Beta="1.432"
num_52WeekHigh="6.32"
num_52WeekLow="3.65"
num_50DayMovingAverage="4.367"
num_200DayMovingAverage="4.662"
SharesOutstanding="83965000"
DividendDate="2020-12-02"
ExDividendDate="None"
symbol="ODV"
open="3.82"
high="3.87"
low="3.65"
price="3.69"
volume="164897.00"
latest_trading_day="2023-08-16"
previous_close="3.85"
change="-0.16"
change_percent="-4.1558%"
aroon_positive_momentum_days="0"
aroon_negative_momentum_days="73"
trend_strength="Absent or Weak Trend"
buying_signal="Strong Sell Signal"
volume_analysis="Target Volume"
value_analysis="Expected Range"
Aroon_change="FALSE"
Aroon_momentum="27"
Volume_recent_avg="63865"
Change_recent_avg="-0.02"
Delta_recent_avg="0.18"
Variance_recent_avg="0.09"
Change_ratio_recent_avg="-0.36"
RSI_change="FALSE"
ADX_change="FALSE"

event="aroon_milestone_negative_45"
Aroon_signal="negative"
Aroon_change="FALSE"
Aroon_momentum_positive="27"
Aroon_momentum_negative="73"
image_negative_thumbnail_id_1="1142"
image_negative_url_1="https://hehge.com/wp-content/uploads/sites/16/2023/06/MI_Finance_Negative_Landscape_0175.jpeg"
image_negative_thumbnail_id_2="500"
image_negative_url_2="https://hehge.com/wp-content/uploads/sites/16/2023/06/MI_Finance_Negative_Landscape_0105.jpeg"
image_neutral_thumbnail_id_1="577"
image_neutral_url_1="https://hehge.com/wp-content/uploads/sites/16/2023/06/MI_Finance_Neutral_Landscape_0022.jpeg"
image_neutral_thumbnail_id_2="576"
image_neutral_url_2="https://hehge.com/wp-content/uploads/sites/16/2023/06/MI_Finance_Neutral_Landscape_0023.jpeg"
image_positive_thumbnail_id_1="1006"
image_positive_url_1="https://hehge.com/wp-content/uploads/sites/16/2023/06/MI_Finance_Positive_Landscape_0168.jpeg"
image_positive_thumbnail_id_2="635"
image_positive_url_2="https://hehge.com/wp-content/uploads/sites/16/2023/06/MI_Finance_Positive_Landscape_0073.jpeg"
image_professor_thumbnail_id_1="1178"
image_professor_url_1="https://hehge.com/wp-content/uploads/sites/16/2023/06/MI_Finance_Professor_Landscape_0012.jpeg"
image_professor_thumbnail_id_2="1202"
image_professor_url_2="https://hehge.com/wp-content/uploads/sites/16/2023/06/MI_Finance_Professor_Landscape_0036.jpeg"
