Symbol="SWN"
AssetType="Common Stock"
Name="Southwestern Energy Company"
Description="Southwestern Energy Company, an independent energy company, is engaged in the exploration, development, and production of natural gas, petroleum, and natural gas liquids (NGL) in the United States. The company is headquartered in Spring, Texas."
CIK="7332"
Exchange="NYSE"
Currency="USD"
Country="USA"
Sector="ENERGY & TRANSPORTATION"
Industry="CRUDE PETROLEUM & NATURAL GAS"
Address="2350 N. SAM HOUSTON PARKWAY EAST, SUITE 125, HOUSTON, TX, US"
FiscalYearEnd="December"
LatestQuarter="2023-03-31"
MarketCapitalization="6552543000"
EBITDA="7943000000"
PERatio="3.506"
PEGRatio="0.155"
BookValue="5.68"
DividendPerShare="0"
DividendYield="0"
EPS="5.82"
RevenuePerShareTTM="12.81"
ProfitMargin="0.456"
OperatingMarginTTM="0.475"
ReturnOnAssetsTTM="0.34"
ReturnOnEquityTTM="210.69"
RevenueTTM="14177000000"
GrossProfitTTM="8994000000"
DilutedEPSTTM="5.82"
QuarterlyEarningsGrowthYOY="0.134"
QuarterlyRevenueGrowthYOY="-0.28"
AnalystTargetPrice="7.62"
TrailingPE="1.048"
ForwardPE="3.255"
PriceToSalesRatioTTM="0.481"
PriceToBookRatio="4.574"
EVToRevenue="0.789"
EVToEBITDA="4.441"
Beta="1.378"
num_52WeekHigh="8.39"
num_52WeekLow="4.57"
num_50DayMovingAverage="5.28"
num_200DayMovingAverage="5.71"
SharesOutstanding="1101270000"
DividendDate="None"
ExDividendDate="2000-04-18"
symbol="SWN"
open="6.03"
high="6.15"
low="5.96"
price="6.10"
volume="26332601.00"
latest_trading_day="2023-07-12"
previous_close="6.03"
change="0.07"
change_percent="1.1609%"
aroon_positive_momentum_days="29"
aroon_negative_momentum_days="0"
trend_strength="Absent or Weak Trend"
buying_signal="Weak Buy Signal"
volume_analysis="Target Volume"
value_analysis="Expected Range"
Aroon_change="FALSE"
Aroon_momentum="29"
Volume_recent_avg="23719785"
Change_recent_avg="0.02"
Delta_recent_avg="0.21"
Variance_recent_avg="0.1"
Change_ratio_recent_avg="0.25"
RSI_change="FALSE"
ADX_change="FALSE"

event="FALSE"
Aroon_signal="positive"
Aroon_change="FALSE"
Aroon_momentum_positive="29"
Aroon_momentum_negative="71"
image_negative_thumbnail_id_1="108"
image_negative_url_1="https://hehge.com/wp-content/uploads/sites/16/2023/05/MI_Finance_Negative_Landscape_0068.jpeg"
image_negative_thumbnail_id_2="1114"
image_negative_url_2="https://hehge.com/wp-content/uploads/sites/16/2023/06/MI_Finance_Negative_Landscape_0147.jpeg"
image_neutral_thumbnail_id_1="547"
image_neutral_url_1="https://hehge.com/wp-content/uploads/sites/16/2023/06/MI_Finance_Neutral_Landscape_0052.jpeg"
image_neutral_thumbnail_id_2="555"
image_neutral_url_2="https://hehge.com/wp-content/uploads/sites/16/2023/06/MI_Finance_Neutral_Landscape_0044.jpeg"
image_positive_thumbnail_id_1="684"
image_positive_url_1="https://hehge.com/wp-content/uploads/sites/16/2023/06/MI_Finance_Positive_Landscape_0024.jpeg"
image_positive_thumbnail_id_2="604"
image_positive_url_2="https://hehge.com/wp-content/uploads/sites/16/2023/06/MI_Finance_Positive_Landscape_0104.jpeg"
image_professor_thumbnail_id_1="1168"
image_professor_url_1="https://hehge.com/wp-content/uploads/sites/16/2023/06/MI_Finance_Professor_Landscape_0002.jpeg"
image_professor_thumbnail_id_2="1204"
image_professor_url_2="https://hehge.com/wp-content/uploads/sites/16/2023/06/MI_Finance_Professor_Landscape_0038.jpeg"
