Symbol="POR"
AssetType="Common Stock"
Name="Portland General Electric Co"
Description="Portland General Electric Company, an integrated electric utility company, is engaged in the generation, wholesaling, transmission, distribution and retail of electricity in the state of Oregon. The company is headquartered in Portland, Oregon."
CIK="784977"
Exchange="NYSE"
Currency="USD"
Country="USA"
Sector="ENERGY & TRANSPORTATION"
Industry="ELECTRIC SERVICES"
Address="121 SW SALMON ST, 1WTC0501, PORTLAND, OR, US"
FiscalYearEnd="December"
LatestQuarter="2023-06-30"
MarketCapitalization="4593376000"
EBITDA="841000000"
PERatio="17.41"
PEGRatio="4.042"
BookValue="32.21"
DividendPerShare="1.81"
DividendYield="0.0386"
EPS="2.73"
RevenuePerShareTTM="30.8"
ProfitMargin="0.0892"
OperatingMarginTTM="0.149"
ReturnOnAssetsTTM="0.0259"
ReturnOnEquityTTM="0.0849"
RevenueTTM="2769000000"
GrossProfitTTM="1311000000"
DilutedEPSTTM="2.73"
QuarterlyEarningsGrowthYOY="0.194"
QuarterlyRevenueGrowthYOY="0.195"
AnalystTargetPrice="53"
TrailingPE="17.41"
ForwardPE="17.21"
PriceToSalesRatioTTM="1.895"
PriceToBookRatio="1.571"
EVToRevenue="3.1"
EVToEBITDA="9.36"
Beta="0.565"
num_52WeekHigh="54.24"
num_52WeekLow="40.37"
num_50DayMovingAverage="48.21"
num_200DayMovingAverage="47.91"
SharesOutstanding="96621000"
DividendDate="2023-07-17"
ExDividendDate="2023-06-23"
symbol="POR"
open="47.25"
high="48.46"
low="47.25"
price="47.54"
volume="716519.00"
latest_trading_day="2023-07-28"
previous_close="47.86"
change="-0.32"
change_percent="-0.6686%"
aroon_positive_momentum_days="0"
aroon_negative_momentum_days="47"
trend_strength="Absent or Weak Trend"
buying_signal="Strong Sell Signal"
volume_analysis="Target Volume"
value_analysis="Expected Range"
Aroon_change="FALSE"
Aroon_momentum="53"
Volume_recent_avg="810081"
Change_recent_avg="0.02"
Delta_recent_avg="0.95"
Variance_recent_avg="0.47"
Change_ratio_recent_avg="0.03"
RSI_change="FALSE"
ADX_change="FALSE"

event="FALSE"
Aroon_signal="negative"
Aroon_change="FALSE"
Aroon_momentum_positive="53"
Aroon_momentum_negative="47"
image_negative_thumbnail_id_1="1151"
image_negative_url_1="https://hehge.com/wp-content/uploads/sites/16/2023/06/MI_Finance_Negative_Landscape_0184.jpeg"
image_negative_thumbnail_id_2="511"
image_negative_url_2="https://hehge.com/wp-content/uploads/sites/16/2023/06/MI_Finance_Negative_Landscape_0094.jpeg"
image_neutral_thumbnail_id_1="591"
image_neutral_url_1="https://hehge.com/wp-content/uploads/sites/16/2023/06/MI_Finance_Neutral_Landscape_0008.jpeg"
image_neutral_thumbnail_id_2="584"
image_neutral_url_2="https://hehge.com/wp-content/uploads/sites/16/2023/06/MI_Finance_Neutral_Landscape_0015.jpeg"
image_positive_thumbnail_id_1="611"
image_positive_url_1="https://hehge.com/wp-content/uploads/sites/16/2023/06/MI_Finance_Positive_Landscape_0097.jpeg"
image_positive_thumbnail_id_2="600"
image_positive_url_2="https://hehge.com/wp-content/uploads/sites/16/2023/06/MI_Finance_Positive_Landscape_0108.jpeg"
image_professor_thumbnail_id_1="1180"
image_professor_url_1="https://hehge.com/wp-content/uploads/sites/16/2023/06/MI_Finance_Professor_Landscape_0014.jpeg"
image_professor_thumbnail_id_2="1171"
image_professor_url_2="https://hehge.com/wp-content/uploads/sites/16/2023/06/MI_Finance_Professor_Landscape_0005.jpeg"
