Symbol="TRMD"
AssetType="Common Stock"
Name="Torm PLC Class A"
Description="TORM plc, an oil products company, is engaged in the transportation of refined petroleum products and crude oil worldwide. The company is headquartered in London, the United Kingdom."
CIK="1655891"
Exchange="NASDAQ"
Currency="USD"
Country="USA"
Sector="ENERGY & TRANSPORTATION"
Industry="DEEP SEA FOREIGN TRANSPORTATION OF FREIGHT"
Address="BIRCHIN COURT, 20 BIRCHIN LANE, LONDON, GB"
FiscalYearEnd="December"
LatestQuarter="2023-03-31"
MarketCapitalization="2287331000"
EBITDA="868472000"
PERatio="3.157"
PEGRatio="None"
BookValue="19.98"
DividendPerShare="6.09"
DividendYield="0.222"
EPS="8.48"
RevenuePerShareTTM="19.91"
ProfitMargin="0.435"
OperatingMarginTTM="0.451"
ReturnOnAssetsTTM="0.177"
ReturnOnEquityTTM="0.513"
RevenueTTM="1624151000"
GrossProfitTTM="781785000"
DilutedEPSTTM="8.48"
QuarterlyEarningsGrowthYOY="14"
QuarterlyRevenueGrowthYOY="0.863"
AnalystTargetPrice="36.05"
TrailingPE="3.157"
ForwardPE="4.27"
PriceToSalesRatioTTM="2.139"
PriceToBookRatio="1.638"
EVToRevenue="2.628"
EVToEBITDA="6.08"
Beta="0.0356"
num_52WeekHigh="34.18"
num_52WeekLow="15.41"
num_50DayMovingAverage="24.48"
num_200DayMovingAverage="28.34"
SharesOutstanding="84375000"
DividendDate="2023-06-06"
ExDividendDate="2023-05-22"
symbol="TRMD"
open="27.26"
high="27.37"
low="26.49"
price="26.89"
volume="585862.00"
latest_trading_day="2023-08-17"
previous_close="26.77"
change="0.12"
change_percent="0.4483%"
aroon_positive_momentum_days="33"
aroon_negative_momentum_days="0"
trend_strength="Absent or Weak Trend"
buying_signal="Weak Buy Signal"
volume_analysis="Target Volume"
value_analysis="Expected Range"
Aroon_change="TRUE"
Aroon_momentum="33"
Volume_recent_avg="375026"
Change_recent_avg="0.01"
Delta_recent_avg="0.86"
Variance_recent_avg="0.43"
Change_ratio_recent_avg="0.03"
RSI_change="FALSE"
ADX_change="FALSE"
Aroon_signal="positive"
Aroon_change="TRUE"
Aroon_momentum_positive="33"
Aroon_momentum_negative="67"
image_negative_thumbnail_id_1="175"
image_negative_url_1="https://hehge.com/wp-content/uploads/sites/16/2023/05/MI_Finance_Negative_Landscape_0001.jpeg"
image_negative_thumbnail_id_2="1166"
image_negative_url_2="https://hehge.com/wp-content/uploads/sites/16/2023/06/MI_Finance_Positive_Negative_0187.jpeg"
image_neutral_thumbnail_id_1="553"
image_neutral_url_1="https://hehge.com/wp-content/uploads/sites/16/2023/06/MI_Finance_Neutral_Landscape_0046.jpeg"
image_neutral_thumbnail_id_2="537"
image_neutral_url_2="https://hehge.com/wp-content/uploads/sites/16/2023/06/MI_Finance_Neutral_Landscape_0062.jpeg"
image_positive_thumbnail_id_1="680"
image_positive_url_1="https://hehge.com/wp-content/uploads/sites/16/2023/06/MI_Finance_Positive_Landscape_0028.jpeg"
image_positive_thumbnail_id_2="967"
image_positive_url_2="https://hehge.com/wp-content/uploads/sites/16/2023/06/MI_Finance_Positive_Landscape_0129.jpeg"
image_professor_thumbnail_id_1="1174"
image_professor_url_1="https://hehge.com/wp-content/uploads/sites/16/2023/06/MI_Finance_Professor_Landscape_0008.jpeg"
image_professor_thumbnail_id_2="1179"
image_professor_url_2="https://hehge.com/wp-content/uploads/sites/16/2023/06/MI_Finance_Professor_Landscape_0013.jpeg"
