Symbol="ENLT"
AssetType="Common Stock"
Name="Enlight Renewable Energy Ltd. Ordinary Shares"
Description="Enlight Renewable Energy Ltd operates in the field of renewable energy in the United States, Europe, and Israel. The company is headquartered in Rosh Ha'ayin, Israel."
CIK="1922641"
Exchange="NASDAQ"
Currency="USD"
Country="USA"
Sector="ENERGY & TRANSPORTATION"
Industry="ELECTRIC SERVICES"
Address="13 AMAL ST., AFEK INDUSTRIAL PARK, ROSH HA’AYIN, IL"
FiscalYearEnd="December"
LatestQuarter="2023-03-31"
MarketCapitalization="2376183000"
EBITDA="157716000"
PERatio="78.72"
PEGRatio="None"
BookValue="10.2"
DividendPerShare="0"
DividendYield="0"
EPS="0.25"
RevenuePerShareTTM="2.251"
ProfitMargin="0.193"
OperatingMarginTTM="0.502"
ReturnOnAssetsTTM="0.0213"
ReturnOnEquityTTM="0.0587"
RevenueTTM="228106000"
GrossProfitTTM="153867000"
DilutedEPSTTM="0.25"
QuarterlyEarningsGrowthYOY="3.383"
QuarterlyRevenueGrowthYOY="1.275"
AnalystTargetPrice="21.33"
TrailingPE="78.72"
ForwardPE="-"
PriceToSalesRatioTTM="-"
PriceToBookRatio="-"
EVToRevenue="-"
EVToEBITDA="-"
Beta="0.52"
num_52WeekHigh="29.7"
num_52WeekLow="15.33"
num_50DayMovingAverage="18.39"
num_200DayMovingAverage="14.44"
SharesOutstanding="117639000"
DividendDate="None"
ExDividendDate="None"
symbol="ENLT"
open="20.13"
high="20.30"
low="19.85"
price="20.04"
volume="71450.00"
latest_trading_day="2023-07-19"
previous_close="19.68"
change="0.36"
change_percent="1.8293%"
aroon_positive_momentum_days="96"
aroon_negative_momentum_days="0"
trend_strength="Strong Trend"
buying_signal="Weak Buy Signal"
volume_analysis="Trending Low"
value_analysis="Bearish Trend"
Aroon_change="FALSE"
Aroon_momentum="96"
Volume_recent_avg="80424"
Change_recent_avg="-0.02"
Delta_recent_avg="0.45"
Variance_recent_avg="0.23"
Change_ratio_recent_avg="-0.13"
RSI_change="FALSE"
ADX_change="FALSE"

event="aroon_milestone_positive_45"
Aroon_signal="positive"
Aroon_change="FALSE"
Aroon_momentum_positive="96"
Aroon_momentum_negative="4"
image_negative_thumbnail_id_1="102"
image_negative_url_1="https://hehge.com/wp-content/uploads/sites/16/2023/05/MI_Finance_Negative_Landscape_0074.jpeg"
image_negative_thumbnail_id_2="162"
image_negative_url_2="https://hehge.com/wp-content/uploads/sites/16/2023/05/MI_Finance_Negative_Landscape_0014.jpeg"
image_neutral_thumbnail_id_1="554"
image_neutral_url_1="https://hehge.com/wp-content/uploads/sites/16/2023/06/MI_Finance_Neutral_Landscape_0045.jpeg"
image_neutral_thumbnail_id_2="552"
image_neutral_url_2="https://hehge.com/wp-content/uploads/sites/16/2023/06/MI_Finance_Neutral_Landscape_0047.jpeg"
image_positive_thumbnail_id_1="1011"
image_positive_url_1="https://hehge.com/wp-content/uploads/sites/16/2023/06/MI_Finance_Positive_Landscape_0173.jpeg"
image_positive_thumbnail_id_2="1012"
image_positive_url_2="https://hehge.com/wp-content/uploads/sites/16/2023/06/MI_Finance_Positive_Landscape_0174.jpeg"
image_professor_thumbnail_id_1="1192"
image_professor_url_1="https://hehge.com/wp-content/uploads/sites/16/2023/06/MI_Finance_Professor_Landscape_0026.jpeg"
image_professor_thumbnail_id_2="1200"
image_professor_url_2="https://hehge.com/wp-content/uploads/sites/16/2023/06/MI_Finance_Professor_Landscape_0034.jpeg"
