Symbol="ENLT"
AssetType="Common Stock"
Name="Enlight Renewable Energy Ltd. Ordinary Shares"
Description="Enlight Renewable Energy Ltd operates in the field of renewable energy in the United States, Europe, and Israel. The company is headquartered in Rosh Ha'ayin, Israel."
CIK="1922641"
Exchange="NASDAQ"
Currency="USD"
Country="USA"
Sector="ENERGY & TRANSPORTATION"
Industry="ELECTRIC SERVICES"
Address="13 AMAL ST., AFEK INDUSTRIAL PARK, ROSH HA’AYIN, IL"
FiscalYearEnd="December"
LatestQuarter="2023-06-30"
MarketCapitalization="1945085000"
EBITDA="188190000"
PERatio="63.58"
PEGRatio="None"
BookValue="9.62"
DividendPerShare="0"
DividendYield="0"
EPS="0.26"
RevenuePerShareTTM="2.254"
ProfitMargin="0.252"
OperatingMarginTTM="0.587"
ReturnOnAssetsTTM="0.0251"
ReturnOnEquityTTM="0.0774"
RevenueTTM="240790000"
GrossProfitTTM="153867000"
DilutedEPSTTM="0.26"
QuarterlyEarningsGrowthYOY="3.383"
QuarterlyRevenueGrowthYOY="0.318"
AnalystTargetPrice="21.5"
TrailingPE="63.58"
ForwardPE="-"
PriceToSalesRatioTTM="-"
PriceToBookRatio="-"
EVToRevenue="-"
EVToEBITDA="-"
Beta="0.53"
num_52WeekHigh="29.7"
num_52WeekLow="15.33"
num_50DayMovingAverage="18.23"
num_200DayMovingAverage="14.99"
SharesOutstanding="117670000"
DividendDate="None"
ExDividendDate="None"
symbol="ENLT"
open="17.02"
high="17.22"
low="16.94"
price="17.09"
volume="13498.00"
latest_trading_day="2023-08-23"
previous_close="16.53"
change="0.56"
change_percent="3.3878%"
aroon_positive_momentum_days="0"
aroon_negative_momentum_days="17"
trend_strength="Absent or Weak Trend"
buying_signal="Strong Sell Signal"
volume_analysis="Target Volume"
value_analysis="Expected Range"
Aroon_change="FALSE"
Aroon_momentum="57"
Volume_recent_avg="62230"
Change_recent_avg="-0.04"
Delta_recent_avg="0.43"
Variance_recent_avg="0.22"
Change_ratio_recent_avg="-0.25"
RSI_change="FALSE"
ADX_change="FALSE"

event="FALSE"
Aroon_signal="negative"
Aroon_change="FALSE"
Aroon_momentum_positive="57"
Aroon_momentum_negative="17"
image_negative_thumbnail_id_1="499"
image_negative_url_1="https://hehge.com/wp-content/uploads/sites/16/2023/06/MI_Finance_Negative_Landscape_0106.jpeg"
image_negative_thumbnail_id_2="138"
image_negative_url_2="https://hehge.com/wp-content/uploads/sites/16/2023/05/MI_Finance_Negative_Landscape_0038.jpeg"
image_neutral_thumbnail_id_1="590"
image_neutral_url_1="https://hehge.com/wp-content/uploads/sites/16/2023/06/MI_Finance_Neutral_Landscape_0009.jpeg"
image_neutral_thumbnail_id_2="563"
image_neutral_url_2="https://hehge.com/wp-content/uploads/sites/16/2023/06/MI_Finance_Neutral_Landscape_0036.jpeg"
image_positive_thumbnail_id_1="1008"
image_positive_url_1="https://hehge.com/wp-content/uploads/sites/16/2023/06/MI_Finance_Positive_Landscape_0170.jpeg"
image_positive_thumbnail_id_2="675"
image_positive_url_2="https://hehge.com/wp-content/uploads/sites/16/2023/06/MI_Finance_Positive_Landscape_0033.jpeg"
image_professor_thumbnail_id_1="1175"
image_professor_url_1="https://hehge.com/wp-content/uploads/sites/16/2023/06/MI_Finance_Professor_Landscape_0009.jpeg"
image_professor_thumbnail_id_2="1172"
image_professor_url_2="https://hehge.com/wp-content/uploads/sites/16/2023/06/MI_Finance_Professor_Landscape_0006.jpeg"
