Symbol="VTLE"
AssetType="Common Stock"
Name="Vital Energy Inc."
Description="Vital Energy, Inc., an independent energy company, engages in the acquisition, exploration, and development of oil and natural gas properties in the Permian Basin of West Texas, the United States. The company is headquartered in Tulsa, Oklahoma."
CIK="1528129"
Exchange="NYSE"
Currency="USD"
Country="USA"
Sector="ENERGY & TRANSPORTATION"
Industry="CRUDE PETROLEUM & NATURAL GAS"
Address="15 W. SIXTH STREET, SUITE 1800, TULSA, OK, US"
FiscalYearEnd="December"
LatestQuarter="2023-06-30"
MarketCapitalization="1041793000"
EBITDA="1126008000"
PERatio="1.071"
PEGRatio="None"
BookValue="88.69"
DividendPerShare="0"
DividendYield="0"
EPS="52.33"
RevenuePerShareTTM="88.56"
ProfitMargin="0.578"
OperatingMarginTTM="0.516"
ReturnOnAssetsTTM="0.144"
ReturnOnEquityTTM="0.757"
RevenueTTM="1495814000"
GrossProfitTTM="1460006000"
DilutedEPSTTM="52.33"
QuarterlyEarningsGrowthYOY="0.058"
QuarterlyRevenueGrowthYOY="-0.402"
AnalystTargetPrice="70.13"
TrailingPE="1.071"
ForwardPE="-"
PriceToSalesRatioTTM="-"
PriceToBookRatio="-"
EVToRevenue="-"
EVToEBITDA="-"
Beta="3.373"
num_52WeekHigh="83.22"
num_52WeekLow="39.74"
num_50DayMovingAverage="47.62"
num_200DayMovingAverage="50.72"
SharesOutstanding="18596800"
DividendDate="2020-06-02"
ExDividendDate="None"
symbol="VTLE"
open="56.30"
high="56.46"
low="55.06"
price="56.02"
volume="352663.00"
latest_trading_day="2023-08-14"
previous_close="56.72"
change="-0.70"
change_percent="-1.2341%"
aroon_positive_momentum_days="34"
aroon_negative_momentum_days="0"
trend_strength="Absent or Weak Trend"
buying_signal="Strong Buy Signal"
volume_analysis="Target Volume"
value_analysis="Expected Range"
Aroon_change="FALSE"
Aroon_momentum="34"
Volume_recent_avg="644839"
Change_recent_avg="0.05"
Delta_recent_avg="1.99"
Variance_recent_avg="1.0"
Change_ratio_recent_avg="0.07"
RSI_change="FALSE"
ADX_change="FALSE"

event="FALSE"
Aroon_signal="positive"
Aroon_change="FALSE"
Aroon_momentum_positive="34"
Aroon_momentum_negative="66"
image_negative_thumbnail_id_1="161"
image_negative_url_1="https://hehge.com/wp-content/uploads/sites/16/2023/05/MI_Finance_Negative_Landscape_0015.jpeg"
image_negative_thumbnail_id_2="149"
image_negative_url_2="https://hehge.com/wp-content/uploads/sites/16/2023/05/MI_Finance_Negative_Landscape_0027.jpeg"
image_neutral_thumbnail_id_1="535"
image_neutral_url_1="https://hehge.com/wp-content/uploads/sites/16/2023/06/MI_Finance_Neutral_Landscape_0064.jpeg"
image_neutral_thumbnail_id_2="570"
image_neutral_url_2="https://hehge.com/wp-content/uploads/sites/16/2023/06/MI_Finance_Neutral_Landscape_0029.jpeg"
image_positive_thumbnail_id_1="956"
image_positive_url_1="https://hehge.com/wp-content/uploads/sites/16/2023/06/MI_Finance_Positive_Landscape_0118.jpeg"
image_positive_thumbnail_id_2="705"
image_positive_url_2="https://hehge.com/wp-content/uploads/sites/16/2023/06/MI_Finance_Positive_Landscape_0003.jpeg"
image_professor_thumbnail_id_1="1202"
image_professor_url_1="https://hehge.com/wp-content/uploads/sites/16/2023/06/MI_Finance_Professor_Landscape_0036.jpeg"
image_professor_thumbnail_id_2="1183"
image_professor_url_2="https://hehge.com/wp-content/uploads/sites/16/2023/06/MI_Finance_Professor_Landscape_0017.jpeg"
