Symbol="NOA"
AssetType="Common Stock"
Name="North American Construction Group Ltd"
Description="North American Construction Group Ltd. provides mining and heavy construction services to the resource development and industrial construction sectors in Canada and the United States. The company's Heavy Construction & Mining division offers constructability reviews, budget cost estimates, design-build construction, project management, contracts. mining, pre-stripping / pit excavation, overburden removal and stacking, muskeg removal and stacking, site preparation, runway construction, site dewatering / perimeter ditching, tailings and process pipelines, transportation and construction of access, construction and densification of tailings dams, mechanically stabilized earth walls, dam construction and reclamation services. The company is headquartered in Acheson, Canada."
CIK="1368519"
Exchange="NYSE"
Currency="USD"
Country="USA"
Sector="ENERGY & TRANSPORTATION"
Industry="OIL & GAS FIELD SERVICES, NEC"
Address="27287 100 AVENUE, ACHESON, AB, CA"
FiscalYearEnd="December"
LatestQuarter="2023-06-30"
MarketCapitalization="635948000"
EBITDA="207951000"
PERatio="13.09"
PEGRatio="4.82"
BookValue="12.75"
DividendPerShare="0.36"
DividendYield="0.0123"
EPS="1.84"
RevenuePerShareTTM="32.47"
ProfitMargin="0.0934"
OperatingMarginTTM="0.0987"
ReturnOnAssetsTTM="0.0577"
ReturnOnEquityTTM="0.261"
RevenueTTM="860978000"
GrossProfitTTM="220816000"
DilutedEPSTTM="1.84"
QuarterlyEarningsGrowthYOY="0.663"
QuarterlyRevenueGrowthYOY="0.152"
AnalystTargetPrice="29.66"
TrailingPE="13.09"
ForwardPE="8.46"
PriceToSalesRatioTTM="0.485"
PriceToBookRatio="1.734"
EVToRevenue="0.926"
EVToEBITDA="3.275"
Beta="1.594"
num_52WeekHigh="26.3"
num_52WeekLow="9.08"
num_50DayMovingAverage="20.82"
num_200DayMovingAverage="16.96"
SharesOutstanding="26408900"
DividendDate="2023-10-06"
ExDividendDate="2023-08-30"
symbol="NOA"
open="24.37"
high="24.47"
low="24.08"
price="24.08"
volume="40913.00"
latest_trading_day="2023-08-16"
previous_close="24.22"
change="-0.14"
change_percent="-0.5780%"
aroon_positive_momentum_days="100"
aroon_negative_momentum_days="0"
trend_strength="Absent or Weak Trend"
buying_signal="Weak Buy Signal"
volume_analysis="Trending Low"
value_analysis="Bearish Trend"
Aroon_change="FALSE"
Aroon_momentum="100"
Volume_recent_avg="71543"
Change_recent_avg="0.05"
Delta_recent_avg="0.53"
Variance_recent_avg="0.27"
Change_ratio_recent_avg="0.23"
RSI_change="FALSE"
ADX_change="FALSE"
Aroon_signal="positive"
Aroon_change="FALSE"
Aroon_momentum_positive="100"
Aroon_momentum_negative="0"
image_negative_thumbnail_id_1="503"
image_negative_url_1="https://hehge.com/wp-content/uploads/sites/16/2023/06/MI_Finance_Negative_Landscape_0102.jpeg"
image_negative_thumbnail_id_2="498"
image_negative_url_2="https://hehge.com/wp-content/uploads/sites/16/2023/06/MI_Finance_Negative_Landscape_0107.jpeg"
image_neutral_thumbnail_id_1="542"
image_neutral_url_1="https://hehge.com/wp-content/uploads/sites/16/2023/06/MI_Finance_Neutral_Landscape_0057.jpeg"
image_neutral_thumbnail_id_2="567"
image_neutral_url_2="https://hehge.com/wp-content/uploads/sites/16/2023/06/MI_Finance_Neutral_Landscape_0032.jpeg"
image_positive_thumbnail_id_1="688"
image_positive_url_1="https://hehge.com/wp-content/uploads/sites/16/2023/06/MI_Finance_Positive_Landscape_0020.jpeg"
image_positive_thumbnail_id_2="614"
image_positive_url_2="https://hehge.com/wp-content/uploads/sites/16/2023/06/MI_Finance_Positive_Landscape_0094.jpeg"
image_professor_thumbnail_id_1="1199"
image_professor_url_1="https://hehge.com/wp-content/uploads/sites/16/2023/06/MI_Finance_Professor_Landscape_0033.jpeg"
image_professor_thumbnail_id_2="1174"
image_professor_url_2="https://hehge.com/wp-content/uploads/sites/16/2023/06/MI_Finance_Professor_Landscape_0008.jpeg"
