symbol="DCP-P-B"
open="24.99"
high="25.02"
low="24.98"
price="25.00"
volume="5476.00"
latest_trading_day="2023-06-14"
previous_close="25.00"
change="0.00"
change_percent="0.0000%"
aroon_positive_momentum_days="96"
aroon_negative_momentum_days="0"
trend_strength="Absent or Weak Trend"
buying_signal="Strong Buy Signal"
volume_analysis="Target Volume"
value_analysis="Expected Range"
Aroon_change="FALSE"
Aroon_momentum="96"
Volume_recent_avg="20949"
Change_recent_avg="-0.01"
Delta_recent_avg="0.2"
Variance_recent_avg="0.1"
Change_ratio_recent_avg="-0.06"
RSI_change="FALSE"
ADX_change="FALSE"

event="FALSE"
Aroon_signal="positive"
Aroon_change="FALSE"
Aroon_momentum_positive="96"
Aroon_momentum_negative="4"
image_negative_thumbnail_id_1="131"
image_negative_url_1="https://hehge.com/wp-content/uploads/sites/16/2023/05/MI_Finance_Negative_Landscape_0045.jpeg"
image_negative_thumbnail_id_2="162"
image_negative_url_2="https://hehge.com/wp-content/uploads/sites/16/2023/05/MI_Finance_Negative_Landscape_0014.jpeg"
image_neutral_thumbnail_id_1="542"
image_neutral_url_1="https://hehge.com/wp-content/uploads/sites/16/2023/06/MI_Finance_Neutral_Landscape_0057.jpeg"
image_neutral_thumbnail_id_2="555"
image_neutral_url_2="https://hehge.com/wp-content/uploads/sites/16/2023/06/MI_Finance_Neutral_Landscape_0044.jpeg"
image_positive_thumbnail_id_1="620"
image_positive_url_1="https://hehge.com/wp-content/uploads/sites/16/2023/06/MI_Finance_Positive_Landscape_0088.jpeg"
image_positive_thumbnail_id_2="995"
image_positive_url_2="https://hehge.com/wp-content/uploads/sites/16/2023/06/MI_Finance_Positive_Landscape_0157.jpeg"
image_professor_thumbnail_id_1="1203"
image_professor_url_1="https://hehge.com/wp-content/uploads/sites/16/2023/06/MI_Finance_Professor_Landscape_0037.jpeg"
image_professor_thumbnail_id_2="1168"
image_professor_url_2="https://hehge.com/wp-content/uploads/sites/16/2023/06/MI_Finance_Professor_Landscape_0002.jpeg"
