Symbol="SNDR"
AssetType="Common Stock"
Name="Schneider National Inc"
Description="Schneider National, Inc., a surface transportation and logistics solutions company, provides trucking, intermodal and logistics services in North America. The company is headquartered in Green Bay, Wisconsin."
CIK="1692063"
Exchange="NYSE"
Currency="USD"
Country="USA"
Sector="ENERGY & TRANSPORTATION"
Industry="TRUCKING (NO LOCAL)"
Address="3101 SOUTH PACKERLAND DRIVE, GREEN BAY, WI, US"
FiscalYearEnd="December"
LatestQuarter="2023-03-31"
MarketCapitalization="5052826000"
EBITDA="910400000"
PERatio="10.93"
PEGRatio="4.355"
BookValue="16.36"
DividendPerShare="0.33"
DividendYield="0.0127"
EPS="2.59"
RevenuePerShareTTM="36.02"
ProfitMargin="0.0723"
OperatingMarginTTM="0.0902"
ReturnOnAssetsTTM="0.0845"
ReturnOnEquityTTM="0.171"
RevenueTTM="6412600000"
GrossProfitTTM="1270500000"
DilutedEPSTTM="2.59"
QuarterlyEarningsGrowthYOY="0.061"
QuarterlyRevenueGrowthYOY="-0.118"
AnalystTargetPrice="32.43"
TrailingPE="10.93"
ForwardPE="10.38"
PriceToSalesRatioTTM="0.648"
PriceToBookRatio="1.589"
EVToRevenue="0.63"
EVToEBITDA="4.223"
Beta="1.016"
num_52WeekHigh="30.73"
num_52WeekLow="20.06"
num_50DayMovingAverage="27.0"
num_200DayMovingAverage="25.67"
SharesOutstanding="95390000"
DividendDate="2023-07-11"
ExDividendDate="2023-06-08"
symbol="SNDR"
open="28.07"
high="28.07"
low="27.66"
price="27.77"
volume="527581.00"
latest_trading_day="2023-07-17"
previous_close="28.32"
change="-0.55"
change_percent="-1.9421%"
aroon_positive_momentum_days="67"
aroon_negative_momentum_days="0"
trend_strength="Absent or Weak Trend"
buying_signal="Strong Buy Signal"
volume_analysis="Target Volume"
value_analysis="Expected Range"
Aroon_change="FALSE"
Aroon_momentum="67"
Volume_recent_avg="559429"
Change_recent_avg="0.01"
Delta_recent_avg="0.61"
Variance_recent_avg="0.3"
Change_ratio_recent_avg="0.02"
RSI_change="FALSE"
ADX_change="FALSE"

event="FALSE"
Aroon_signal="positive"
Aroon_change="FALSE"
Aroon_momentum_positive="67"
Aroon_momentum_negative="33"
image_negative_thumbnail_id_1="1096"
image_negative_url_1="https://hehge.com/wp-content/uploads/sites/16/2023/06/MI_Finance_Negative_Landscape_0129.jpeg"
image_negative_thumbnail_id_2="1120"
image_negative_url_2="https://hehge.com/wp-content/uploads/sites/16/2023/06/MI_Finance_Negative_Landscape_0153.jpeg"
image_neutral_thumbnail_id_1="558"
image_neutral_url_1="https://hehge.com/wp-content/uploads/sites/16/2023/06/MI_Finance_Neutral_Landscape_0041.jpeg"
image_neutral_thumbnail_id_2="550"
image_neutral_url_2="https://hehge.com/wp-content/uploads/sites/16/2023/06/MI_Finance_Neutral_Landscape_0049.jpeg"
image_positive_thumbnail_id_1="968"
image_positive_url_1="https://hehge.com/wp-content/uploads/sites/16/2023/06/MI_Finance_Positive_Landscape_0130.jpeg"
image_positive_thumbnail_id_2="699"
image_positive_url_2="https://hehge.com/wp-content/uploads/sites/16/2023/06/MI_Finance_Positive_Landscape_0009.jpeg"
image_professor_thumbnail_id_1="1193"
image_professor_url_1="https://hehge.com/wp-content/uploads/sites/16/2023/06/MI_Finance_Professor_Landscape_0027.jpeg"
image_professor_thumbnail_id_2="1201"
image_professor_url_2="https://hehge.com/wp-content/uploads/sites/16/2023/06/MI_Finance_Professor_Landscape_0035.jpeg"
