Symbol="EH"
AssetType="Common Stock"
Name="Ehang Holdings Ltd"
Description="EHang Holdings Limited is an autonomous aerial vehicle (AAV) technology platform company in the People's Republic of China, North America, East Asia, Europe, West Asia and internationally. The company is headquartered in Guangzhou, the People's Republic of China."
CIK="1759783"
Exchange="NASDAQ"
Currency="USD"
Country="China"
Sector="ENERGY & TRANSPORTATION"
Industry="AIR TRANSPORTATION, SCHEDULED"
Address="BUILDING #C, YIXIANG TECHNOLOGY PARK, NO.72, NANXIANG 2ND ROAD, GUANGZHOU, CHINA"
FiscalYearEnd="December"
LatestQuarter="2023-03-31"
MarketCapitalization="1170415000"
EBITDA="-306679008"
PERatio="None"
PEGRatio="None"
BookValue="1.15"
DividendPerShare="0"
DividendYield="0"
EPS="-0.88"
RevenuePerShareTTM="1.052"
ProfitMargin="0"
OperatingMarginTTM="-5.2"
ReturnOnAssetsTTM="-0.404"
ReturnOnEquityTTM="-1.641"
RevenueTTM="60728000"
GrossProfitTTM="29219000"
DilutedEPSTTM="-0.88"
QuarterlyEarningsGrowthYOY="0"
QuarterlyRevenueGrowthYOY="2.834"
AnalystTargetPrice="21.1"
TrailingPE="-"
ForwardPE="-"
PriceToSalesRatioTTM="11.27"
PriceToBookRatio="18.85"
EVToRevenue="13.54"
EVToEBITDA="-1.572"
Beta="0.732"
num_52WeekHigh="19.86"
num_52WeekLow="3.321"
num_50DayMovingAverage="13.22"
num_200DayMovingAverage="9.84"
SharesOutstanding="60392000"
DividendDate="None"
ExDividendDate="None"
symbol="EH"
open="19.33"
high="19.54"
low="18.42"
price="18.54"
volume="966112.00"
latest_trading_day="2023-07-19"
previous_close="19.32"
change="-0.79"
change_percent="-4.0621%"
aroon_positive_momentum_days="58"
aroon_negative_momentum_days="0"
trend_strength="Absent or Weak Trend"
buying_signal="Strong Buy Signal"
volume_analysis="Target Volume"
value_analysis="Expected Range"
Aroon_change="FALSE"
Aroon_momentum="58"
Volume_recent_avg="797232"
Change_recent_avg="0.04"
Delta_recent_avg="0.85"
Variance_recent_avg="0.42"
Change_ratio_recent_avg="0.18"
RSI_change="FALSE"
ADX_change="FALSE"

event="FALSE"
Aroon_signal="positive"
Aroon_change="FALSE"
Aroon_momentum_positive="58"
Aroon_momentum_negative="42"
image_negative_thumbnail_id_1="1161"
image_negative_url_1="https://hehge.com/wp-content/uploads/sites/16/2023/06/MI_Finance_Negative_Landscape_0195.jpeg"
image_negative_thumbnail_id_2="1160"
image_negative_url_2="https://hehge.com/wp-content/uploads/sites/16/2023/06/MI_Finance_Negative_Landscape_0194.jpeg"
image_neutral_thumbnail_id_1="596"
image_neutral_url_1="https://hehge.com/wp-content/uploads/sites/16/2023/06/MI_Finance_Neutral_Landscape_0003.jpeg"
image_neutral_thumbnail_id_2="565"
image_neutral_url_2="https://hehge.com/wp-content/uploads/sites/16/2023/06/MI_Finance_Neutral_Landscape_0034.jpeg"
image_positive_thumbnail_id_1="691"
image_positive_url_1="https://hehge.com/wp-content/uploads/sites/16/2023/06/MI_Finance_Positive_Landscape_0017.jpeg"
image_positive_thumbnail_id_2="675"
image_positive_url_2="https://hehge.com/wp-content/uploads/sites/16/2023/06/MI_Finance_Positive_Landscape_0033.jpeg"
image_professor_thumbnail_id_1="1167"
image_professor_url_1="https://hehge.com/wp-content/uploads/sites/16/2023/06/MI_Finance_Professor_Landscape_0001.jpeg"
image_professor_thumbnail_id_2="1189"
image_professor_url_2="https://hehge.com/wp-content/uploads/sites/16/2023/06/MI_Finance_Professor_Landscape_0023.jpeg"
