Symbol="PTSI"
AssetType="Common Stock"
Name="PAM Transportation Services Inc"
Description="PAM Transportation Services, Inc., is a trucking freight logistics and transportation company in the United States, Mexico, and Canada. The company is headquartered in Tontitown, Arkansas."
CIK="798287"
Exchange="NASDAQ"
Currency="USD"
Country="USA"
Sector="ENERGY & TRANSPORTATION"
Industry="TRUCKING (NO LOCAL)"
Address="297 WEST HENRI DE TONTI BLVD, TONTITOWN, AR, US"
FiscalYearEnd="December"
LatestQuarter="2023-06-30"
MarketCapitalization="480569000"
EBITDA="140005000"
PERatio="8.31"
PEGRatio="1.66"
BookValue="14.11"
DividendPerShare="0"
DividendYield="0"
EPS="2.59"
RevenuePerShareTTM="41.51"
ProfitMargin="0.0621"
OperatingMarginTTM="0.0819"
ReturnOnAssetsTTM="0.0678"
ReturnOnEquityTTM="0.2"
RevenueTTM="919382000"
GrossProfitTTM="233968000"
DilutedEPSTTM="2.59"
QuarterlyEarningsGrowthYOY="-0.611"
QuarterlyRevenueGrowthYOY="-0.125"
AnalystTargetPrice="30"
TrailingPE="8.31"
ForwardPE="-"
PriceToSalesRatioTTM="0.644"
PriceToBookRatio="2.157"
EVToRevenue="0.855"
EVToEBITDA="3.965"
Beta="1.252"
num_52WeekHigh="34.24"
num_52WeekLow="20.83"
num_50DayMovingAverage="25.5"
num_200DayMovingAverage="26.64"
SharesOutstanding="22034400"
DividendDate="2012-12-28"
ExDividendDate="2012-12-13"
symbol="PTSI"
open="20.83"
high="21.99"
low="20.83"
price="21.87"
volume="12097.00"
latest_trading_day="2023-08-24"
previous_close="21.53"
change="0.34"
change_percent="1.5792%"
aroon_positive_momentum_days="0"
aroon_negative_momentum_days="65"
trend_strength="Absent or Weak Trend"
buying_signal="Strong Sell Signal"
volume_analysis="Target Volume"
value_analysis="Expected Range"
Aroon_change="FALSE"
Aroon_momentum="35"
Volume_recent_avg="19213"
Change_recent_avg="-0.03"
Delta_recent_avg="0.88"
Variance_recent_avg="0.44"
Change_ratio_recent_avg="-0.16"
RSI_change="FALSE"
ADX_change="FALSE"

event="FALSE"
Aroon_signal="negative"
Aroon_change="FALSE"
Aroon_momentum_positive="35"
Aroon_momentum_negative="65"
image_negative_thumbnail_id_1="170"
image_negative_url_1="https://hehge.com/wp-content/uploads/sites/16/2023/05/MI_Finance_Negative_Landscape_0006.jpeg"
image_negative_thumbnail_id_2="1111"
image_negative_url_2="https://hehge.com/wp-content/uploads/sites/16/2023/06/MI_Finance_Negative_Landscape_0144.jpeg"
image_neutral_thumbnail_id_1="579"
image_neutral_url_1="https://hehge.com/wp-content/uploads/sites/16/2023/06/MI_Finance_Neutral_Landscape_0020.jpeg"
image_neutral_thumbnail_id_2="596"
image_neutral_url_2="https://hehge.com/wp-content/uploads/sites/16/2023/06/MI_Finance_Neutral_Landscape_0003.jpeg"
image_positive_thumbnail_id_1="958"
image_positive_url_1="https://hehge.com/wp-content/uploads/sites/16/2023/06/MI_Finance_Positive_Landscape_0120.jpeg"
image_positive_thumbnail_id_2="668"
image_positive_url_2="https://hehge.com/wp-content/uploads/sites/16/2023/06/MI_Finance_Positive_Landscape_0040.jpeg"
image_professor_thumbnail_id_1="1202"
image_professor_url_1="https://hehge.com/wp-content/uploads/sites/16/2023/06/MI_Finance_Professor_Landscape_0036.jpeg"
image_professor_thumbnail_id_2="1191"
image_professor_url_2="https://hehge.com/wp-content/uploads/sites/16/2023/06/MI_Finance_Professor_Landscape_0025.jpeg"
