Symbol="MESA"
AssetType="Common Stock"
Name="Mesa Air Group Inc"
Description="Mesa Air Group, Inc. is the parent company of Mesa Airlines, Inc. providing regional air transportation services under capacity purchase agreements with American Airlines and United Airlines. The company is headquartered in Phoenix, Arizona."
CIK="810332"
Exchange="NASDAQ"
Currency="USD"
Country="USA"
Sector="ENERGY & TRANSPORTATION"
Industry="AIR TRANSPORTATION, SCHEDULED"
Address="410 NORTH 44TH STREET, SUITE 700, PHOENIX, AZ, US"
FiscalYearEnd="September"
LatestQuarter="2023-03-31"
MarketCapitalization="87128000"
EBITDA="57214000"
PERatio="None"
PEGRatio="None"
BookValue="6.78"
DividendPerShare="0"
DividendYield="0"
EPS="-4.63"
RevenuePerShareTTM="14.22"
ProfitMargin="-0.321"
OperatingMarginTTM="-0.0234"
ReturnOnAssetsTTM="-0.0064"
ReturnOnEquityTTM="-0.48"
RevenueTTM="529039000"
GrossProfitTTM="115044000"
DilutedEPSTTM="-4.63"
QuarterlyEarningsGrowthYOY="0.136"
QuarterlyRevenueGrowthYOY="-0.011"
AnalystTargetPrice="2.17"
TrailingPE="-"
ForwardPE="-"
PriceToSalesRatioTTM="0.0826"
PriceToBookRatio="0.108"
EVToRevenue="1.252"
EVToEBITDA="34.04"
Beta="2.566"
num_52WeekHigh="3.82"
num_52WeekLow="1.03"
num_50DayMovingAverage="2.131"
num_200DayMovingAverage="2.095"
SharesOutstanding="40619300"
DividendDate="None"
ExDividendDate="None"
symbol="MESA"
open="2.24"
high="2.26"
low="2.12"
price="2.15"
volume="265285.00"
latest_trading_day="2023-07-27"
previous_close="2.25"
change="-0.10"
change_percent="-4.6667%"
aroon_positive_momentum_days="50"
aroon_negative_momentum_days="0"
trend_strength="Absent or Weak Trend"
buying_signal="Weak Buy Signal"
volume_analysis="Target Volume"
value_analysis="Expected Range"
Aroon_change="FALSE"
Aroon_momentum="50"
Volume_recent_avg="330804"
Change_recent_avg="-0.01"
Delta_recent_avg="0.17"
Variance_recent_avg="0.09"
Change_ratio_recent_avg="-0.76"
RSI_change="FALSE"
ADX_change="FALSE"

event="FALSE"
Aroon_signal="positive"
Aroon_change="FALSE"
Aroon_momentum_positive="50"
Aroon_momentum_negative="50"
image_negative_thumbnail_id_1="1089"
image_negative_url_1="https://hehge.com/wp-content/uploads/sites/16/2023/06/MI_Finance_Negative_Landscape_0122.jpeg"
image_negative_thumbnail_id_2="492"
image_negative_url_2="https://hehge.com/wp-content/uploads/sites/16/2023/06/MI_Finance_Negative_Landscape_0113.jpeg"
image_neutral_thumbnail_id_1="573"
image_neutral_url_1="https://hehge.com/wp-content/uploads/sites/16/2023/06/MI_Finance_Neutral_Landscape_0026.jpeg"
image_neutral_thumbnail_id_2="531"
image_neutral_url_2="https://hehge.com/wp-content/uploads/sites/16/2023/06/MI_Finance_Neutral_Landscape_0068.jpeg"
image_positive_thumbnail_id_1="602"
image_positive_url_1="https://hehge.com/wp-content/uploads/sites/16/2023/06/MI_Finance_Positive_Landscape_0106.jpeg"
image_positive_thumbnail_id_2="687"
image_positive_url_2="https://hehge.com/wp-content/uploads/sites/16/2023/06/MI_Finance_Positive_Landscape_0021.jpeg"
image_professor_thumbnail_id_1="1194"
image_professor_url_1="https://hehge.com/wp-content/uploads/sites/16/2023/06/MI_Finance_Professor_Landscape_0028.jpeg"
image_professor_thumbnail_id_2="1187"
image_professor_url_2="https://hehge.com/wp-content/uploads/sites/16/2023/06/MI_Finance_Professor_Landscape_0021.jpeg"
