Symbol="TUSK"
AssetType="Common Stock"
Name="Mammoth Energy Services Inc"
Description="Mammoth Energy Services, Inc. is an oilfield services company. The company is headquartered in Oklahoma City, Oklahoma."
CIK="1679268"
Exchange="NASDAQ"
Currency="USD"
Country="USA"
Sector="ENERGY & TRANSPORTATION"
Industry="OIL & GAS FIELD SERVICES, NEC"
Address="14201 CALIBER DRIVE, SUITE 300, OKLAHOMA CITY, OK, US"
FiscalYearEnd="December"
LatestQuarter="2023-06-30"
MarketCapitalization="226619000"
EBITDA="63739000"
PERatio="10.11"
PEGRatio="0"
BookValue="9.78"
DividendPerShare="0"
DividendYield="0.2"
EPS="0.47"
RevenuePerShareTTM="7.67"
ProfitMargin="0"
OperatingMarginTTM="0"
ReturnOnAssetsTTM="0.0032"
ReturnOnEquityTTM="0.049"
RevenueTTM="416108000"
GrossProfitTTM="83499000"
DilutedEPSTTM="0.47"
QuarterlyEarningsGrowthYOY="0"
QuarterlyRevenueGrowthYOY="0.867"
AnalystTargetPrice="6.9"
TrailingPE="10.11"
ForwardPE="-"
PriceToSalesRatioTTM="1.022"
PriceToBookRatio="0.657"
EVToRevenue="1.297"
EVToEBITDA="5.44"
Beta="1.816"
num_52WeekHigh="8.79"
num_52WeekLow="2.867"
num_50DayMovingAverage="4.769"
num_200DayMovingAverage="5.33"
SharesOutstanding="47713300"
DividendDate="2019-05-17"
ExDividendDate="2019-05-09"
symbol="TUSK"
open="4.86"
high="4.97"
low="4.44"
price="4.46"
volume="313512.00"
latest_trading_day="2023-08-14"
previous_close="5.42"
change="-0.95"
change_percent="-17.6362%"
aroon_positive_momentum_days="37"
aroon_negative_momentum_days="0"
trend_strength="Absent or Weak Trend"
buying_signal="Strong Buy Signal"
volume_analysis="Target Volume"
value_analysis="Expected Range"
Aroon_change="FALSE"
Aroon_momentum="37"
Volume_recent_avg="202934"
Change_recent_avg="0.01"
Delta_recent_avg="0.26"
Variance_recent_avg="0.13"
Change_ratio_recent_avg="-0.07"
RSI_change="FALSE"
ADX_change="FALSE"

event="FALSE"
Aroon_signal="positive"
Aroon_change="FALSE"
Aroon_momentum_positive="37"
Aroon_momentum_negative="63"
image_negative_thumbnail_id_1="168"
image_negative_url_1="https://hehge.com/wp-content/uploads/sites/16/2023/05/MI_Finance_Negative_Landscape_0008.jpeg"
image_negative_thumbnail_id_2="1118"
image_negative_url_2="https://hehge.com/wp-content/uploads/sites/16/2023/06/MI_Finance_Negative_Landscape_0151.jpeg"
image_neutral_thumbnail_id_1="543"
image_neutral_url_1="https://hehge.com/wp-content/uploads/sites/16/2023/06/MI_Finance_Neutral_Landscape_0056.jpeg"
image_neutral_thumbnail_id_2="549"
image_neutral_url_2="https://hehge.com/wp-content/uploads/sites/16/2023/06/MI_Finance_Neutral_Landscape_0050.jpeg"
image_positive_thumbnail_id_1="676"
image_positive_url_1="https://hehge.com/wp-content/uploads/sites/16/2023/06/MI_Finance_Positive_Landscape_0032.jpeg"
image_positive_thumbnail_id_2="977"
image_positive_url_2="https://hehge.com/wp-content/uploads/sites/16/2023/06/MI_Finance_Positive_Landscape_0139.jpeg"
image_professor_thumbnail_id_1="1204"
image_professor_url_1="https://hehge.com/wp-content/uploads/sites/16/2023/06/MI_Finance_Professor_Landscape_0038.jpeg"
image_professor_thumbnail_id_2="1192"
image_professor_url_2="https://hehge.com/wp-content/uploads/sites/16/2023/06/MI_Finance_Professor_Landscape_0026.jpeg"
