Symbol="TUSK"
AssetType="Common Stock"
Name="Mammoth Energy Services Inc"
Description="Mammoth Energy Services, Inc. is an oilfield services company. The company is headquartered in Oklahoma City, Oklahoma."
CIK="1679268"
Exchange="NASDAQ"
Currency="USD"
Country="USA"
Sector="ENERGY & TRANSPORTATION"
Industry="OIL & GAS FIELD SERVICES, NEC"
Address="14201 CALIBER DRIVE, SUITE 300, OKLAHOMA CITY, OK, US"
FiscalYearEnd="December"
LatestQuarter="2023-03-31"
MarketCapitalization="236897000"
EBITDA="63739000"
PERatio="9.93"
PEGRatio="0"
BookValue="9.87"
DividendPerShare="0"
DividendYield="0.2"
EPS="0.5"
RevenuePerShareTTM="8.79"
ProfitMargin="0.0542"
OperatingMarginTTM="0.0088"
ReturnOnAssetsTTM="0.0032"
ReturnOnEquityTTM="0.049"
RevenueTTM="416108000"
GrossProfitTTM="83499000"
DilutedEPSTTM="0.5"
QuarterlyEarningsGrowthYOY="0"
QuarterlyRevenueGrowthYOY="0.867"
AnalystTargetPrice="6.9"
TrailingPE="9.93"
ForwardPE="-"
PriceToSalesRatioTTM="1.022"
PriceToBookRatio="0.657"
EVToRevenue="1.297"
EVToEBITDA="5.44"
Beta="1.82"
num_52WeekHigh="8.79"
num_52WeekLow="2.17"
num_50DayMovingAverage="4.102"
num_200DayMovingAverage="5.17"
SharesOutstanding="47713300"
DividendDate="2019-05-17"
ExDividendDate="2019-05-09"
symbol="TUSK"
open="4.85"
high="5.04"
low="4.81"
price="4.99"
volume="180605.00"
latest_trading_day="2023-07-10"
previous_close="4.86"
change="0.13"
change_percent="2.6749%"
aroon_positive_momentum_days="23"
aroon_negative_momentum_days="0"
trend_strength="Absent or Weak Trend"
buying_signal="Strong Buy Signal"
volume_analysis="Target Volume"
value_analysis="Expected Range"
Aroon_change="FALSE"
Aroon_momentum="23"
Volume_recent_avg="210279"
Change_recent_avg="-0.01"
Delta_recent_avg="0.28"
Variance_recent_avg="0.14"
Change_ratio_recent_avg="-0.26"
RSI_change="FALSE"
ADX_change="FALSE"

event="FALSE"
Aroon_signal="positive"
Aroon_change="FALSE"
Aroon_momentum_positive="23"
Aroon_momentum_negative="77"
image_negative_thumbnail_id_1="509"
image_negative_url_1="https://hehge.com/wp-content/uploads/sites/16/2023/06/MI_Finance_Negative_Landscape_0096.jpeg"
image_negative_thumbnail_id_2="117"
image_negative_url_2="https://hehge.com/wp-content/uploads/sites/16/2023/05/MI_Finance_Negative_Landscape_0059.jpeg"
image_neutral_thumbnail_id_1="560"
image_neutral_url_1="https://hehge.com/wp-content/uploads/sites/16/2023/06/MI_Finance_Neutral_Landscape_0039.jpeg"
image_neutral_thumbnail_id_2="583"
image_neutral_url_2="https://hehge.com/wp-content/uploads/sites/16/2023/06/MI_Finance_Neutral_Landscape_0016.jpeg"
image_positive_thumbnail_id_1="989"
image_positive_url_1="https://hehge.com/wp-content/uploads/sites/16/2023/06/MI_Finance_Positive_Landscape_0151.jpeg"
image_positive_thumbnail_id_2="704"
image_positive_url_2="https://hehge.com/wp-content/uploads/sites/16/2023/06/MI_Finance_Positive_Landscape_0004.jpeg"
image_professor_thumbnail_id_1="1198"
image_professor_url_1="https://hehge.com/wp-content/uploads/sites/16/2023/06/MI_Finance_Professor_Landscape_0032.jpeg"
image_professor_thumbnail_id_2="1193"
image_professor_url_2="https://hehge.com/wp-content/uploads/sites/16/2023/06/MI_Finance_Professor_Landscape_0027.jpeg"
