Symbol="INSW"
AssetType="Common Stock"
Name="International Seaways Inc"
Description="International Seaways, Inc. owns and operates a fleet of transoceanic vessels for the transportation of crude oil and petroleum products in the international flag trade. The company is headquartered in New York, New York."
CIK="1679049"
Exchange="NYSE"
Currency="USD"
Country="USA"
Sector="ENERGY & TRANSPORTATION"
Industry="WATER TRANSPORTATION"
Address="600 THIRD AVENUE, 39TH FLOOR, NEW YORK, NY, US"
FiscalYearEnd="December"
LatestQuarter="2023-03-31"
MarketCapitalization="1807722000"
EBITDA="699718000"
PERatio="3.193"
PEGRatio="0"
BookValue="31.67"
DividendPerShare="0.48"
DividendYield="0.0645"
EPS="11.5"
RevenuePerShareTTM="21.32"
ProfitMargin="0.546"
OperatingMarginTTM="0.577"
ReturnOnAssetsTTM="0.153"
ReturnOnEquityTTM="0.421"
RevenueTTM="1050313000"
GrossProfitTTM="580904000"
DilutedEPSTTM="11.5"
QuarterlyEarningsGrowthYOY="2.027"
QuarterlyRevenueGrowthYOY="1.829"
AnalystTargetPrice="60.13"
TrailingPE="3.193"
ForwardPE="3.417"
PriceToSalesRatioTTM="3.036"
PriceToBookRatio="1.426"
EVToRevenue="4.385"
EVToEBITDA="9.14"
Beta="0.0618"
num_52WeekHigh="48.73"
num_52WeekLow="19.18"
num_50DayMovingAverage="37.38"
num_200DayMovingAverage="40.18"
SharesOutstanding="49229900"
DividendDate="2023-06-28"
ExDividendDate="2023-03-13"
symbol="INSW"
open="36.70"
high="36.91"
low="35.51"
price="36.72"
volume="596731.00"
latest_trading_day="2023-07-21"
previous_close="36.61"
change="0.11"
change_percent="0.3005%"
aroon_positive_momentum_days="0"
aroon_negative_momentum_days="55"
trend_strength="Absent or Weak Trend"
buying_signal="Weak Sell Signal"
volume_analysis="Target Volume"
value_analysis="Expected Range"
Aroon_change="FALSE"
Aroon_momentum="45"
Volume_recent_avg="624335"
Change_recent_avg="-0.13"
Delta_recent_avg="1.49"
Variance_recent_avg="0.75"
Change_ratio_recent_avg="-0.33"
RSI_change="FALSE"
ADX_change="FALSE"

event="FALSE"
Aroon_signal="negative"
Aroon_change="FALSE"
Aroon_momentum_positive="45"
Aroon_momentum_negative="55"
image_negative_thumbnail_id_1="95"
image_negative_url_1="https://hehge.com/wp-content/uploads/sites/16/2023/05/MI_Finance_Negative_Landscape_0081.jpeg"
image_negative_thumbnail_id_2="1098"
image_negative_url_2="https://hehge.com/wp-content/uploads/sites/16/2023/06/MI_Finance_Negative_Landscape_0131.jpeg"
image_neutral_thumbnail_id_1="580"
image_neutral_url_1="https://hehge.com/wp-content/uploads/sites/16/2023/06/MI_Finance_Neutral_Landscape_0019.jpeg"
image_neutral_thumbnail_id_2="585"
image_neutral_url_2="https://hehge.com/wp-content/uploads/sites/16/2023/06/MI_Finance_Neutral_Landscape_0014.jpeg"
image_positive_thumbnail_id_1="1001"
image_positive_url_1="https://hehge.com/wp-content/uploads/sites/16/2023/06/MI_Finance_Positive_Landscape_0163.jpeg"
image_positive_thumbnail_id_2="643"
image_positive_url_2="https://hehge.com/wp-content/uploads/sites/16/2023/06/MI_Finance_Positive_Landscape_0065.jpeg"
image_professor_thumbnail_id_1="1196"
image_professor_url_1="https://hehge.com/wp-content/uploads/sites/16/2023/06/MI_Finance_Professor_Landscape_0030.jpeg"
image_professor_thumbnail_id_2="1178"
image_professor_url_2="https://hehge.com/wp-content/uploads/sites/16/2023/06/MI_Finance_Professor_Landscape_0012.jpeg"
