Symbol="NBR"
AssetType="Common Stock"
Name="Nabors Industries Ltd"
Description="Nabors Industries Ltd. provides drilling and drilling related services for onshore and offshore oil and natural gas wells. The company is headquartered in Hamilton, Bermuda."
CIK="1163739"
Exchange="NYSE"
Currency="USD"
Country="USA"
Sector="ENERGY & TRANSPORTATION"
Industry="DRILLING OIL & GAS WELLS"
Address="CROWN HOUSE, 4 PAR-LA-VILLE ROAD SECOND FLOOR, HAMILTON, HM08, BM"
FiscalYearEnd="December"
LatestQuarter="2023-06-30"
MarketCapitalization="1027975000"
EBITDA="895873000"
PERatio="None"
PEGRatio="-0.68"
BookValue="42.18"
DividendPerShare="0"
DividendYield="0.145"
EPS="-5.56"
RevenuePerShareTTM="328.32"
ProfitMargin="-0.0097"
OperatingMarginTTM="0.0781"
ReturnOnAssetsTTM="0.0316"
ReturnOnEquityTTM="0.0123"
RevenueTTM="3000490000"
GrossProfitTTM="987762000"
DilutedEPSTTM="-5.56"
QuarterlyEarningsGrowthYOY="0"
QuarterlyRevenueGrowthYOY="0.216"
AnalystTargetPrice="141.89"
TrailingPE="-"
ForwardPE="15.36"
PriceToSalesRatioTTM="0.562"
PriceToBookRatio="3.146"
EVToRevenue="1.457"
EVToEBITDA="6.6"
Beta="2.814"
num_52WeekHigh="190.9"
num_52WeekLow="83.05"
num_50DayMovingAverage="106.91"
num_200DayMovingAverage="131.04"
SharesOutstanding="9539500"
DividendDate="2020-04-23"
ExDividendDate="2020-03-11"
symbol="NBR"
open="108.64"
high="112.13"
low="107.70"
price="107.76"
volume="135708.00"
latest_trading_day="2023-08-16"
previous_close="108.48"
change="-0.72"
change_percent="-0.6637%"
aroon_positive_momentum_days="18"
aroon_negative_momentum_days="0"
trend_strength="Absent or Weak Trend"
buying_signal="Weak Buy Signal"
volume_analysis="Target Volume"
value_analysis="Expected Range"
Aroon_change="FALSE"
Aroon_momentum="18"
Volume_recent_avg="233034"
Change_recent_avg="-0.05"
Delta_recent_avg="4.94"
Variance_recent_avg="2.47"
Change_ratio_recent_avg="-0.07"
RSI_change="FALSE"
ADX_change="FALSE"

event="FALSE"
Aroon_signal="positive"
Aroon_change="FALSE"
Aroon_momentum_positive="18"
Aroon_momentum_negative="82"
image_negative_thumbnail_id_1="1124"
image_negative_url_1="https://hehge.com/wp-content/uploads/sites/16/2023/06/MI_Finance_Negative_Landscape_0157.jpeg"
image_negative_thumbnail_id_2="1128"
image_negative_url_2="https://hehge.com/wp-content/uploads/sites/16/2023/06/MI_Finance_Negative_Landscape_0161.jpeg"
image_neutral_thumbnail_id_1="592"
image_neutral_url_1="https://hehge.com/wp-content/uploads/sites/16/2023/06/MI_Finance_Neutral_Landscape_0007.jpeg"
image_neutral_thumbnail_id_2="584"
image_neutral_url_2="https://hehge.com/wp-content/uploads/sites/16/2023/06/MI_Finance_Neutral_Landscape_0015.jpeg"
image_positive_thumbnail_id_1="681"
image_positive_url_1="https://hehge.com/wp-content/uploads/sites/16/2023/06/MI_Finance_Positive_Landscape_0027.jpeg"
image_positive_thumbnail_id_2="650"
image_positive_url_2="https://hehge.com/wp-content/uploads/sites/16/2023/06/MI_Finance_Positive_Landscape_0058.jpeg"
image_professor_thumbnail_id_1="1191"
image_professor_url_1="https://hehge.com/wp-content/uploads/sites/16/2023/06/MI_Finance_Professor_Landscape_0025.jpeg"
image_professor_thumbnail_id_2="1175"
image_professor_url_2="https://hehge.com/wp-content/uploads/sites/16/2023/06/MI_Finance_Professor_Landscape_0009.jpeg"
