Symbol="VRRM"
AssetType="Common Stock"
Name="Verra Mobility Corp"
Description="Verra Mobility Corporation provides smart mobility technology solutions and services in the United States, Canada, and Europe. The company is headquartered in Mesa, Arizona."
CIK="1682745"
Exchange="NASDAQ"
Currency="USD"
Country="USA"
Sector="ENERGY & TRANSPORTATION"
Industry="TRANSPORTATION SERVICES"
Address="1150 N. ALMA SCHOOL ROAD, MESA, AZ, US"
FiscalYearEnd="December"
LatestQuarter="2023-03-31"
MarketCapitalization="3069501000"
EBITDA="312718000"
PERatio="42.52"
PEGRatio="None"
BookValue="1.581"
DividendPerShare="0"
DividendYield="0"
EPS="0.48"
RevenuePerShareTTM="5.05"
ProfitMargin="0.114"
OperatingMarginTTM="0.239"
ReturnOnAssetsTTM="0.0646"
ReturnOnEquityTTM="0.339"
RevenueTTM="763116000"
GrossProfitTTM="468012000"
DilutedEPSTTM="0.48"
QuarterlyEarningsGrowthYOY="-0.5"
QuarterlyRevenueGrowthYOY="0.126"
AnalystTargetPrice="22.17"
TrailingPE="42.52"
ForwardPE="12.61"
PriceToSalesRatioTTM="2.876"
PriceToBookRatio="10.79"
EVToRevenue="4.552"
EVToEBITDA="10.34"
Beta="1.192"
num_52WeekHigh="21.54"
num_52WeekLow="12.76"
num_50DayMovingAverage="19.63"
num_200DayMovingAverage="16.84"
SharesOutstanding="150392000"
DividendDate="None"
ExDividendDate="None"
symbol="VRRM"
open="21.40"
high="21.54"
low="19.71"
price="20.13"
volume="1791983.00"
latest_trading_day="2023-08-10"
previous_close="20.41"
change="-0.28"
change_percent="-1.3719%"
aroon_positive_momentum_days="100"
aroon_negative_momentum_days="0"
trend_strength="Absent or Weak Trend"
buying_signal="Strong Buy Signal"
volume_analysis="Target Volume"
value_analysis="Expected Range"
Aroon_change="FALSE"
Aroon_momentum="100"
Volume_recent_avg="1197787"
Change_recent_avg="0.01"
Delta_recent_avg="0.35"
Variance_recent_avg="0.17"
Change_ratio_recent_avg="0.03"
RSI_change="FALSE"
ADX_change="FALSE"
Aroon_signal="positive"
Aroon_change="FALSE"
Aroon_momentum_positive="100"
Aroon_momentum_negative="0"
image_negative_thumbnail_id_1="1150"
image_negative_url_1="https://hehge.com/wp-content/uploads/sites/16/2023/06/MI_Finance_Negative_Landscape_0183.jpeg"
image_negative_thumbnail_id_2="1144"
image_negative_url_2="https://hehge.com/wp-content/uploads/sites/16/2023/06/MI_Finance_Negative_Landscape_0177.jpeg"
image_neutral_thumbnail_id_1="596"
image_neutral_url_1="https://hehge.com/wp-content/uploads/sites/16/2023/06/MI_Finance_Neutral_Landscape_0003.jpeg"
image_neutral_thumbnail_id_2="552"
image_neutral_url_2="https://hehge.com/wp-content/uploads/sites/16/2023/06/MI_Finance_Neutral_Landscape_0047.jpeg"
image_positive_thumbnail_id_1="967"
image_positive_url_1="https://hehge.com/wp-content/uploads/sites/16/2023/06/MI_Finance_Positive_Landscape_0129.jpeg"
image_positive_thumbnail_id_2="704"
image_positive_url_2="https://hehge.com/wp-content/uploads/sites/16/2023/06/MI_Finance_Positive_Landscape_0004.jpeg"
image_professor_thumbnail_id_1="1194"
image_professor_url_1="https://hehge.com/wp-content/uploads/sites/16/2023/06/MI_Finance_Professor_Landscape_0028.jpeg"
image_professor_thumbnail_id_2="1196"
image_professor_url_2="https://hehge.com/wp-content/uploads/sites/16/2023/06/MI_Finance_Professor_Landscape_0030.jpeg"
