Symbol="NOVA"
AssetType="Common Stock"
Name="Sunnova Energy International Inc"
Description="Sunnova Energy International Inc., provides residential solar energy and energy storage services in the United States. The company is headquartered in Houston, Texas."
CIK="1772695"
Exchange="NYSE"
Currency="USD"
Country="USA"
Sector="ENERGY & TRANSPORTATION"
Industry="ELECTRIC & OTHER SERVICES COMBINED"
Address="20 GREENWAY PLAZA, SUITE 475, HOUSTON, TX, US"
FiscalYearEnd="December"
LatestQuarter="2023-03-31"
MarketCapitalization="1968790000"
EBITDA="49546000"
PERatio="None"
PEGRatio="None"
BookValue="11.06"
DividendPerShare="0"
DividendYield="0"
EPS="-1.6"
RevenuePerShareTTM="5.69"
ProfitMargin="-0.318"
OperatingMarginTTM="-0.151"
ReturnOnAssetsTTM="-0.0083"
ReturnOnEquityTTM="-0.121"
RevenueTTM="653664000"
GrossProfitTTM="299306000"
DilutedEPSTTM="-1.6"
QuarterlyEarningsGrowthYOY="0"
QuarterlyRevenueGrowthYOY="1.46"
AnalystTargetPrice="33.48"
TrailingPE="-"
ForwardPE="100"
PriceToSalesRatioTTM="6.1"
PriceToBookRatio="2.129"
EVToRevenue="16.96"
EVToEBITDA="67.79"
Beta="2.04"
num_52WeekHigh="31.47"
num_52WeekLow="12.46"
num_50DayMovingAverage="17.22"
num_200DayMovingAverage="18.51"
SharesOutstanding="116290000"
DividendDate="None"
ExDividendDate="None"
symbol="NOVA"
open="18.02"
high="18.04"
low="16.77"
price="16.93"
volume="4694686.00"
latest_trading_day="2023-07-06"
previous_close="18.46"
change="-1.53"
change_percent="-8.2882%"
aroon_positive_momentum_days="24"
aroon_negative_momentum_days="0"
trend_strength="Absent or Weak Trend"
buying_signal="Weak Buy Signal"
volume_analysis="Target Volume"
value_analysis="Expected Range"
Aroon_change="FALSE"
Aroon_momentum="24"
Volume_recent_avg="3988230"
Change_recent_avg="-0.03"
Delta_recent_avg="1.13"
Variance_recent_avg="0.57"
Change_ratio_recent_avg="-0.31"
RSI_change="FALSE"
ADX_change="FALSE"

event="FALSE"
Aroon_signal="positive"
Aroon_change="FALSE"
Aroon_momentum_positive="24"
Aroon_momentum_negative="76"
image_negative_thumbnail_id_1="1152"
image_negative_url_1="https://hehge.com/wp-content/uploads/sites/16/2023/06/MI_Finance_Negative_Landscape_0185.jpeg"
image_negative_thumbnail_id_2="1125"
image_negative_url_2="https://hehge.com/wp-content/uploads/sites/16/2023/06/MI_Finance_Negative_Landscape_0158.jpeg"
image_neutral_thumbnail_id_1="596"
image_neutral_url_1="https://hehge.com/wp-content/uploads/sites/16/2023/06/MI_Finance_Neutral_Landscape_0003.jpeg"
image_neutral_thumbnail_id_2="536"
image_neutral_url_2="https://hehge.com/wp-content/uploads/sites/16/2023/06/MI_Finance_Neutral_Landscape_0063.jpeg"
image_positive_thumbnail_id_1="615"
image_positive_url_1="https://hehge.com/wp-content/uploads/sites/16/2023/06/MI_Finance_Positive_Landscape_0093.jpeg"
image_positive_thumbnail_id_2="1008"
image_positive_url_2="https://hehge.com/wp-content/uploads/sites/16/2023/06/MI_Finance_Positive_Landscape_0170.jpeg"
image_professor_thumbnail_id_1="1189"
image_professor_url_1="https://hehge.com/wp-content/uploads/sites/16/2023/06/MI_Finance_Professor_Landscape_0023.jpeg"
image_professor_thumbnail_id_2="1171"
image_professor_url_2="https://hehge.com/wp-content/uploads/sites/16/2023/06/MI_Finance_Professor_Landscape_0005.jpeg"
