Symbol="NOVA"
AssetType="Common Stock"
Name="Sunnova Energy International Inc"
Description="Sunnova Energy International Inc., provides residential solar energy and energy storage services in the United States. The company is headquartered in Houston, Texas."
CIK="1772695"
Exchange="NYSE"
Currency="USD"
Country="USA"
Sector="ENERGY & TRANSPORTATION"
Industry="ELECTRIC & OTHER SERVICES COMBINED"
Address="20 GREENWAY PLAZA, SUITE 475, HOUSTON, TX, US"
FiscalYearEnd="December"
LatestQuarter="2023-03-31"
MarketCapitalization="2299053000"
EBITDA="49546000"
PERatio="None"
PEGRatio="None"
BookValue="11.06"
DividendPerShare="0"
DividendYield="0"
EPS="-1.9"
RevenuePerShareTTM="5.69"
ProfitMargin="-0.318"
OperatingMarginTTM="-0.151"
ReturnOnAssetsTTM="-0.0083"
ReturnOnEquityTTM="-0.121"
RevenueTTM="653664000"
GrossProfitTTM="299306000"
DilutedEPSTTM="-1.9"
QuarterlyEarningsGrowthYOY="0"
QuarterlyRevenueGrowthYOY="1.46"
AnalystTargetPrice="33.22"
TrailingPE="-"
ForwardPE="100"
PriceToSalesRatioTTM="6.1"
PriceToBookRatio="2.129"
EVToRevenue="16.96"
EVToEBITDA="67.79"
Beta="2.04"
num_52WeekHigh="31.47"
num_52WeekLow="12.46"
num_50DayMovingAverage="17.3"
num_200DayMovingAverage="18.39"
SharesOutstanding="116290000"
DividendDate="None"
ExDividendDate="None"
symbol="NOVA"
open="20.42"
high="21.25"
low="20.40"
price="20.92"
volume="5165630.00"
latest_trading_day="2023-07-12"
previous_close="19.77"
change="1.15"
change_percent="5.8169%"
aroon_positive_momentum_days="28"
aroon_negative_momentum_days="0"
trend_strength="Absent or Weak Trend"
buying_signal="Weak Buy Signal"
volume_analysis="Target Volume"
value_analysis="Expected Range"
Aroon_change="FALSE"
Aroon_momentum="28"
Volume_recent_avg="4045839"
Change_recent_avg="-0.02"
Delta_recent_avg="1.14"
Variance_recent_avg="0.57"
Change_ratio_recent_avg="-0.26"
RSI_change="FALSE"
ADX_change="FALSE"

event="FALSE"
Aroon_signal="positive"
Aroon_change="FALSE"
Aroon_momentum_positive="28"
Aroon_momentum_negative="72"
image_negative_thumbnail_id_1="1120"
image_negative_url_1="https://hehge.com/wp-content/uploads/sites/16/2023/06/MI_Finance_Negative_Landscape_0153.jpeg"
image_negative_thumbnail_id_2="510"
image_negative_url_2="https://hehge.com/wp-content/uploads/sites/16/2023/06/MI_Finance_Negative_Landscape_0095.jpeg"
image_neutral_thumbnail_id_1="526"
image_neutral_url_1="https://hehge.com/wp-content/uploads/sites/16/2023/06/MI_Finance_Neutral_Landscape_0073.jpeg"
image_neutral_thumbnail_id_2="566"
image_neutral_url_2="https://hehge.com/wp-content/uploads/sites/16/2023/06/MI_Finance_Neutral_Landscape_0033.jpeg"
image_positive_thumbnail_id_1="606"
image_positive_url_1="https://hehge.com/wp-content/uploads/sites/16/2023/06/MI_Finance_Positive_Landscape_0102.jpeg"
image_positive_thumbnail_id_2="1006"
image_positive_url_2="https://hehge.com/wp-content/uploads/sites/16/2023/06/MI_Finance_Positive_Landscape_0168.jpeg"
image_professor_thumbnail_id_1="1174"
image_professor_url_1="https://hehge.com/wp-content/uploads/sites/16/2023/06/MI_Finance_Professor_Landscape_0008.jpeg"
image_professor_thumbnail_id_2="1183"
image_professor_url_2="https://hehge.com/wp-content/uploads/sites/16/2023/06/MI_Finance_Professor_Landscape_0017.jpeg"
