Symbol="TK"
AssetType="Common Stock"
Name="Teekay Corporation"
Description="Teekay Corporation is a marine energy transportation company. The company is headquartered in Hamilton, Bermuda."
CIK="911971"
Exchange="NYSE"
Currency="USD"
Country="USA"
Sector="ENERGY & TRANSPORTATION"
Industry="DEEP SEA FOREIGN TRANSPORTATION OF FREIGHT"
Address="4TH FLOOR, BELVEDERE BUILDING, 69 PITTS BAY ROAD, HAMILTON, BM"
FiscalYearEnd="December"
LatestQuarter="2023-06-30"
MarketCapitalization="611298000"
EBITDA="625023000"
PERatio="4.288"
PEGRatio="0.27"
BookValue="7.38"
DividendPerShare="0"
DividendYield="0.0801"
EPS="1.56"
RevenuePerShareTTM="15.24"
ProfitMargin="0.107"
OperatingMarginTTM="0.367"
ReturnOnAssetsTTM="0.169"
ReturnOnEquityTTM="0.395"
RevenueTTM="1510779000"
GrossProfitTTM="392067000"
DilutedEPSTTM="1.56"
QuarterlyEarningsGrowthYOY="6.99"
QuarterlyRevenueGrowthYOY="0.408"
AnalystTargetPrice="5"
TrailingPE="4.288"
ForwardPE="-"
PriceToSalesRatioTTM="0.458"
PriceToBookRatio="0.69"
EVToRevenue="2.092"
EVToEBITDA="6.47"
Beta="0.831"
num_52WeekHigh="7.26"
num_52WeekLow="3.21"
num_50DayMovingAverage="6.42"
num_200DayMovingAverage="5.56"
SharesOutstanding="91375000"
DividendDate="2019-02-14"
ExDividendDate="2021-11-04"
symbol="TK"
open="6.82"
high="6.82"
low="6.62"
price="6.69"
volume="544110.00"
latest_trading_day="2023-08-25"
previous_close="6.80"
change="-0.11"
change_percent="-1.6176%"
aroon_positive_momentum_days="69"
aroon_negative_momentum_days="0"
trend_strength="Absent or Weak Trend"
buying_signal="Strong Buy Signal"
volume_analysis="Target Volume"
value_analysis="Expected Range"
Aroon_change="FALSE"
Aroon_momentum="69"
Volume_recent_avg="687647"
Change_recent_avg="0.01"
Delta_recent_avg="0.19"
Variance_recent_avg="0.1"
Change_ratio_recent_avg="0.04"
RSI_change="FALSE"
ADX_change="FALSE"

event="FALSE"
Aroon_signal="positive"
Aroon_change="FALSE"
Aroon_momentum_positive="69"
Aroon_momentum_negative="31"
image_negative_thumbnail_id_1="117"
image_negative_url_1="https://hehge.com/wp-content/uploads/sites/16/2023/05/MI_Finance_Negative_Landscape_0059.jpeg"
image_negative_thumbnail_id_2="155"
image_negative_url_2="https://hehge.com/wp-content/uploads/sites/16/2023/05/MI_Finance_Negative_Landscape_0021.jpeg"
image_neutral_thumbnail_id_1="575"
image_neutral_url_1="https://hehge.com/wp-content/uploads/sites/16/2023/06/MI_Finance_Neutral_Landscape_0024.jpeg"
image_neutral_thumbnail_id_2="530"
image_neutral_url_2="https://hehge.com/wp-content/uploads/sites/16/2023/06/MI_Finance_Neutral_Landscape_0069.jpeg"
image_positive_thumbnail_id_1="988"
image_positive_url_1="https://hehge.com/wp-content/uploads/sites/16/2023/06/MI_Finance_Positive_Landscape_0150.jpeg"
image_positive_thumbnail_id_2="1009"
image_positive_url_2="https://hehge.com/wp-content/uploads/sites/16/2023/06/MI_Finance_Positive_Landscape_0171.jpeg"
image_professor_thumbnail_id_1="1186"
image_professor_url_1="https://hehge.com/wp-content/uploads/sites/16/2023/06/MI_Finance_Professor_Landscape_0020.jpeg"
image_professor_thumbnail_id_2="1172"
image_professor_url_2="https://hehge.com/wp-content/uploads/sites/16/2023/06/MI_Finance_Professor_Landscape_0006.jpeg"
