Symbol="TK"
AssetType="Common Stock"
Name="Teekay Corporation"
Description="Teekay Corporation is a marine energy transportation company. The company is headquartered in Hamilton, Bermuda."
CIK="911971"
Exchange="NYSE"
Currency="USD"
Country="USA"
Sector="ENERGY & TRANSPORTATION"
Industry="DEEP SEA FOREIGN TRANSPORTATION OF FREIGHT"
Address="4TH FLOOR, BELVEDERE BUILDING, 69 PITTS BAY ROAD, HAMILTON, BM"
FiscalYearEnd="December"
LatestQuarter="2023-03-31"
MarketCapitalization="625340000"
EBITDA="495756000"
PERatio="4.712"
PEGRatio="0.27"
BookValue="6.86"
DividendPerShare="0"
DividendYield="0.0801"
EPS="1.39"
RevenuePerShareTTM="13.8"
ProfitMargin="0.0905"
OperatingMarginTTM="0.304"
ReturnOnAssetsTTM="0.128"
ReturnOnEquityTTM="0.313"
RevenueTTM="1396165000"
GrossProfitTTM="392067000"
DilutedEPSTTM="1.39"
QuarterlyEarningsGrowthYOY="54.22"
QuarterlyRevenueGrowthYOY="0.968"
AnalystTargetPrice="5"
TrailingPE="4.712"
ForwardPE="-"
PriceToSalesRatioTTM="0.458"
PriceToBookRatio="0.69"
EVToRevenue="2.092"
EVToEBITDA="6.47"
Beta="0.821"
num_52WeekHigh="6.75"
num_52WeekLow="2.535"
num_50DayMovingAverage="5.87"
num_200DayMovingAverage="5.08"
SharesOutstanding="95472000"
DividendDate="2019-02-14"
ExDividendDate="2021-11-04"
symbol="TK"
open="6.58"
high="6.66"
low="6.54"
price="6.55"
volume="521640.00"
latest_trading_day="2023-07-10"
previous_close="6.57"
change="-0.02"
change_percent="-0.3044%"
aroon_positive_momentum_days="69"
aroon_negative_momentum_days="0"
trend_strength="Absent or Weak Trend"
buying_signal="Strong Buy Signal"
volume_analysis="Target Volume"
value_analysis="Expected Range"
Aroon_change="FALSE"
Aroon_momentum="69"
Volume_recent_avg="1026936"
Change_recent_avg="0.01"
Delta_recent_avg="0.21"
Variance_recent_avg="0.1"
Change_ratio_recent_avg="0.2"
RSI_change="FALSE"
ADX_change="FALSE"

event="FALSE"
Aroon_signal="positive"
Aroon_change="FALSE"
Aroon_momentum_positive="69"
Aroon_momentum_negative="31"
image_negative_thumbnail_id_1="168"
image_negative_url_1="https://hehge.com/wp-content/uploads/sites/16/2023/05/MI_Finance_Negative_Landscape_0008.jpeg"
image_negative_thumbnail_id_2="1087"
image_negative_url_2="https://hehge.com/wp-content/uploads/sites/16/2023/06/MI_Finance_Negative_Landscape_0120.jpeg"
image_neutral_thumbnail_id_1="582"
image_neutral_url_1="https://hehge.com/wp-content/uploads/sites/16/2023/06/MI_Finance_Neutral_Landscape_0017.jpeg"
image_neutral_thumbnail_id_2="543"
image_neutral_url_2="https://hehge.com/wp-content/uploads/sites/16/2023/06/MI_Finance_Neutral_Landscape_0056.jpeg"
image_positive_thumbnail_id_1="964"
image_positive_url_1="https://hehge.com/wp-content/uploads/sites/16/2023/06/MI_Finance_Positive_Landscape_0126.jpeg"
image_positive_thumbnail_id_2="660"
image_positive_url_2="https://hehge.com/wp-content/uploads/sites/16/2023/06/MI_Finance_Positive_Landscape_0048.jpeg"
image_professor_thumbnail_id_1="1189"
image_professor_url_1="https://hehge.com/wp-content/uploads/sites/16/2023/06/MI_Finance_Professor_Landscape_0023.jpeg"
image_professor_thumbnail_id_2="1192"
image_professor_url_2="https://hehge.com/wp-content/uploads/sites/16/2023/06/MI_Finance_Professor_Landscape_0026.jpeg"
