Symbol="VTNR"
AssetType="Common Stock"
Name="Vertex Energy Inc"
Description="Vertex Energy, Inc., an environmental services company, provides a range of services designed to aggregate, process, and recycle industrial and commercial waste systems in the Gulf Coast and Midwest regions of the United States. The company is headquartered in Houston, Texas."
CIK="890447"
Exchange="NASDAQ"
Currency="USD"
Country="USA"
Sector="ENERGY & TRANSPORTATION"
Industry="REFUSE SYSTEMS"
Address="1331 GEMINI STREET, SUITE 250, HOUSTON, TX, US"
FiscalYearEnd="December"
LatestQuarter="2023-06-30"
MarketCapitalization="466183000"
EBITDA="94107000"
PERatio="None"
PEGRatio="-0.13"
BookValue="2.877"
DividendPerShare="0"
DividendYield="0"
EPS="-0.06"
RevenuePerShareTTM="46.2"
ProfitMargin="0.0157"
OperatingMarginTTM="0.0214"
ReturnOnAssetsTTM="0.0841"
ReturnOnEquityTTM="-0.0313"
RevenueTTM="3408320000"
GrossProfitTTM="193439000"
DilutedEPSTTM="-0.06"
QuarterlyEarningsGrowthYOY="1.269"
QuarterlyRevenueGrowthYOY="8.27"
AnalystTargetPrice="10"
TrailingPE="-"
ForwardPE="3.526"
PriceToSalesRatioTTM="0.237"
PriceToBookRatio="4.037"
EVToRevenue="0.332"
EVToEBITDA="-234.8"
Beta="2.05"
num_52WeekHigh="14.64"
num_52WeekLow="4.84"
num_50DayMovingAverage="6.06"
num_200DayMovingAverage="7.33"
SharesOutstanding="93237000"
DividendDate="None"
ExDividendDate="None"
symbol="VTNR"
open="5.12"
high="5.13"
low="4.96"
price="5.00"
volume="1902068.00"
latest_trading_day="2023-08-02"
previous_close="5.20"
change="-0.20"
change_percent="-3.8462%"
aroon_positive_momentum_days="0"
aroon_negative_momentum_days="65"
trend_strength="Absent or Weak Trend"
buying_signal="Strong Sell Signal"
volume_analysis="Target Volume"
value_analysis="Expected Range"
Aroon_change="FALSE"
Aroon_momentum="35"
Volume_recent_avg="2618802"
Change_recent_avg="-0.02"
Delta_recent_avg="0.41"
Variance_recent_avg="0.21"
Change_ratio_recent_avg="-0.31"
RSI_change="FALSE"
ADX_change="FALSE"

event="FALSE"
Aroon_signal="negative"
Aroon_change="FALSE"
Aroon_momentum_positive="35"
Aroon_momentum_negative="65"
image_negative_thumbnail_id_1="1089"
image_negative_url_1="https://hehge.com/wp-content/uploads/sites/16/2023/06/MI_Finance_Negative_Landscape_0122.jpeg"
image_negative_thumbnail_id_2="171"
image_negative_url_2="https://hehge.com/wp-content/uploads/sites/16/2023/05/MI_Finance_Negative_Landscape_0005.jpeg"
image_neutral_thumbnail_id_1="589"
image_neutral_url_1="https://hehge.com/wp-content/uploads/sites/16/2023/06/MI_Finance_Neutral_Landscape_0010.jpeg"
image_neutral_thumbnail_id_2="574"
image_neutral_url_2="https://hehge.com/wp-content/uploads/sites/16/2023/06/MI_Finance_Neutral_Landscape_0025.jpeg"
image_positive_thumbnail_id_1="962"
image_positive_url_1="https://hehge.com/wp-content/uploads/sites/16/2023/06/MI_Finance_Positive_Landscape_0124.jpeg"
image_positive_thumbnail_id_2="954"
image_positive_url_2="https://hehge.com/wp-content/uploads/sites/16/2023/06/MI_Finance_Positive_Landscape_0116.jpeg"
image_professor_thumbnail_id_1="1169"
image_professor_url_1="https://hehge.com/wp-content/uploads/sites/16/2023/06/MI_Finance_Professor_Landscape_0003.jpeg"
image_professor_thumbnail_id_2="1198"
image_professor_url_2="https://hehge.com/wp-content/uploads/sites/16/2023/06/MI_Finance_Professor_Landscape_0032.jpeg"
