Symbol="EVRG"
AssetType="Common Stock"
Name="Evergy Inc. Common Stock"
Description="Evergy is an American investor-owned utility (IOU) with publicly traded stock that has its headquarters in Topeka, Kansas, and in Kansas City, Missouri."
CIK="1711269"
Exchange="NASDAQ"
Currency="USD"
Country="USA"
Sector="ENERGY & TRANSPORTATION"
Industry="ELECTRIC & OTHER SERVICES COMBINED"
Address="1200 MAIN STREET, KANSAS CITY, MO, US"
FiscalYearEnd="December"
LatestQuarter="2023-06-30"
MarketCapitalization="12954009000"
EBITDA="2331900000"
PERatio="16.64"
PEGRatio="3.059"
BookValue="41.51"
DividendPerShare="2.41"
DividendYield="0.0431"
EPS="3.39"
RevenuePerShareTTM="25.39"
ProfitMargin="0.13"
OperatingMarginTTM="0.219"
ReturnOnAssetsTTM="0.0268"
ReturnOnEquityTTM="0.0816"
RevenueTTM="5839700000"
GrossProfitTTM="2634100000"
DilutedEPSTTM="3.39"
QuarterlyEarningsGrowthYOY="-0.073"
QuarterlyRevenueGrowthYOY="-0.064"
AnalystTargetPrice="63.17"
TrailingPE="16.64"
ForwardPE="17.54"
PriceToSalesRatioTTM="2.528"
PriceToBookRatio="1.506"
EVToRevenue="4.58"
EVToEBITDA="11.49"
Beta="0.495"
num_52WeekHigh="68.2"
num_52WeekLow="51.89"
num_50DayMovingAverage="58.97"
num_200DayMovingAverage="60.38"
SharesOutstanding="229681000"
DividendDate="2023-09-20"
ExDividendDate="2023-05-18"
symbol="EVRG"
open="56.38"
high="56.67"
low="56.04"
price="56.40"
volume="1093336.00"
latest_trading_day="2023-08-18"
previous_close="56.80"
change="-0.40"
change_percent="-0.7042%"
aroon_positive_momentum_days="0"
aroon_negative_momentum_days="50"
trend_strength="Absent or Weak Trend"
buying_signal="Weak Sell Signal"
volume_analysis="Target Volume"
value_analysis="Expected Range"
Aroon_change="FALSE"
Aroon_momentum="50"
Volume_recent_avg="1155969"
Change_recent_avg="-0.02"
Delta_recent_avg="1.02"
Variance_recent_avg="0.51"
Change_ratio_recent_avg="-0.05"
RSI_change="FALSE"
ADX_change="FALSE"

event="FALSE"
Aroon_signal="negative"
Aroon_change="FALSE"
Aroon_momentum_positive="50"
Aroon_momentum_negative="50"
image_negative_thumbnail_id_1="1159"
image_negative_url_1="https://hehge.com/wp-content/uploads/sites/16/2023/06/MI_Finance_Negative_Landscape_0193.jpeg"
image_negative_thumbnail_id_2="121"
image_negative_url_2="https://hehge.com/wp-content/uploads/sites/16/2023/05/MI_Finance_Negative_Landscape_0055.jpeg"
image_neutral_thumbnail_id_1="530"
image_neutral_url_1="https://hehge.com/wp-content/uploads/sites/16/2023/06/MI_Finance_Neutral_Landscape_0069.jpeg"
image_neutral_thumbnail_id_2="529"
image_neutral_url_2="https://hehge.com/wp-content/uploads/sites/16/2023/06/MI_Finance_Neutral_Landscape_0070.jpeg"
image_positive_thumbnail_id_1="634"
image_positive_url_1="https://hehge.com/wp-content/uploads/sites/16/2023/06/MI_Finance_Positive_Landscape_0074.jpeg"
image_positive_thumbnail_id_2="648"
image_positive_url_2="https://hehge.com/wp-content/uploads/sites/16/2023/06/MI_Finance_Positive_Landscape_0060.jpeg"
image_professor_thumbnail_id_1="1183"
image_professor_url_1="https://hehge.com/wp-content/uploads/sites/16/2023/06/MI_Finance_Professor_Landscape_0017.jpeg"
image_professor_thumbnail_id_2="1192"
image_professor_url_2="https://hehge.com/wp-content/uploads/sites/16/2023/06/MI_Finance_Professor_Landscape_0026.jpeg"
