Symbol="RYAAY"
AssetType="Common Stock"
Name="Ryanair Holdings PLC ADR"
Description="Ryanair Holdings plc, offers regular passenger airline services in Ireland, the United Kingdom, Italy, Spain, Germany and other European countries. The company is headquartered in Swords, Ireland."
CIK="1038683"
Exchange="NASDAQ"
Currency="USD"
Country="USA"
Sector="ENERGY & TRANSPORTATION"
Industry="AIR TRANSPORTATION, SCHEDULED"
Address="C/O RYANAIR LTD CORPORATE HEAD OFFICE, DUBLIN AIRPORT, COUNTY DUBLIN IRELAN, IE"
FiscalYearEnd="March"
LatestQuarter="2023-03-31"
MarketCapitalization="22997027000"
EBITDA="2801900000"
PERatio="16.0"
PEGRatio="70.75"
BookValue="3.376"
DividendPerShare="0"
DividendYield="0"
EPS="6.31"
RevenuePerShareTTM="6.49"
ProfitMargin="0.151"
OperatingMarginTTM="0.162"
ReturnOnAssetsTTM="0.0711"
ReturnOnEquityTTM="0.289"
RevenueTTM="11823000000"
GrossProfitTTM="791100000"
DilutedEPSTTM="6.31"
QuarterlyEarningsGrowthYOY="2.52"
QuarterlyRevenueGrowthYOY="0.403"
AnalystTargetPrice="141.5"
TrailingPE="16.0"
ForwardPE="13.85"
PriceToSalesRatioTTM="1.875"
PriceToBookRatio="2.519"
EVToRevenue="1.663"
EVToEBITDA="7.66"
Beta="1.449"
num_52WeekHigh="112.75"
num_52WeekLow="55.9"
num_50DayMovingAverage="106.33"
num_200DayMovingAverage="91.61"
SharesOutstanding="227761000"
DividendDate="2015-11-27"
ExDividendDate="2015-10-28"
symbol="RYAAY"
open="102.47"
high="102.67"
low="100.94"
price="102.20"
volume="451689.00"
latest_trading_day="2023-08-07"
previous_close="100.97"
change="1.23"
change_percent="1.2182%"
aroon_positive_momentum_days="0"
aroon_negative_momentum_days="24"
trend_strength="Absent or Weak Trend"
buying_signal="High Volatility / Hold Signal"
volume_analysis="Target Volume"
value_analysis="Expected Range"
Aroon_change="TRUE"
Aroon_momentum="76"
Volume_recent_avg="452887"
Change_recent_avg="0.16"
Delta_recent_avg="1.98"
Variance_recent_avg="0.99"
Change_ratio_recent_avg="0.15"
RSI_change="FALSE"
ADX_change="FALSE"
Aroon_signal="negative"
Aroon_change="TRUE"
Aroon_momentum_positive="76"
Aroon_momentum_negative="24"
image_negative_thumbnail_id_1="1116"
image_negative_url_1="https://hehge.com/wp-content/uploads/sites/16/2023/06/MI_Finance_Negative_Landscape_0149.jpeg"
image_negative_thumbnail_id_2="132"
image_negative_url_2="https://hehge.com/wp-content/uploads/sites/16/2023/05/MI_Finance_Negative_Landscape_0044.jpeg"
image_neutral_thumbnail_id_1="543"
image_neutral_url_1="https://hehge.com/wp-content/uploads/sites/16/2023/06/MI_Finance_Neutral_Landscape_0056.jpeg"
image_neutral_thumbnail_id_2="592"
image_neutral_url_2="https://hehge.com/wp-content/uploads/sites/16/2023/06/MI_Finance_Neutral_Landscape_0007.jpeg"
image_positive_thumbnail_id_1="1008"
image_positive_url_1="https://hehge.com/wp-content/uploads/sites/16/2023/06/MI_Finance_Positive_Landscape_0170.jpeg"
image_positive_thumbnail_id_2="963"
image_positive_url_2="https://hehge.com/wp-content/uploads/sites/16/2023/06/MI_Finance_Positive_Landscape_0125.jpeg"
image_professor_thumbnail_id_1="1199"
image_professor_url_1="https://hehge.com/wp-content/uploads/sites/16/2023/06/MI_Finance_Professor_Landscape_0033.jpeg"
image_professor_thumbnail_id_2="1173"
image_professor_url_2="https://hehge.com/wp-content/uploads/sites/16/2023/06/MI_Finance_Professor_Landscape_0007.jpeg"
