Symbol="MGEE"
AssetType="Common Stock"
Name="MGE Energy Inc"
Description="MGE Energy, Inc., is a utility holding company primarily in Wisconsin. The company is headquartered in Madison, Wisconsin."
CIK="1161728"
Exchange="NASDAQ"
Currency="USD"
Country="USA"
Sector="ENERGY & TRANSPORTATION"
Industry="ELECTRIC, GAS & SANITARY SERVICES"
Address="133 SOUTH BLAIR STREET, P.O. BOX 1231, MADISON, WI, US"
FiscalYearEnd="October"
LatestQuarter="2023-07-31"
MarketCapitalization="2686941000"
EBITDA="243517000"
PERatio="23.44"
PEGRatio="0"
BookValue="30.77"
DividendPerShare="1.63"
DividendYield="0.0222"
EPS="3.17"
RevenuePerShareTTM="19.46"
ProfitMargin="0.163"
OperatingMarginTTM="0.229"
ReturnOnAssetsTTM="0.0404"
ReturnOnEquityTTM="0.106"
RevenueTTM="703784000"
GrossProfitTTM="244465000"
DilutedEPSTTM="3.17"
QuarterlyEarningsGrowthYOY="0.317"
QuarterlyRevenueGrowthYOY="-0.029"
AnalystTargetPrice="67.5"
TrailingPE="23.44"
ForwardPE="-"
PriceToSalesRatioTTM="3.808"
PriceToBookRatio="2.372"
EVToRevenue="4.678"
EVToEBITDA="13.68"
Beta="0.736"
num_52WeekHigh="83.27"
num_52WeekLow="60.62"
num_50DayMovingAverage="78.0"
num_200DayMovingAverage="74.52"
SharesOutstanding="36163400"
DividendDate="2023-09-15"
ExDividendDate="2023-08-31"
symbol="MGEE"
open="74.45"
high="75.07"
low="73.79"
price="73.89"
volume="69982.00"
latest_trading_day="2023-08-28"
previous_close="74.30"
change="-0.41"
change_percent="-0.5518%"
aroon_positive_momentum_days="95"
aroon_negative_momentum_days="0"
trend_strength="Absent or Weak Trend"
buying_signal="Weak Buy Signal"
volume_analysis="Target Volume"
value_analysis="Expected Range"
Aroon_change="FALSE"
Aroon_momentum="95"
Volume_recent_avg="103231"
Change_recent_avg="0.01"
Delta_recent_avg="1.42"
Variance_recent_avg="0.71"
Change_ratio_recent_avg="0.01"
RSI_change="FALSE"
ADX_change="FALSE"

event="FALSE"
Aroon_signal="positive"
Aroon_change="FALSE"
Aroon_momentum_positive="95"
Aroon_momentum_negative="5"
image_negative_thumbnail_id_1="1103"
image_negative_url_1="https://hehge.com/wp-content/uploads/sites/16/2023/06/MI_Finance_Negative_Landscape_0136.jpeg"
image_negative_thumbnail_id_2="1163"
image_negative_url_2="https://hehge.com/wp-content/uploads/sites/16/2023/06/MI_Finance_Negative_Landscape_0197.jpeg"
image_neutral_thumbnail_id_1="522"
image_neutral_url_1="https://hehge.com/wp-content/uploads/sites/16/2023/06/MI_Finance_Neutral_Landscape_0077.jpeg"
image_neutral_thumbnail_id_2="543"
image_neutral_url_2="https://hehge.com/wp-content/uploads/sites/16/2023/06/MI_Finance_Neutral_Landscape_0056.jpeg"
image_positive_thumbnail_id_1="681"
image_positive_url_1="https://hehge.com/wp-content/uploads/sites/16/2023/06/MI_Finance_Positive_Landscape_0027.jpeg"
image_positive_thumbnail_id_2="619"
image_positive_url_2="https://hehge.com/wp-content/uploads/sites/16/2023/06/MI_Finance_Positive_Landscape_0089.jpeg"
image_professor_thumbnail_id_1="1184"
image_professor_url_1="https://hehge.com/wp-content/uploads/sites/16/2023/06/MI_Finance_Professor_Landscape_0018.jpeg"
image_professor_thumbnail_id_2="1179"
image_professor_url_2="https://hehge.com/wp-content/uploads/sites/16/2023/06/MI_Finance_Professor_Landscape_0013.jpeg"
