Symbol="SAND"
AssetType="Common Stock"
Name="Sandstorm Gold Ltd N"
Description="Sandstorm Gold Ltd. is a gold royalty company. The company is headquartered in Vancouver, Canada."
CIK="1434614"
Exchange="NYSE"
Currency="USD"
Country="USA"
Sector="ENERGY & TRANSPORTATION"
Industry="GOLD AND SILVER ORES"
Address="1400-400 BURRARD STREET, VANCOUVER, BC, CA"
FiscalYearEnd="December"
LatestQuarter="2023-03-31"
MarketCapitalization="1573129000"
EBITDA="110834000"
PERatio="15.95"
PEGRatio="0"
BookValue="4.777"
DividendPerShare="0.058"
DividendYield="0.0117"
EPS="0.33"
RevenuePerShareTTM="0.61"
ProfitMargin="0.539"
OperatingMarginTTM="0.269"
ReturnOnAssetsTTM="0.0204"
ReturnOnEquityTTM="0.083"
RevenueTTM="157346000"
GrossProfitTTM="117932000"
DilutedEPSTTM="0.33"
QuarterlyEarningsGrowthYOY="0.05"
QuarterlyRevenueGrowthYOY="0.244"
AnalystTargetPrice="8.66"
TrailingPE="15.95"
ForwardPE="47.85"
PriceToSalesRatioTTM="10.68"
PriceToBookRatio="1.177"
EVToRevenue="14.81"
EVToEBITDA="13.33"
Beta="0.911"
num_52WeekHigh="6.66"
num_52WeekLow="4.473"
num_50DayMovingAverage="5.39"
num_200DayMovingAverage="5.38"
SharesOutstanding="298790000"
DividendDate="2023-07-28"
ExDividendDate="2023-07-17"
symbol="SAND"
open="5.18"
high="5.28"
low="5.14"
price="5.26"
volume="1880543.00"
latest_trading_day="2023-07-10"
previous_close="5.18"
change="0.08"
change_percent="1.5444%"
aroon_positive_momentum_days="0"
aroon_negative_momentum_days="51"
trend_strength="Absent or Weak Trend"
buying_signal="Weak Sell Signal"
volume_analysis="Target Volume"
value_analysis="Expected Range"
Aroon_change="FALSE"
Aroon_momentum="49"
Volume_recent_avg="2660255"
Change_recent_avg="0.01"
Delta_recent_avg="0.18"
Variance_recent_avg="0.09"
Change_ratio_recent_avg="-0.02"
RSI_change="FALSE"
ADX_change="FALSE"

event="FALSE"
Aroon_signal="negative"
Aroon_change="FALSE"
Aroon_momentum_positive="49"
Aroon_momentum_negative="51"
image_negative_thumbnail_id_1="1111"
image_negative_url_1="https://hehge.com/wp-content/uploads/sites/16/2023/06/MI_Finance_Negative_Landscape_0144.jpeg"
image_negative_thumbnail_id_2="488"
image_negative_url_2="https://hehge.com/wp-content/uploads/sites/16/2023/06/MI_Finance_Negative_Landscape_0117.jpeg"
image_neutral_thumbnail_id_1="584"
image_neutral_url_1="https://hehge.com/wp-content/uploads/sites/16/2023/06/MI_Finance_Neutral_Landscape_0015.jpeg"
image_neutral_thumbnail_id_2="557"
image_neutral_url_2="https://hehge.com/wp-content/uploads/sites/16/2023/06/MI_Finance_Neutral_Landscape_0042.jpeg"
image_positive_thumbnail_id_1="1166"
image_positive_url_1="https://hehge.com/wp-content/uploads/sites/16/2023/06/MI_Finance_Positive_Negative_0187.jpeg"
image_positive_thumbnail_id_2="950"
image_positive_url_2="https://hehge.com/wp-content/uploads/sites/16/2023/06/MI_Finance_Positive_Landscape_0112.jpeg"
image_professor_thumbnail_id_1="1167"
image_professor_url_1="https://hehge.com/wp-content/uploads/sites/16/2023/06/MI_Finance_Professor_Landscape_0001.jpeg"
image_professor_thumbnail_id_2="1172"
image_professor_url_2="https://hehge.com/wp-content/uploads/sites/16/2023/06/MI_Finance_Professor_Landscape_0006.jpeg"
