Symbol="YELL"
AssetType="Common Stock"
Name="Yellow Corp"
Description="Yellow Corporation, offers a range of transportation services primarily in North America. The company is headquartered in Overland Park, Kansas."
CIK="716006"
Exchange="NASDAQ"
Currency="USD"
Country="USA"
Sector="ENERGY & TRANSPORTATION"
Industry="TRUCKING (NO LOCAL)"
Address="10990 ROE AVENUE, OVERLAND PARK, KS, US"
FiscalYearEnd="December"
LatestQuarter="2023-06-30"
MarketCapitalization="57181000"
EBITDA="142400000"
PERatio="None"
PEGRatio="None"
BookValue="-8.61"
DividendPerShare="0"
DividendYield="0"
EPS="-0.08"
RevenuePerShareTTM="93.78"
ProfitMargin="-0.0165"
OperatingMarginTTM="-0.0001"
ReturnOnAssetsTTM="-0.0001"
ReturnOnEquityTTM="0"
RevenueTTM="4846000000"
GrossProfitTTM="600800000"
DilutedEPSTTM="-0.08"
QuarterlyEarningsGrowthYOY="-0.438"
QuarterlyRevenueGrowthYOY="-0.209"
AnalystTargetPrice="2.5"
TrailingPE="-"
ForwardPE="-"
PriceToSalesRatioTTM="0.0309"
PriceToBookRatio="-"
EVToRevenue="0.293"
EVToEBITDA="3.906"
Beta="2.806"
num_52WeekHigh="7.09"
num_52WeekLow="0.43"
num_50DayMovingAverage="1.433"
num_200DayMovingAverage="2.184"
SharesOutstanding="51983000"
DividendDate="None"
ExDividendDate="1995-04-25"
symbol="YELL"
open="2.19"
high="2.54"
low="2.12"
price="2.53"
volume="1456529.00"
latest_trading_day="2023-08-24"
previous_close="2.20"
change="0.33"
change_percent="15.0000%"
aroon_positive_momentum_days="19"
aroon_negative_momentum_days="0"
trend_strength="Absent or Weak Trend"
buying_signal="High Volatility / Hold Signal"
volume_analysis="Target Volume"
value_analysis="Expected Range"
Aroon_change="FALSE"
Aroon_momentum="19"
Volume_recent_avg="8533759"
Change_recent_avg="0.03"
Delta_recent_avg="0.29"
Variance_recent_avg="0.15"
Change_ratio_recent_avg="-0.1"
RSI_change="FALSE"
ADX_change="FALSE"

event="FALSE"
Aroon_signal="positive"
Aroon_change="FALSE"
Aroon_momentum_positive="19"
Aroon_momentum_negative="81"
image_negative_thumbnail_id_1="506"
image_negative_url_1="https://hehge.com/wp-content/uploads/sites/16/2023/06/MI_Finance_Negative_Landscape_0099.jpeg"
image_negative_thumbnail_id_2="131"
image_negative_url_2="https://hehge.com/wp-content/uploads/sites/16/2023/05/MI_Finance_Negative_Landscape_0045.jpeg"
image_neutral_thumbnail_id_1="592"
image_neutral_url_1="https://hehge.com/wp-content/uploads/sites/16/2023/06/MI_Finance_Neutral_Landscape_0007.jpeg"
image_neutral_thumbnail_id_2="577"
image_neutral_url_2="https://hehge.com/wp-content/uploads/sites/16/2023/06/MI_Finance_Neutral_Landscape_0022.jpeg"
image_positive_thumbnail_id_1="690"
image_positive_url_1="https://hehge.com/wp-content/uploads/sites/16/2023/06/MI_Finance_Positive_Landscape_0018.jpeg"
image_positive_thumbnail_id_2="978"
image_positive_url_2="https://hehge.com/wp-content/uploads/sites/16/2023/06/MI_Finance_Positive_Landscape_0140.jpeg"
image_professor_thumbnail_id_1="1200"
image_professor_url_1="https://hehge.com/wp-content/uploads/sites/16/2023/06/MI_Finance_Professor_Landscape_0034.jpeg"
image_professor_thumbnail_id_2="1172"
image_professor_url_2="https://hehge.com/wp-content/uploads/sites/16/2023/06/MI_Finance_Professor_Landscape_0006.jpeg"
