Symbol="CP"
AssetType="Common Stock"
Name="Canadian Pacific Railway Ltd"
Description="Canadian Pacific Railway Limited, owns and operates a transcontinental freight railway in Canada and the United States. The company is headquartered in Calgary, Canada."
CIK="16875"
Exchange="NYSE"
Currency="USD"
Country="USA"
Sector="ENERGY & TRANSPORTATION"
Industry="RAILROADS, LINE-HAUL OPERATING"
Address="7550 OGDEN DALE ROAD S.E., CALGARY ALBERTA, AB, CA"
FiscalYearEnd="December"
LatestQuarter="2023-03-31"
MarketCapitalization="75035214000"
EBITDA="4953000000"
PERatio="26.66"
PEGRatio="2.055"
BookValue="42.45"
DividendPerShare="0.76"
DividendYield="0.0071"
EPS="3.02"
RevenuePerShareTTM="9.94"
ProfitMargin="0.403"
OperatingMarginTTM="0.442"
ReturnOnAssetsTTM="0.0362"
ReturnOnEquityTTM="0.101"
RevenueTTM="9242000000"
GrossProfitTTM="4800000000"
DilutedEPSTTM="3.02"
QuarterlyEarningsGrowthYOY="0.364"
QuarterlyRevenueGrowthYOY="0.233"
AnalystTargetPrice="90.1"
TrailingPE="26.66"
ForwardPE="23.42"
PriceToSalesRatioTTM="8.47"
PriceToBookRatio="2.641"
EVToRevenue="10.57"
EVToEBITDA="18.07"
Beta="0.828"
num_52WeekHigh="83.3"
num_52WeekLow="64.81"
num_50DayMovingAverage="79.37"
num_200DayMovingAverage="77.29"
SharesOutstanding="931059000"
DividendDate="2023-07-31"
ExDividendDate="2023-06-29"
symbol="CP"
open="80.39"
high="81.91"
low="79.92"
price="81.43"
volume="2465616.00"
latest_trading_day="2023-07-21"
previous_close="80.52"
change="0.91"
change_percent="1.1302%"
aroon_positive_momentum_days="0"
aroon_negative_momentum_days="47"
trend_strength="Absent or Weak Trend"
buying_signal="Weak Sell Signal"
volume_analysis="Target Volume"
value_analysis="Expected Range"
Aroon_change="FALSE"
Aroon_momentum="53"
Volume_recent_avg="2050930"
Change_recent_avg="-0.04"
Delta_recent_avg="1.59"
Variance_recent_avg="0.8"
Change_ratio_recent_avg="-0.06"
RSI_change="FALSE"
ADX_change="FALSE"

event="FALSE"
Aroon_signal="negative"
Aroon_change="FALSE"
Aroon_momentum_positive="53"
Aroon_momentum_negative="47"
image_negative_thumbnail_id_1="157"
image_negative_url_1="https://hehge.com/wp-content/uploads/sites/16/2023/05/MI_Finance_Negative_Landscape_0019.jpeg"
image_negative_thumbnail_id_2="501"
image_negative_url_2="https://hehge.com/wp-content/uploads/sites/16/2023/06/MI_Finance_Negative_Landscape_0104.jpeg"
image_neutral_thumbnail_id_1="534"
image_neutral_url_1="https://hehge.com/wp-content/uploads/sites/16/2023/06/MI_Finance_Neutral_Landscape_0065.jpeg"
image_neutral_thumbnail_id_2="584"
image_neutral_url_2="https://hehge.com/wp-content/uploads/sites/16/2023/06/MI_Finance_Neutral_Landscape_0015.jpeg"
image_positive_thumbnail_id_1="603"
image_positive_url_1="https://hehge.com/wp-content/uploads/sites/16/2023/06/MI_Finance_Positive_Landscape_0105.jpeg"
image_positive_thumbnail_id_2="695"
image_positive_url_2="https://hehge.com/wp-content/uploads/sites/16/2023/06/MI_Finance_Positive_Landscape_0013.jpeg"
image_professor_thumbnail_id_1="1172"
image_professor_url_1="https://hehge.com/wp-content/uploads/sites/16/2023/06/MI_Finance_Professor_Landscape_0006.jpeg"
image_professor_thumbnail_id_2="1189"
image_professor_url_2="https://hehge.com/wp-content/uploads/sites/16/2023/06/MI_Finance_Professor_Landscape_0023.jpeg"
