Symbol="YPF"
AssetType="Common Stock"
Name="YPF Sociedad Anonima"
Description="YPF Sociedad Annima, an energy company, operates in the upstream and downstream oil and gas activities in Argentina. The company is headquartered in Buenos Aires, Argentina."
CIK="904851"
Exchange="NYSE"
Currency="USD"
Country="USA"
Sector="ENERGY & TRANSPORTATION"
Industry="PETROLEUM REFINING"
Address="AVENIDA PTE R SAENZ 777-8 PISO, BUENOS AIRES 1364 AR, AR"
FiscalYearEnd="December"
LatestQuarter="2023-06-30"
MarketCapitalization="12887694000"
EBITDA="764785983000"
PERatio="5.01"
PEGRatio="-0.17"
BookValue="7263.36"
DividendPerShare="0"
DividendYield="0.0225"
EPS="2.98"
RevenuePerShareTTM="8639.24"
ProfitMargin="0.0891"
OperatingMarginTTM="0.0693"
ReturnOnAssetsTTM="0.0294"
ReturnOnEquityTTM="0.154"
RevenueTTM="3386132922000"
GrossProfitTTM="650783000000"
DilutedEPSTTM="2.98"
QuarterlyEarningsGrowthYOY="-0.205"
QuarterlyRevenueGrowthYOY="0.74"
AnalystTargetPrice="12.26"
TrailingPE="5.01"
ForwardPE="2.899"
PriceToSalesRatioTTM="0.0028"
PriceToBookRatio="0.334"
EVToRevenue="0.0041"
EVToEBITDA="0.0113"
Beta="1.711"
num_52WeekHigh="16.19"
num_52WeekLow="5.35"
num_50DayMovingAverage="14.75"
num_200DayMovingAverage="11.55"
SharesOutstanding="393313000"
DividendDate="2019-07-18"
ExDividendDate="2019-07-09"
symbol="YPF"
open="14.96"
high="15.26"
low="14.71"
price="14.84"
volume="1795854.00"
latest_trading_day="2023-08-29"
previous_close="14.90"
change="-0.06"
change_percent="-0.4027%"
aroon_positive_momentum_days="61"
aroon_negative_momentum_days="0"
trend_strength="Absent or Weak Trend"
buying_signal="Weak Buy Signal"
volume_analysis="Target Volume"
value_analysis="Expected Range"
Aroon_change="FALSE"
Aroon_momentum="61"
Volume_recent_avg="1822921"
Change_recent_avg="0.01"
Delta_recent_avg="0.56"
Variance_recent_avg="0.28"
Change_ratio_recent_avg="0.04"
RSI_change="FALSE"
ADX_change="FALSE"

event="FALSE"
Aroon_signal="positive"
Aroon_change="FALSE"
Aroon_momentum_positive="61"
Aroon_momentum_negative="39"
image_negative_thumbnail_id_1="1101"
image_negative_url_1="https://hehge.com/wp-content/uploads/sites/16/2023/06/MI_Finance_Negative_Landscape_0134.jpeg"
image_negative_thumbnail_id_2="118"
image_negative_url_2="https://hehge.com/wp-content/uploads/sites/16/2023/05/MI_Finance_Negative_Landscape_0058.jpeg"
image_neutral_thumbnail_id_1="577"
image_neutral_url_1="https://hehge.com/wp-content/uploads/sites/16/2023/06/MI_Finance_Neutral_Landscape_0022.jpeg"
image_neutral_thumbnail_id_2="554"
image_neutral_url_2="https://hehge.com/wp-content/uploads/sites/16/2023/06/MI_Finance_Neutral_Landscape_0045.jpeg"
image_positive_thumbnail_id_1="637"
image_positive_url_1="https://hehge.com/wp-content/uploads/sites/16/2023/06/MI_Finance_Positive_Landscape_0071.jpeg"
image_positive_thumbnail_id_2="696"
image_positive_url_2="https://hehge.com/wp-content/uploads/sites/16/2023/06/MI_Finance_Positive_Landscape_0012.jpeg"
image_professor_thumbnail_id_1="1196"
image_professor_url_1="https://hehge.com/wp-content/uploads/sites/16/2023/06/MI_Finance_Professor_Landscape_0030.jpeg"
image_professor_thumbnail_id_2="1185"
image_professor_url_2="https://hehge.com/wp-content/uploads/sites/16/2023/06/MI_Finance_Professor_Landscape_0019.jpeg"
