Symbol="YTRA"
AssetType="Common Stock"
Name="Yatra Online Inc"
Description="Yatra Online, Inc. is an online travel company in India and internationally. The company is headquartered in Gurugram, India."
CIK="1516899"
Exchange="NASDAQ"
Currency="USD"
Country="USA"
Sector="ENERGY & TRANSPORTATION"
Industry="TRANSPORTATION SERVICES"
Address="GULF ADIBA, PLOT NO. 272, 04TH FLOOR, UDYOG VIHAR, PHASE-II, SECTOR-20, GURGAON, IN"
FiscalYearEnd="March"
LatestQuarter="2023-03-31"
MarketCapitalization="145445000"
EBITDA="270818000"
PERatio="None"
PEGRatio="1.12"
BookValue="11.13"
DividendPerShare="0"
DividendYield="0"
EPS="-0.06"
RevenuePerShareTTM="60.76"
ProfitMargin="-0.0756"
OperatingMarginTTM="0.0211"
ReturnOnAssetsTTM="0.0083"
ReturnOnEquityTTM="-0.358"
RevenueTTM="3827265000"
GrossProfitTTM="776398000"
DilutedEPSTTM="-0.06"
QuarterlyEarningsGrowthYOY="-0.176"
QuarterlyRevenueGrowthYOY="0.974"
AnalystTargetPrice="4"
TrailingPE="-"
ForwardPE="107.53"
PriceToSalesRatioTTM="0.0474"
PriceToBookRatio="13.34"
EVToRevenue="0.0469"
EVToEBITDA="1.806"
Beta="1.398"
num_52WeekHigh="3"
num_52WeekLow="1.442"
num_50DayMovingAverage="2.05"
num_200DayMovingAverage="2.187"
SharesOutstanding="58445000"
DividendDate="None"
ExDividendDate="None"
symbol="YTRA"
open="2.21"
high="2.46"
low="2.16"
price="2.40"
volume="510067.00"
latest_trading_day="2023-08-10"
previous_close="2.15"
change="0.25"
change_percent="11.6279%"
aroon_positive_momentum_days="56"
aroon_negative_momentum_days="0"
trend_strength="Absent or Weak Trend"
buying_signal="High Volatility / Hold Signal"
volume_analysis="Target Volume"
value_analysis="Expected Range"
Aroon_change="TRUE"
Aroon_momentum="56"
Volume_recent_avg="55999"
Change_recent_avg="0.01"
Delta_recent_avg="0.12"
Variance_recent_avg="0.06"
Change_ratio_recent_avg="0.34"
RSI_change="FALSE"
ADX_change="FALSE"
Aroon_signal="positive"
Aroon_change="TRUE"
Aroon_momentum_positive="56"
Aroon_momentum_negative="44"
image_negative_thumbnail_id_1="1131"
image_negative_url_1="https://hehge.com/wp-content/uploads/sites/16/2023/06/MI_Finance_Negative_Landscape_0164.jpeg"
image_negative_thumbnail_id_2="109"
image_negative_url_2="https://hehge.com/wp-content/uploads/sites/16/2023/05/MI_Finance_Negative_Landscape_0067.jpeg"
image_neutral_thumbnail_id_1="555"
image_neutral_url_1="https://hehge.com/wp-content/uploads/sites/16/2023/06/MI_Finance_Neutral_Landscape_0044.jpeg"
image_neutral_thumbnail_id_2="598"
image_neutral_url_2="https://hehge.com/wp-content/uploads/sites/16/2023/06/MI_Finance_Neutral_Landscape_0001.jpeg"
image_positive_thumbnail_id_1="966"
image_positive_url_1="https://hehge.com/wp-content/uploads/sites/16/2023/06/MI_Finance_Positive_Landscape_0128.jpeg"
image_positive_thumbnail_id_2="995"
image_positive_url_2="https://hehge.com/wp-content/uploads/sites/16/2023/06/MI_Finance_Positive_Landscape_0157.jpeg"
image_professor_thumbnail_id_1="1199"
image_professor_url_1="https://hehge.com/wp-content/uploads/sites/16/2023/06/MI_Finance_Professor_Landscape_0033.jpeg"
image_professor_thumbnail_id_2="1198"
image_professor_url_2="https://hehge.com/wp-content/uploads/sites/16/2023/06/MI_Finance_Professor_Landscape_0032.jpeg"
