Symbol="ARTNA"
AssetType="Common Stock"
Name="Artesian Resources Corporation"
Description="Artesian Resources Corporation provides water, wastewater, and other services in Delaware, Maryland, and Pennsylvania. The company is headquartered in Newark, Delaware."
CIK="863110"
Exchange="NASDAQ"
Currency="USD"
Country="USA"
Sector="ENERGY & TRANSPORTATION"
Industry="WATER SUPPLY"
Address="664 CHURCHMANS RD, NEWARK, DE, US"
FiscalYearEnd="December"
LatestQuarter="2023-06-30"
MarketCapitalization="485675000"
EBITDA="41147000"
PERatio="26.19"
PEGRatio="7.29"
BookValue="22.12"
DividendPerShare="1.114"
DividendYield="0.0244"
EPS="1.81"
RevenuePerShareTTM="10.34"
ProfitMargin="0.167"
OperatingMarginTTM="0.284"
ReturnOnAssetsTTM="0.0248"
ReturnOnEquityTTM="0.0814"
RevenueTTM="99445000"
GrossProfitTTM="48275000"
DilutedEPSTTM="1.81"
QuarterlyEarningsGrowthYOY="-0.17"
QuarterlyRevenueGrowthYOY="0.01"
AnalystTargetPrice="56"
TrailingPE="26.19"
ForwardPE="26.88"
PriceToSalesRatioTTM="5.18"
PriceToBookRatio="2.801"
EVToRevenue="7.33"
EVToEBITDA="15.68"
Beta="0.149"
num_52WeekHigh="62.01"
num_52WeekLow="44.1"
num_50DayMovingAverage="47.46"
num_200DayMovingAverage="53.43"
SharesOutstanding="9391600"
DividendDate="2023-08-25"
ExDividendDate="2023-08-16"
symbol="ARTNA"
open="46.85"
high="47.83"
low="46.85"
price="47.40"
volume="40772.00"
latest_trading_day="2023-08-17"
previous_close="47.04"
change="0.36"
change_percent="0.7653%"
aroon_positive_momentum_days="0"
aroon_negative_momentum_days="100"
trend_strength="Absent or Weak Trend"
buying_signal="Weak Sell Signal"
volume_analysis="Target Volume"
value_analysis="Expected Range"
Aroon_change="FALSE"
Aroon_momentum="0"
Volume_recent_avg="43573"
Change_recent_avg="0.02"
Delta_recent_avg="1.12"
Variance_recent_avg="0.56"
Change_ratio_recent_avg="0.02"
RSI_change="FALSE"
ADX_change="FALSE"
Aroon_signal="negative"
Aroon_change="FALSE"
Aroon_momentum_positive="0"
Aroon_momentum_negative="100"
image_negative_thumbnail_id_1="1087"
image_negative_url_1="https://hehge.com/wp-content/uploads/sites/16/2023/06/MI_Finance_Negative_Landscape_0120.jpeg"
image_negative_thumbnail_id_2="1166"
image_negative_url_2="https://hehge.com/wp-content/uploads/sites/16/2023/06/MI_Finance_Positive_Negative_0187.jpeg"
image_neutral_thumbnail_id_1="591"
image_neutral_url_1="https://hehge.com/wp-content/uploads/sites/16/2023/06/MI_Finance_Neutral_Landscape_0008.jpeg"
image_neutral_thumbnail_id_2="548"
image_neutral_url_2="https://hehge.com/wp-content/uploads/sites/16/2023/06/MI_Finance_Neutral_Landscape_0051.jpeg"
image_positive_thumbnail_id_1="994"
image_positive_url_1="https://hehge.com/wp-content/uploads/sites/16/2023/06/MI_Finance_Positive_Landscape_0156.jpeg"
image_positive_thumbnail_id_2="700"
image_positive_url_2="https://hehge.com/wp-content/uploads/sites/16/2023/06/MI_Finance_Positive_Landscape_0008.jpeg"
image_professor_thumbnail_id_1="1191"
image_professor_url_1="https://hehge.com/wp-content/uploads/sites/16/2023/06/MI_Finance_Professor_Landscape_0025.jpeg"
image_professor_thumbnail_id_2="1186"
image_professor_url_2="https://hehge.com/wp-content/uploads/sites/16/2023/06/MI_Finance_Professor_Landscape_0020.jpeg"
