Symbol="CEPU"
AssetType="Common Stock"
Name="Central Puerto"
Description="Central Puerto SA generates and sells electricity to public and private clients in Argentina. The company is headquartered in Buenos Aires, Argentina."
CIK="1717161"
Exchange="NYSE"
Currency="USD"
Country="USA"
Sector="ENERGY & TRANSPORTATION"
Industry="ELECTRIC SERVICES"
Address="AV. T&#1086;MAS ALVA EDISON 2701, BUENOS AIRES, AR"
FiscalYearEnd="December"
LatestQuarter="2023-03-31"
MarketCapitalization="2061020000"
EBITDA="51638809000"
PERatio="28.92"
PEGRatio="None"
BookValue="2113.31"
DividendPerShare="2.882"
DividendYield="0.0241"
EPS="0.24"
RevenuePerShareTTM="628.1"
ProfitMargin="0.0997"
OperatingMarginTTM="0.334"
ReturnOnAssetsTTM="0.0556"
ReturnOnEquityTTM="0.0398"
RevenueTTM="94282359000"
GrossProfitTTM="48069815000"
DilutedEPSTTM="0.24"
QuarterlyEarningsGrowthYOY="-0.985"
QuarterlyRevenueGrowthYOY="-0.203"
AnalystTargetPrice="7.79"
TrailingPE="28.92"
ForwardPE="-"
PriceToSalesRatioTTM="0.015"
PriceToBookRatio="0.766"
EVToRevenue="0.0289"
EVToEBITDA="0.0577"
Beta="1.189"
num_52WeekHigh="7.63"
num_52WeekLow="2.762"
num_50DayMovingAverage="6.71"
num_200DayMovingAverage="5.8"
SharesOutstanding="151402000"
DividendDate="2023-01-09"
ExDividendDate="2022-12-30"
symbol="CEPU"
open="7.00"
high="7.05"
low="6.94"
price="6.94"
volume="260229.00"
latest_trading_day="2023-07-18"
previous_close="7.00"
change="-0.06"
change_percent="-0.8571%"
aroon_positive_momentum_days="69"
aroon_negative_momentum_days="0"
trend_strength="Absent or Weak Trend"
buying_signal="Weak Buy Signal"
volume_analysis="Target Volume"
value_analysis="Expected Range"
Aroon_change="FALSE"
Aroon_momentum="69"
Volume_recent_avg="224235"
Change_recent_avg="0.01"
Delta_recent_avg="0.29"
Variance_recent_avg="0.14"
Change_ratio_recent_avg="-0.07"
RSI_change="FALSE"
ADX_change="FALSE"

event="FALSE"
Aroon_signal="positive"
Aroon_change="FALSE"
Aroon_momentum_positive="69"
Aroon_momentum_negative="31"
image_negative_thumbnail_id_1="1161"
image_negative_url_1="https://hehge.com/wp-content/uploads/sites/16/2023/06/MI_Finance_Negative_Landscape_0195.jpeg"
image_negative_thumbnail_id_2="156"
image_negative_url_2="https://hehge.com/wp-content/uploads/sites/16/2023/05/MI_Finance_Negative_Landscape_0020.jpeg"
image_neutral_thumbnail_id_1="560"
image_neutral_url_1="https://hehge.com/wp-content/uploads/sites/16/2023/06/MI_Finance_Neutral_Landscape_0039.jpeg"
image_neutral_thumbnail_id_2="575"
image_neutral_url_2="https://hehge.com/wp-content/uploads/sites/16/2023/06/MI_Finance_Neutral_Landscape_0024.jpeg"
image_positive_thumbnail_id_1="661"
image_positive_url_1="https://hehge.com/wp-content/uploads/sites/16/2023/06/MI_Finance_Positive_Landscape_0047.jpeg"
image_positive_thumbnail_id_2="675"
image_positive_url_2="https://hehge.com/wp-content/uploads/sites/16/2023/06/MI_Finance_Positive_Landscape_0033.jpeg"
image_professor_thumbnail_id_1="1185"
image_professor_url_1="https://hehge.com/wp-content/uploads/sites/16/2023/06/MI_Finance_Professor_Landscape_0019.jpeg"
image_professor_thumbnail_id_2="1202"
image_professor_url_2="https://hehge.com/wp-content/uploads/sites/16/2023/06/MI_Finance_Professor_Landscape_0036.jpeg"
