Symbol="PARR"
AssetType="Common Stock"
Name="Par Pacific Holdings Inc"
Description="Par Pacific Holdings, Inc. owns and operates energy and infrastructure businesses. The company is headquartered in Houston, Texas."
CIK="821483"
Exchange="NYSE"
Currency="USD"
Country="USA"
Sector="ENERGY & TRANSPORTATION"
Industry="CRUDE PETROLEUM & NATURAL GAS"
Address="1301 MCKINNEY, SUITE 2025, HOUSTON, TX, US"
FiscalYearEnd="December"
LatestQuarter="2023-06-30"
MarketCapitalization="2206542000"
EBITDA="930507000"
PERatio="2.865"
PEGRatio="0"
BookValue="10.66"
DividendPerShare="0"
DividendYield="0"
EPS="12.62"
RevenuePerShareTTM="122.96"
ProfitMargin="0"
OperatingMarginTTM="0"
ReturnOnAssetsTTM="0.166"
ReturnOnEquityTTM="1.458"
RevenueTTM="7656701000"
GrossProfitTTM="945771000"
DilutedEPSTTM="12.62"
QuarterlyEarningsGrowthYOY="9.64"
QuarterlyRevenueGrowthYOY="0.248"
AnalystTargetPrice="32.2"
TrailingPE="2.865"
ForwardPE="4.456"
PriceToSalesRatioTTM="0.188"
PriceToBookRatio="2.147"
EVToRevenue="0.236"
EVToEBITDA="3.545"
Beta="2.11"
num_52WeekHigh="36.41"
num_52WeekLow="14.42"
num_50DayMovingAverage="26.69"
num_200DayMovingAverage="25.07"
SharesOutstanding="61038000"
DividendDate="None"
ExDividendDate="None"
symbol="PARR"
open="35.32"
high="36.41"
low="34.83"
price="36.15"
volume="1589409.00"
latest_trading_day="2023-08-09"
previous_close="35.06"
change="1.09"
change_percent="3.1090%"
aroon_positive_momentum_days="43"
aroon_negative_momentum_days="0"
trend_strength="Absent or Weak Trend"
buying_signal="Strong Buy Signal"
volume_analysis="Trending Low"
value_analysis="Bearish Trend"
Aroon_change="FALSE"
Aroon_momentum="43"
Volume_recent_avg="916762"
Change_recent_avg="0.08"
Delta_recent_avg="0.94"
Variance_recent_avg="0.47"
Change_ratio_recent_avg="0.26"
RSI_change="FALSE"
ADX_change="FALSE"

event="FALSE"
Aroon_signal="positive"
Aroon_change="FALSE"
Aroon_momentum_positive="43"
Aroon_momentum_negative="57"
image_negative_thumbnail_id_1="165"
image_negative_url_1="https://hehge.com/wp-content/uploads/sites/16/2023/05/MI_Finance_Negative_Landscape_0011.jpeg"
image_negative_thumbnail_id_2="1104"
image_negative_url_2="https://hehge.com/wp-content/uploads/sites/16/2023/06/MI_Finance_Negative_Landscape_0137.jpeg"
image_neutral_thumbnail_id_1="535"
image_neutral_url_1="https://hehge.com/wp-content/uploads/sites/16/2023/06/MI_Finance_Neutral_Landscape_0064.jpeg"
image_neutral_thumbnail_id_2="565"
image_neutral_url_2="https://hehge.com/wp-content/uploads/sites/16/2023/06/MI_Finance_Neutral_Landscape_0034.jpeg"
image_positive_thumbnail_id_1="974"
image_positive_url_1="https://hehge.com/wp-content/uploads/sites/16/2023/06/MI_Finance_Positive_Landscape_0136.jpeg"
image_positive_thumbnail_id_2="1000"
image_positive_url_2="https://hehge.com/wp-content/uploads/sites/16/2023/06/MI_Finance_Positive_Landscape_0162.jpeg"
image_professor_thumbnail_id_1="1181"
image_professor_url_1="https://hehge.com/wp-content/uploads/sites/16/2023/06/MI_Finance_Professor_Landscape_0015.jpeg"
image_professor_thumbnail_id_2="1202"
image_professor_url_2="https://hehge.com/wp-content/uploads/sites/16/2023/06/MI_Finance_Professor_Landscape_0036.jpeg"
