Symbol="PARR"
AssetType="Common Stock"
Name="Par Pacific Holdings Inc"
Description="Par Pacific Holdings, Inc. owns and operates energy and infrastructure businesses. The company is headquartered in Houston, Texas."
CIK="821483"
Exchange="NYSE"
Currency="USD"
Country="USA"
Sector="ENERGY & TRANSPORTATION"
Industry="CRUDE PETROLEUM & NATURAL GAS"
Address="1301 MCKINNEY, SUITE 2025, HOUSTON, TX, US"
FiscalYearEnd="December"
LatestQuarter="2023-03-31"
MarketCapitalization="1641325000"
EBITDA="930507000"
PERatio="2.054"
PEGRatio="0"
BookValue="14.55"
DividendPerShare="0"
DividendYield="0"
EPS="13.09"
RevenuePerShareTTM="128.21"
ProfitMargin="0.0965"
OperatingMarginTTM="0.108"
ReturnOnAssetsTTM="0.166"
ReturnOnEquityTTM="1.458"
RevenueTTM="7656701000"
GrossProfitTTM="945771000"
DilutedEPSTTM="13.09"
QuarterlyEarningsGrowthYOY="9.64"
QuarterlyRevenueGrowthYOY="0.248"
AnalystTargetPrice="29.6"
TrailingPE="2.054"
ForwardPE="4.456"
PriceToSalesRatioTTM="0.188"
PriceToBookRatio="2.147"
EVToRevenue="0.236"
EVToEBITDA="3.545"
Beta="2.096"
num_52WeekHigh="30.49"
num_52WeekLow="13.72"
num_50DayMovingAverage="22.99"
num_200DayMovingAverage="23.62"
SharesOutstanding="61038000"
DividendDate="None"
ExDividendDate="None"
symbol="PARR"
open="26.90"
high="26.92"
low="26.05"
price="26.89"
volume="668606.00"
latest_trading_day="2023-07-06"
previous_close="27.11"
change="-0.22"
change_percent="-0.8115%"
aroon_positive_momentum_days="0"
aroon_negative_momentum_days="55"
trend_strength="Absent or Weak Trend"
buying_signal="Weak Sell Signal"
volume_analysis="Target Volume"
value_analysis="Expected Range"
Aroon_change="FALSE"
Aroon_momentum="45"
Volume_recent_avg="952950"
Change_recent_avg="0.03"
Delta_recent_avg="1.0"
Variance_recent_avg="0.5"
Change_ratio_recent_avg="0.09"
RSI_change="FALSE"
ADX_change="FALSE"

event="FALSE"
Aroon_signal="negative"
Aroon_change="FALSE"
Aroon_momentum_positive="45"
Aroon_momentum_negative="55"
image_negative_thumbnail_id_1="166"
image_negative_url_1="https://hehge.com/wp-content/uploads/sites/16/2023/05/MI_Finance_Negative_Landscape_0010.jpeg"
image_negative_thumbnail_id_2="1143"
image_negative_url_2="https://hehge.com/wp-content/uploads/sites/16/2023/06/MI_Finance_Negative_Landscape_0176.jpeg"
image_neutral_thumbnail_id_1="542"
image_neutral_url_1="https://hehge.com/wp-content/uploads/sites/16/2023/06/MI_Finance_Neutral_Landscape_0057.jpeg"
image_neutral_thumbnail_id_2="544"
image_neutral_url_2="https://hehge.com/wp-content/uploads/sites/16/2023/06/MI_Finance_Neutral_Landscape_0055.jpeg"
image_positive_thumbnail_id_1="698"
image_positive_url_1="https://hehge.com/wp-content/uploads/sites/16/2023/06/MI_Finance_Positive_Landscape_0010.jpeg"
image_positive_thumbnail_id_2="959"
image_positive_url_2="https://hehge.com/wp-content/uploads/sites/16/2023/06/MI_Finance_Positive_Landscape_0121.jpeg"
image_professor_thumbnail_id_1="1195"
image_professor_url_1="https://hehge.com/wp-content/uploads/sites/16/2023/06/MI_Finance_Professor_Landscape_0029.jpeg"
image_professor_thumbnail_id_2="1186"
image_professor_url_2="https://hehge.com/wp-content/uploads/sites/16/2023/06/MI_Finance_Professor_Landscape_0020.jpeg"
