Symbol="SAIA"
AssetType="Common Stock"
Name="Saia Inc"
Description="Saia, Inc., is a transportation company in North America. The company is headquartered in Johns Creek, Georgia."
CIK="1177702"
Exchange="NASDAQ"
Currency="USD"
Country="USA"
Sector="ENERGY & TRANSPORTATION"
Industry="TRUCKING (NO LOCAL)"
Address="11465 JOHNS CREEK PARKWAY, STE 400, JOHNS CREEK, GA, US"
FiscalYearEnd="December"
LatestQuarter="2023-06-30"
MarketCapitalization="11300055000"
EBITDA="626363000"
PERatio="32.05"
PEGRatio="1.68"
BookValue="59.84"
DividendPerShare="0"
DividendYield="0"
EPS="13.29"
RevenuePerShareTTM="105.28"
ProfitMargin="0"
OperatingMarginTTM="0"
ReturnOnAssetsTTM="0.14"
ReturnOnEquityTTM="0.241"
RevenueTTM="2791376000"
GrossProfitTTM="748166000"
DilutedEPSTTM="13.29"
QuarterlyEarningsGrowthYOY="-0.044"
QuarterlyRevenueGrowthYOY="-0.001"
AnalystTargetPrice="357.47"
TrailingPE="32.05"
ForwardPE="19.34"
PriceToSalesRatioTTM="2.216"
PriceToBookRatio="4.196"
EVToRevenue="2.294"
EVToEBITDA="10.06"
Beta="1.551"
num_52WeekHigh="436.5"
num_52WeekLow="176.7"
num_50DayMovingAverage="331.27"
num_200DayMovingAverage="270.84"
SharesOutstanding="26532800"
DividendDate="None"
ExDividendDate="None"
symbol="SAIA"
open="432.75"
high="436.50"
low="418.43"
price="423.14"
volume="705482.00"
latest_trading_day="2023-07-31"
previous_close="425.89"
change="-2.75"
change_percent="-0.6457%"
aroon_positive_momentum_days="91"
aroon_negative_momentum_days="0"
trend_strength="Absent or Weak Trend"
buying_signal="Strong Buy Signal"
volume_analysis="Trending Low"
value_analysis="Bearish Trend"
Aroon_change="FALSE"
Aroon_momentum="91"
Volume_recent_avg="458824"
Change_recent_avg="0.91"
Delta_recent_avg="11.44"
Variance_recent_avg="5.72"
Change_ratio_recent_avg="0.22"
RSI_change="FALSE"
ADX_change="FALSE"

event="FALSE"
Aroon_signal="positive"
Aroon_change="FALSE"
Aroon_momentum_positive="91"
Aroon_momentum_negative="9"
image_negative_thumbnail_id_1="130"
image_negative_url_1="https://hehge.com/wp-content/uploads/sites/16/2023/05/MI_Finance_Negative_Landscape_0046.jpeg"
image_negative_thumbnail_id_2="163"
image_negative_url_2="https://hehge.com/wp-content/uploads/sites/16/2023/05/MI_Finance_Negative_Landscape_0013.jpeg"
image_neutral_thumbnail_id_1="532"
image_neutral_url_1="https://hehge.com/wp-content/uploads/sites/16/2023/06/MI_Finance_Neutral_Landscape_0067.jpeg"
image_neutral_thumbnail_id_2="521"
image_neutral_url_2="https://hehge.com/wp-content/uploads/sites/16/2023/06/MI_Finance_Neutral_Landscape_0078.jpeg"
image_positive_thumbnail_id_1="1008"
image_positive_url_1="https://hehge.com/wp-content/uploads/sites/16/2023/06/MI_Finance_Positive_Landscape_0170.jpeg"
image_positive_thumbnail_id_2="601"
image_positive_url_2="https://hehge.com/wp-content/uploads/sites/16/2023/06/MI_Finance_Positive_Landscape_0107.jpeg"
image_professor_thumbnail_id_1="1203"
image_professor_url_1="https://hehge.com/wp-content/uploads/sites/16/2023/06/MI_Finance_Professor_Landscape_0037.jpeg"
image_professor_thumbnail_id_2="1204"
image_professor_url_2="https://hehge.com/wp-content/uploads/sites/16/2023/06/MI_Finance_Professor_Landscape_0038.jpeg"
