Symbol="SAIA"
AssetType="Common Stock"
Name="Saia Inc"
Description="Saia, Inc., is a transportation company in North America. The company is headquartered in Johns Creek, Georgia."
CIK="1177702"
Exchange="NASDAQ"
Currency="USD"
Country="USA"
Sector="ENERGY & TRANSPORTATION"
Industry="TRUCKING (NO LOCAL)"
Address="11465 JOHNS CREEK PARKWAY, STE 400, JOHNS CREEK, GA, US"
FiscalYearEnd="December"
LatestQuarter="2023-03-31"
MarketCapitalization="9726981000"
EBITDA="626363000"
PERatio="26.96"
PEGRatio="1.68"
BookValue="62.39"
DividendPerShare="0"
DividendYield="0"
EPS="13.26"
RevenuePerShareTTM="105.05"
ProfitMargin="0.127"
OperatingMarginTTM="0.167"
ReturnOnAssetsTTM="0.14"
ReturnOnEquityTTM="0.241"
RevenueTTM="2791376000"
GrossProfitTTM="748166000"
DilutedEPSTTM="13.26"
QuarterlyEarningsGrowthYOY="-0.044"
QuarterlyRevenueGrowthYOY="-0.001"
AnalystTargetPrice="330.31"
TrailingPE="26.96"
ForwardPE="19.34"
PriceToSalesRatioTTM="2.216"
PriceToBookRatio="4.196"
EVToRevenue="2.294"
EVToEBITDA="10.06"
Beta="1.551"
num_52WeekHigh="363.37"
num_52WeekLow="176.7"
num_50DayMovingAverage="305.12"
num_200DayMovingAverage="258.91"
SharesOutstanding="26532800"
DividendDate="None"
ExDividendDate="None"
symbol="SAIA"
open="362.09"
high="363.37"
low="354.63"
price="357.49"
volume="584086.00"
latest_trading_day="2023-07-12"
previous_close="358.87"
change="-1.38"
change_percent="-0.3845%"
aroon_positive_momentum_days="91"
aroon_negative_momentum_days="0"
trend_strength="Absent or Weak Trend"
buying_signal="Strong Buy Signal"
volume_analysis="Trending Low"
value_analysis="Bearish Trend"
Aroon_change="FALSE"
Aroon_momentum="91"
Volume_recent_avg="420272"
Change_recent_avg="0.64"
Delta_recent_avg="10.57"
Variance_recent_avg="5.29"
Change_ratio_recent_avg="0.17"
RSI_change="FALSE"
ADX_change="FALSE"

event="FALSE"
Aroon_signal="positive"
Aroon_change="FALSE"
Aroon_momentum_positive="91"
Aroon_momentum_negative="9"
image_negative_thumbnail_id_1="131"
image_negative_url_1="https://hehge.com/wp-content/uploads/sites/16/2023/05/MI_Finance_Negative_Landscape_0045.jpeg"
image_negative_thumbnail_id_2="511"
image_negative_url_2="https://hehge.com/wp-content/uploads/sites/16/2023/06/MI_Finance_Negative_Landscape_0094.jpeg"
image_neutral_thumbnail_id_1="593"
image_neutral_url_1="https://hehge.com/wp-content/uploads/sites/16/2023/06/MI_Finance_Neutral_Landscape_0006.jpeg"
image_neutral_thumbnail_id_2="573"
image_neutral_url_2="https://hehge.com/wp-content/uploads/sites/16/2023/06/MI_Finance_Neutral_Landscape_0026.jpeg"
image_positive_thumbnail_id_1="998"
image_positive_url_1="https://hehge.com/wp-content/uploads/sites/16/2023/06/MI_Finance_Positive_Landscape_0160.jpeg"
image_positive_thumbnail_id_2="992"
image_positive_url_2="https://hehge.com/wp-content/uploads/sites/16/2023/06/MI_Finance_Positive_Landscape_0154.jpeg"
image_professor_thumbnail_id_1="1197"
image_professor_url_1="https://hehge.com/wp-content/uploads/sites/16/2023/06/MI_Finance_Professor_Landscape_0031.jpeg"
image_professor_thumbnail_id_2="1168"
image_professor_url_2="https://hehge.com/wp-content/uploads/sites/16/2023/06/MI_Finance_Professor_Landscape_0002.jpeg"
