Symbol="CLB"
AssetType="Common Stock"
Name="Core Laboratories NV"
Description="None"
CIK="1000229"
Exchange="NYSE"
Currency="USD"
Country="USA"
Sector="ENERGY & TRANSPORTATION"
Industry="OIL & GAS FIELD SERVICES, NEC"
Address="VAN HEUVEN GOEDHARTLAAN 7 B, 1181 LE, NL"
FiscalYearEnd="December"
LatestQuarter="2023-03-31"
MarketCapitalization="1047149000"
EBITDA="65445000"
PERatio="50.17"
PEGRatio="0.493"
BookValue="4.19"
DividendPerShare="0.04"
DividendYield="0.0017"
EPS="0.505"
RevenuePerShareTTM="10.83"
ProfitMargin="0.0472"
OperatingMarginTTM="0.097"
ReturnOnAssetsTTM="0.0518"
ReturnOnEquityTTM="13.28"
RevenueTTM="502791000"
GrossProfitTTM="96080000"
DilutedEPSTTM="0.5"
QuarterlyEarningsGrowthYOY="1.517"
QuarterlyRevenueGrowthYOY="0.113"
AnalystTargetPrice="22.69"
TrailingPE="44.6"
ForwardPE="19.08"
PriceToSalesRatioTTM="1.798"
PriceToBookRatio="5.06"
EVToRevenue="2.309"
EVToEBITDA="19.54"
Beta="2.67"
num_52WeekHigh="26.78"
num_52WeekLow="13.17"
num_50DayMovingAverage="22.62"
num_200DayMovingAverage="21.39"
SharesOutstanding="46664400"
DividendDate="2023-05-30"
ExDividendDate="2023-05-05"
symbol="CLB"
open="22.51"
high="22.71"
low="21.71"
price="21.99"
volume="489778.00"
latest_trading_day="2023-07-05"
previous_close="22.30"
change="-0.31"
change_percent="-1.3901%"
aroon_positive_momentum_days="59"
aroon_negative_momentum_days="0"
trend_strength="Absent or Weak Trend"
buying_signal="Weak Buy Signal"
volume_analysis="Target Volume"
value_analysis="Expected Range"
Aroon_change="FALSE"
Aroon_momentum="59"
Volume_recent_avg="491325"
Change_recent_avg="0.01"
Delta_recent_avg="1.13"
Variance_recent_avg="0.57"
Change_ratio_recent_avg="0.02"
RSI_change="FALSE"
ADX_change="FALSE"

event="FALSE"
Aroon_signal="positive"
Aroon_change="FALSE"
Aroon_momentum_positive="59"
Aroon_momentum_negative="41"
image_negative_thumbnail_id_1="1099"
image_negative_url_1="https://hehge.com/wp-content/uploads/sites/16/2023/06/MI_Finance_Negative_Landscape_0132.jpeg"
image_negative_thumbnail_id_2="92"
image_negative_url_2="https://hehge.com/wp-content/uploads/sites/16/2023/05/MI_Finance_Negative_Landscape_0084.jpeg"
image_neutral_thumbnail_id_1="548"
image_neutral_url_1="https://hehge.com/wp-content/uploads/sites/16/2023/06/MI_Finance_Neutral_Landscape_0051.jpeg"
image_neutral_thumbnail_id_2="544"
image_neutral_url_2="https://hehge.com/wp-content/uploads/sites/16/2023/06/MI_Finance_Neutral_Landscape_0055.jpeg"
image_positive_thumbnail_id_1="641"
image_positive_url_1="https://hehge.com/wp-content/uploads/sites/16/2023/06/MI_Finance_Positive_Landscape_0067.jpeg"
image_positive_thumbnail_id_2="974"
image_positive_url_2="https://hehge.com/wp-content/uploads/sites/16/2023/06/MI_Finance_Positive_Landscape_0136.jpeg"
image_professor_thumbnail_id_1="1181"
image_professor_url_1="https://hehge.com/wp-content/uploads/sites/16/2023/06/MI_Finance_Professor_Landscape_0015.jpeg"
image_professor_thumbnail_id_2="1188"
image_professor_url_2="https://hehge.com/wp-content/uploads/sites/16/2023/06/MI_Finance_Professor_Landscape_0022.jpeg"
