Symbol="CLF"
AssetType="Common Stock"
Name="Cleveland-Cliffs Inc"
Description="Cleveland-Cliffs Inc. is an independent iron ore mining company in the United States, Canada and internationally. The company is headquartered in Cleveland, Ohio."
CIK="764065"
Exchange="NYSE"
Currency="USD"
Country="USA"
Sector="ENERGY & TRANSPORTATION"
Industry="METAL MINING"
Address="200 PUBLIC SQUARE, STE. 3300, CLEVELAND, OH, US"
FiscalYearEnd="December"
LatestQuarter="2023-03-31"
MarketCapitalization="8390638000"
EBITDA="2006000000"
PERatio="18.51"
PEGRatio="-0.22"
BookValue="14.65"
DividendPerShare="0"
DividendYield="0.0345"
EPS="0.88"
RevenuePerShareTTM="43.15"
ProfitMargin="0.0214"
OperatingMarginTTM="0.0462"
ReturnOnAssetsTTM="0.0335"
ReturnOnEquityTTM="0.0718"
RevenueTTM="22329000000"
GrossProfitTTM="2518000000"
DilutedEPSTTM="0.88"
QuarterlyEarningsGrowthYOY="-0.875"
QuarterlyRevenueGrowthYOY="-0.111"
AnalystTargetPrice="20.39"
TrailingPE="18.51"
ForwardPE="6.52"
PriceToSalesRatioTTM="0.332"
PriceToBookRatio="1.151"
EVToRevenue="0.536"
EVToEBITDA="2.839"
Beta="2.191"
num_52WeekHigh="22.83"
num_52WeekLow="11.82"
num_50DayMovingAverage="15.46"
num_200DayMovingAverage="16.75"
SharesOutstanding="515079000"
DividendDate="2020-04-15"
ExDividendDate="2020-04-02"
symbol="CLF"
open="15.71"
high="16.51"
low="15.69"
price="16.29"
volume="10183580.00"
latest_trading_day="2023-07-07"
previous_close="15.64"
change="0.65"
change_percent="4.1560%"
aroon_positive_momentum_days="0"
aroon_negative_momentum_days="65"
trend_strength="Absent or Weak Trend"
buying_signal="Weak Sell Signal"
volume_analysis="Target Volume"
value_analysis="Expected Range"
Aroon_change="FALSE"
Aroon_momentum="35"
Volume_recent_avg="9514019"
Change_recent_avg="-0.03"
Delta_recent_avg="0.62"
Variance_recent_avg="0.31"
Change_ratio_recent_avg="-0.2"
RSI_change="FALSE"
ADX_change="FALSE"

event="FALSE"
Aroon_signal="negative"
Aroon_change="FALSE"
Aroon_momentum_positive="35"
Aroon_momentum_negative="65"
image_negative_thumbnail_id_1="1159"
image_negative_url_1="https://hehge.com/wp-content/uploads/sites/16/2023/06/MI_Finance_Negative_Landscape_0193.jpeg"
image_negative_thumbnail_id_2="501"
image_negative_url_2="https://hehge.com/wp-content/uploads/sites/16/2023/06/MI_Finance_Negative_Landscape_0104.jpeg"
image_neutral_thumbnail_id_1="595"
image_neutral_url_1="https://hehge.com/wp-content/uploads/sites/16/2023/06/MI_Finance_Neutral_Landscape_0004.jpeg"
image_neutral_thumbnail_id_2="596"
image_neutral_url_2="https://hehge.com/wp-content/uploads/sites/16/2023/06/MI_Finance_Neutral_Landscape_0003.jpeg"
image_positive_thumbnail_id_1="690"
image_positive_url_1="https://hehge.com/wp-content/uploads/sites/16/2023/06/MI_Finance_Positive_Landscape_0018.jpeg"
image_positive_thumbnail_id_2="1008"
image_positive_url_2="https://hehge.com/wp-content/uploads/sites/16/2023/06/MI_Finance_Positive_Landscape_0170.jpeg"
image_professor_thumbnail_id_1="1173"
image_professor_url_1="https://hehge.com/wp-content/uploads/sites/16/2023/06/MI_Finance_Professor_Landscape_0007.jpeg"
image_professor_thumbnail_id_2="1170"
image_professor_url_2="https://hehge.com/wp-content/uploads/sites/16/2023/06/MI_Finance_Professor_Landscape_0004.jpeg"
