Symbol="AIRTP"
AssetType="Preferred Stock"
Name="Air T Inc PR"
Description="Air T, Inc. provides overnight air cargo, ground equipment sales, commercial jet engines and parts, printing equipment, and maintenance services in the United States and internationally. The company is headquartered in Denver, North Carolina."
CIK="353184"
Exchange="NASDAQ"
Currency="USD"
Country="USA"
Sector="ENERGY & TRANSPORTATION"
Industry="AIR COURIER SERVICES"
Address="3524 AIRPORT RD, MAIDEN, NC, US"
FiscalYearEnd="March"
LatestQuarter="2023-03-31"
MarketCapitalization="509484000"
EBITDA="279000"
PERatio="62.95"
PEGRatio="None"
BookValue="4.224"
DividendPerShare="0"
DividendYield="0.0948"
EPS="0.336"
RevenuePerShareTTM="86.87"
ProfitMargin="-0.0497"
OperatingMarginTTM="-0.0157"
ReturnOnAssetsTTM="-0.0122"
ReturnOnEquityTTM="-0.379"
RevenueTTM="247323000"
GrossProfitTTM="45663000"
DilutedEPSTTM="0.336"
QuarterlyEarningsGrowthYOY="-0.767"
QuarterlyRevenueGrowthYOY="0.446"
AnalystTargetPrice="None"
TrailingPE="62.95"
ForwardPE="-"
PriceToSalesRatioTTM="2.487"
PriceToBookRatio="-"
EVToRevenue="-"
EVToEBITDA="-"
Beta="0.988"
num_52WeekHigh="23.98"
num_52WeekLow="18.62"
num_50DayMovingAverage="21.13"
num_200DayMovingAverage="21.89"
SharesOutstanding="3044400"
DividendDate="2023-11-15"
ExDividendDate="2023-08-11"
symbol="AIRTP"
open="21.15"
high="21.15"
low="21.15"
price="21.15"
volume="3.00"
latest_trading_day="2023-07-07"
previous_close="21.15"
change="0.00"
change_percent="0.0000%"
aroon_positive_momentum_days="0"
aroon_negative_momentum_days="65"
trend_strength="Absent or Weak Trend"
buying_signal="High Volatility / Hold Signal"
volume_analysis="Target Volume"
value_analysis="Expected Range"
Aroon_change="FALSE"
Aroon_momentum="35"
Volume_recent_avg="615"
Change_recent_avg="-0.03"
Delta_recent_avg="0.19"
Variance_recent_avg="0.09"
Change_ratio_recent_avg="-0.17"
RSI_change="FALSE"
ADX_change="FALSE"

event="FALSE"
Aroon_signal="negative"
Aroon_change="FALSE"
Aroon_momentum_positive="35"
Aroon_momentum_negative="65"
image_negative_thumbnail_id_1="1118"
image_negative_url_1="https://hehge.com/wp-content/uploads/sites/16/2023/06/MI_Finance_Negative_Landscape_0151.jpeg"
image_negative_thumbnail_id_2="136"
image_negative_url_2="https://hehge.com/wp-content/uploads/sites/16/2023/05/MI_Finance_Negative_Landscape_0040.jpeg"
image_neutral_thumbnail_id_1="532"
image_neutral_url_1="https://hehge.com/wp-content/uploads/sites/16/2023/06/MI_Finance_Neutral_Landscape_0067.jpeg"
image_neutral_thumbnail_id_2="574"
image_neutral_url_2="https://hehge.com/wp-content/uploads/sites/16/2023/06/MI_Finance_Neutral_Landscape_0025.jpeg"
image_positive_thumbnail_id_1="971"
image_positive_url_1="https://hehge.com/wp-content/uploads/sites/16/2023/06/MI_Finance_Positive_Landscape_0133.jpeg"
image_positive_thumbnail_id_2="973"
image_positive_url_2="https://hehge.com/wp-content/uploads/sites/16/2023/06/MI_Finance_Positive_Landscape_0135.jpeg"
image_professor_thumbnail_id_1="1173"
image_professor_url_1="https://hehge.com/wp-content/uploads/sites/16/2023/06/MI_Finance_Professor_Landscape_0007.jpeg"
image_professor_thumbnail_id_2="1187"
image_professor_url_2="https://hehge.com/wp-content/uploads/sites/16/2023/06/MI_Finance_Professor_Landscape_0021.jpeg"
