Symbol="FTS"
AssetType="Common Stock"
Name="Fortis Inc"
Description="Fortis Inc. is a gas and electric utility company in Canada, the United States, and the Caribbean countries. The company is headquartered in St. John's, Canada."
CIK="1666175"
Exchange="NYSE"
Currency="USD"
Country="USA"
Sector="ENERGY & TRANSPORTATION"
Industry="ELECTRIC SERVICES"
Address="5 SPRINGDALE STREET, FORTIS PLACE, SUITE 1100, ST. JOHN'S, NL, CA"
FiscalYearEnd="December"
LatestQuarter="2023-06-30"
MarketCapitalization="19651969000"
EBITDA="4729000000"
PERatio="18.18"
PEGRatio="0"
BookValue="40.62"
DividendPerShare="2.23"
DividendYield="0.0423"
EPS="2.23"
RevenuePerShareTTM="24.12"
ProfitMargin="0.128"
OperatingMarginTTM="0.259"
ReturnOnAssetsTTM="0.0303"
ReturnOnEquityTTM="0.072"
RevenueTTM="11634000000"
GrossProfitTTM="4408000000"
DilutedEPSTTM="2.23"
QuarterlyEarningsGrowthYOY="0.027"
QuarterlyRevenueGrowthYOY="0.043"
AnalystTargetPrice="42.74"
TrailingPE="18.18"
ForwardPE="18.94"
PriceToSalesRatioTTM="1.847"
PriceToBookRatio="1.382"
EVToRevenue="4.005"
EVToEBITDA="9.51"
Beta="0.189"
num_52WeekHigh="46.07"
num_52WeekLow="33.73"
num_50DayMovingAverage="42.38"
num_200DayMovingAverage="41.66"
SharesOutstanding="484500000"
DividendDate="2023-09-01"
ExDividendDate="2023-08-18"
symbol="FTS"
open="40.50"
high="40.60"
low="40.33"
price="40.54"
volume="358330.00"
latest_trading_day="2023-08-11"
previous_close="40.50"
change="0.04"
change_percent="0.0988%"
aroon_positive_momentum_days="0"
aroon_negative_momentum_days="34"
trend_strength="Absent or Weak Trend"
buying_signal="Strong Sell Signal"
volume_analysis="Target Volume"
value_analysis="Expected Range"
Aroon_change="FALSE"
Aroon_momentum="66"
Volume_recent_avg="575148"
Change_recent_avg="0.01"
Delta_recent_avg="0.61"
Variance_recent_avg="0.31"
Change_ratio_recent_avg="-0.01"
RSI_change="FALSE"
ADX_change="FALSE"

event="FALSE"
Aroon_signal="negative"
Aroon_change="FALSE"
Aroon_momentum_positive="66"
Aroon_momentum_negative="34"
image_negative_thumbnail_id_1="154"
image_negative_url_1="https://hehge.com/wp-content/uploads/sites/16/2023/05/MI_Finance_Negative_Landscape_0022.jpeg"
image_negative_thumbnail_id_2="1118"
image_negative_url_2="https://hehge.com/wp-content/uploads/sites/16/2023/06/MI_Finance_Negative_Landscape_0151.jpeg"
image_neutral_thumbnail_id_1="594"
image_neutral_url_1="https://hehge.com/wp-content/uploads/sites/16/2023/06/MI_Finance_Neutral_Landscape_0005.jpeg"
image_neutral_thumbnail_id_2="541"
image_neutral_url_2="https://hehge.com/wp-content/uploads/sites/16/2023/06/MI_Finance_Neutral_Landscape_0058.jpeg"
image_positive_thumbnail_id_1="991"
image_positive_url_1="https://hehge.com/wp-content/uploads/sites/16/2023/06/MI_Finance_Positive_Landscape_0153.jpeg"
image_positive_thumbnail_id_2="1001"
image_positive_url_2="https://hehge.com/wp-content/uploads/sites/16/2023/06/MI_Finance_Positive_Landscape_0163.jpeg"
image_professor_thumbnail_id_1="1195"
image_professor_url_1="https://hehge.com/wp-content/uploads/sites/16/2023/06/MI_Finance_Professor_Landscape_0029.jpeg"
image_professor_thumbnail_id_2="1183"
image_professor_url_2="https://hehge.com/wp-content/uploads/sites/16/2023/06/MI_Finance_Professor_Landscape_0017.jpeg"
