Symbol="VMC"
AssetType="Common Stock"
Name="Vulcan Materials Company"
Description="Vulcan Materials Company (NYSE: VMC) is an American company based in Birmingham, Alabama. It is principally engaged in the production, distribution and sale of construction materials."
CIK="1396009"
Exchange="NYSE"
Currency="USD"
Country="USA"
Sector="ENERGY & TRANSPORTATION"
Industry="MINING & QUARRYING OF NONMETALLIC MINERALS (NO FUELS)"
Address="1200 URBAN CENTER DRIVE, BIRMINGHAM, AL, US"
FiscalYearEnd="December"
LatestQuarter="2023-06-30"
MarketCapitalization="28181897000"
EBITDA="1800800000"
PERatio="45.35"
PEGRatio="1.46"
BookValue="54.2"
DividendPerShare="1.66"
DividendYield="0.0081"
EPS="4.67"
RevenuePerShareTTM="56.97"
ProfitMargin="0.0957"
OperatingMarginTTM="0.158"
ReturnOnAssetsTTM="0.0523"
ReturnOnEquityTTM="0.105"
RevenueTTM="7582000000"
GrossProfitTTM="1557700000"
DilutedEPSTTM="4.67"
QuarterlyEarningsGrowthYOY="0.642"
QuarterlyRevenueGrowthYOY="0.081"
AnalystTargetPrice="249.32"
TrailingPE="45.35"
ForwardPE="26.04"
PriceToSalesRatioTTM="3.314"
PriceToBookRatio="3.579"
EVToRevenue="4.054"
EVToEBITDA="18.91"
Beta="0.781"
num_52WeekHigh="229.31"
num_52WeekLow="146.36"
num_50DayMovingAverage="219.15"
num_200DayMovingAverage="189.47"
SharesOutstanding="133059000"
DividendDate="2023-09-06"
ExDividendDate="2023-08-16"
symbol="VMC"
open="211.64"
high="213.01"
low="208.27"
price="211.80"
volume="1209165.00"
latest_trading_day="2023-08-18"
previous_close="213.33"
change="-1.53"
change_percent="-0.7172%"
aroon_positive_momentum_days="74"
aroon_negative_momentum_days="0"
trend_strength="Absent or Weak Trend"
buying_signal="Strong Buy Signal"
volume_analysis="Target Volume"
value_analysis="Expected Range"
Aroon_change="FALSE"
Aroon_momentum="74"
Volume_recent_avg="801309"
Change_recent_avg="0.38"
Delta_recent_avg="3.55"
Variance_recent_avg="1.77"
Change_ratio_recent_avg="0.19"
RSI_change="FALSE"
ADX_change="FALSE"

event="FALSE"
Aroon_signal="positive"
Aroon_change="FALSE"
Aroon_momentum_positive="74"
Aroon_momentum_negative="26"
image_negative_thumbnail_id_1="1138"
image_negative_url_1="https://hehge.com/wp-content/uploads/sites/16/2023/06/MI_Finance_Negative_Landscape_0171.jpeg"
image_negative_thumbnail_id_2="1163"
image_negative_url_2="https://hehge.com/wp-content/uploads/sites/16/2023/06/MI_Finance_Negative_Landscape_0197.jpeg"
image_neutral_thumbnail_id_1="537"
image_neutral_url_1="https://hehge.com/wp-content/uploads/sites/16/2023/06/MI_Finance_Neutral_Landscape_0062.jpeg"
image_neutral_thumbnail_id_2="561"
image_neutral_url_2="https://hehge.com/wp-content/uploads/sites/16/2023/06/MI_Finance_Neutral_Landscape_0038.jpeg"
image_positive_thumbnail_id_1="622"
image_positive_url_1="https://hehge.com/wp-content/uploads/sites/16/2023/06/MI_Finance_Positive_Landscape_0086.jpeg"
image_positive_thumbnail_id_2="1166"
image_positive_url_2="https://hehge.com/wp-content/uploads/sites/16/2023/06/MI_Finance_Positive_Negative_0187.jpeg"
image_professor_thumbnail_id_1="1172"
image_professor_url_1="https://hehge.com/wp-content/uploads/sites/16/2023/06/MI_Finance_Professor_Landscape_0006.jpeg"
image_professor_thumbnail_id_2="1184"
image_professor_url_2="https://hehge.com/wp-content/uploads/sites/16/2023/06/MI_Finance_Professor_Landscape_0018.jpeg"
