Symbol="VVV"
AssetType="Common Stock"
Name="Valvoline Inc"
Description="Valvoline Inc. manufactures, markets and supplies automotive and engine maintenance products and services. The company is headquartered in Lexington, Kentucky."
CIK="1674910"
Exchange="NYSE"
Currency="USD"
Country="USA"
Sector="ENERGY & TRANSPORTATION"
Industry="MISCELLANEOUS PRODUCTS OF PETROLEUM & COAL"
Address="100 VALVOLINE WAY, LEXINGTON, KY, US"
FiscalYearEnd="September"
LatestQuarter="2023-03-31"
MarketCapitalization="5066820000"
EBITDA="262100000"
PERatio="57.92"
PEGRatio="1.104"
BookValue="8.13"
DividendPerShare="0.375"
DividendYield="0.0136"
EPS="0.63"
RevenuePerShareTTM="7.57"
ProfitMargin="1.177"
OperatingMarginTTM="0.14"
ReturnOnAssetsTTM="0.0309"
ReturnOnEquityTTM="0.143"
RevenueTTM="1330100000"
GrossProfitTTM="476400000"
DilutedEPSTTM="0.63"
QuarterlyEarningsGrowthYOY="14.7"
QuarterlyRevenueGrowthYOY="0.164"
AnalystTargetPrice="43"
TrailingPE="57.92"
ForwardPE="23.7"
PriceToSalesRatioTTM="4.328"
PriceToBookRatio="18.08"
EVToRevenue="6.02"
EVToEBITDA="26.11"
Beta="1.326"
num_52WeekHigh="39.67"
num_52WeekLow="24.31"
num_50DayMovingAverage="37.59"
num_200DayMovingAverage="34.69"
SharesOutstanding="138855000"
DividendDate="2022-12-15"
ExDividendDate="2022-12-01"
symbol="VVV"
open="35.91"
high="36.24"
low="35.80"
price="36.19"
volume="1898059.00"
latest_trading_day="2023-08-08"
previous_close="36.33"
change="-0.14"
change_percent="-0.3854%"
aroon_positive_momentum_days="0"
aroon_negative_momentum_days="27"
trend_strength="Absent or Weak Trend"
buying_signal="Strong Sell Signal"
volume_analysis="Target Volume"
value_analysis="Expected Range"
Aroon_change="FALSE"
Aroon_momentum="73"
Volume_recent_avg="2086388"
Change_recent_avg="-0.01"
Delta_recent_avg="0.6"
Variance_recent_avg="0.3"
Change_ratio_recent_avg="-0.04"
RSI_change="FALSE"
ADX_change="FALSE"

event="FALSE"
Aroon_signal="negative"
Aroon_change="FALSE"
Aroon_momentum_positive="73"
Aroon_momentum_negative="27"
image_negative_thumbnail_id_1="1092"
image_negative_url_1="https://hehge.com/wp-content/uploads/sites/16/2023/06/MI_Finance_Negative_Landscape_0125.jpeg"
image_negative_thumbnail_id_2="92"
image_negative_url_2="https://hehge.com/wp-content/uploads/sites/16/2023/05/MI_Finance_Negative_Landscape_0084.jpeg"
image_neutral_thumbnail_id_1="548"
image_neutral_url_1="https://hehge.com/wp-content/uploads/sites/16/2023/06/MI_Finance_Neutral_Landscape_0051.jpeg"
image_neutral_thumbnail_id_2="571"
image_neutral_url_2="https://hehge.com/wp-content/uploads/sites/16/2023/06/MI_Finance_Neutral_Landscape_0028.jpeg"
image_positive_thumbnail_id_1="959"
image_positive_url_1="https://hehge.com/wp-content/uploads/sites/16/2023/06/MI_Finance_Positive_Landscape_0121.jpeg"
image_positive_thumbnail_id_2="1007"
image_positive_url_2="https://hehge.com/wp-content/uploads/sites/16/2023/06/MI_Finance_Positive_Landscape_0169.jpeg"
image_professor_thumbnail_id_1="1199"
image_professor_url_1="https://hehge.com/wp-content/uploads/sites/16/2023/06/MI_Finance_Professor_Landscape_0033.jpeg"
image_professor_thumbnail_id_2="1202"
image_professor_url_2="https://hehge.com/wp-content/uploads/sites/16/2023/06/MI_Finance_Professor_Landscape_0036.jpeg"
