Symbol="VVV"
AssetType="Common Stock"
Name="Valvoline Inc"
Description="Valvoline Inc. manufactures, markets and supplies automotive and engine maintenance products and services. The company is headquartered in Lexington, Kentucky."
CIK="1674910"
Exchange="NYSE"
Currency="USD"
Country="USA"
Sector="ENERGY & TRANSPORTATION"
Industry="MISCELLANEOUS PRODUCTS OF PETROLEUM & COAL"
Address="100 VALVOLINE WAY, LEXINGTON, KY, US"
FiscalYearEnd="September"
LatestQuarter="2023-03-31"
MarketCapitalization="4889085000"
EBITDA="262100000"
PERatio="55.89"
PEGRatio="1.104"
BookValue="8.13"
DividendPerShare="0.375"
DividendYield="0.0136"
EPS="0.63"
RevenuePerShareTTM="7.57"
ProfitMargin="1.177"
OperatingMarginTTM="0.14"
ReturnOnAssetsTTM="0.0309"
ReturnOnEquityTTM="0.143"
RevenueTTM="1330100000"
GrossProfitTTM="476400000"
DilutedEPSTTM="0.63"
QuarterlyEarningsGrowthYOY="14.7"
QuarterlyRevenueGrowthYOY="0.164"
AnalystTargetPrice="42.57"
TrailingPE="55.89"
ForwardPE="23.7"
PriceToSalesRatioTTM="4.328"
PriceToBookRatio="18.08"
EVToRevenue="6.02"
EVToEBITDA="26.11"
Beta="1.326"
num_52WeekHigh="39.67"
num_52WeekLow="24.31"
num_50DayMovingAverage="37.45"
num_200DayMovingAverage="34.82"
SharesOutstanding="138855000"
DividendDate="2022-12-15"
ExDividendDate="2022-12-01"
symbol="VVV"
open="35.11"
high="35.63"
low="34.38"
price="34.44"
volume="3714124.00"
latest_trading_day="2023-08-10"
previous_close="35.09"
change="-0.65"
change_percent="-1.8524%"
aroon_positive_momentum_days="0"
aroon_negative_momentum_days="29"
trend_strength="Absent or Weak Trend"
buying_signal="High Volatility / Hold Signal"
volume_analysis="Target Volume"
value_analysis="Expected Range"
Aroon_change="FALSE"
Aroon_momentum="71"
Volume_recent_avg="2112783"
Change_recent_avg="-0.05"
Delta_recent_avg="0.64"
Variance_recent_avg="0.32"
Change_ratio_recent_avg="-0.15"
RSI_change="FALSE"
ADX_change="FALSE"

event="FALSE"
Aroon_signal="negative"
Aroon_change="FALSE"
Aroon_momentum_positive="71"
Aroon_momentum_negative="29"
image_negative_thumbnail_id_1="518"
image_negative_url_1="https://hehge.com/wp-content/uploads/sites/16/2023/06/MI_Finance_Negative_Landscape_0087.jpeg"
image_negative_thumbnail_id_2="1163"
image_negative_url_2="https://hehge.com/wp-content/uploads/sites/16/2023/06/MI_Finance_Negative_Landscape_0197.jpeg"
image_neutral_thumbnail_id_1="564"
image_neutral_url_1="https://hehge.com/wp-content/uploads/sites/16/2023/06/MI_Finance_Neutral_Landscape_0035.jpeg"
image_neutral_thumbnail_id_2="560"
image_neutral_url_2="https://hehge.com/wp-content/uploads/sites/16/2023/06/MI_Finance_Neutral_Landscape_0039.jpeg"
image_positive_thumbnail_id_1="996"
image_positive_url_1="https://hehge.com/wp-content/uploads/sites/16/2023/06/MI_Finance_Positive_Landscape_0158.jpeg"
image_positive_thumbnail_id_2="641"
image_positive_url_2="https://hehge.com/wp-content/uploads/sites/16/2023/06/MI_Finance_Positive_Landscape_0067.jpeg"
image_professor_thumbnail_id_1="1193"
image_professor_url_1="https://hehge.com/wp-content/uploads/sites/16/2023/06/MI_Finance_Professor_Landscape_0027.jpeg"
image_professor_thumbnail_id_2="1194"
image_professor_url_2="https://hehge.com/wp-content/uploads/sites/16/2023/06/MI_Finance_Professor_Landscape_0028.jpeg"
