Symbol="CSX"
AssetType="Common Stock"
Name="CSX Corporation"
Description="CSX Corporation is an American holding company focused on rail transportation and real estate in North America, among other industries. Based in Richmond, Virginia, USA after the merger, in 2003 the CSX Corporation headquarters moved to Jacksonville, Florida."
CIK="277948"
Exchange="NASDAQ"
Currency="USD"
Country="USA"
Sector="ENERGY & TRANSPORTATION"
Industry="RAILROADS, LINE-HAUL OPERATING"
Address="500 WATER STREET, 15TH FLOOR, JACKSONVILLE, FL, US"
FiscalYearEnd="December"
LatestQuarter="2023-06-30"
MarketCapitalization="60731609000"
EBITDA="7528000000"
PERatio="15.29"
PEGRatio="2.296"
BookValue="6.12"
DividendPerShare="0.42"
DividendYield="0.0145"
EPS="1.98"
RevenuePerShareTTM="7.27"
ProfitMargin="0.274"
OperatingMarginTTM="0.397"
ReturnOnAssetsTTM="0.0914"
ReturnOnEquityTTM="0.324"
RevenueTTM="15030000000"
GrossProfitTTM="7390000000"
DilutedEPSTTM="1.98"
QuarterlyEarningsGrowthYOY="-0.093"
QuarterlyRevenueGrowthYOY="-0.03"
AnalystTargetPrice="36.27"
TrailingPE="15.29"
ForwardPE="17.01"
PriceToSalesRatioTTM="4.591"
PriceToBookRatio="5.34"
EVToRevenue="5.83"
EVToEBITDA="11.3"
Beta="1.214"
num_52WeekHigh="34.38"
num_52WeekLow="25.54"
num_50DayMovingAverage="32.82"
num_200DayMovingAverage="31.41"
SharesOutstanding="2006330000"
DividendDate="2023-09-15"
ExDividendDate="2023-08-30"
symbol="CSX"
open="30.21"
high="31.00"
low="30.14"
price="30.87"
volume="13635768.00"
latest_trading_day="2023-08-18"
previous_close="30.27"
change="0.60"
change_percent="1.9822%"
aroon_positive_momentum_days="0"
aroon_negative_momentum_days="32"
trend_strength="Absent or Weak Trend"
buying_signal="Weak Sell Signal"
volume_analysis="Target Volume"
value_analysis="Expected Range"
Aroon_change="FALSE"
Aroon_momentum="68"
Volume_recent_avg="12567397"
Change_recent_avg="0.04"
Delta_recent_avg="0.55"
Variance_recent_avg="0.28"
Change_ratio_recent_avg="0.11"
RSI_change="FALSE"
ADX_change="FALSE"

event="FALSE"
Aroon_signal="negative"
Aroon_change="FALSE"
Aroon_momentum_positive="68"
Aroon_momentum_negative="32"
image_negative_thumbnail_id_1="1157"
image_negative_url_1="https://hehge.com/wp-content/uploads/sites/16/2023/06/MI_Finance_Negative_Landscape_0191.jpeg"
image_negative_thumbnail_id_2="96"
image_negative_url_2="https://hehge.com/wp-content/uploads/sites/16/2023/05/MI_Finance_Negative_Landscape_0080.jpeg"
image_neutral_thumbnail_id_1="587"
image_neutral_url_1="https://hehge.com/wp-content/uploads/sites/16/2023/06/MI_Finance_Neutral_Landscape_0012.jpeg"
image_neutral_thumbnail_id_2="551"
image_neutral_url_2="https://hehge.com/wp-content/uploads/sites/16/2023/06/MI_Finance_Neutral_Landscape_0048.jpeg"
image_positive_thumbnail_id_1="626"
image_positive_url_1="https://hehge.com/wp-content/uploads/sites/16/2023/06/MI_Finance_Positive_Landscape_0082.jpeg"
image_positive_thumbnail_id_2="677"
image_positive_url_2="https://hehge.com/wp-content/uploads/sites/16/2023/06/MI_Finance_Positive_Landscape_0031.jpeg"
image_professor_thumbnail_id_1="1181"
image_professor_url_1="https://hehge.com/wp-content/uploads/sites/16/2023/06/MI_Finance_Professor_Landscape_0015.jpeg"
image_professor_thumbnail_id_2="1193"
image_professor_url_2="https://hehge.com/wp-content/uploads/sites/16/2023/06/MI_Finance_Professor_Landscape_0027.jpeg"
