Symbol="PCG"
AssetType="Common Stock"
Name="PG&E Corp"
Description="PG&E Corporation, through its subsidiary, Pacific Gas and Electric Company, is engaged in the sale and delivery of electricity and natural gas to customers in northern and central California, United States. The company is headquartered in San Francisco, California."
CIK="1004980"
Exchange="NYSE"
Currency="USD"
Country="USA"
Sector="ENERGY & TRANSPORTATION"
Industry="ELECTRIC & OTHER SERVICES COMBINED"
Address="77 BEALE STREET, P.O. BOX 770000, SAN FRANCISCO, CA, US"
FiscalYearEnd="December"
LatestQuarter="2023-03-31"
MarketCapitalization="42130207000"
EBITDA="7097000000"
PERatio="19.96"
PEGRatio="4.649"
BookValue="11.69"
DividendPerShare="0"
DividendYield="0"
EPS="0.9"
RevenuePerShareTTM="11.11"
ProfitMargin="0.0857"
OperatingMarginTTM="0.142"
ReturnOnAssetsTTM="0.0175"
ReturnOnEquityTTM="0.0838"
RevenueTTM="22091000000"
GrossProfitTTM="7015000000"
DilutedEPSTTM="0.9"
QuarterlyEarningsGrowthYOY="0.227"
QuarterlyRevenueGrowthYOY="0.071"
AnalystTargetPrice="19.35"
TrailingPE="19.96"
ForwardPE="13.44"
PriceToSalesRatioTTM="1.493"
PriceToBookRatio="1.466"
EVToRevenue="3.913"
EVToEBITDA="12.95"
Beta="1.128"
num_52WeekHigh="18.19"
num_52WeekLow="10.47"
num_50DayMovingAverage="17.14"
num_200DayMovingAverage="16.08"
SharesOutstanding="2345780000"
DividendDate="2017-10-15"
ExDividendDate="2017-09-28"
symbol="PCG"
open="17.75"
high="18.05"
low="17.70"
price="17.96"
volume="10778556.00"
latest_trading_day="2023-07-21"
previous_close="17.73"
change="0.23"
change_percent="1.2972%"
aroon_positive_momentum_days="93"
aroon_negative_momentum_days="0"
trend_strength="Absent or Weak Trend"
buying_signal="Weak Buy Signal"
volume_analysis="Target Volume"
value_analysis="Expected Range"
Aroon_change="FALSE"
Aroon_momentum="93"
Volume_recent_avg="16762544"
Change_recent_avg="0.02"
Delta_recent_avg="0.35"
Variance_recent_avg="0.17"
Change_ratio_recent_avg="0.12"
RSI_change="FALSE"
ADX_change="FALSE"

event="FALSE"
Aroon_signal="positive"
Aroon_change="FALSE"
Aroon_momentum_positive="93"
Aroon_momentum_negative="7"
image_negative_thumbnail_id_1="118"
image_negative_url_1="https://hehge.com/wp-content/uploads/sites/16/2023/05/MI_Finance_Negative_Landscape_0058.jpeg"
image_negative_thumbnail_id_2="111"
image_negative_url_2="https://hehge.com/wp-content/uploads/sites/16/2023/05/MI_Finance_Negative_Landscape_0065.jpeg"
image_neutral_thumbnail_id_1="552"
image_neutral_url_1="https://hehge.com/wp-content/uploads/sites/16/2023/06/MI_Finance_Neutral_Landscape_0047.jpeg"
image_neutral_thumbnail_id_2="581"
image_neutral_url_2="https://hehge.com/wp-content/uploads/sites/16/2023/06/MI_Finance_Neutral_Landscape_0018.jpeg"
image_positive_thumbnail_id_1="994"
image_positive_url_1="https://hehge.com/wp-content/uploads/sites/16/2023/06/MI_Finance_Positive_Landscape_0156.jpeg"
image_positive_thumbnail_id_2="957"
image_positive_url_2="https://hehge.com/wp-content/uploads/sites/16/2023/06/MI_Finance_Positive_Landscape_0119.jpeg"
image_professor_thumbnail_id_1="1178"
image_professor_url_1="https://hehge.com/wp-content/uploads/sites/16/2023/06/MI_Finance_Professor_Landscape_0012.jpeg"
image_professor_thumbnail_id_2="1202"
image_professor_url_2="https://hehge.com/wp-content/uploads/sites/16/2023/06/MI_Finance_Professor_Landscape_0036.jpeg"
