Symbol="RXO"
AssetType="Common Stock"
Name="RXO Inc."
Description="None"
CIK="1929561"
Exchange="NYSE"
Currency="USD"
Country="USA"
Sector="ENERGY & TRANSPORTATION"
Industry="TRANSPORTATION SERVICES"
Address="11215 NORTH COMMUNITY HOUSE ROAD, CHARLOTTE, NC, US"
FiscalYearEnd="December"
LatestQuarter="2023-03-31"
MarketCapitalization="2546583000"
EBITDA="268000000"
PERatio="47.35"
PEGRatio="1.39"
BookValue="5.01"
DividendPerShare="0"
DividendYield="0"
EPS="0.46"
RevenuePerShareTTM="38.84"
ProfitMargin="0.0118"
OperatingMarginTTM="0.0412"
ReturnOnAssetsTTM="0.0536"
ReturnOnEquityTTM="0.0651"
RevenueTTM="4494000000"
GrossProfitTTM="946000000"
DilutedEPSTTM="0.46"
QuarterlyEarningsGrowthYOY="-0.606"
QuarterlyRevenueGrowthYOY="-0.23"
AnalystTargetPrice="22.71"
TrailingPE="47.35"
ForwardPE="20.83"
PriceToSalesRatioTTM="0.39"
PriceToBookRatio="1.78"
EVToRevenue="0.405"
EVToEBITDA="7.42"
Beta="None"
num_52WeekHigh="25.5"
num_52WeekLow="14.75"
num_50DayMovingAverage="20.68"
num_200DayMovingAverage="19.21"
SharesOutstanding="116923000"
DividendDate="None"
ExDividendDate="None"
symbol="RXO"
open="21.82"
high="22.01"
low="21.53"
price="21.78"
volume="713967.00"
latest_trading_day="2023-07-06"
previous_close="22.19"
change="-0.41"
change_percent="-1.8477%"
aroon_positive_momentum_days="75"
aroon_negative_momentum_days="0"
trend_strength="Absent or Weak Trend"
buying_signal="Strong Buy Signal"
volume_analysis="Target Volume"
value_analysis="Expected Range"
Aroon_change="FALSE"
Aroon_momentum="75"
Volume_recent_avg="1077208"
Change_recent_avg="0.03"
Delta_recent_avg="0.65"
Variance_recent_avg="0.33"
Change_ratio_recent_avg="0.13"
RSI_change="FALSE"
ADX_change="FALSE"

event="FALSE"
Aroon_signal="positive"
Aroon_change="FALSE"
Aroon_momentum_positive="75"
Aroon_momentum_negative="25"
image_negative_thumbnail_id_1="1099"
image_negative_url_1="https://hehge.com/wp-content/uploads/sites/16/2023/06/MI_Finance_Negative_Landscape_0132.jpeg"
image_negative_thumbnail_id_2="166"
image_negative_url_2="https://hehge.com/wp-content/uploads/sites/16/2023/05/MI_Finance_Negative_Landscape_0010.jpeg"
image_neutral_thumbnail_id_1="574"
image_neutral_url_1="https://hehge.com/wp-content/uploads/sites/16/2023/06/MI_Finance_Neutral_Landscape_0025.jpeg"
image_neutral_thumbnail_id_2="537"
image_neutral_url_2="https://hehge.com/wp-content/uploads/sites/16/2023/06/MI_Finance_Neutral_Landscape_0062.jpeg"
image_positive_thumbnail_id_1="663"
image_positive_url_1="https://hehge.com/wp-content/uploads/sites/16/2023/06/MI_Finance_Positive_Landscape_0045.jpeg"
image_positive_thumbnail_id_2="996"
image_positive_url_2="https://hehge.com/wp-content/uploads/sites/16/2023/06/MI_Finance_Positive_Landscape_0158.jpeg"
image_professor_thumbnail_id_1="1178"
image_professor_url_1="https://hehge.com/wp-content/uploads/sites/16/2023/06/MI_Finance_Professor_Landscape_0012.jpeg"
image_professor_thumbnail_id_2="1193"
image_professor_url_2="https://hehge.com/wp-content/uploads/sites/16/2023/06/MI_Finance_Professor_Landscape_0027.jpeg"
