Symbol="EXK"
AssetType="Common Stock"
Name="Endeavour Silver Corp."
Description="Endeavor Silver Corp. The company is headquartered in Vancouver, Canada."
CIK="1277866"
Exchange="NYSE"
Currency="USD"
Country="USA"
Sector="ENERGY & TRANSPORTATION"
Industry="GOLD AND SILVER ORES"
Address="#1130-609 GRANVILLE STREET, VANCOUVER, A1, CANADA"
FiscalYearEnd="December"
LatestQuarter="2023-03-31"
MarketCapitalization="554700000"
EBITDA="45349000"
PERatio="None"
PEGRatio="0"
BookValue="1.691"
DividendPerShare="0"
DividendYield="0"
EPS="-0.01"
RevenuePerShareTTM="1.108"
ProfitMargin="0.0048"
OperatingMarginTTM="0.0863"
ReturnOnAssetsTTM="0.0296"
ReturnOnEquityTTM="0.0032"
RevenueTTM="207881000"
GrossProfitTTM="76704000"
DilutedEPSTTM="-0.01"
QuarterlyEarningsGrowthYOY="-0.559"
QuarterlyRevenueGrowthYOY="-0.039"
AnalystTargetPrice="5.92"
TrailingPE="-"
ForwardPE="344.83"
PriceToSalesRatioTTM="3.376"
PriceToBookRatio="2.09"
EVToRevenue="3.281"
EVToEBITDA="14.39"
Beta="1.425"
num_52WeekHigh="4.55"
num_52WeekLow="2.47"
num_50DayMovingAverage="3.239"
num_200DayMovingAverage="3.365"
SharesOutstanding="191276000"
DividendDate="None"
ExDividendDate="None"
symbol="EXK"
open="2.95"
high="2.96"
low="2.87"
price="2.90"
volume="1542903.00"
latest_trading_day="2023-07-11"
previous_close="2.90"
change="0.00"
change_percent="0.0000%"
aroon_positive_momentum_days="0"
aroon_negative_momentum_days="51"
trend_strength="Absent or Weak Trend"
buying_signal="Strong Sell Signal"
volume_analysis="Target Volume"
value_analysis="Expected Range"
Aroon_change="FALSE"
Aroon_momentum="49"
Volume_recent_avg="2419409"
Change_recent_avg="0.01"
Delta_recent_avg="0.14"
Variance_recent_avg="0.07"
Change_ratio_recent_avg="-0.12"
RSI_change="FALSE"
ADX_change="FALSE"

event="FALSE"
Aroon_signal="negative"
Aroon_change="FALSE"
Aroon_momentum_positive="49"
Aroon_momentum_negative="51"
image_negative_thumbnail_id_1="136"
image_negative_url_1="https://hehge.com/wp-content/uploads/sites/16/2023/05/MI_Finance_Negative_Landscape_0040.jpeg"
image_negative_thumbnail_id_2="159"
image_negative_url_2="https://hehge.com/wp-content/uploads/sites/16/2023/05/MI_Finance_Negative_Landscape_0017.jpeg"
image_neutral_thumbnail_id_1="582"
image_neutral_url_1="https://hehge.com/wp-content/uploads/sites/16/2023/06/MI_Finance_Neutral_Landscape_0017.jpeg"
image_neutral_thumbnail_id_2="523"
image_neutral_url_2="https://hehge.com/wp-content/uploads/sites/16/2023/06/MI_Finance_Neutral_Landscape_0076.jpeg"
image_positive_thumbnail_id_1="999"
image_positive_url_1="https://hehge.com/wp-content/uploads/sites/16/2023/06/MI_Finance_Positive_Landscape_0161.jpeg"
image_positive_thumbnail_id_2="691"
image_positive_url_2="https://hehge.com/wp-content/uploads/sites/16/2023/06/MI_Finance_Positive_Landscape_0017.jpeg"
image_professor_thumbnail_id_1="1184"
image_professor_url_1="https://hehge.com/wp-content/uploads/sites/16/2023/06/MI_Finance_Professor_Landscape_0018.jpeg"
image_professor_thumbnail_id_2="1199"
image_professor_url_2="https://hehge.com/wp-content/uploads/sites/16/2023/06/MI_Finance_Professor_Landscape_0033.jpeg"
