Symbol="EXK"
AssetType="Common Stock"
Name="Endeavour Silver Corp."
Description="Endeavor Silver Corp. The company is headquartered in Vancouver, Canada."
CIK="1277866"
Exchange="NYSE"
Currency="USD"
Country="USA"
Sector="ENERGY & TRANSPORTATION"
Industry="GOLD AND SILVER ORES"
Address="#1130-609 GRANVILLE STREET, VANCOUVER, A1, CANADA"
FiscalYearEnd="December"
LatestQuarter="2023-03-31"
MarketCapitalization="623806000"
EBITDA="45349000"
PERatio="132.9"
PEGRatio="0"
BookValue="1.691"
DividendPerShare="0"
DividendYield="0"
EPS="-0.0003"
RevenuePerShareTTM="1.108"
ProfitMargin="0.0048"
OperatingMarginTTM="0.0863"
ReturnOnAssetsTTM="0.0296"
ReturnOnEquityTTM="0.323"
RevenueTTM="207881000"
GrossProfitTTM="76704000"
DilutedEPSTTM="-0.01"
QuarterlyEarningsGrowthYOY="-0.559"
QuarterlyRevenueGrowthYOY="-0.039"
AnalystTargetPrice="6.58"
TrailingPE="-"
ForwardPE="344.83"
PriceToSalesRatioTTM="3.376"
PriceToBookRatio="2.09"
EVToRevenue="3.281"
EVToEBITDA="14.39"
Beta="1.425"
num_52WeekHigh="4.55"
num_52WeekLow="2.47"
num_50DayMovingAverage="3.199"
num_200DayMovingAverage="3.374"
SharesOutstanding="191276000"
DividendDate="None"
ExDividendDate="None"
symbol="EXK"
open="3.28"
high="3.46"
low="3.26"
price="3.43"
volume="3966571.00"
latest_trading_day="2023-07-14"
previous_close="3.28"
change="0.15"
change_percent="4.5732%"
aroon_positive_momentum_days="0"
aroon_negative_momentum_days="53"
trend_strength="Absent or Weak Trend"
buying_signal="Weak Sell Signal"
volume_analysis="Target Volume"
value_analysis="Expected Range"
Aroon_change="FALSE"
Aroon_momentum="47"
Volume_recent_avg="2485763"
Change_recent_avg="0.01"
Delta_recent_avg="0.14"
Variance_recent_avg="0.07"
Change_ratio_recent_avg="-0.06"
RSI_change="FALSE"
ADX_change="FALSE"

event="FALSE"
Aroon_signal="negative"
Aroon_change="FALSE"
Aroon_momentum_positive="47"
Aroon_momentum_negative="53"
image_negative_thumbnail_id_1="504"
image_negative_url_1="https://hehge.com/wp-content/uploads/sites/16/2023/06/MI_Finance_Negative_Landscape_0101.jpeg"
image_negative_thumbnail_id_2="1086"
image_negative_url_2="https://hehge.com/wp-content/uploads/sites/16/2023/06/MI_Finance_Negative_Landscape_0119.jpeg"
image_neutral_thumbnail_id_1="578"
image_neutral_url_1="https://hehge.com/wp-content/uploads/sites/16/2023/06/MI_Finance_Neutral_Landscape_0021.jpeg"
image_neutral_thumbnail_id_2="570"
image_neutral_url_2="https://hehge.com/wp-content/uploads/sites/16/2023/06/MI_Finance_Neutral_Landscape_0029.jpeg"
image_positive_thumbnail_id_1="979"
image_positive_url_1="https://hehge.com/wp-content/uploads/sites/16/2023/06/MI_Finance_Positive_Landscape_0141.jpeg"
image_positive_thumbnail_id_2="624"
image_positive_url_2="https://hehge.com/wp-content/uploads/sites/16/2023/06/MI_Finance_Positive_Landscape_0084.jpeg"
image_professor_thumbnail_id_1="1182"
image_professor_url_1="https://hehge.com/wp-content/uploads/sites/16/2023/06/MI_Finance_Professor_Landscape_0016.jpeg"
image_professor_thumbnail_id_2="1169"
image_professor_url_2="https://hehge.com/wp-content/uploads/sites/16/2023/06/MI_Finance_Professor_Landscape_0003.jpeg"
