Symbol="AIRT"
AssetType="Common Stock"
Name="Air T Inc"
Description="Air T, Inc. provides overnight air cargo, ground equipment sales, commercial jet engines and parts, printing equipment, and maintenance services in the United States and internationally. The company is headquartered in Denver, North Carolina."
CIK="353184"
Exchange="NASDAQ"
Currency="USD"
Country="USA"
Sector="ENERGY & TRANSPORTATION"
Industry="AIR COURIER SERVICES"
Address="3524 AIRPORT RD, MAIDEN, NC, US"
FiscalYearEnd="March"
LatestQuarter="2023-06-30"
MarketCapitalization="56355000"
EBITDA="-68000"
PERatio="None"
PEGRatio="0"
BookValue="4.024"
DividendPerShare="0"
DividendYield="0"
EPS="-3.88"
RevenuePerShareTTM="94.5"
ProfitMargin="-0.0425"
OperatingMarginTTM="-0.0151"
ReturnOnAssetsTTM="-0.0127"
ReturnOnEquityTTM="-0.362"
RevenueTTM="267892000"
GrossProfitTTM="45663000"
DilutedEPSTTM="-3.88"
QuarterlyEarningsGrowthYOY="-0.767"
QuarterlyRevenueGrowthYOY="0.404"
AnalystTargetPrice="None"
TrailingPE="-"
ForwardPE="-"
PriceToSalesRatioTTM="0.327"
PriceToBookRatio="3.08"
EVToRevenue="1.069"
EVToEBITDA="18.43"
Beta="0.972"
num_52WeekHigh="28.95"
num_52WeekLow="14.6"
num_50DayMovingAverage="23.78"
num_200DayMovingAverage="23.91"
SharesOutstanding="2817800"
DividendDate="2019-06-07"
ExDividendDate="2013-06-05"
symbol="AIRT"
open="20.70"
high="21.25"
low="19.60"
price="20.00"
volume="15141.00"
latest_trading_day="2023-08-24"
previous_close="20.98"
change="-0.98"
change_percent="-4.6711%"
aroon_positive_momentum_days="0"
aroon_negative_momentum_days="35"
trend_strength="Absent or Weak Trend"
buying_signal="Strong Sell Signal"
volume_analysis="Target Volume"
value_analysis="Expected Range"
Aroon_change="FALSE"
Aroon_momentum="65"
Volume_recent_avg="4931"
Change_recent_avg="0.04"
Delta_recent_avg="1.08"
Variance_recent_avg="0.54"
Change_ratio_recent_avg="0.1"
RSI_change="FALSE"
ADX_change="FALSE"

event="FALSE"
Aroon_signal="negative"
Aroon_change="FALSE"
Aroon_momentum_positive="65"
Aroon_momentum_negative="35"
image_negative_thumbnail_id_1="151"
image_negative_url_1="https://hehge.com/wp-content/uploads/sites/16/2023/05/MI_Finance_Negative_Landscape_0025.jpeg"
image_negative_thumbnail_id_2="155"
image_negative_url_2="https://hehge.com/wp-content/uploads/sites/16/2023/05/MI_Finance_Negative_Landscape_0021.jpeg"
image_neutral_thumbnail_id_1="595"
image_neutral_url_1="https://hehge.com/wp-content/uploads/sites/16/2023/06/MI_Finance_Neutral_Landscape_0004.jpeg"
image_neutral_thumbnail_id_2="589"
image_neutral_url_2="https://hehge.com/wp-content/uploads/sites/16/2023/06/MI_Finance_Neutral_Landscape_0010.jpeg"
image_positive_thumbnail_id_1="626"
image_positive_url_1="https://hehge.com/wp-content/uploads/sites/16/2023/06/MI_Finance_Positive_Landscape_0082.jpeg"
image_positive_thumbnail_id_2="695"
image_positive_url_2="https://hehge.com/wp-content/uploads/sites/16/2023/06/MI_Finance_Positive_Landscape_0013.jpeg"
image_professor_thumbnail_id_1="1199"
image_professor_url_1="https://hehge.com/wp-content/uploads/sites/16/2023/06/MI_Finance_Professor_Landscape_0033.jpeg"
image_professor_thumbnail_id_2="1187"
image_professor_url_2="https://hehge.com/wp-content/uploads/sites/16/2023/06/MI_Finance_Professor_Landscape_0021.jpeg"
