Symbol="FDX"
AssetType="Common Stock"
Name="FedEx Corporation"
Description="FedEx Corporation, formerly Federal Express Corporation and later FDX Corporation, is an American multinational delivery services company headquartered in Memphis, Tennessee."
CIK="1048911"
Exchange="NYSE"
Currency="USD"
Country="USA"
Sector="ENERGY & TRANSPORTATION"
Industry="AIR COURIER SERVICES"
Address="942 SOUTH SHADY GROVE ROAD, MEMPHIS, TN, US"
FiscalYearEnd="May"
LatestQuarter="2023-05-31"
MarketCapitalization="67531629000"
EBITDA="10567999000"
PERatio="17.38"
PEGRatio="1.22"
BookValue="102.71"
DividendPerShare="4.71"
DividendYield="0.019"
EPS="15.47"
RevenuePerShareTTM="352.17"
ProfitMargin="0.0441"
OperatingMarginTTM="0.0709"
ReturnOnAssetsTTM="0.0462"
ReturnOnEquityTTM="0.156"
RevenueTTM="90155000000"
GrossProfitTTM="24396000000"
DilutedEPSTTM="15.47"
QuarterlyEarningsGrowthYOY="1.87"
QuarterlyRevenueGrowthYOY="-0.101"
AnalystTargetPrice="261.31"
TrailingPE="17.38"
ForwardPE="11.59"
PriceToSalesRatioTTM="0.476"
PriceToBookRatio="1.784"
EVToRevenue="0.798"
EVToEBITDA="8.07"
Beta="1.353"
num_52WeekHigh="270.95"
num_52WeekLow="139.41"
num_50DayMovingAverage="240.35"
num_200DayMovingAverage="206.1"
SharesOutstanding="251187000"
DividendDate="2023-07-03"
ExDividendDate="2023-06-09"
symbol="FDX"
open="269.28"
high="270.58"
low="265.63"
price="268.16"
volume="1252003.00"
latest_trading_day="2023-08-01"
previous_close="269.95"
change="-1.79"
change_percent="-0.6631%"
aroon_positive_momentum_days="98"
aroon_negative_momentum_days="0"
trend_strength="Absent or Weak Trend"
buying_signal="Weak Buy Signal"
volume_analysis="Trending Low"
value_analysis="Bearish Trend"
Aroon_change="FALSE"
Aroon_momentum="98"
Volume_recent_avg="2185049"
Change_recent_avg="0.48"
Delta_recent_avg="4.56"
Variance_recent_avg="2.28"
Change_ratio_recent_avg="0.19"
RSI_change="FALSE"
ADX_change="FALSE"

event="FALSE"
Aroon_signal="positive"
Aroon_change="FALSE"
Aroon_momentum_positive="98"
Aroon_momentum_negative="2"
image_negative_thumbnail_id_1="151"
image_negative_url_1="https://hehge.com/wp-content/uploads/sites/16/2023/05/MI_Finance_Negative_Landscape_0025.jpeg"
image_negative_thumbnail_id_2="1118"
image_negative_url_2="https://hehge.com/wp-content/uploads/sites/16/2023/06/MI_Finance_Negative_Landscape_0151.jpeg"
image_neutral_thumbnail_id_1="549"
image_neutral_url_1="https://hehge.com/wp-content/uploads/sites/16/2023/06/MI_Finance_Neutral_Landscape_0050.jpeg"
image_neutral_thumbnail_id_2="539"
image_neutral_url_2="https://hehge.com/wp-content/uploads/sites/16/2023/06/MI_Finance_Neutral_Landscape_0060.jpeg"
image_positive_thumbnail_id_1="1008"
image_positive_url_1="https://hehge.com/wp-content/uploads/sites/16/2023/06/MI_Finance_Positive_Landscape_0170.jpeg"
image_positive_thumbnail_id_2="702"
image_positive_url_2="https://hehge.com/wp-content/uploads/sites/16/2023/06/MI_Finance_Positive_Landscape_0006.jpeg"
image_professor_thumbnail_id_1="1193"
image_professor_url_1="https://hehge.com/wp-content/uploads/sites/16/2023/06/MI_Finance_Professor_Landscape_0027.jpeg"
image_professor_thumbnail_id_2="1177"
image_professor_url_2="https://hehge.com/wp-content/uploads/sites/16/2023/06/MI_Finance_Professor_Landscape_0011.jpeg"
