Symbol="FDX"
AssetType="Common Stock"
Name="FedEx Corporation"
Description="FedEx Corporation, formerly Federal Express Corporation and later FDX Corporation, is an American multinational delivery services company headquartered in Memphis, Tennessee."
CIK="1048911"
Exchange="NYSE"
Currency="USD"
Country="USA"
Sector="ENERGY & TRANSPORTATION"
Industry="AIR COURIER SERVICES"
Address="942 SOUTH SHADY GROVE ROAD, MEMPHIS, TN, US"
FiscalYearEnd="May"
LatestQuarter="2023-05-31"
MarketCapitalization="66062240000"
EBITDA="10603000000"
PERatio="15.63"
PEGRatio="1.22"
BookValue="103.86"
DividendPerShare="4.71"
DividendYield="0.0188"
EPS="15.52"
RevenuePerShareTTM="354.94"
ProfitMargin="0.0441"
OperatingMarginTTM="0.0713"
ReturnOnAssetsTTM="0.0464"
ReturnOnEquityTTM="15.54"
RevenueTTM="90155000000"
GrossProfitTTM="24396000000"
DilutedEPSTTM="15.47"
QuarterlyEarningsGrowthYOY="1.86"
QuarterlyRevenueGrowthYOY="-0.101"
AnalystTargetPrice="261.31"
TrailingPE="17.03"
ForwardPE="11.59"
PriceToSalesRatioTTM="0.476"
PriceToBookRatio="1.784"
EVToRevenue="0.798"
EVToEBITDA="8.07"
Beta="1.359"
num_52WeekHigh="270.95"
num_52WeekLow="139.41"
num_50DayMovingAverage="243.41"
num_200DayMovingAverage="208.34"
SharesOutstanding="251187000"
DividendDate="2023-07-03"
ExDividendDate="2023-06-09"
symbol="FDX"
open="265.00"
high="267.26"
low="262.57"
price="263.00"
volume="1593544.00"
latest_trading_day="2023-08-04"
previous_close="263.52"
change="-0.52"
change_percent="-0.1973%"
aroon_positive_momentum_days="98"
aroon_negative_momentum_days="0"
trend_strength="Absent or Weak Trend"
buying_signal="Weak Buy Signal"
volume_analysis="Target Volume"
value_analysis="Expected Range"
Aroon_change="FALSE"
Aroon_momentum="98"
Volume_recent_avg="2163762"
Change_recent_avg="0.52"
Delta_recent_avg="4.47"
Variance_recent_avg="2.24"
Change_ratio_recent_avg="0.21"
RSI_change="FALSE"
ADX_change="FALSE"

event="FALSE"
Aroon_signal="positive"
Aroon_change="FALSE"
Aroon_momentum_positive="98"
Aroon_momentum_negative="2"
image_negative_thumbnail_id_1="1140"
image_negative_url_1="https://hehge.com/wp-content/uploads/sites/16/2023/06/MI_Finance_Negative_Landscape_0173.jpeg"
image_negative_thumbnail_id_2="1118"
image_negative_url_2="https://hehge.com/wp-content/uploads/sites/16/2023/06/MI_Finance_Negative_Landscape_0151.jpeg"
image_neutral_thumbnail_id_1="557"
image_neutral_url_1="https://hehge.com/wp-content/uploads/sites/16/2023/06/MI_Finance_Neutral_Landscape_0042.jpeg"
image_neutral_thumbnail_id_2="591"
image_neutral_url_2="https://hehge.com/wp-content/uploads/sites/16/2023/06/MI_Finance_Neutral_Landscape_0008.jpeg"
image_positive_thumbnail_id_1="694"
image_positive_url_1="https://hehge.com/wp-content/uploads/sites/16/2023/06/MI_Finance_Positive_Landscape_0014.jpeg"
image_positive_thumbnail_id_2="608"
image_positive_url_2="https://hehge.com/wp-content/uploads/sites/16/2023/06/MI_Finance_Positive_Landscape_0100.jpeg"
image_professor_thumbnail_id_1="1177"
image_professor_url_1="https://hehge.com/wp-content/uploads/sites/16/2023/06/MI_Finance_Professor_Landscape_0011.jpeg"
image_professor_thumbnail_id_2="1178"
image_professor_url_2="https://hehge.com/wp-content/uploads/sites/16/2023/06/MI_Finance_Professor_Landscape_0012.jpeg"
