Symbol="UNP"
AssetType="Common Stock"
Name="Union Pacific Corporation"
Description="The Union Pacific Corporation (Union Pacific) is a publicly traded railroad holding company. It was incorporated in Utah in 1969 and is headquartered in Omaha, Nebraska. It is the parent company of the current, Delaware-registered, form of the Union Pacific Railroad."
CIK="100885"
Exchange="NYSE"
Currency="USD"
Country="USA"
Sector="ENERGY & TRANSPORTATION"
Industry="RAILROADS, LINE-HAUL OPERATING"
Address="1400 DOUGLAS STREET, STOP 0310, OMAHA, NE, US"
FiscalYearEnd="December"
LatestQuarter="2023-03-31"
MarketCapitalization="124902113000"
EBITDA="12007000000"
PERatio="18.1"
PEGRatio="2.105"
BookValue="20.42"
DividendPerShare="5.2"
DividendYield="0.0256"
EPS="11.32"
RevenuePerShareTTM="40.61"
ProfitMargin="0.279"
OperatingMarginTTM="0.389"
ReturnOnAssetsTTM="0.0937"
ReturnOnEquityTTM="0.575"
RevenueTTM="25071000000"
GrossProfitTTM="13367000000"
DilutedEPSTTM="11.32"
QuarterlyEarningsGrowthYOY="0.039"
QuarterlyRevenueGrowthYOY="0.033"
AnalystTargetPrice="219.85"
TrailingPE="18.1"
ForwardPE="17.95"
PriceToSalesRatioTTM="5.34"
PriceToBookRatio="11.39"
EVToRevenue="6.86"
EVToEBITDA="13.3"
Beta="1.096"
num_52WeekHigh="236.33"
num_52WeekLow="180.14"
num_50DayMovingAverage="199.5"
num_200DayMovingAverage="202.26"
SharesOutstanding="609695000"
DividendDate="2023-06-30"
ExDividendDate="2023-05-30"
symbol="UNP"
open="202.66"
high="205.42"
low="202.43"
price="204.86"
volume="2025215.00"
latest_trading_day="2023-07-10"
previous_close="202.82"
change="2.04"
change_percent="1.0058%"
aroon_positive_momentum_days="26"
aroon_negative_momentum_days="0"
trend_strength="Absent or Weak Trend"
buying_signal="Strong Buy Signal"
volume_analysis="Target Volume"
value_analysis="Expected Range"
Aroon_change="FALSE"
Aroon_momentum="26"
Volume_recent_avg="3068730"
Change_recent_avg="0.05"
Delta_recent_avg="3.82"
Variance_recent_avg="1.91"
Change_ratio_recent_avg="0.02"
RSI_change="FALSE"
ADX_change="FALSE"

event="FALSE"
Aroon_signal="positive"
Aroon_change="FALSE"
Aroon_momentum_positive="26"
Aroon_momentum_negative="74"
image_negative_thumbnail_id_1="114"
image_negative_url_1="https://hehge.com/wp-content/uploads/sites/16/2023/05/MI_Finance_Negative_Landscape_0062.jpeg"
image_negative_thumbnail_id_2="97"
image_negative_url_2="https://hehge.com/wp-content/uploads/sites/16/2023/05/MI_Finance_Negative_Landscape_0079.jpeg"
image_neutral_thumbnail_id_1="540"
image_neutral_url_1="https://hehge.com/wp-content/uploads/sites/16/2023/06/MI_Finance_Neutral_Landscape_0059.jpeg"
image_neutral_thumbnail_id_2="553"
image_neutral_url_2="https://hehge.com/wp-content/uploads/sites/16/2023/06/MI_Finance_Neutral_Landscape_0046.jpeg"
image_positive_thumbnail_id_1="624"
image_positive_url_1="https://hehge.com/wp-content/uploads/sites/16/2023/06/MI_Finance_Positive_Landscape_0084.jpeg"
image_positive_thumbnail_id_2="692"
image_positive_url_2="https://hehge.com/wp-content/uploads/sites/16/2023/06/MI_Finance_Positive_Landscape_0016.jpeg"
image_professor_thumbnail_id_1="1169"
image_professor_url_1="https://hehge.com/wp-content/uploads/sites/16/2023/06/MI_Finance_Professor_Landscape_0003.jpeg"
image_professor_thumbnail_id_2="1192"
image_professor_url_2="https://hehge.com/wp-content/uploads/sites/16/2023/06/MI_Finance_Professor_Landscape_0026.jpeg"
