Symbol="UNP"
AssetType="Common Stock"
Name="Union Pacific Corporation"
Description="The Union Pacific Corporation (Union Pacific) is a publicly traded railroad holding company. It was incorporated in Utah in 1969 and is headquartered in Omaha, Nebraska. It is the parent company of the current, Delaware-registered, form of the Union Pacific Railroad."
CIK="100885"
Exchange="NYSE"
Currency="USD"
Country="USA"
Sector="ENERGY & TRANSPORTATION"
Industry="RAILROADS, LINE-HAUL OPERATING"
Address="1400 DOUGLAS STREET, STOP 0310, OMAHA, NE, US"
FiscalYearEnd="December"
LatestQuarter="2023-06-30"
MarketCapitalization="137456800000"
EBITDA="11727000000"
PERatio="20.37"
PEGRatio="2.105"
BookValue="21.65"
DividendPerShare="5.2"
DividendYield="0.0227"
EPS="10.96"
RevenuePerShareTTM="40.4"
ProfitMargin="0.272"
OperatingMarginTTM="0.381"
ReturnOnAssetsTTM="0.0905"
ReturnOnEquityTTM="51.98"
RevenueTTM="24765000000"
GrossProfitTTM="13367000000"
DilutedEPSTTM="11.32"
QuarterlyEarningsGrowthYOY="-0.123"
QuarterlyRevenueGrowthYOY="-0.049"
AnalystTargetPrice="247.43"
TrailingPE="19.92"
ForwardPE="17.95"
PriceToSalesRatioTTM="5.34"
PriceToBookRatio="11.39"
EVToRevenue="6.86"
EVToEBITDA="13.3"
Beta="1.109"
num_52WeekHigh="240.48"
num_52WeekLow="180.14"
num_50DayMovingAverage="213.03"
num_200DayMovingAverage="205.5"
SharesOutstanding="609695000"
DividendDate="2023-09-29"
ExDividendDate="2023-08-30"
symbol="UNP"
open="225.29"
high="226.67"
low="224.07"
price="224.38"
volume="2075375.00"
latest_trading_day="2023-08-17"
previous_close="224.62"
change="-0.24"
change_percent="-0.1068%"
aroon_positive_momentum_days="54"
aroon_negative_momentum_days="0"
trend_strength="Absent or Weak Trend"
buying_signal="Weak Buy Signal"
volume_analysis="Target Volume"
value_analysis="Expected Range"
Aroon_change="FALSE"
Aroon_momentum="54"
Volume_recent_avg="2704290"
Change_recent_avg="0.25"
Delta_recent_avg="3.48"
Variance_recent_avg="1.74"
Change_ratio_recent_avg="0.12"
RSI_change="FALSE"
ADX_change="FALSE"

event="FALSE"
Aroon_signal="positive"
Aroon_change="FALSE"
Aroon_momentum_positive="54"
Aroon_momentum_negative="46"
image_negative_thumbnail_id_1="127"
image_negative_url_1="https://hehge.com/wp-content/uploads/sites/16/2023/05/MI_Finance_Negative_Landscape_0049.jpeg"
image_negative_thumbnail_id_2="1165"
image_negative_url_2="https://hehge.com/wp-content/uploads/sites/16/2023/06/MI_Finance_Negative_Landscape_0199.jpeg"
image_neutral_thumbnail_id_1="546"
image_neutral_url_1="https://hehge.com/wp-content/uploads/sites/16/2023/06/MI_Finance_Neutral_Landscape_0053.jpeg"
image_neutral_thumbnail_id_2="575"
image_neutral_url_2="https://hehge.com/wp-content/uploads/sites/16/2023/06/MI_Finance_Neutral_Landscape_0024.jpeg"
image_positive_thumbnail_id_1="619"
image_positive_url_1="https://hehge.com/wp-content/uploads/sites/16/2023/06/MI_Finance_Positive_Landscape_0089.jpeg"
image_positive_thumbnail_id_2="705"
image_positive_url_2="https://hehge.com/wp-content/uploads/sites/16/2023/06/MI_Finance_Positive_Landscape_0003.jpeg"
image_professor_thumbnail_id_1="1188"
image_professor_url_1="https://hehge.com/wp-content/uploads/sites/16/2023/06/MI_Finance_Professor_Landscape_0022.jpeg"
image_professor_thumbnail_id_2="1199"
image_professor_url_2="https://hehge.com/wp-content/uploads/sites/16/2023/06/MI_Finance_Professor_Landscape_0033.jpeg"
