Symbol="AZUL"
AssetType="Common Stock"
Name="Azul SA"
Description="Azul SA, provides passenger and cargo air transport services in Brazil. The company is headquartered in Barueri, Brazil."
CIK="1432364"
Exchange="NYSE"
Currency="USD"
Country="USA"
Sector="ENERGY & TRANSPORTATION"
Industry="AIR TRANSPORTATION, SCHEDULED"
Address="EDIF?CIO JATOB?, 8TH FL, CASTELO BRANCO, OFFICE PARK, AVENIDA MARCOS PENTEADO DE, BARUERI, BR"
FiscalYearEnd="December"
LatestQuarter="2023-03-31"
MarketCapitalization="1353436000"
EBITDA="489223000"
PERatio="None"
PEGRatio="0"
BookValue="-170.4"
DividendPerShare="0"
DividendYield="0"
EPS="-1.36"
RevenuePerShareTTM="148.56"
ProfitMargin="-0.239"
OperatingMarginTTM="0.0374"
ReturnOnAssetsTTM="0.0229"
ReturnOnEquityTTM="0"
RevenueTTM="17233355000"
GrossProfitTTM="1683311000"
DilutedEPSTTM="-1.36"
QuarterlyEarningsGrowthYOY="0"
QuarterlyRevenueGrowthYOY="0.403"
AnalystTargetPrice="15.2"
TrailingPE="-"
ForwardPE="40.65"
PriceToSalesRatioTTM="0.0422"
PriceToBookRatio="-"
EVToRevenue="0.334"
EVToEBITDA="1.179"
Beta="1.511"
num_52WeekHigh="13.87"
num_52WeekLow="3.82"
num_50DayMovingAverage="10.95"
num_200DayMovingAverage="7.97"
SharesOutstanding="115770000"
DividendDate="None"
ExDividendDate="None"
symbol="AZUL"
open="11.08"
high="11.60"
low="10.96"
price="11.59"
volume="2546305.00"
latest_trading_day="2023-07-21"
previous_close="10.52"
change="1.07"
change_percent="10.1711%"
aroon_positive_momentum_days="93"
aroon_negative_momentum_days="0"
trend_strength="Absent or Weak Trend"
buying_signal="Strong Buy Signal"
volume_analysis="Target Volume"
value_analysis="Expected Range"
Aroon_change="FALSE"
Aroon_momentum="93"
Volume_recent_avg="3124731"
Change_recent_avg="0.01"
Delta_recent_avg="0.52"
Variance_recent_avg="0.26"
Change_ratio_recent_avg="0.21"
RSI_change="FALSE"
ADX_change="FALSE"

event="FALSE"
Aroon_signal="positive"
Aroon_change="FALSE"
Aroon_momentum_positive="93"
Aroon_momentum_negative="7"
image_negative_thumbnail_id_1="150"
image_negative_url_1="https://hehge.com/wp-content/uploads/sites/16/2023/05/MI_Finance_Negative_Landscape_0026.jpeg"
image_negative_thumbnail_id_2="1128"
image_negative_url_2="https://hehge.com/wp-content/uploads/sites/16/2023/06/MI_Finance_Negative_Landscape_0161.jpeg"
image_neutral_thumbnail_id_1="584"
image_neutral_url_1="https://hehge.com/wp-content/uploads/sites/16/2023/06/MI_Finance_Neutral_Landscape_0015.jpeg"
image_neutral_thumbnail_id_2="542"
image_neutral_url_2="https://hehge.com/wp-content/uploads/sites/16/2023/06/MI_Finance_Neutral_Landscape_0057.jpeg"
image_positive_thumbnail_id_1="642"
image_positive_url_1="https://hehge.com/wp-content/uploads/sites/16/2023/06/MI_Finance_Positive_Landscape_0066.jpeg"
image_positive_thumbnail_id_2="626"
image_positive_url_2="https://hehge.com/wp-content/uploads/sites/16/2023/06/MI_Finance_Positive_Landscape_0082.jpeg"
image_professor_thumbnail_id_1="1173"
image_professor_url_1="https://hehge.com/wp-content/uploads/sites/16/2023/06/MI_Finance_Professor_Landscape_0007.jpeg"
image_professor_thumbnail_id_2="1182"
image_professor_url_2="https://hehge.com/wp-content/uploads/sites/16/2023/06/MI_Finance_Professor_Landscape_0016.jpeg"
