Symbol="PBF"
AssetType="Common Stock"
Name="PBF Energy Inc"
Description="PBF Energy Inc., is dedicated to refining and supplying petroleum products. The company is headquartered in Parsippany, New Jersey."
CIK="1534504"
Exchange="NYSE"
Currency="USD"
Country="USA"
Sector="ENERGY & TRANSPORTATION"
Industry="PETROLEUM REFINING"
Address="1 SYLVAN WAY, PARSIPPANY, NJ, US"
FiscalYearEnd="December"
LatestQuarter="2023-06-30"
MarketCapitalization="6284675000"
EBITDA="3518400000"
PERatio="1.926"
PEGRatio="2.51"
BookValue="48.75"
DividendPerShare="0.6"
DividendYield="0.0127"
EPS="25.88"
RevenuePerShareTTM="334.72"
ProfitMargin="0.0736"
OperatingMarginTTM="0.0761"
ReturnOnAssetsTTM="0.143"
ReturnOnEquityTTM="0.633"
RevenueTTM="42063499000"
GrossProfitTTM="5182200000"
DilutedEPSTTM="25.88"
QuarterlyEarningsGrowthYOY="-0.184"
QuarterlyRevenueGrowthYOY="-0.349"
AnalystTargetPrice="48.36"
TrailingPE="1.926"
ForwardPE="5.7"
PriceToSalesRatioTTM="0.117"
PriceToBookRatio="1.296"
EVToRevenue="0.12"
EVToEBITDA="1.472"
Beta="1.939"
num_52WeekHigh="50.43"
num_52WeekLow="26.62"
num_50DayMovingAverage="42.31"
num_200DayMovingAverage="41.06"
SharesOutstanding="126097000"
DividendDate="2023-08-31"
ExDividendDate="2023-05-16"
symbol="PBF"
open="48.99"
high="50.43"
low="48.78"
price="49.84"
volume="2531505.00"
latest_trading_day="2023-08-11"
previous_close="48.58"
change="1.26"
change_percent="2.5937%"
aroon_positive_momentum_days="42"
aroon_negative_momentum_days="0"
trend_strength="Absent or Weak Trend"
buying_signal="Strong Buy Signal"
volume_analysis="Target Volume"
value_analysis="Expected Range"
Aroon_change="FALSE"
Aroon_momentum="42"
Volume_recent_avg="2644070"
Change_recent_avg="0.07"
Delta_recent_avg="1.63"
Variance_recent_avg="0.82"
Change_ratio_recent_avg="0.11"
RSI_change="FALSE"
ADX_change="FALSE"

event="FALSE"
Aroon_signal="positive"
Aroon_change="FALSE"
Aroon_momentum_positive="42"
Aroon_momentum_negative="58"
image_negative_thumbnail_id_1="141"
image_negative_url_1="https://hehge.com/wp-content/uploads/sites/16/2023/05/MI_Finance_Negative_Landscape_0035.jpeg"
image_negative_thumbnail_id_2="92"
image_negative_url_2="https://hehge.com/wp-content/uploads/sites/16/2023/05/MI_Finance_Negative_Landscape_0084.jpeg"
image_neutral_thumbnail_id_1="577"
image_neutral_url_1="https://hehge.com/wp-content/uploads/sites/16/2023/06/MI_Finance_Neutral_Landscape_0022.jpeg"
image_neutral_thumbnail_id_2="589"
image_neutral_url_2="https://hehge.com/wp-content/uploads/sites/16/2023/06/MI_Finance_Neutral_Landscape_0010.jpeg"
image_positive_thumbnail_id_1="958"
image_positive_url_1="https://hehge.com/wp-content/uploads/sites/16/2023/06/MI_Finance_Positive_Landscape_0120.jpeg"
image_positive_thumbnail_id_2="1006"
image_positive_url_2="https://hehge.com/wp-content/uploads/sites/16/2023/06/MI_Finance_Positive_Landscape_0168.jpeg"
image_professor_thumbnail_id_1="1202"
image_professor_url_1="https://hehge.com/wp-content/uploads/sites/16/2023/06/MI_Finance_Professor_Landscape_0036.jpeg"
image_professor_thumbnail_id_2="1198"
image_professor_url_2="https://hehge.com/wp-content/uploads/sites/16/2023/06/MI_Finance_Professor_Landscape_0032.jpeg"
