Symbol="MRTN"
AssetType="Common Stock"
Name="Marten Transport Ltd"
Description="Marten Transport, Ltd. is a temperature sensitive cargo truck for carriers in the United States, Canada and Mexico. The company is headquartered in Mondovi, Wisconsin."
CIK="799167"
Exchange="NASDAQ"
Currency="USD"
Country="USA"
Sector="ENERGY & TRANSPORTATION"
Industry="TRUCKING (NO LOCAL)"
Address="129 MARTEN ST, MONDOVI, WI, US"
FiscalYearEnd="December"
LatestQuarter="2023-06-30"
MarketCapitalization="1730096000"
EBITDA="243619000"
PERatio="16.12"
PEGRatio="3.2"
BookValue="8.88"
DividendPerShare="0.24"
DividendYield="0.0113"
EPS="1.32"
RevenuePerShareTTM="15.69"
ProfitMargin="0.0826"
OperatingMarginTTM="0.096"
ReturnOnAssetsTTM="0.0821"
ReturnOnEquityTTM="0.154"
RevenueTTM="1274620000"
GrossProfitTTM="340334000"
DilutedEPSTTM="1.32"
QuarterlyEarningsGrowthYOY="-0.16"
QuarterlyRevenueGrowthYOY="0.037"
AnalystTargetPrice="25.5"
TrailingPE="16.12"
ForwardPE="-"
PriceToSalesRatioTTM="1.377"
PriceToBookRatio="2.495"
EVToRevenue="1.351"
EVToEBITDA="6.98"
Beta="0.879"
num_52WeekHigh="23.16"
num_52WeekLow="17.49"
num_50DayMovingAverage="21.26"
num_200DayMovingAverage="20.75"
SharesOutstanding="81234000"
DividendDate="2023-06-30"
ExDividendDate="2023-06-15"
symbol="MRTN"
open="21.28"
high="21.52"
low="21.21"
price="21.41"
volume="214549.00"
latest_trading_day="2023-07-25"
previous_close="21.28"
change="0.13"
change_percent="0.6109%"
aroon_positive_momentum_days="66"
aroon_negative_momentum_days="0"
trend_strength="Absent or Weak Trend"
buying_signal="Weak Buy Signal"
volume_analysis="Target Volume"
value_analysis="Expected Range"
Aroon_change="FALSE"
Aroon_momentum="66"
Volume_recent_avg="317186"
Change_recent_avg="0.01"
Delta_recent_avg="0.51"
Variance_recent_avg="0.25"
Change_ratio_recent_avg="0.04"
RSI_change="FALSE"
ADX_change="FALSE"

event="FALSE"
Aroon_signal="positive"
Aroon_change="FALSE"
Aroon_momentum_positive="66"
Aroon_momentum_negative="34"
image_negative_thumbnail_id_1="140"
image_negative_url_1="https://hehge.com/wp-content/uploads/sites/16/2023/05/MI_Finance_Negative_Landscape_0036.jpeg"
image_negative_thumbnail_id_2="1099"
image_negative_url_2="https://hehge.com/wp-content/uploads/sites/16/2023/06/MI_Finance_Negative_Landscape_0132.jpeg"
image_neutral_thumbnail_id_1="581"
image_neutral_url_1="https://hehge.com/wp-content/uploads/sites/16/2023/06/MI_Finance_Neutral_Landscape_0018.jpeg"
image_neutral_thumbnail_id_2="525"
image_neutral_url_2="https://hehge.com/wp-content/uploads/sites/16/2023/06/MI_Finance_Neutral_Landscape_0074.jpeg"
image_positive_thumbnail_id_1="1006"
image_positive_url_1="https://hehge.com/wp-content/uploads/sites/16/2023/06/MI_Finance_Positive_Landscape_0168.jpeg"
image_positive_thumbnail_id_2="976"
image_positive_url_2="https://hehge.com/wp-content/uploads/sites/16/2023/06/MI_Finance_Positive_Landscape_0138.jpeg"
image_professor_thumbnail_id_1="1196"
image_professor_url_1="https://hehge.com/wp-content/uploads/sites/16/2023/06/MI_Finance_Professor_Landscape_0030.jpeg"
image_professor_thumbnail_id_2="1184"
image_professor_url_2="https://hehge.com/wp-content/uploads/sites/16/2023/06/MI_Finance_Professor_Landscape_0018.jpeg"
