Symbol="CCJ"
AssetType="Common Stock"
Name="Cameco Corp"
Description="Cameco Corporation produces and sells uranium. The company is headquartered in Saskatoon, Canada."
CIK="1009001"
Exchange="NYSE"
Currency="USD"
Country="USA"
Sector="ENERGY & TRANSPORTATION"
Industry="MISCELLANEOUS METAL ORES"
Address="2121 11TH ST W, SASKATOON, SK, CA"
FiscalYearEnd="December"
LatestQuarter="2023-03-31"
MarketCapitalization="14264073000"
EBITDA="529140000"
PERatio="113.59"
PEGRatio="3.33"
BookValue="13.76"
DividendPerShare="0.12"
DividendYield="0.0028"
EPS="0.29"
RevenuePerShareTTM="5.21"
ProfitMargin="0.0779"
OperatingMarginTTM="0.132"
ReturnOnAssetsTTM="0.0221"
ReturnOnEquityTTM="0.031"
RevenueTTM="2156940000"
GrossProfitTTM="629106000"
DilutedEPSTTM="0.29"
QuarterlyEarningsGrowthYOY="1.7"
QuarterlyRevenueGrowthYOY="0.726"
AnalystTargetPrice="37.36"
TrailingPE="113.59"
ForwardPE="30.4"
PriceToSalesRatioTTM="5.19"
PriceToBookRatio="2.607"
EVToRevenue="5.15"
EVToEBITDA="23.9"
Beta="0.947"
num_52WeekHigh="33.03"
num_52WeekLow="20.94"
num_50DayMovingAverage="29.72"
num_200DayMovingAverage="26.29"
SharesOutstanding="433032000"
DividendDate="2022-12-15"
ExDividendDate="2022-11-29"
symbol="CCJ"
open="31.70"
high="33.03"
low="31.59"
price="32.94"
volume="6058820.00"
latest_trading_day="2023-07-18"
previous_close="31.63"
change="1.31"
change_percent="4.1416%"
aroon_positive_momentum_days="72"
aroon_negative_momentum_days="0"
trend_strength="Absent or Weak Trend"
buying_signal="Strong Buy Signal"
volume_analysis="Target Volume"
value_analysis="Expected Range"
Aroon_change="FALSE"
Aroon_momentum="72"
Volume_recent_avg="4184589"
Change_recent_avg="0.06"
Delta_recent_avg="0.87"
Variance_recent_avg="0.43"
Change_ratio_recent_avg="0.17"
RSI_change="FALSE"
ADX_change="FALSE"

event="FALSE"
Aroon_signal="positive"
Aroon_change="FALSE"
Aroon_momentum_positive="72"
Aroon_momentum_negative="28"
image_negative_thumbnail_id_1="131"
image_negative_url_1="https://hehge.com/wp-content/uploads/sites/16/2023/05/MI_Finance_Negative_Landscape_0045.jpeg"
image_negative_thumbnail_id_2="1137"
image_negative_url_2="https://hehge.com/wp-content/uploads/sites/16/2023/06/MI_Finance_Negative_Landscape_0170.jpeg"
image_neutral_thumbnail_id_1="541"
image_neutral_url_1="https://hehge.com/wp-content/uploads/sites/16/2023/06/MI_Finance_Neutral_Landscape_0058.jpeg"
image_neutral_thumbnail_id_2="532"
image_neutral_url_2="https://hehge.com/wp-content/uploads/sites/16/2023/06/MI_Finance_Neutral_Landscape_0067.jpeg"
image_positive_thumbnail_id_1="615"
image_positive_url_1="https://hehge.com/wp-content/uploads/sites/16/2023/06/MI_Finance_Positive_Landscape_0093.jpeg"
image_positive_thumbnail_id_2="957"
image_positive_url_2="https://hehge.com/wp-content/uploads/sites/16/2023/06/MI_Finance_Positive_Landscape_0119.jpeg"
image_professor_thumbnail_id_1="1188"
image_professor_url_1="https://hehge.com/wp-content/uploads/sites/16/2023/06/MI_Finance_Professor_Landscape_0022.jpeg"
image_professor_thumbnail_id_2="1199"
image_professor_url_2="https://hehge.com/wp-content/uploads/sites/16/2023/06/MI_Finance_Professor_Landscape_0033.jpeg"
