Symbol="PPTA"
AssetType="Common Stock"
Name="Perpetua Resources Corp"
Description="Perpetua Resources Corp. The company is headquartered in Boise, Idaho."
CIK="1526243"
Exchange="NASDAQ"
Currency="USD"
Country="USA"
Sector="ENERGY & TRANSPORTATION"
Industry="GOLD AND SILVER ORES"
Address="405 S. 8TH STREET, BOISE, ID, US"
FiscalYearEnd="December"
LatestQuarter="2023-06-30"
MarketCapitalization="232306000"
EBITDA="-30950804"
PERatio="None"
PEGRatio="None"
BookValue="1.192"
DividendPerShare="0"
DividendYield="0"
EPS="-0.52"
RevenuePerShareTTM="0"
ProfitMargin="0"
OperatingMarginTTM="0"
ReturnOnAssetsTTM="-0.188"
ReturnOnEquityTTM="-0.324"
RevenueTTM="0"
GrossProfitTTM="0"
DilutedEPSTTM="-0.52"
QuarterlyEarningsGrowthYOY="0"
QuarterlyRevenueGrowthYOY="0"
AnalystTargetPrice="11.44"
TrailingPE="-"
ForwardPE="-"
PriceToSalesRatioTTM="-"
PriceToBookRatio="1.219"
EVToRevenue="-"
EVToEBITDA="-3.057"
Beta="0.895"
num_52WeekHigh="5.49"
num_52WeekLow="1.69"
num_50DayMovingAverage="3.59"
num_200DayMovingAverage="3.599"
SharesOutstanding="63165000"
DividendDate="2021-01-29"
ExDividendDate="None"
symbol="PPTA"
open="3.65"
high="3.72"
low="3.42"
price="3.59"
volume="128875.00"
latest_trading_day="2023-08-24"
previous_close="3.53"
change="0.06"
change_percent="1.6997%"
aroon_positive_momentum_days="0"
aroon_negative_momentum_days="44"
trend_strength="Absent or Weak Trend"
buying_signal="Strong Sell Signal"
volume_analysis="Target Volume"
value_analysis="Expected Range"
Aroon_change="FALSE"
Aroon_momentum="56"
Volume_recent_avg="182870"
Change_recent_avg="0.01"
Delta_recent_avg="0.25"
Variance_recent_avg="0.12"
Change_ratio_recent_avg="-0.17"
RSI_change="FALSE"
ADX_change="FALSE"

event="FALSE"
Aroon_signal="negative"
Aroon_change="FALSE"
Aroon_momentum_positive="56"
Aroon_momentum_negative="44"
image_negative_thumbnail_id_1="118"
image_negative_url_1="https://hehge.com/wp-content/uploads/sites/16/2023/05/MI_Finance_Negative_Landscape_0058.jpeg"
image_negative_thumbnail_id_2="166"
image_negative_url_2="https://hehge.com/wp-content/uploads/sites/16/2023/05/MI_Finance_Negative_Landscape_0010.jpeg"
image_neutral_thumbnail_id_1="521"
image_neutral_url_1="https://hehge.com/wp-content/uploads/sites/16/2023/06/MI_Finance_Neutral_Landscape_0078.jpeg"
image_neutral_thumbnail_id_2="594"
image_neutral_url_2="https://hehge.com/wp-content/uploads/sites/16/2023/06/MI_Finance_Neutral_Landscape_0005.jpeg"
image_positive_thumbnail_id_1="987"
image_positive_url_1="https://hehge.com/wp-content/uploads/sites/16/2023/06/MI_Finance_Positive_Landscape_0149.jpeg"
image_positive_thumbnail_id_2="691"
image_positive_url_2="https://hehge.com/wp-content/uploads/sites/16/2023/06/MI_Finance_Positive_Landscape_0017.jpeg"
image_professor_thumbnail_id_1="1185"
image_professor_url_1="https://hehge.com/wp-content/uploads/sites/16/2023/06/MI_Finance_Professor_Landscape_0019.jpeg"
image_professor_thumbnail_id_2="1192"
image_professor_url_2="https://hehge.com/wp-content/uploads/sites/16/2023/06/MI_Finance_Professor_Landscape_0026.jpeg"
