Symbol="CMP"
AssetType="Common Stock"
Name="Compass Minerals International Inc"
Description="Compass Minerals International, Inc., produces and sells essential minerals primarily in the United States, Canada, Brazil, the United Kingdom, and internationally. The company is headquartered in Overland Park, Kansas."
CIK="1227654"
Exchange="NYSE"
Currency="USD"
Country="USA"
Sector="ENERGY & TRANSPORTATION"
Industry="MINING & QUARRYING OF NONMETALLIC MINERALS (NO FUELS)"
Address="9900 W. 109TH STREET, SUITE 100, OVERLAND PARK, KS, US"
FiscalYearEnd="December"
LatestQuarter="2023-03-31"
MarketCapitalization="1477314000"
EBITDA="187900000"
PERatio="64.97"
PEGRatio="1.423"
BookValue="11.8"
DividendPerShare="0.6"
DividendYield="0.0169"
EPS="-0.995"
RevenuePerShareTTM="32.92"
ProfitMargin="-0.0304"
OperatingMarginTTM="0.0668"
ReturnOnAssetsTTM="0.0299"
ReturnOnEquityTTM="-9.98"
RevenueTTM="1227600000"
GrossProfitTTM="196800000"
DilutedEPSTTM="-1.01"
QuarterlyEarningsGrowthYOY="-0.917"
QuarterlyRevenueGrowthYOY="-0.083"
AnalystTargetPrice="51.33"
TrailingPE="-"
ForwardPE="24.57"
PriceToSalesRatioTTM="1.385"
PriceToBookRatio="6.94"
EVToRevenue="2.158"
EVToEBITDA="49.45"
Beta="1.571"
num_52WeekHigh="47.29"
num_52WeekLow="28.77"
num_50DayMovingAverage="33.94"
num_200DayMovingAverage="37.92"
SharesOutstanding="41139300"
DividendDate="2023-06-20"
ExDividendDate="2023-06-08"
symbol="CMP"
open="36.07"
high="36.07"
low="34.70"
price="35.24"
volume="212851.00"
latest_trading_day="2023-07-21"
previous_close="35.91"
change="-0.67"
change_percent="-1.8658%"
aroon_positive_momentum_days="31"
aroon_negative_momentum_days="0"
trend_strength="Absent or Weak Trend"
buying_signal="Weak Buy Signal"
volume_analysis="Target Volume"
value_analysis="Expected Range"
Aroon_change="FALSE"
Aroon_momentum="31"
Volume_recent_avg="346601"
Change_recent_avg="-0.05"
Delta_recent_avg="1.11"
Variance_recent_avg="0.55"
Change_ratio_recent_avg="-0.17"
RSI_change="FALSE"
ADX_change="FALSE"

event="FALSE"
Aroon_signal="positive"
Aroon_change="FALSE"
Aroon_momentum_positive="31"
Aroon_momentum_negative="69"
image_negative_thumbnail_id_1="1104"
image_negative_url_1="https://hehge.com/wp-content/uploads/sites/16/2023/06/MI_Finance_Negative_Landscape_0137.jpeg"
image_negative_thumbnail_id_2="1143"
image_negative_url_2="https://hehge.com/wp-content/uploads/sites/16/2023/06/MI_Finance_Negative_Landscape_0176.jpeg"
image_neutral_thumbnail_id_1="530"
image_neutral_url_1="https://hehge.com/wp-content/uploads/sites/16/2023/06/MI_Finance_Neutral_Landscape_0069.jpeg"
image_neutral_thumbnail_id_2="552"
image_neutral_url_2="https://hehge.com/wp-content/uploads/sites/16/2023/06/MI_Finance_Neutral_Landscape_0047.jpeg"
image_positive_thumbnail_id_1="662"
image_positive_url_1="https://hehge.com/wp-content/uploads/sites/16/2023/06/MI_Finance_Positive_Landscape_0046.jpeg"
image_positive_thumbnail_id_2="632"
image_positive_url_2="https://hehge.com/wp-content/uploads/sites/16/2023/06/MI_Finance_Positive_Landscape_0076.jpeg"
image_professor_thumbnail_id_1="1177"
image_professor_url_1="https://hehge.com/wp-content/uploads/sites/16/2023/06/MI_Finance_Professor_Landscape_0011.jpeg"
image_professor_thumbnail_id_2="1170"
image_professor_url_2="https://hehge.com/wp-content/uploads/sites/16/2023/06/MI_Finance_Professor_Landscape_0004.jpeg"
