Symbol="XPRO"
AssetType="Common Stock"
Name="Expro Group Holdings NV"
Description="Expro Group Holdings NV is dedicated to providing energy services. The company is headquartered in Houston, Texas."
CIK="1575828"
Exchange="NYSE"
Currency="USD"
Country="USA"
Sector="ENERGY & TRANSPORTATION"
Industry="OIL & GAS FIELD SERVICES, NEC"
Address="MASTENMAKERSWEG 1, DEN HELDER, NL"
FiscalYearEnd="December"
LatestQuarter="2023-03-31"
MarketCapitalization="2389024000"
EBITDA="173995000"
PERatio="None"
PEGRatio="None"
BookValue="11.7"
DividendPerShare="0"
DividendYield="0"
EPS="-0.15"
RevenuePerShareTTM="12.28"
ProfitMargin="-0.0115"
OperatingMarginTTM="0.0258"
ReturnOnAssetsTTM="0.0115"
ReturnOnEquityTTM="-0.012"
RevenueTTM="1338220000"
GrossProfitTTM="222062000"
DilutedEPSTTM="-0.15"
QuarterlyEarningsGrowthYOY="0"
QuarterlyRevenueGrowthYOY="0.21"
AnalystTargetPrice="25"
TrailingPE="-"
ForwardPE="20.08"
PriceToSalesRatioTTM="1.365"
PriceToBookRatio="1.341"
EVToRevenue="1.255"
EVToEBITDA="17.25"
Beta="None"
num_52WeekHigh="24.04"
num_52WeekLow="10.76"
num_50DayMovingAverage="18.19"
num_200DayMovingAverage="18.36"
SharesOutstanding="108592000"
DividendDate="2017-09-15"
ExDividendDate="None"
symbol="XPRO"
open="21.80"
high="22.14"
low="21.40"
price="22.00"
volume="750157.00"
latest_trading_day="2023-07-21"
previous_close="21.80"
change="0.20"
change_percent="0.9174%"
aroon_positive_momentum_days="39"
aroon_negative_momentum_days="0"
trend_strength="Absent or Weak Trend"
buying_signal="Weak Buy Signal"
volume_analysis="Target Volume"
value_analysis="Expected Range"
Aroon_change="FALSE"
Aroon_momentum="39"
Volume_recent_avg="677207"
Change_recent_avg="0.03"
Delta_recent_avg="0.74"
Variance_recent_avg="0.37"
Change_ratio_recent_avg="0.13"
RSI_change="FALSE"
ADX_change="FALSE"

event="FALSE"
Aroon_signal="positive"
Aroon_change="FALSE"
Aroon_momentum_positive="39"
Aroon_momentum_negative="61"
image_negative_thumbnail_id_1="1086"
image_negative_url_1="https://hehge.com/wp-content/uploads/sites/16/2023/06/MI_Finance_Negative_Landscape_0119.jpeg"
image_negative_thumbnail_id_2="152"
image_negative_url_2="https://hehge.com/wp-content/uploads/sites/16/2023/05/MI_Finance_Negative_Landscape_0024.jpeg"
image_neutral_thumbnail_id_1="560"
image_neutral_url_1="https://hehge.com/wp-content/uploads/sites/16/2023/06/MI_Finance_Neutral_Landscape_0039.jpeg"
image_neutral_thumbnail_id_2="593"
image_neutral_url_2="https://hehge.com/wp-content/uploads/sites/16/2023/06/MI_Finance_Neutral_Landscape_0006.jpeg"
image_positive_thumbnail_id_1="993"
image_positive_url_1="https://hehge.com/wp-content/uploads/sites/16/2023/06/MI_Finance_Positive_Landscape_0155.jpeg"
image_positive_thumbnail_id_2="1001"
image_positive_url_2="https://hehge.com/wp-content/uploads/sites/16/2023/06/MI_Finance_Positive_Landscape_0163.jpeg"
image_professor_thumbnail_id_1="1180"
image_professor_url_1="https://hehge.com/wp-content/uploads/sites/16/2023/06/MI_Finance_Professor_Landscape_0014.jpeg"
image_professor_thumbnail_id_2="1191"
image_professor_url_2="https://hehge.com/wp-content/uploads/sites/16/2023/06/MI_Finance_Professor_Landscape_0025.jpeg"
