Symbol="SLCA"
AssetType="Common Stock"
Name="US Silica Holdings Inc"
Description="US Silica Holdings, Inc. produces and sells commercial silica in the United States. The company is headquartered in Katy, Texas."
CIK="1524741"
Exchange="NYSE"
Currency="USD"
Country="USA"
Sector="ENERGY & TRANSPORTATION"
Industry="MINING & QUARRYING OF NONMETALLIC MINERALS (NO FUELS)"
Address="8490 PROGRESS DRIVE, SUITE 300, FREDERICK, MD, US"
FiscalYearEnd="December"
LatestQuarter="2023-03-31"
MarketCapitalization="1011063000"
EBITDA="397586000"
PERatio="7.65"
PEGRatio="0.21"
BookValue="9.52"
DividendPerShare="0"
DividendYield="0.0362"
EPS="1.71"
RevenuePerShareTTM="21.92"
ProfitMargin="0.0789"
OperatingMarginTTM="0.155"
ReturnOnAssetsTTM="0.0758"
ReturnOnEquityTTM="0.194"
RevenueTTM="1662500000"
GrossProfitTTM="454958000"
DilutedEPSTTM="1.71"
QuarterlyEarningsGrowthYOY="-0.147"
QuarterlyRevenueGrowthYOY="0.451"
AnalystTargetPrice="17.33"
TrailingPE="7.65"
ForwardPE="-"
PriceToSalesRatioTTM="0.655"
PriceToBookRatio="1.404"
EVToRevenue="1.332"
EVToEBITDA="7.25"
Beta="2.582"
num_52WeekHigh="15.83"
num_52WeekLow="10.36"
num_50DayMovingAverage="12.45"
num_200DayMovingAverage="12.4"
SharesOutstanding="77064000"
DividendDate="2020-04-03"
ExDividendDate="2020-03-12"
symbol="SLCA"
open="13.16"
high="13.27"
low="12.96"
price="13.08"
volume="442294.00"
latest_trading_day="2023-07-21"
previous_close="13.15"
change="-0.07"
change_percent="-0.5323%"
aroon_positive_momentum_days="37"
aroon_negative_momentum_days="0"
trend_strength="Absent or Weak Trend"
buying_signal="Weak Buy Signal"
volume_analysis="Target Volume"
value_analysis="Expected Range"
Aroon_change="FALSE"
Aroon_momentum="37"
Volume_recent_avg="835261"
Change_recent_avg="0.01"
Delta_recent_avg="0.52"
Variance_recent_avg="0.26"
Change_ratio_recent_avg="0.04"
RSI_change="FALSE"
ADX_change="FALSE"

event="FALSE"
Aroon_signal="positive"
Aroon_change="FALSE"
Aroon_momentum_positive="37"
Aroon_momentum_negative="63"
image_negative_thumbnail_id_1="1128"
image_negative_url_1="https://hehge.com/wp-content/uploads/sites/16/2023/06/MI_Finance_Negative_Landscape_0161.jpeg"
image_negative_thumbnail_id_2="138"
image_negative_url_2="https://hehge.com/wp-content/uploads/sites/16/2023/05/MI_Finance_Negative_Landscape_0038.jpeg"
image_neutral_thumbnail_id_1="578"
image_neutral_url_1="https://hehge.com/wp-content/uploads/sites/16/2023/06/MI_Finance_Neutral_Landscape_0021.jpeg"
image_neutral_thumbnail_id_2="558"
image_neutral_url_2="https://hehge.com/wp-content/uploads/sites/16/2023/06/MI_Finance_Neutral_Landscape_0041.jpeg"
image_positive_thumbnail_id_1="600"
image_positive_url_1="https://hehge.com/wp-content/uploads/sites/16/2023/06/MI_Finance_Positive_Landscape_0108.jpeg"
image_positive_thumbnail_id_2="618"
image_positive_url_2="https://hehge.com/wp-content/uploads/sites/16/2023/06/MI_Finance_Positive_Landscape_0090.jpeg"
image_professor_thumbnail_id_1="1198"
image_professor_url_1="https://hehge.com/wp-content/uploads/sites/16/2023/06/MI_Finance_Professor_Landscape_0032.jpeg"
image_professor_thumbnail_id_2="1190"
image_professor_url_2="https://hehge.com/wp-content/uploads/sites/16/2023/06/MI_Finance_Professor_Landscape_0024.jpeg"
