Symbol="AMLI"
AssetType="Common Stock"
Name="American Lithium Corp. Common Stock"
Description="American Lithium Corp. The company is headquartered in Vancouver, Canada."
CIK="1699880"
Exchange="NASDAQ"
Currency="USD"
Country="USA"
Sector="ENERGY & TRANSPORTATION"
Industry="METAL MINING"
Address="1030 WEST GEORGIA ST., SUITE 710, VANCOUVER, DC, CA"
FiscalYearEnd="February"
LatestQuarter="2023-02-28"
MarketCapitalization="433361000"
EBITDA="-35708048"
PERatio="None"
PEGRatio="None"
BookValue="0.899"
DividendPerShare="0"
DividendYield="0"
EPS="-0.14"
RevenuePerShareTTM="0"
ProfitMargin="0"
OperatingMarginTTM="0"
ReturnOnAssetsTTM="-0.115"
ReturnOnEquityTTM="-0.186"
RevenueTTM="0"
GrossProfitTTM="0"
DilutedEPSTTM="-0.14"
QuarterlyEarningsGrowthYOY="0"
QuarterlyRevenueGrowthYOY="0"
AnalystTargetPrice="None"
TrailingPE="-"
ForwardPE="-"
PriceToSalesRatioTTM="-"
PriceToBookRatio="-"
EVToRevenue="-"
EVToEBITDA="-"
Beta="2.207"
num_52WeekHigh="3.83"
num_52WeekLow="1.78"
num_50DayMovingAverage="2.051"
num_200DayMovingAverage="2.189"
SharesOutstanding="214535000"
DividendDate="2017-08-28"
ExDividendDate="None"
symbol="AMLI"
open="2.14"
high="2.14"
low="2.02"
price="2.02"
volume="570499.00"
latest_trading_day="2023-07-14"
previous_close="2.17"
change="-0.15"
change_percent="-6.9124%"
aroon_positive_momentum_days="31"
aroon_negative_momentum_days="0"
trend_strength="Absent or Weak Trend"
buying_signal="High Volatility / Hold Signal"
volume_analysis="Target Volume"
value_analysis="Expected Range"
Aroon_change="FALSE"
Aroon_momentum="31"
Volume_recent_avg="424256"
Change_recent_avg="0.01"
Delta_recent_avg="0.12"
Variance_recent_avg="0.06"
Change_ratio_recent_avg="-0.18"
RSI_change="FALSE"
ADX_change="FALSE"

event="FALSE"
Aroon_signal="positive"
Aroon_change="FALSE"
Aroon_momentum_positive="31"
Aroon_momentum_negative="69"
image_negative_thumbnail_id_1="1115"
image_negative_url_1="https://hehge.com/wp-content/uploads/sites/16/2023/06/MI_Finance_Negative_Landscape_0148.jpeg"
image_negative_thumbnail_id_2="1146"
image_negative_url_2="https://hehge.com/wp-content/uploads/sites/16/2023/06/MI_Finance_Negative_Landscape_0179.jpeg"
image_neutral_thumbnail_id_1="557"
image_neutral_url_1="https://hehge.com/wp-content/uploads/sites/16/2023/06/MI_Finance_Neutral_Landscape_0042.jpeg"
image_neutral_thumbnail_id_2="555"
image_neutral_url_2="https://hehge.com/wp-content/uploads/sites/16/2023/06/MI_Finance_Neutral_Landscape_0044.jpeg"
image_positive_thumbnail_id_1="607"
image_positive_url_1="https://hehge.com/wp-content/uploads/sites/16/2023/06/MI_Finance_Positive_Landscape_0101.jpeg"
image_positive_thumbnail_id_2="655"
image_positive_url_2="https://hehge.com/wp-content/uploads/sites/16/2023/06/MI_Finance_Positive_Landscape_0053.jpeg"
image_professor_thumbnail_id_1="1168"
image_professor_url_1="https://hehge.com/wp-content/uploads/sites/16/2023/06/MI_Finance_Professor_Landscape_0002.jpeg"
image_professor_thumbnail_id_2="1192"
image_professor_url_2="https://hehge.com/wp-content/uploads/sites/16/2023/06/MI_Finance_Professor_Landscape_0026.jpeg"
