Symbol="PCYO"
AssetType="Common Stock"
Name="Pure Cycle Corporation"
Description="Pure Cycle Corporation designs, builds, operates and maintains water and wastewater systems in the Denver metropolitan area and Colorado Front Range in the United States. The company is headquartered in Watkins, Colorado."
CIK="276720"
Exchange="NASDAQ"
Currency="USD"
Country="USA"
Sector="ENERGY & TRANSPORTATION"
Industry="WATER SUPPLY"
Address="1490 LAFAYETTE STREET, SUITE 203, DENVER, CO, US"
FiscalYearEnd="August"
LatestQuarter="2023-05-31"
MarketCapitalization="292025000"
EBITDA="10900000"
PERatio="31.13"
PEGRatio="0"
BookValue="4.872"
DividendPerShare="0"
DividendYield="0"
EPS="0.39"
RevenuePerShareTTM="0.92"
ProfitMargin="0.417"
OperatingMarginTTM="0.385"
ReturnOnAssetsTTM="0.0437"
ReturnOnEquityTTM="0.0821"
RevenueTTM="22089000"
GrossProfitTTM="18114000"
DilutedEPSTTM="0.39"
QuarterlyEarningsGrowthYOY="3.566"
QuarterlyRevenueGrowthYOY="1.158"
AnalystTargetPrice="6.55"
TrailingPE="31.13"
ForwardPE="-"
PriceToSalesRatioTTM="10.9"
PriceToBookRatio="2.229"
EVToRevenue="9.61"
EVToEBITDA="14.82"
Beta="0.947"
num_52WeekHigh="13.07"
num_52WeekLow="7.77"
num_50DayMovingAverage="11.37"
num_200DayMovingAverage="9.97"
SharesOutstanding="24054800"
DividendDate="None"
ExDividendDate="None"
symbol="PCYO"
open="12.11"
high="12.28"
low="12.11"
price="12.14"
volume="17010.00"
latest_trading_day="2023-08-11"
previous_close="12.04"
change="0.10"
change_percent="0.8306%"
aroon_positive_momentum_days="82"
aroon_negative_momentum_days="0"
trend_strength="Absent or Weak Trend"
buying_signal="Weak Buy Signal"
volume_analysis="Target Volume"
value_analysis="Expected Range"
Aroon_change="FALSE"
Aroon_momentum="82"
Volume_recent_avg="64750"
Change_recent_avg="0.03"
Delta_recent_avg="0.31"
Variance_recent_avg="0.15"
Change_ratio_recent_avg="0.28"
RSI_change="FALSE"
ADX_change="FALSE"

event="FALSE"
Aroon_signal="positive"
Aroon_change="FALSE"
Aroon_momentum_positive="82"
Aroon_momentum_negative="18"
image_negative_thumbnail_id_1="1106"
image_negative_url_1="https://hehge.com/wp-content/uploads/sites/16/2023/06/MI_Finance_Negative_Landscape_0139.jpeg"
image_negative_thumbnail_id_2="1144"
image_negative_url_2="https://hehge.com/wp-content/uploads/sites/16/2023/06/MI_Finance_Negative_Landscape_0177.jpeg"
image_neutral_thumbnail_id_1="524"
image_neutral_url_1="https://hehge.com/wp-content/uploads/sites/16/2023/06/MI_Finance_Neutral_Landscape_0075.jpeg"
image_neutral_thumbnail_id_2="565"
image_neutral_url_2="https://hehge.com/wp-content/uploads/sites/16/2023/06/MI_Finance_Neutral_Landscape_0034.jpeg"
image_positive_thumbnail_id_1="612"
image_positive_url_1="https://hehge.com/wp-content/uploads/sites/16/2023/06/MI_Finance_Positive_Landscape_0096.jpeg"
image_positive_thumbnail_id_2="674"
image_positive_url_2="https://hehge.com/wp-content/uploads/sites/16/2023/06/MI_Finance_Positive_Landscape_0034.jpeg"
image_professor_thumbnail_id_1="1185"
image_professor_url_1="https://hehge.com/wp-content/uploads/sites/16/2023/06/MI_Finance_Professor_Landscape_0019.jpeg"
image_professor_thumbnail_id_2="1201"
image_professor_url_2="https://hehge.com/wp-content/uploads/sites/16/2023/06/MI_Finance_Professor_Landscape_0035.jpeg"
