Symbol="CHKEL"
AssetType="Common Stock"
Name="Chesapeake Energy Corporation"
Description="Chesapeake Energy Corporation is engaged in the acquisition, exploration and development of properties for the production of oil, natural gas and natural gas liquids (NGL) from underground reservoirs in the United States. The company is headquartered in Oklahoma City, Oklahoma."
CIK="895126"
Exchange="NASDAQ"
Currency="USD"
Country="USA"
Sector="ENERGY & TRANSPORTATION"
Industry="CRUDE PETROLEUM & NATURAL GAS"
Address="6100 N WESTERN AVE, OKLAHOMA CITY, OK, US"
FiscalYearEnd="December"
LatestQuarter="2023-03-31"
MarketCapitalization="5281215000"
EBITDA="9907000000"
PERatio="None"
PEGRatio="None"
BookValue="None"
DividendPerShare="None"
DividendYield="0"
EPS="None"
RevenuePerShareTTM="529.58"
ProfitMargin="-1.879"
OperatingMarginTTM="-0.0091"
ReturnOnAssetsTTM="-0.0026"
ReturnOnEquityTTM="0"
RevenueTTM="5179000000"
GrossProfitTTM="0"
DilutedEPSTTM="0"
QuarterlyEarningsGrowthYOY="0"
QuarterlyRevenueGrowthYOY="-0.359"
AnalystTargetPrice="None"
TrailingPE="-"
ForwardPE="-"
PriceToSalesRatioTTM="-"
PriceToBookRatio="-"
EVToRevenue="-"
EVToEBITDA="-"
Beta="0.711"
num_52WeekHigh="88"
num_52WeekLow="50.78"
num_50DayMovingAverage="63.1"
num_200DayMovingAverage="68.38"
SharesOutstanding="0"
DividendDate="None"
ExDividendDate="None"
symbol="CHKEL"
open="66.25"
high="66.25"
low="66.25"
price="66.25"
volume="491.00"
latest_trading_day="2023-07-31"
previous_close="63.66"
change="2.59"
change_percent="4.0685%"
aroon_positive_momentum_days="40"
aroon_negative_momentum_days="0"
trend_strength="Absent or Weak Trend"
buying_signal="Weak Buy Signal"
volume_analysis="Target Volume"
value_analysis="Expected Range"
Aroon_change="FALSE"
Aroon_momentum="40"
Volume_recent_avg="448"
Change_recent_avg="0.1"
Delta_recent_avg="0.22"
Variance_recent_avg="0.11"
Change_ratio_recent_avg="0.16"
RSI_change="FALSE"
ADX_change="FALSE"

event="FALSE"
Aroon_signal="positive"
Aroon_change="FALSE"
Aroon_momentum_positive="40"
Aroon_momentum_negative="60"
image_negative_thumbnail_id_1="1144"
image_negative_url_1="https://hehge.com/wp-content/uploads/sites/16/2023/06/MI_Finance_Negative_Landscape_0177.jpeg"
image_negative_thumbnail_id_2="1148"
image_negative_url_2="https://hehge.com/wp-content/uploads/sites/16/2023/06/MI_Finance_Negative_Landscape_0181.jpeg"
image_neutral_thumbnail_id_1="534"
image_neutral_url_1="https://hehge.com/wp-content/uploads/sites/16/2023/06/MI_Finance_Neutral_Landscape_0065.jpeg"
image_neutral_thumbnail_id_2="590"
image_neutral_url_2="https://hehge.com/wp-content/uploads/sites/16/2023/06/MI_Finance_Neutral_Landscape_0009.jpeg"
image_positive_thumbnail_id_1="637"
image_positive_url_1="https://hehge.com/wp-content/uploads/sites/16/2023/06/MI_Finance_Positive_Landscape_0071.jpeg"
image_positive_thumbnail_id_2="601"
image_positive_url_2="https://hehge.com/wp-content/uploads/sites/16/2023/06/MI_Finance_Positive_Landscape_0107.jpeg"
image_professor_thumbnail_id_1="1167"
image_professor_url_1="https://hehge.com/wp-content/uploads/sites/16/2023/06/MI_Finance_Professor_Landscape_0001.jpeg"
image_professor_thumbnail_id_2="1181"
image_professor_url_2="https://hehge.com/wp-content/uploads/sites/16/2023/06/MI_Finance_Professor_Landscape_0015.jpeg"
