Symbol="TALO"
AssetType="Common Stock"
Name="Talos Energy"
Description="Talos Energy Inc., an independent exploration and production company, focuses on the exploration and production of oil and natural gas properties in the United States Gulf of Mexico and off the coast of Mexico. The company is headquartered in Houston, Texas."
CIK="1724965"
Exchange="NYSE"
Currency="USD"
Country="USA"
Sector="ENERGY & TRANSPORTATION"
Industry="CRUDE PETROLEUM & NATURAL GAS"
Address="333 CLAY STREET, SUITE 3300, HOUSTON, TX, US"
FiscalYearEnd="December"
LatestQuarter="2023-06-30"
MarketCapitalization="2113107000"
EBITDA="1125447000"
PERatio="2.676"
PEGRatio="None"
BookValue="16.62"
DividendPerShare="0"
DividendYield="0"
EPS="6.29"
RevenuePerShareTTM="14.19"
ProfitMargin="0.254"
OperatingMarginTTM="0.375"
ReturnOnAssetsTTM="0.086"
ReturnOnEquityTTM="0.241"
RevenueTTM="1406135000"
GrossProfitTTM="1340400000"
DilutedEPSTTM="6.29"
QuarterlyEarningsGrowthYOY="-0.953"
QuarterlyRevenueGrowthYOY="-0.293"
AnalystTargetPrice="20.5"
TrailingPE="2.676"
ForwardPE="5.23"
PriceToSalesRatioTTM="0.941"
PriceToBookRatio="1.297"
EVToRevenue="1.242"
EVToEBITDA="2.018"
Beta="2.224"
num_52WeekHigh="22.63"
num_52WeekLow="10.69"
num_50DayMovingAverage="14.85"
num_200DayMovingAverage="16.34"
SharesOutstanding="125556000"
DividendDate="None"
ExDividendDate="None"
symbol="TALO"
open="17.10"
high="17.30"
low="16.92"
price="16.97"
volume="996055.00"
latest_trading_day="2023-08-17"
previous_close="16.83"
change="0.14"
change_percent="0.8318%"
aroon_positive_momentum_days="25"
aroon_negative_momentum_days="0"
trend_strength="Absent or Weak Trend"
buying_signal="Strong Buy Signal"
volume_analysis="Target Volume"
value_analysis="Expected Range"
Aroon_change="FALSE"
Aroon_momentum="25"
Volume_recent_avg="2197259"
Change_recent_avg="0.04"
Delta_recent_avg="0.56"
Variance_recent_avg="0.28"
Change_ratio_recent_avg="0.26"
RSI_change="FALSE"
ADX_change="FALSE"

event="FALSE"
Aroon_signal="positive"
Aroon_change="FALSE"
Aroon_momentum_positive="25"
Aroon_momentum_negative="75"
image_negative_thumbnail_id_1="152"
image_negative_url_1="https://hehge.com/wp-content/uploads/sites/16/2023/05/MI_Finance_Negative_Landscape_0024.jpeg"
image_negative_thumbnail_id_2="115"
image_negative_url_2="https://hehge.com/wp-content/uploads/sites/16/2023/05/MI_Finance_Negative_Landscape_0061.jpeg"
image_neutral_thumbnail_id_1="542"
image_neutral_url_1="https://hehge.com/wp-content/uploads/sites/16/2023/06/MI_Finance_Neutral_Landscape_0057.jpeg"
image_neutral_thumbnail_id_2="573"
image_neutral_url_2="https://hehge.com/wp-content/uploads/sites/16/2023/06/MI_Finance_Neutral_Landscape_0026.jpeg"
image_positive_thumbnail_id_1="703"
image_positive_url_1="https://hehge.com/wp-content/uploads/sites/16/2023/06/MI_Finance_Positive_Landscape_0005.jpeg"
image_positive_thumbnail_id_2="998"
image_positive_url_2="https://hehge.com/wp-content/uploads/sites/16/2023/06/MI_Finance_Positive_Landscape_0160.jpeg"
image_professor_thumbnail_id_1="1174"
image_professor_url_1="https://hehge.com/wp-content/uploads/sites/16/2023/06/MI_Finance_Professor_Landscape_0008.jpeg"
image_professor_thumbnail_id_2="1195"
image_professor_url_2="https://hehge.com/wp-content/uploads/sites/16/2023/06/MI_Finance_Professor_Landscape_0029.jpeg"
