Symbol="EXPD"
AssetType="Common Stock"
Name="Expeditors International of Washington Inc"
Description="Expeditors (Expeditors International of Washington) is an American worldwide logistics and freight forwarding company headquartered in Seattle, Washington."
CIK="746515"
Exchange="NASDAQ"
Currency="USD"
Country="USA"
Sector="ENERGY & TRANSPORTATION"
Industry="ARRANGEMENT OF TRANSPORTATION OF FREIGHT & CARGO"
Address="1015 THIRD AVENUE, SEATTLE, WA, US"
FiscalYearEnd="December"
LatestQuarter="2023-06-30"
MarketCapitalization="16907585000"
EBITDA="1418971000"
PERatio="17.06"
PEGRatio="1.57"
BookValue="17.36"
DividendPerShare="1.36"
DividendYield="0.0121"
EPS="6.7"
RevenuePerShareTTM="81.03"
ProfitMargin="0.0836"
OperatingMarginTTM="0.107"
ReturnOnAssetsTTM="0.142"
ReturnOnEquityTTM="0.345"
RevenueTTM="12636015000"
GrossProfitTTM="2275468000"
DilutedEPSTTM="6.7"
QuarterlyEarningsGrowthYOY="-0.427"
QuarterlyRevenueGrowthYOY="-0.513"
AnalystTargetPrice="108.12"
TrailingPE="17.06"
ForwardPE="17.95"
PriceToSalesRatioTTM="0.914"
PriceToBookRatio="5.15"
EVToRevenue="0.856"
EVToEBITDA="7.5"
Beta="0.995"
num_52WeekHigh="128.04"
num_52WeekLow="85.06"
num_50DayMovingAverage="120.03"
num_200DayMovingAverage="112.84"
SharesOutstanding="147897000"
DividendDate="2023-06-15"
ExDividendDate="2023-05-31"
symbol="EXPD"
open="113.92"
high="115.32"
low="113.78"
price="114.32"
volume="720785.00"
latest_trading_day="2023-08-25"
previous_close="113.98"
change="0.34"
change_percent="0.2983%"
aroon_positive_momentum_days="80"
aroon_negative_momentum_days="0"
trend_strength="Absent or Weak Trend"
buying_signal="Weak Buy Signal"
volume_analysis="Target Volume"
value_analysis="Expected Range"
Aroon_change="FALSE"
Aroon_momentum="80"
Volume_recent_avg="1094447"
Change_recent_avg="0.15"
Delta_recent_avg="2.2"
Variance_recent_avg="1.1"
Change_ratio_recent_avg="0.13"
RSI_change="FALSE"
ADX_change="FALSE"

event="FALSE"
Aroon_signal="positive"
Aroon_change="FALSE"
Aroon_momentum_positive="80"
Aroon_momentum_negative="20"
image_negative_thumbnail_id_1="505"
image_negative_url_1="https://hehge.com/wp-content/uploads/sites/16/2023/06/MI_Finance_Negative_Landscape_0100.jpeg"
image_negative_thumbnail_id_2="169"
image_negative_url_2="https://hehge.com/wp-content/uploads/sites/16/2023/05/MI_Finance_Negative_Landscape_0007.jpeg"
image_neutral_thumbnail_id_1="536"
image_neutral_url_1="https://hehge.com/wp-content/uploads/sites/16/2023/06/MI_Finance_Neutral_Landscape_0063.jpeg"
image_neutral_thumbnail_id_2="589"
image_neutral_url_2="https://hehge.com/wp-content/uploads/sites/16/2023/06/MI_Finance_Neutral_Landscape_0010.jpeg"
image_positive_thumbnail_id_1="985"
image_positive_url_1="https://hehge.com/wp-content/uploads/sites/16/2023/06/MI_Finance_Positive_Landscape_0147.jpeg"
image_positive_thumbnail_id_2="631"
image_positive_url_2="https://hehge.com/wp-content/uploads/sites/16/2023/06/MI_Finance_Positive_Landscape_0077.jpeg"
image_professor_thumbnail_id_1="1178"
image_professor_url_1="https://hehge.com/wp-content/uploads/sites/16/2023/06/MI_Finance_Professor_Landscape_0012.jpeg"
image_professor_thumbnail_id_2="1173"
image_professor_url_2="https://hehge.com/wp-content/uploads/sites/16/2023/06/MI_Finance_Professor_Landscape_0007.jpeg"
