Symbol="HP"
AssetType="Common Stock"
Name="Helmerich and Payne Inc"
Description="Helmerich & Payne, Inc. provides drilling services and solutions for exploration and production companies. The company is headquartered in Tulsa, Oklahoma."
CIK="46765"
Exchange="NYSE"
Currency="USD"
Country="USA"
Sector="ENERGY & TRANSPORTATION"
Industry="DRILLING OIL & GAS WELLS"
Address="1437 S. BOULDER AVE., SUITE 1400, TULSA, OK, US"
FiscalYearEnd="September"
LatestQuarter="2023-06-30"
MarketCapitalization="4207011000"
EBITDA="894991000"
PERatio="13.53"
PEGRatio="0.0865"
BookValue="27.24"
DividendPerShare="1"
DividendYield="0.0464"
EPS="3.03"
RevenuePerShareTTM="27.37"
ProfitMargin="0.141"
OperatingMarginTTM="0.18"
ReturnOnAssetsTTM="0.0739"
ReturnOnEquityTTM="0.147"
RevenueTTM="2844147000"
GrossProfitTTM="632355000"
DilutedEPSTTM="3.03"
QuarterlyEarningsGrowthYOY="4.693"
QuarterlyRevenueGrowthYOY="0.316"
AnalystTargetPrice="46.18"
TrailingPE="13.53"
ForwardPE="11.76"
PriceToSalesRatioTTM="2.423"
PriceToBookRatio="1.831"
EVToRevenue="2.573"
EVToEBITDA="11.69"
Beta="1.709"
num_52WeekHigh="52.42"
num_52WeekLow="29.58"
num_50DayMovingAverage="38.72"
num_200DayMovingAverage="41.33"
SharesOutstanding="102585000"
DividendDate="2023-08-31"
ExDividendDate="2023-08-16"
symbol="HP"
open="40.51"
high="41.78"
low="40.50"
price="41.52"
volume="1140550.00"
latest_trading_day="2023-08-18"
previous_close="41.01"
change="0.51"
change_percent="1.2436%"
aroon_positive_momentum_days="29"
aroon_negative_momentum_days="0"
trend_strength="Absent or Weak Trend"
buying_signal="Weak Buy Signal"
volume_analysis="Target Volume"
value_analysis="Expected Range"
Aroon_change="FALSE"
Aroon_momentum="29"
Volume_recent_avg="1469081"
Change_recent_avg="0.07"
Delta_recent_avg="1.23"
Variance_recent_avg="0.62"
Change_ratio_recent_avg="0.17"
RSI_change="FALSE"
ADX_change="FALSE"

event="FALSE"
Aroon_signal="positive"
Aroon_change="FALSE"
Aroon_momentum_positive="29"
Aroon_momentum_negative="71"
image_negative_thumbnail_id_1="96"
image_negative_url_1="https://hehge.com/wp-content/uploads/sites/16/2023/05/MI_Finance_Negative_Landscape_0080.jpeg"
image_negative_thumbnail_id_2="148"
image_negative_url_2="https://hehge.com/wp-content/uploads/sites/16/2023/05/MI_Finance_Negative_Landscape_0028.jpeg"
image_neutral_thumbnail_id_1="577"
image_neutral_url_1="https://hehge.com/wp-content/uploads/sites/16/2023/06/MI_Finance_Neutral_Landscape_0022.jpeg"
image_neutral_thumbnail_id_2="559"
image_neutral_url_2="https://hehge.com/wp-content/uploads/sites/16/2023/06/MI_Finance_Neutral_Landscape_0040.jpeg"
image_positive_thumbnail_id_1="685"
image_positive_url_1="https://hehge.com/wp-content/uploads/sites/16/2023/06/MI_Finance_Positive_Landscape_0023.jpeg"
image_positive_thumbnail_id_2="660"
image_positive_url_2="https://hehge.com/wp-content/uploads/sites/16/2023/06/MI_Finance_Positive_Landscape_0048.jpeg"
image_professor_thumbnail_id_1="1185"
image_professor_url_1="https://hehge.com/wp-content/uploads/sites/16/2023/06/MI_Finance_Professor_Landscape_0019.jpeg"
image_professor_thumbnail_id_2="1175"
image_professor_url_2="https://hehge.com/wp-content/uploads/sites/16/2023/06/MI_Finance_Professor_Landscape_0009.jpeg"
