Symbol="CLNE"
AssetType="Common Stock"
Name="Clean Energy Fuels Corp"
Description="Clean Energy Fuels Corp. The company is headquartered in Newport Beach, California."
CIK="1368265"
Exchange="NASDAQ"
Currency="USD"
Country="USA"
Sector="ENERGY & TRANSPORTATION"
Industry="GAS & OTHER SERVICES COMBINED"
Address="4675 MACARTHUR COURT, SUITE 800, NEWPORT BEACH, CA, US"
FiscalYearEnd="December"
LatestQuarter="2023-03-31"
MarketCapitalization="1078875000"
EBITDA="-14900000"
PERatio="None"
PEGRatio="2.42"
BookValue="3.124"
DividendPerShare="0"
DividendYield="0"
EPS="-0.31"
RevenuePerShareTTM="2.108"
ProfitMargin="-0.156"
OperatingMarginTTM="-0.143"
ReturnOnAssetsTTM="-0.0419"
ReturnOnEquityTTM="-0.102"
RevenueTTM="468850000"
GrossProfitTTM="112423000"
DilutedEPSTTM="-0.31"
QuarterlyEarningsGrowthYOY="5.12"
QuarterlyRevenueGrowthYOY="0.583"
AnalystTargetPrice="9.23"
TrailingPE="-"
ForwardPE="129.87"
PriceToSalesRatioTTM="3.222"
PriceToBookRatio="1.697"
EVToRevenue="2.929"
EVToEBITDA="123.97"
Beta="2.198"
num_52WeekHigh="8.58"
num_52WeekLow="3.84"
num_50DayMovingAverage="4.619"
num_200DayMovingAverage="5.19"
SharesOutstanding="222908000"
DividendDate="None"
ExDividendDate="None"
symbol="CLNE"
open="4.72"
high="4.88"
low="4.63"
price="4.84"
volume="1601753.00"
latest_trading_day="2023-07-28"
previous_close="4.63"
change="0.21"
change_percent="4.5356%"
aroon_positive_momentum_days="36"
aroon_negative_momentum_days="0"
trend_strength="Absent or Weak Trend"
buying_signal="Weak Buy Signal"
volume_analysis="Target Volume"
value_analysis="Expected Range"
Aroon_change="FALSE"
Aroon_momentum="36"
Volume_recent_avg="1880869"
Change_recent_avg="0.01"
Delta_recent_avg="0.2"
Variance_recent_avg="0.1"
Change_ratio_recent_avg="0.01"
RSI_change="FALSE"
ADX_change="FALSE"

event="FALSE"
Aroon_signal="positive"
Aroon_change="FALSE"
Aroon_momentum_positive="36"
Aroon_momentum_negative="64"
image_negative_thumbnail_id_1="152"
image_negative_url_1="https://hehge.com/wp-content/uploads/sites/16/2023/05/MI_Finance_Negative_Landscape_0024.jpeg"
image_negative_thumbnail_id_2="1090"
image_negative_url_2="https://hehge.com/wp-content/uploads/sites/16/2023/06/MI_Finance_Negative_Landscape_0123.jpeg"
image_neutral_thumbnail_id_1="538"
image_neutral_url_1="https://hehge.com/wp-content/uploads/sites/16/2023/06/MI_Finance_Neutral_Landscape_0061.jpeg"
image_neutral_thumbnail_id_2="524"
image_neutral_url_2="https://hehge.com/wp-content/uploads/sites/16/2023/06/MI_Finance_Neutral_Landscape_0075.jpeg"
image_positive_thumbnail_id_1="707"
image_positive_url_1="https://hehge.com/wp-content/uploads/sites/16/2023/06/MI_Finance_Positive_Landscape_0001.jpeg"
image_positive_thumbnail_id_2="670"
image_positive_url_2="https://hehge.com/wp-content/uploads/sites/16/2023/06/MI_Finance_Positive_Landscape_0038.jpeg"
image_professor_thumbnail_id_1="1179"
image_professor_url_1="https://hehge.com/wp-content/uploads/sites/16/2023/06/MI_Finance_Professor_Landscape_0013.jpeg"
image_professor_thumbnail_id_2="1184"
image_professor_url_2="https://hehge.com/wp-content/uploads/sites/16/2023/06/MI_Finance_Professor_Landscape_0018.jpeg"
