Symbol="AMPY"
AssetType="Common Stock"
Name="Amplify Energy Corp"
Description="Amplify Energy Corp. The company is headquartered in Houston, Texas."
CIK="1533924"
Exchange="NYSE"
Currency="USD"
Country="USA"
Sector="ENERGY & TRANSPORTATION"
Industry="CRUDE PETROLEUM & NATURAL GAS"
Address="500 DALLAS STREET, SUITE 1700, HOUSTON, TX, US"
FiscalYearEnd="December"
LatestQuarter="2023-03-31"
MarketCapitalization="296572000"
EBITDA="210991000"
PERatio="0.669"
PEGRatio="None"
BookValue="8.9"
DividendPerShare="0"
DividendYield="0.467"
EPS="11.38"
RevenuePerShareTTM="11.19"
ProfitMargin="1.066"
OperatingMarginTTM="0.417"
ReturnOnAssetsTTM="0.191"
ReturnOnEquityTTM="0.393"
RevenueTTM="430693000"
GrossProfitTTM="297471000"
DilutedEPSTTM="11.38"
QuarterlyEarningsGrowthYOY="-0.25"
QuarterlyRevenueGrowthYOY="-0.293"
AnalystTargetPrice="11"
TrailingPE="0.669"
ForwardPE="5.18"
PriceToSalesRatioTTM="0.637"
PriceToBookRatio="27.71"
EVToRevenue="1.043"
EVToEBITDA="4.723"
Beta="2.403"
num_52WeekHigh="10.38"
num_52WeekLow="5.62"
num_50DayMovingAverage="6.91"
num_200DayMovingAverage="7.74"
SharesOutstanding="38971400"
DividendDate="2020-03-30"
ExDividendDate="2020-03-13"
symbol="AMPY"
open="7.45"
high="7.61"
low="7.33"
price="7.60"
volume="568348.00"
latest_trading_day="2023-08-08"
previous_close="7.61"
change="-0.01"
change_percent="-0.1314%"
aroon_positive_momentum_days="13"
aroon_negative_momentum_days="0"
trend_strength="Absent or Weak Trend"
buying_signal="Weak Buy Signal"
volume_analysis="Target Volume"
value_analysis="Expected Range"
Aroon_change="FALSE"
Aroon_momentum="13"
Volume_recent_avg="495869"
Change_recent_avg="-0.01"
Delta_recent_avg="0.26"
Variance_recent_avg="0.13"
Change_ratio_recent_avg="-0.12"
RSI_change="FALSE"
ADX_change="FALSE"

event="FALSE"
Aroon_signal="positive"
Aroon_change="FALSE"
Aroon_momentum_positive="13"
Aroon_momentum_negative="87"
image_negative_thumbnail_id_1="93"
image_negative_url_1="https://hehge.com/wp-content/uploads/sites/16/2023/05/MI_Finance_Negative_Landscape_0083.jpeg"
image_negative_thumbnail_id_2="1129"
image_negative_url_2="https://hehge.com/wp-content/uploads/sites/16/2023/06/MI_Finance_Negative_Landscape_0162.jpeg"
image_neutral_thumbnail_id_1="582"
image_neutral_url_1="https://hehge.com/wp-content/uploads/sites/16/2023/06/MI_Finance_Neutral_Landscape_0017.jpeg"
image_neutral_thumbnail_id_2="533"
image_neutral_url_2="https://hehge.com/wp-content/uploads/sites/16/2023/06/MI_Finance_Neutral_Landscape_0066.jpeg"
image_positive_thumbnail_id_1="627"
image_positive_url_1="https://hehge.com/wp-content/uploads/sites/16/2023/06/MI_Finance_Positive_Landscape_0081.jpeg"
image_positive_thumbnail_id_2="635"
image_positive_url_2="https://hehge.com/wp-content/uploads/sites/16/2023/06/MI_Finance_Positive_Landscape_0073.jpeg"
image_professor_thumbnail_id_1="1186"
image_professor_url_1="https://hehge.com/wp-content/uploads/sites/16/2023/06/MI_Finance_Professor_Landscape_0020.jpeg"
image_professor_thumbnail_id_2="1187"
image_professor_url_2="https://hehge.com/wp-content/uploads/sites/16/2023/06/MI_Finance_Professor_Landscape_0021.jpeg"
