Symbol="AMPY"
AssetType="Common Stock"
Name="Amplify Energy Corp"
Description="Amplify Energy Corp. The company is headquartered in Houston, Texas."
CIK="1533924"
Exchange="NYSE"
Currency="USD"
Country="USA"
Sector="ENERGY & TRANSPORTATION"
Industry="CRUDE PETROLEUM & NATURAL GAS"
Address="500 DALLAS STREET, SUITE 1700, HOUSTON, TX, US"
FiscalYearEnd="December"
LatestQuarter="2023-06-30"
MarketCapitalization="242125000"
EBITDA="142789000"
PERatio="0.571"
PEGRatio="None"
BookValue="9.19"
DividendPerShare="0"
DividendYield="0.467"
EPS="10.81"
RevenuePerShareTTM="8.68"
ProfitMargin="1.312"
OperatingMarginTTM="0.328"
ReturnOnAssetsTTM="0.117"
ReturnOnEquityTTM="0.32"
RevenueTTM="335187000"
GrossProfitTTM="297471000"
DilutedEPSTTM="10.81"
QuarterlyEarningsGrowthYOY="-0.669"
QuarterlyRevenueGrowthYOY="-0.403"
AnalystTargetPrice="11"
TrailingPE="0.571"
ForwardPE="5.18"
PriceToSalesRatioTTM="0.637"
PriceToBookRatio="27.71"
EVToRevenue="1.043"
EVToEBITDA="4.723"
Beta="2.403"
num_52WeekHigh="10.38"
num_52WeekLow="5.62"
num_50DayMovingAverage="6.85"
num_200DayMovingAverage="7.58"
SharesOutstanding="39062300"
DividendDate="2020-03-30"
ExDividendDate="2020-03-13"
symbol="AMPY"
open="6.19"
high="6.28"
low="6.10"
price="6.11"
volume="550508.00"
latest_trading_day="2023-08-24"
previous_close="6.28"
change="-0.17"
change_percent="-2.7070%"
aroon_positive_momentum_days="0"
aroon_negative_momentum_days="77"
trend_strength="Absent or Weak Trend"
buying_signal="High Volatility / Hold Signal"
volume_analysis="Target Volume"
value_analysis="Expected Range"
Aroon_change="FALSE"
Aroon_momentum="23"
Volume_recent_avg="506642"
Change_recent_avg="-0.01"
Delta_recent_avg="0.26"
Variance_recent_avg="0.13"
Change_ratio_recent_avg="-0.23"
RSI_change="FALSE"
ADX_change="FALSE"

event="FALSE"
Aroon_signal="negative"
Aroon_change="FALSE"
Aroon_momentum_positive="23"
Aroon_momentum_negative="77"
image_negative_thumbnail_id_1="1103"
image_negative_url_1="https://hehge.com/wp-content/uploads/sites/16/2023/06/MI_Finance_Negative_Landscape_0136.jpeg"
image_negative_thumbnail_id_2="1121"
image_negative_url_2="https://hehge.com/wp-content/uploads/sites/16/2023/06/MI_Finance_Negative_Landscape_0154.jpeg"
image_neutral_thumbnail_id_1="598"
image_neutral_url_1="https://hehge.com/wp-content/uploads/sites/16/2023/06/MI_Finance_Neutral_Landscape_0001.jpeg"
image_neutral_thumbnail_id_2="570"
image_neutral_url_2="https://hehge.com/wp-content/uploads/sites/16/2023/06/MI_Finance_Neutral_Landscape_0029.jpeg"
image_positive_thumbnail_id_1="986"
image_positive_url_1="https://hehge.com/wp-content/uploads/sites/16/2023/06/MI_Finance_Positive_Landscape_0148.jpeg"
image_positive_thumbnail_id_2="981"
image_positive_url_2="https://hehge.com/wp-content/uploads/sites/16/2023/06/MI_Finance_Positive_Landscape_0143.jpeg"
image_professor_thumbnail_id_1="1194"
image_professor_url_1="https://hehge.com/wp-content/uploads/sites/16/2023/06/MI_Finance_Professor_Landscape_0028.jpeg"
image_professor_thumbnail_id_2="1188"
image_professor_url_2="https://hehge.com/wp-content/uploads/sites/16/2023/06/MI_Finance_Professor_Landscape_0022.jpeg"
