Symbol="CTRA"
AssetType="Common Stock"
Name="Coterra Energy Inc"
Description="Coterra Energy Inc., an independent oil and gas company, explores, exploits, develops, produces and markets oil and gas properties in the United States. The company is headquartered in Houston, Texas."
CIK="858470"
Exchange="NYSE"
Currency="USD"
Country="USA"
Sector="ENERGY & TRANSPORTATION"
Industry="CRUDE PETROLEUM & NATURAL GAS"
Address="840 GESSNER ROAD, SUITE 1400, HOUSTON, TX, US"
FiscalYearEnd="December"
LatestQuarter="2023-03-31"
MarketCapitalization="20741149000"
EBITDA="6974000000"
PERatio="5.24"
PEGRatio="44.67"
BookValue="16.7"
DividendPerShare="2.5"
DividendYield="0.0796"
EPS="5.05"
RevenuePerShareTTM="11.58"
ProfitMargin="0.455"
OperatingMarginTTM="0.587"
ReturnOnAssetsTTM="0.165"
ReturnOnEquityTTM="0.339"
RevenueTTM="9086000000"
GrossProfitTTM="7636000000"
DilutedEPSTTM="5.05"
QuarterlyEarningsGrowthYOY="0.189"
QuarterlyRevenueGrowthYOY="-0.213"
AnalystTargetPrice="30.3"
TrailingPE="5.24"
ForwardPE="6.29"
PriceToSalesRatioTTM="2.146"
PriceToBookRatio="1.538"
EVToRevenue="2.377"
EVToEBITDA="3.138"
Beta="0.27"
num_52WeekHigh="30.72"
num_52WeekLow="22.06"
num_50DayMovingAverage="24.73"
num_200DayMovingAverage="25.69"
SharesOutstanding="757453000"
DividendDate="2023-06-09"
ExDividendDate="2023-05-25"
symbol="CTRA"
open="26.43"
high="26.81"
low="26.29"
price="26.45"
volume="7066233.00"
latest_trading_day="2023-07-13"
previous_close="26.48"
change="-0.03"
change_percent="-0.1133%"
aroon_positive_momentum_days="74"
aroon_negative_momentum_days="0"
trend_strength="Absent or Weak Trend"
buying_signal="Weak Buy Signal"
volume_analysis="Target Volume"
value_analysis="Expected Range"
Aroon_change="FALSE"
Aroon_momentum="74"
Volume_recent_avg="8353372"
Change_recent_avg="0.02"
Delta_recent_avg="0.67"
Variance_recent_avg="0.34"
Change_ratio_recent_avg="0.06"
RSI_change="FALSE"
ADX_change="FALSE"

event="FALSE"
Aroon_signal="positive"
Aroon_change="FALSE"
Aroon_momentum_positive="74"
Aroon_momentum_negative="26"
image_negative_thumbnail_id_1="1098"
image_negative_url_1="https://hehge.com/wp-content/uploads/sites/16/2023/06/MI_Finance_Negative_Landscape_0131.jpeg"
image_negative_thumbnail_id_2="139"
image_negative_url_2="https://hehge.com/wp-content/uploads/sites/16/2023/05/MI_Finance_Negative_Landscape_0037.jpeg"
image_neutral_thumbnail_id_1="533"
image_neutral_url_1="https://hehge.com/wp-content/uploads/sites/16/2023/06/MI_Finance_Neutral_Landscape_0066.jpeg"
image_neutral_thumbnail_id_2="538"
image_neutral_url_2="https://hehge.com/wp-content/uploads/sites/16/2023/06/MI_Finance_Neutral_Landscape_0061.jpeg"
image_positive_thumbnail_id_1="668"
image_positive_url_1="https://hehge.com/wp-content/uploads/sites/16/2023/06/MI_Finance_Positive_Landscape_0040.jpeg"
image_positive_thumbnail_id_2="628"
image_positive_url_2="https://hehge.com/wp-content/uploads/sites/16/2023/06/MI_Finance_Positive_Landscape_0080.jpeg"
image_professor_thumbnail_id_1="1177"
image_professor_url_1="https://hehge.com/wp-content/uploads/sites/16/2023/06/MI_Finance_Professor_Landscape_0011.jpeg"
image_professor_thumbnail_id_2="1167"
image_professor_url_2="https://hehge.com/wp-content/uploads/sites/16/2023/06/MI_Finance_Professor_Landscape_0001.jpeg"
