Symbol="OMAB"
AssetType="Common Stock"
Name="Grupo Aeroportuario del Centro Norte SAB de CV"
Description="Grupo Aeroportuario del Centro Norte, SAB de CV, holds concessions to develop, operate and maintain airports in Mexico. The company is headquartered in Mexico City, Mexico."
CIK="1378239"
Exchange="NASDAQ"
Currency="USD"
Country="USA"
Sector="ENERGY & TRANSPORTATION"
Industry="AIRPORTS, FLYING FIELDS & AIRPORT TERMINAL SERVICES"
Address="AEROPUERTO INTERNACIONAL DE MONTERREY, CARRETERA MIGUEL ALEM?N, KM. 24 S/N, APODACA, NUEVO LE?N, MX"
FiscalYearEnd="December"
LatestQuarter="2023-03-31"
MarketCapitalization="4811675000"
EBITDA="7130433000"
PERatio="16.88"
PEGRatio="17.05"
BookValue="166"
DividendPerShare="0"
DividendYield="0.0461"
EPS="5.2"
RevenuePerShareTTM="267.66"
ProfitMargin="0.327"
OperatingMarginTTM="0.51"
ReturnOnAssetsTTM="0.189"
ReturnOnEquityTTM="0.535"
RevenueTTM="12948204000"
GrossProfitTTM="7889630000"
DilutedEPSTTM="5.2"
QuarterlyEarningsGrowthYOY="0.431"
QuarterlyRevenueGrowthYOY="0.459"
AnalystTargetPrice="88.65"
TrailingPE="16.88"
ForwardPE="14.37"
PriceToSalesRatioTTM="0.274"
PriceToBookRatio="9.93"
EVToRevenue="0.333"
EVToEBITDA="0.58"
Beta="0.931"
num_52WeekHigh="94.22"
num_52WeekLow="44.43"
num_50DayMovingAverage="86.82"
num_200DayMovingAverage="76.52"
SharesOutstanding="54492000"
DividendDate="2023-06-29"
ExDividendDate="2023-06-20"
symbol="OMAB"
open="89.88"
high="89.90"
low="87.61"
price="87.75"
volume="34267.00"
latest_trading_day="2023-07-21"
previous_close="89.47"
change="-1.72"
change_percent="-1.9224%"
aroon_positive_momentum_days="100"
aroon_negative_momentum_days="0"
trend_strength="Absent or Weak Trend"
buying_signal="Strong Buy Signal"
volume_analysis="Target Volume"
value_analysis="Expected Range"
Aroon_change="FALSE"
Aroon_momentum="100"
Volume_recent_avg="74255"
Change_recent_avg="-0.02"
Delta_recent_avg="2.29"
Variance_recent_avg="1.15"
Change_ratio_recent_avg="-0.03"
RSI_change="FALSE"
ADX_change="FALSE"
Aroon_signal="positive"
Aroon_change="FALSE"
Aroon_momentum_positive="100"
Aroon_momentum_negative="0"
image_negative_thumbnail_id_1="149"
image_negative_url_1="https://hehge.com/wp-content/uploads/sites/16/2023/05/MI_Finance_Negative_Landscape_0027.jpeg"
image_negative_thumbnail_id_2="94"
image_negative_url_2="https://hehge.com/wp-content/uploads/sites/16/2023/05/MI_Finance_Negative_Landscape_0082.jpeg"
image_neutral_thumbnail_id_1="565"
image_neutral_url_1="https://hehge.com/wp-content/uploads/sites/16/2023/06/MI_Finance_Neutral_Landscape_0034.jpeg"
image_neutral_thumbnail_id_2="548"
image_neutral_url_2="https://hehge.com/wp-content/uploads/sites/16/2023/06/MI_Finance_Neutral_Landscape_0051.jpeg"
image_positive_thumbnail_id_1="601"
image_positive_url_1="https://hehge.com/wp-content/uploads/sites/16/2023/06/MI_Finance_Positive_Landscape_0107.jpeg"
image_positive_thumbnail_id_2="1012"
image_positive_url_2="https://hehge.com/wp-content/uploads/sites/16/2023/06/MI_Finance_Positive_Landscape_0174.jpeg"
image_professor_thumbnail_id_1="1198"
image_professor_url_1="https://hehge.com/wp-content/uploads/sites/16/2023/06/MI_Finance_Professor_Landscape_0032.jpeg"
image_professor_thumbnail_id_2="1201"
image_professor_url_2="https://hehge.com/wp-content/uploads/sites/16/2023/06/MI_Finance_Professor_Landscape_0035.jpeg"
