Symbol="EGLE"
AssetType="Common Stock"
Name="Eagle Bulk Shipping Inc"
Description="Eagle Bulk Shipping Inc. is dedicated to shipping dry bulk cargo worldwide. The company is headquartered in Stamford, Connecticut."
CIK="1322439"
Exchange="NYSE"
Currency="USD"
Country="USA"
Sector="ENERGY & TRANSPORTATION"
Industry="DEEP SEA FOREIGN TRANSPORTATION OF FREIGHT"
Address="300 FIRST STAMFORD PLACE, 5TH FLOOR, STAMFORD, CT, US"
FiscalYearEnd="December"
LatestQuarter="2023-03-31"
MarketCapitalization="440106000"
EBITDA="230854000"
PERatio="3.534"
PEGRatio="None"
BookValue="62.13"
DividendPerShare="4.7"
DividendYield="0.102"
EPS="12.54"
RevenuePerShareTTM="49.24"
ProfitMargin="0.309"
OperatingMarginTTM="0.286"
ReturnOnAssetsTTM="0.0967"
ReturnOnEquityTTM="0.263"
RevenueTTM="640647000"
GrossProfitTTM="351427000"
DilutedEPSTTM="12.54"
QuarterlyEarningsGrowthYOY="-0.927"
QuarterlyRevenueGrowthYOY="-0.43"
AnalystTargetPrice="66.1"
TrailingPE="3.534"
ForwardPE="6.5"
PriceToSalesRatioTTM="0.921"
PriceToBookRatio="0.847"
EVToRevenue="1.168"
EVToEBITDA="2.17"
Beta="1.32"
num_52WeekHigh="66.13"
num_52WeekLow="38.25"
num_50DayMovingAverage="43.95"
num_200DayMovingAverage="48.97"
SharesOutstanding="9930200"
DividendDate="2023-05-25"
ExDividendDate="2023-05-16"
symbol="EGLE"
open="46.16"
high="46.16"
low="44.10"
price="44.32"
volume="168009.00"
latest_trading_day="2023-07-14"
previous_close="46.05"
change="-1.73"
change_percent="-3.7568%"
aroon_positive_momentum_days="33"
aroon_negative_momentum_days="0"
trend_strength="Absent or Weak Trend"
buying_signal="Weak Buy Signal"
volume_analysis="Target Volume"
value_analysis="Expected Range"
Aroon_change="FALSE"
Aroon_momentum="33"
Volume_recent_avg="319007"
Change_recent_avg="-0.08"
Delta_recent_avg="1.63"
Variance_recent_avg="0.81"
Change_ratio_recent_avg="-0.22"
RSI_change="FALSE"
ADX_change="FALSE"

event="FALSE"
Aroon_signal="positive"
Aroon_change="FALSE"
Aroon_momentum_positive="33"
Aroon_momentum_negative="67"
image_negative_thumbnail_id_1="110"
image_negative_url_1="https://hehge.com/wp-content/uploads/sites/16/2023/05/MI_Finance_Negative_Landscape_0066.jpeg"
image_negative_thumbnail_id_2="1124"
image_negative_url_2="https://hehge.com/wp-content/uploads/sites/16/2023/06/MI_Finance_Negative_Landscape_0157.jpeg"
image_neutral_thumbnail_id_1="580"
image_neutral_url_1="https://hehge.com/wp-content/uploads/sites/16/2023/06/MI_Finance_Neutral_Landscape_0019.jpeg"
image_neutral_thumbnail_id_2="530"
image_neutral_url_2="https://hehge.com/wp-content/uploads/sites/16/2023/06/MI_Finance_Neutral_Landscape_0069.jpeg"
image_positive_thumbnail_id_1="699"
image_positive_url_1="https://hehge.com/wp-content/uploads/sites/16/2023/06/MI_Finance_Positive_Landscape_0009.jpeg"
image_positive_thumbnail_id_2="643"
image_positive_url_2="https://hehge.com/wp-content/uploads/sites/16/2023/06/MI_Finance_Positive_Landscape_0065.jpeg"
image_professor_thumbnail_id_1="1200"
image_professor_url_1="https://hehge.com/wp-content/uploads/sites/16/2023/06/MI_Finance_Professor_Landscape_0034.jpeg"
image_professor_thumbnail_id_2="1196"
image_professor_url_2="https://hehge.com/wp-content/uploads/sites/16/2023/06/MI_Finance_Professor_Landscape_0030.jpeg"
