Symbol="OSG"
AssetType="Common Stock"
Name="Overseas Shipholding Group"
Description="Overseas Shipholding Group, Inc. owns and operates a fleet of transoceanic vessels. The company is headquartered in Tampa, Florida."
CIK="75208"
Exchange="NYSE"
Currency="USD"
Country="USA"
Sector="ENERGY & TRANSPORTATION"
Industry="DEEP SEA FOREIGN TRANSPORTATION OF FREIGHT"
Address="TWO HARBOUR PLACE, 302 KNIGHTS RUN AVENUE, SUITE 1200, TAMPA, FL, US"
FiscalYearEnd="December"
LatestQuarter="2023-03-31"
MarketCapitalization="317734000"
EBITDA="128237000"
PERatio="9.44"
PEGRatio="0"
BookValue="4.44"
DividendPerShare="0"
DividendYield="0"
EPS="0.43"
RevenuePerShareTTM="5.46"
ProfitMargin="0.0823"
OperatingMarginTTM="0.169"
ReturnOnAssetsTTM="0.0455"
ReturnOnEquityTTM="0.114"
RevenueTTM="476592000"
GrossProfitTTM="160813000"
DilutedEPSTTM="0.43"
QuarterlyEarningsGrowthYOY="6.79"
QuarterlyRevenueGrowthYOY="0.094"
AnalystTargetPrice="13"
TrailingPE="9.44"
ForwardPE="-"
PriceToSalesRatioTTM="0.53"
PriceToBookRatio="0.686"
EVToRevenue="1.651"
EVToEBITDA="6.6"
Beta="0.512"
num_52WeekHigh="4.51"
num_52WeekLow="2.18"
num_50DayMovingAverage="3.95"
num_200DayMovingAverage="3.475"
SharesOutstanding="78260000"
DividendDate="2016-03-25"
ExDividendDate="2016-05-05"
symbol="OSG"
open="4.04"
high="4.05"
low="3.99"
price="3.99"
volume="245386.00"
latest_trading_day="2023-07-17"
previous_close="4.06"
change="-0.07"
change_percent="-1.7241%"
aroon_positive_momentum_days="96"
aroon_negative_momentum_days="0"
trend_strength="Absent or Weak Trend"
buying_signal="Strong Buy Signal"
volume_analysis="Target Volume"
value_analysis="Expected Range"
Aroon_change="FALSE"
Aroon_momentum="96"
Volume_recent_avg="498395"
Change_recent_avg="0.01"
Delta_recent_avg="0.14"
Variance_recent_avg="0.07"
Change_ratio_recent_avg="0.16"
RSI_change="FALSE"
ADX_change="FALSE"

event="FALSE"
Aroon_signal="positive"
Aroon_change="FALSE"
Aroon_momentum_positive="96"
Aroon_momentum_negative="4"
image_negative_thumbnail_id_1="1086"
image_negative_url_1="https://hehge.com/wp-content/uploads/sites/16/2023/06/MI_Finance_Negative_Landscape_0119.jpeg"
image_negative_thumbnail_id_2="1122"
image_negative_url_2="https://hehge.com/wp-content/uploads/sites/16/2023/06/MI_Finance_Negative_Landscape_0155.jpeg"
image_neutral_thumbnail_id_1="570"
image_neutral_url_1="https://hehge.com/wp-content/uploads/sites/16/2023/06/MI_Finance_Neutral_Landscape_0029.jpeg"
image_neutral_thumbnail_id_2="535"
image_neutral_url_2="https://hehge.com/wp-content/uploads/sites/16/2023/06/MI_Finance_Neutral_Landscape_0064.jpeg"
image_positive_thumbnail_id_1="967"
image_positive_url_1="https://hehge.com/wp-content/uploads/sites/16/2023/06/MI_Finance_Positive_Landscape_0129.jpeg"
image_positive_thumbnail_id_2="959"
image_positive_url_2="https://hehge.com/wp-content/uploads/sites/16/2023/06/MI_Finance_Positive_Landscape_0121.jpeg"
image_professor_thumbnail_id_1="1180"
image_professor_url_1="https://hehge.com/wp-content/uploads/sites/16/2023/06/MI_Finance_Professor_Landscape_0014.jpeg"
image_professor_thumbnail_id_2="1189"
image_professor_url_2="https://hehge.com/wp-content/uploads/sites/16/2023/06/MI_Finance_Professor_Landscape_0023.jpeg"
aroon_positive_momentum_days="96"
aroon_negative_momentum_days="0"
trend_strength="Absent or Weak Trend"
buying_signal="Strong Buy Signal"
volume_analysis="Target Volume"
value_analysis="Expected Range"
Aroon_change="FALSE"
Aroon_momentum="96"
Volume_recent_avg="498395"
Change_recent_avg="0.01"
Delta_recent_avg="0.14"
Variance_recent_avg="0.07"
Change_ratio_recent_avg="0.16"
RSI_change="FALSE"
ADX_change="FALSE"

event="FALSE"
Aroon_signal="positive"
Aroon_change="FALSE"
Aroon_momentum_positive="96"
Aroon_momentum_negative="4"
image_negative_thumbnail_id_1="145"
image_negative_url_1="https://hehge.com/wp-content/uploads/sites/16/2023/05/MI_Finance_Negative_Landscape_0031.jpeg"
image_negative_thumbnail_id_2="149"
image_negative_url_2="https://hehge.com/wp-content/uploads/sites/16/2023/05/MI_Finance_Negative_Landscape_0027.jpeg"
image_neutral_thumbnail_id_1="598"
image_neutral_url_1="https://hehge.com/wp-content/uploads/sites/16/2023/06/MI_Finance_Neutral_Landscape_0001.jpeg"
image_neutral_thumbnail_id_2="588"
image_neutral_url_2="https://hehge.com/wp-content/uploads/sites/16/2023/06/MI_Finance_Neutral_Landscape_0011.jpeg"
image_positive_thumbnail_id_1="988"
image_positive_url_1="https://hehge.com/wp-content/uploads/sites/16/2023/06/MI_Finance_Positive_Landscape_0150.jpeg"
image_positive_thumbnail_id_2="659"
image_positive_url_2="https://hehge.com/wp-content/uploads/sites/16/2023/06/MI_Finance_Positive_Landscape_0049.jpeg"
image_professor_thumbnail_id_1="1199"
image_professor_url_1="https://hehge.com/wp-content/uploads/sites/16/2023/06/MI_Finance_Professor_Landscape_0033.jpeg"
image_professor_thumbnail_id_2="1187"
image_professor_url_2="https://hehge.com/wp-content/uploads/sites/16/2023/06/MI_Finance_Professor_Landscape_0021.jpeg"
