Symbol="AROC"
AssetType="Common Stock"
Name="Archrock Inc"
Description="Archrock, Inc. is an energy infrastructure company in the United States. The company is headquartered in Houston, Texas."
CIK="1389050"
Exchange="NYSE"
Currency="USD"
Country="USA"
Sector="ENERGY & TRANSPORTATION"
Industry="NATURAL GAS TRANSMISSION"
Address="9807 KATY FREEWAY, STE 100, HOUSTON, TX, US"
FiscalYearEnd="December"
LatestQuarter="2023-06-30"
MarketCapitalization="1964125000"
EBITDA="352076000"
PERatio="29.84"
PEGRatio="3.56"
BookValue="5.47"
DividendPerShare="0.6"
DividendYield="0.0492"
EPS="0.42"
RevenuePerShareTTM="5.91"
ProfitMargin="0.0736"
OperatingMarginTTM="0.21"
ReturnOnAssetsTTM="0.0452"
ReturnOnEquityTTM="0.0774"
RevenueTTM="909916000"
GrossProfitTTM="426084000"
DilutedEPSTTM="0.42"
QuarterlyEarningsGrowthYOY="0.465"
QuarterlyRevenueGrowthYOY="0.147"
AnalystTargetPrice="15.75"
TrailingPE="29.84"
ForwardPE="19.8"
PriceToSalesRatioTTM="1.531"
PriceToBookRatio="1.487"
EVToRevenue="3.412"
EVToEBITDA="8.64"
Beta="1.746"
num_52WeekHigh="13.26"
num_52WeekLow="5.91"
num_50DayMovingAverage="11.09"
num_200DayMovingAverage="9.85"
SharesOutstanding="156695000"
DividendDate="2021-08-16"
ExDividendDate="2023-08-07"
symbol="AROC"
open="12.64"
high="12.69"
low="12.49"
price="12.53"
volume="1088454.00"
latest_trading_day="2023-08-22"
previous_close="12.61"
change="-0.08"
change_percent="-0.6344%"
aroon_positive_momentum_days="65"
aroon_negative_momentum_days="0"
trend_strength="Absent or Weak Trend"
buying_signal="Strong Buy Signal"
volume_analysis="Trending Low"
value_analysis="Bearish Trend"
Aroon_change="FALSE"
Aroon_momentum="65"
Volume_recent_avg="818935"
Change_recent_avg="0.04"
Delta_recent_avg="0.29"
Variance_recent_avg="0.14"
Change_ratio_recent_avg="0.35"
RSI_change="FALSE"
ADX_change="FALSE"

event="FALSE"
Aroon_signal="positive"
Aroon_change="FALSE"
Aroon_momentum_positive="65"
Aroon_momentum_negative="35"
image_negative_thumbnail_id_1="1120"
image_negative_url_1="https://hehge.com/wp-content/uploads/sites/16/2023/06/MI_Finance_Negative_Landscape_0153.jpeg"
image_negative_thumbnail_id_2="1093"
image_negative_url_2="https://hehge.com/wp-content/uploads/sites/16/2023/06/MI_Finance_Negative_Landscape_0126.jpeg"
image_neutral_thumbnail_id_1="524"
image_neutral_url_1="https://hehge.com/wp-content/uploads/sites/16/2023/06/MI_Finance_Neutral_Landscape_0075.jpeg"
image_neutral_thumbnail_id_2="538"
image_neutral_url_2="https://hehge.com/wp-content/uploads/sites/16/2023/06/MI_Finance_Neutral_Landscape_0061.jpeg"
image_positive_thumbnail_id_1="678"
image_positive_url_1="https://hehge.com/wp-content/uploads/sites/16/2023/06/MI_Finance_Positive_Landscape_0030.jpeg"
image_positive_thumbnail_id_2="1005"
image_positive_url_2="https://hehge.com/wp-content/uploads/sites/16/2023/06/MI_Finance_Positive_Landscape_0167.jpeg"
image_professor_thumbnail_id_1="1177"
image_professor_url_1="https://hehge.com/wp-content/uploads/sites/16/2023/06/MI_Finance_Professor_Landscape_0011.jpeg"
image_professor_thumbnail_id_2="1204"
image_professor_url_2="https://hehge.com/wp-content/uploads/sites/16/2023/06/MI_Finance_Professor_Landscape_0038.jpeg"
