Symbol="VLRS"
AssetType="Common Stock"
Name="Volaris"
Description="Controller Flies Compaa de Aviacin, SAB de CV, Concessionaire Flies Compaa de Aviacin, SAPI The company is headquartered in Mexico City, Mexico."
CIK="1520504"
Exchange="NYSE"
Currency="USD"
Country="USA"
Sector="ENERGY & TRANSPORTATION"
Industry="AIR TRANSPORTATION, SCHEDULED"
Address="AV. ANTONIO DOVAL? JAIME NO. 70, PISO 13, COL. ZEDEC SANTA FE, MX"
FiscalYearEnd="December"
LatestQuarter="2023-06-30"
MarketCapitalization="1450354000"
EBITDA="145682000"
PERatio="None"
PEGRatio="1.69"
BookValue="2.01"
DividendPerShare="0"
DividendYield="0"
EPS="-0.88"
RevenuePerShareTTM="24.65"
ProfitMargin="0"
OperatingMarginTTM="0"
ReturnOnAssetsTTM="0.0063"
ReturnOnEquityTTM="-0.245"
RevenueTTM="3010976000"
GrossProfitTTM="663000000"
DilutedEPSTTM="-0.88"
QuarterlyEarningsGrowthYOY="-0.477"
QuarterlyRevenueGrowthYOY="0.289"
AnalystTargetPrice="19.52"
TrailingPE="-"
ForwardPE="25.71"
PriceToSalesRatioTTM="0.381"
PriceToBookRatio="4.502"
EVToRevenue="1.222"
EVToEBITDA="-304.28"
Beta="1.884"
num_52WeekHigh="15.05"
num_52WeekLow="6.86"
num_50DayMovingAverage="13.77"
num_200DayMovingAverage="11.25"
SharesOutstanding="115252000"
DividendDate="None"
ExDividendDate="None"
symbol="VLRS"
open="11.50"
high="11.52"
low="11.18"
price="11.34"
volume="317433.00"
latest_trading_day="2023-08-02"
previous_close="11.60"
change="-0.26"
change_percent="-2.2414%"
aroon_positive_momentum_days="0"
aroon_negative_momentum_days="1"
trend_strength="Absent or Weak Trend"
buying_signal="Weak Sell Signal"
volume_analysis="Target Volume"
value_analysis="Expected Range"
Aroon_change="TRUE"
Aroon_momentum="99"
Volume_recent_avg="338143"
Change_recent_avg="-0.03"
Delta_recent_avg="0.48"
Variance_recent_avg="0.24"
Change_ratio_recent_avg="-0.25"
RSI_change="FALSE"
ADX_change="FALSE"
Aroon_signal="negative"
Aroon_change="TRUE"
Aroon_momentum_positive="99"
Aroon_momentum_negative="1"
image_negative_thumbnail_id_1="138"
image_negative_url_1="https://hehge.com/wp-content/uploads/sites/16/2023/05/MI_Finance_Negative_Landscape_0038.jpeg"
image_negative_thumbnail_id_2="134"
image_negative_url_2="https://hehge.com/wp-content/uploads/sites/16/2023/05/MI_Finance_Negative_Landscape_0042.jpeg"
image_neutral_thumbnail_id_1="529"
image_neutral_url_1="https://hehge.com/wp-content/uploads/sites/16/2023/06/MI_Finance_Neutral_Landscape_0070.jpeg"
image_neutral_thumbnail_id_2="583"
image_neutral_url_2="https://hehge.com/wp-content/uploads/sites/16/2023/06/MI_Finance_Neutral_Landscape_0016.jpeg"
image_positive_thumbnail_id_1="975"
image_positive_url_1="https://hehge.com/wp-content/uploads/sites/16/2023/06/MI_Finance_Positive_Landscape_0137.jpeg"
image_positive_thumbnail_id_2="627"
image_positive_url_2="https://hehge.com/wp-content/uploads/sites/16/2023/06/MI_Finance_Positive_Landscape_0081.jpeg"
image_professor_thumbnail_id_1="1189"
image_professor_url_1="https://hehge.com/wp-content/uploads/sites/16/2023/06/MI_Finance_Professor_Landscape_0023.jpeg"
image_professor_thumbnail_id_2="1177"
image_professor_url_2="https://hehge.com/wp-content/uploads/sites/16/2023/06/MI_Finance_Professor_Landscape_0011.jpeg"
