Symbol="SDRL"
AssetType="Common Stock"
Name="Seadrill Limited"
Description="Seadrill Limited, an offshore drilling contractor, provides offshore drilling services to the oil and gas industry globally. The company is headquartered in Hamilton, Bermuda."
CIK="1737706"
Exchange="NYSE"
Currency="USD"
Country="USA"
Sector="ENERGY & TRANSPORTATION"
Industry="DRILLING OIL & GAS WELLS"
Address="PAR-LA-VILLE PLACE, 14 PAR-LA-VILLE ROAD, HAMILTON, BM"
FiscalYearEnd="December"
LatestQuarter="2023-03-31"
MarketCapitalization="3807236000"
EBITDA="245000000"
PERatio="0.788"
PEGRatio="None"
BookValue="34.9"
DividendPerShare="0"
DividendYield="0"
EPS="60.51"
RevenuePerShareTTM="19.68"
ProfitMargin="0.244"
OperatingMarginTTM="0.0886"
ReturnOnAssetsTTM="0.0195"
ReturnOnEquityTTM="-0.0209"
RevenueTTM="982000000"
GrossProfitTTM="277000000"
DilutedEPSTTM="60.51"
QuarterlyEarningsGrowthYOY="-0.982"
QuarterlyRevenueGrowthYOY="0.02"
AnalystTargetPrice="48.1"
TrailingPE="0.788"
ForwardPE="-"
PriceToSalesRatioTTM="-"
PriceToBookRatio="-"
EVToRevenue="-"
EVToEBITDA="-"
Beta="None"
num_52WeekHigh="50.23"
num_52WeekLow="22"
num_50DayMovingAverage="40.65"
num_200DayMovingAverage="36.83"
SharesOutstanding="79866000"
DividendDate="None"
ExDividendDate="None"
symbol="SDRL"
open="47.53"
high="47.53"
low="46.33"
price="46.94"
volume="495106.00"
latest_trading_day="2023-08-02"
previous_close="47.67"
change="-0.73"
change_percent="-1.5314%"
aroon_positive_momentum_days="51"
aroon_negative_momentum_days="0"
trend_strength="Absent or Weak Trend"
buying_signal="Strong Buy Signal"
volume_analysis="Target Volume"
value_analysis="Expected Range"
Aroon_change="FALSE"
Aroon_momentum="51"
Volume_recent_avg="630209"
Change_recent_avg="0.1"
Delta_recent_avg="1.47"
Variance_recent_avg="0.73"
Change_ratio_recent_avg="0.21"
RSI_change="FALSE"
ADX_change="FALSE"

event="FALSE"
Aroon_signal="positive"
Aroon_change="FALSE"
Aroon_momentum_positive="51"
Aroon_momentum_negative="49"
image_negative_thumbnail_id_1="487"
image_negative_url_1="https://hehge.com/wp-content/uploads/sites/16/2023/06/MI_Finance_Negative_Landscape_0118.jpeg"
image_negative_thumbnail_id_2="164"
image_negative_url_2="https://hehge.com/wp-content/uploads/sites/16/2023/05/MI_Finance_Negative_Landscape_0012.jpeg"
image_neutral_thumbnail_id_1="541"
image_neutral_url_1="https://hehge.com/wp-content/uploads/sites/16/2023/06/MI_Finance_Neutral_Landscape_0058.jpeg"
image_neutral_thumbnail_id_2="551"
image_neutral_url_2="https://hehge.com/wp-content/uploads/sites/16/2023/06/MI_Finance_Neutral_Landscape_0048.jpeg"
image_positive_thumbnail_id_1="631"
image_positive_url_1="https://hehge.com/wp-content/uploads/sites/16/2023/06/MI_Finance_Positive_Landscape_0077.jpeg"
image_positive_thumbnail_id_2="987"
image_positive_url_2="https://hehge.com/wp-content/uploads/sites/16/2023/06/MI_Finance_Positive_Landscape_0149.jpeg"
image_professor_thumbnail_id_1="1188"
image_professor_url_1="https://hehge.com/wp-content/uploads/sites/16/2023/06/MI_Finance_Professor_Landscape_0022.jpeg"
image_professor_thumbnail_id_2="1170"
image_professor_url_2="https://hehge.com/wp-content/uploads/sites/16/2023/06/MI_Finance_Professor_Landscape_0004.jpeg"
