Symbol="SDRL"
AssetType="Common Stock"
Name="Seadrill Limited"
Description="Seadrill Limited, an offshore drilling contractor, provides offshore drilling services to the oil and gas industry globally. The company is headquartered in Hamilton, Bermuda."
CIK="1737706"
Exchange="NYSE"
Currency="USD"
Country="USA"
Sector="ENERGY & TRANSPORTATION"
Industry="DRILLING OIL & GAS WELLS"
Address="PAR-LA-VILLE PLACE, 14 PAR-LA-VILLE ROAD, HAMILTON, BM"
FiscalYearEnd="December"
LatestQuarter="2023-03-31"
MarketCapitalization="3709799000"
EBITDA="245000000"
PERatio="0.745"
PEGRatio="None"
BookValue="34.9"
DividendPerShare="0"
DividendYield="0"
EPS="62.32"
RevenuePerShareTTM="19.68"
ProfitMargin="0.244"
OperatingMarginTTM="0.0886"
ReturnOnAssetsTTM="0.0195"
ReturnOnEquityTTM="-0.0209"
RevenueTTM="982000000"
GrossProfitTTM="277000000"
DilutedEPSTTM="62.32"
QuarterlyEarningsGrowthYOY="-0.982"
QuarterlyRevenueGrowthYOY="0.02"
AnalystTargetPrice="None"
TrailingPE="0.745"
ForwardPE="-"
PriceToSalesRatioTTM="-"
PriceToBookRatio="-"
EVToRevenue="-"
EVToEBITDA="-"
Beta="None"
num_52WeekHigh="47.08"
num_52WeekLow="22"
num_50DayMovingAverage="39.15"
num_200DayMovingAverage="36.46"
SharesOutstanding="79866000"
DividendDate="None"
ExDividendDate="None"
symbol="SDRL"
open="46.53"
high="46.63"
low="45.84"
price="46.45"
volume="679947.00"
latest_trading_day="2023-07-21"
previous_close="45.89"
change="0.56"
change_percent="1.2203%"
aroon_positive_momentum_days="51"
aroon_negative_momentum_days="0"
trend_strength="Absent or Weak Trend"
buying_signal="Strong Buy Signal"
volume_analysis="Target Volume"
value_analysis="Expected Range"
Aroon_change="FALSE"
Aroon_momentum="51"
Volume_recent_avg="588202"
Change_recent_avg="0.07"
Delta_recent_avg="1.5"
Variance_recent_avg="0.75"
Change_ratio_recent_avg="0.14"
RSI_change="FALSE"
ADX_change="FALSE"

event="FALSE"
Aroon_signal="positive"
Aroon_change="FALSE"
Aroon_momentum_positive="51"
Aroon_momentum_negative="49"
image_negative_thumbnail_id_1="1165"
image_negative_url_1="https://hehge.com/wp-content/uploads/sites/16/2023/06/MI_Finance_Negative_Landscape_0199.jpeg"
image_negative_thumbnail_id_2="125"
image_negative_url_2="https://hehge.com/wp-content/uploads/sites/16/2023/05/MI_Finance_Negative_Landscape_0051.jpeg"
image_neutral_thumbnail_id_1="527"
image_neutral_url_1="https://hehge.com/wp-content/uploads/sites/16/2023/06/MI_Finance_Neutral_Landscape_0072.jpeg"
image_neutral_thumbnail_id_2="560"
image_neutral_url_2="https://hehge.com/wp-content/uploads/sites/16/2023/06/MI_Finance_Neutral_Landscape_0039.jpeg"
image_positive_thumbnail_id_1="657"
image_positive_url_1="https://hehge.com/wp-content/uploads/sites/16/2023/06/MI_Finance_Positive_Landscape_0051.jpeg"
image_positive_thumbnail_id_2="991"
image_positive_url_2="https://hehge.com/wp-content/uploads/sites/16/2023/06/MI_Finance_Positive_Landscape_0153.jpeg"
image_professor_thumbnail_id_1="1204"
image_professor_url_1="https://hehge.com/wp-content/uploads/sites/16/2023/06/MI_Finance_Professor_Landscape_0038.jpeg"
image_professor_thumbnail_id_2="1181"
image_professor_url_2="https://hehge.com/wp-content/uploads/sites/16/2023/06/MI_Finance_Professor_Landscape_0015.jpeg"
