Symbol="IPI"
AssetType="Common Stock"
Name="Intrepid Potash Inc"
Description="Intrepid Potash, Inc. produces and sells potash and langbeinite products in the United States and internationally. The company is headquartered in Denver, Colorado."
CIK="1421461"
Exchange="NYSE"
Currency="USD"
Country="USA"
Sector="ENERGY & TRANSPORTATION"
Industry="MINING & QUARRYING OF NONMETALLIC MINERALS (NO FUELS)"
Address="1001 17TH STREET, SUITE 1050, DENVER, CO, US"
FiscalYearEnd="December"
LatestQuarter="2023-03-31"
MarketCapitalization="330544000"
EBITDA="104193000"
PERatio="6.51"
PEGRatio="0.34"
BookValue="61.29"
DividendPerShare="0"
DividendYield="0"
EPS="3.86"
RevenuePerShareTTM="21.07"
ProfitMargin="0.165"
OperatingMarginTTM="0.249"
ReturnOnAssetsTTM="0.0535"
ReturnOnEquityTTM="0.0641"
RevenueTTM="274595000"
GrossProfitTTM="141408000"
DilutedEPSTTM="3.86"
QuarterlyEarningsGrowthYOY="-0.848"
QuarterlyRevenueGrowthYOY="-0.208"
AnalystTargetPrice="22"
TrailingPE="6.51"
ForwardPE="5.76"
PriceToSalesRatioTTM="1.393"
PriceToBookRatio="0.629"
EVToRevenue="1.185"
EVToEBITDA="2.891"
Beta="2.095"
num_52WeekHigh="56.66"
num_52WeekLow="17.23"
num_50DayMovingAverage="21.34"
num_200DayMovingAverage="30.3"
SharesOutstanding="13158600"
DividendDate="2020-08-14"
ExDividendDate="2012-12-13"
symbol="IPI"
open="25.34"
high="25.40"
low="24.21"
price="24.31"
volume="160289.00"
latest_trading_day="2023-07-12"
previous_close="24.60"
change="-0.29"
change_percent="-1.1789%"
aroon_positive_momentum_days="0"
aroon_negative_momentum_days="99"
trend_strength="Absent or Weak Trend"
buying_signal="Weak Sell Signal"
volume_analysis="Target Volume"
value_analysis="Expected Range"
Aroon_change="FALSE"
Aroon_momentum="1"
Volume_recent_avg="193533"
Change_recent_avg="-0.07"
Delta_recent_avg="1.08"
Variance_recent_avg="0.54"
Change_ratio_recent_avg="-0.29"
RSI_change="FALSE"
ADX_change="FALSE"

event="FALSE"
Aroon_signal="negative"
Aroon_change="FALSE"
Aroon_momentum_positive="1"
Aroon_momentum_negative="99"
image_negative_thumbnail_id_1="149"
image_negative_url_1="https://hehge.com/wp-content/uploads/sites/16/2023/05/MI_Finance_Negative_Landscape_0027.jpeg"
image_negative_thumbnail_id_2="494"
image_negative_url_2="https://hehge.com/wp-content/uploads/sites/16/2023/06/MI_Finance_Negative_Landscape_0111.jpeg"
image_neutral_thumbnail_id_1="539"
image_neutral_url_1="https://hehge.com/wp-content/uploads/sites/16/2023/06/MI_Finance_Neutral_Landscape_0060.jpeg"
image_neutral_thumbnail_id_2="556"
image_neutral_url_2="https://hehge.com/wp-content/uploads/sites/16/2023/06/MI_Finance_Neutral_Landscape_0043.jpeg"
image_positive_thumbnail_id_1="688"
image_positive_url_1="https://hehge.com/wp-content/uploads/sites/16/2023/06/MI_Finance_Positive_Landscape_0020.jpeg"
image_positive_thumbnail_id_2="989"
image_positive_url_2="https://hehge.com/wp-content/uploads/sites/16/2023/06/MI_Finance_Positive_Landscape_0151.jpeg"
image_professor_thumbnail_id_1="1183"
image_professor_url_1="https://hehge.com/wp-content/uploads/sites/16/2023/06/MI_Finance_Professor_Landscape_0017.jpeg"
image_professor_thumbnail_id_2="1175"
image_professor_url_2="https://hehge.com/wp-content/uploads/sites/16/2023/06/MI_Finance_Professor_Landscape_0009.jpeg"
