Symbol="HAL"
AssetType="Common Stock"
Name="Halliburton Company"
Description="Halliburton Company is an American multinational corporation. One of the world's largest oil field service companies, it has operations in more than 70 countries."
CIK="45012"
Exchange="NYSE"
Currency="USD"
Country="USA"
Sector="ENERGY & TRANSPORTATION"
Industry="OIL & GAS FIELD SERVICES, NEC"
Address="3000 NORTH SAM HOUSTON PARKWAY EAST, 3000 NORTH SAM HOUSTON PARKWAY EAST, HOUSTON, TX, US"
FiscalYearEnd="December"
LatestQuarter="2023-06-30"
MarketCapitalization="35257782000"
EBITDA="4418000000"
PERatio="14.42"
PEGRatio="0.927"
BookValue="8.81"
DividendPerShare="0"
DividendYield="0.0164"
EPS="2.71"
RevenuePerShareTTM="22.45"
ProfitMargin="0"
OperatingMarginTTM="0"
ReturnOnAssetsTTM="0.0949"
ReturnOnEquityTTM="31.11"
RevenueTTM="21689999000"
GrossProfitTTM="3243000000"
DilutedEPSTTM="2.71"
QuarterlyEarningsGrowthYOY="1.483"
QuarterlyRevenueGrowthYOY="0.325"
AnalystTargetPrice="46.88"
TrailingPE="14.42"
ForwardPE="12.95"
PriceToSalesRatioTTM="1.754"
PriceToBookRatio="4.355"
EVToRevenue="2.115"
EVToEBITDA="13.1"
Beta="2.166"
num_52WeekHigh="43.01"
num_52WeekLow="23.0"
num_50DayMovingAverage="33.58"
num_200DayMovingAverage="35.1"
SharesOutstanding="902195000"
DividendDate="2023-06-28"
ExDividendDate="2023-06-06"
symbol="HAL"
open="38.80"
high="39.29"
low="38.27"
price="39.27"
volume="6482524.00"
latest_trading_day="2023-08-01"
previous_close="39.08"
change="0.19"
change_percent="0.4862%"
aroon_positive_momentum_days="20"
aroon_negative_momentum_days="0"
trend_strength="Absent or Weak Trend"
buying_signal="Strong Buy Signal"
volume_analysis="Target Volume"
value_analysis="Expected Range"
Aroon_change="FALSE"
Aroon_momentum="20"
Volume_recent_avg="9856435"
Change_recent_avg="0.05"
Delta_recent_avg="1.12"
Variance_recent_avg="0.56"
Change_ratio_recent_avg="0.11"
RSI_change="FALSE"
ADX_change="FALSE"

event="FALSE"
Aroon_signal="positive"
Aroon_change="FALSE"
Aroon_momentum_positive="20"
Aroon_momentum_negative="80"
image_negative_thumbnail_id_1="1154"
image_negative_url_1="https://hehge.com/wp-content/uploads/sites/16/2023/06/MI_Finance_Negative_Landscape_0188.jpeg"
image_negative_thumbnail_id_2="1136"
image_negative_url_2="https://hehge.com/wp-content/uploads/sites/16/2023/06/MI_Finance_Negative_Landscape_0169.jpeg"
image_neutral_thumbnail_id_1="568"
image_neutral_url_1="https://hehge.com/wp-content/uploads/sites/16/2023/06/MI_Finance_Neutral_Landscape_0031.jpeg"
image_neutral_thumbnail_id_2="577"
image_neutral_url_2="https://hehge.com/wp-content/uploads/sites/16/2023/06/MI_Finance_Neutral_Landscape_0022.jpeg"
image_positive_thumbnail_id_1="1015"
image_positive_url_1="https://hehge.com/wp-content/uploads/sites/16/2023/06/MI_Finance_Positive_Landscape_0177.jpeg"
image_positive_thumbnail_id_2="608"
image_positive_url_2="https://hehge.com/wp-content/uploads/sites/16/2023/06/MI_Finance_Positive_Landscape_0100.jpeg"
image_professor_thumbnail_id_1="1192"
image_professor_url_1="https://hehge.com/wp-content/uploads/sites/16/2023/06/MI_Finance_Professor_Landscape_0026.jpeg"
image_professor_thumbnail_id_2="1201"
image_professor_url_2="https://hehge.com/wp-content/uploads/sites/16/2023/06/MI_Finance_Professor_Landscape_0035.jpeg"
