Symbol="EQT"
AssetType="Common Stock"
Name="EQT Corporation"
Description="EQT Corporation is a natural gas production company in the United States. The company is headquartered in Pittsburgh, Pennsylvania."
CIK="33213"
Exchange="NYSE"
Currency="USD"
Country="USA"
Sector="ENERGY & TRANSPORTATION"
Industry="CRUDE PETROLEUM & NATURAL GAS"
Address="625 LIBERTY AVENUE, SUITE 1700, PITTSBURGH, PA, US"
FiscalYearEnd="December"
LatestQuarter="2023-06-30"
MarketCapitalization="15720622000"
EBITDA="6624125000"
PERatio="4.83"
PEGRatio="0.162"
BookValue="33.2"
DividendPerShare="0.6"
DividendYield="0.0138"
EPS="9"
RevenuePerShareTTM="24.25"
ProfitMargin="0.401"
OperatingMarginTTM="0.566"
ReturnOnAssetsTTM="0.142"
ReturnOnEquityTTM="0.336"
RevenueTTM="8847576000"
GrossProfitTTM="9722660000"
DilutedEPSTTM="9"
QuarterlyEarningsGrowthYOY="-0.087"
QuarterlyRevenueGrowthYOY="-0.75"
AnalystTargetPrice="46.9"
TrailingPE="4.83"
ForwardPE="4.21"
PriceToSalesRatioTTM="1.221"
PriceToBookRatio="1.443"
EVToRevenue="1.498"
EVToEBITDA="4.048"
Beta="1.209"
num_52WeekHigh="51.13"
num_52WeekLow="27.87"
num_50DayMovingAverage="40.6"
num_200DayMovingAverage="36.16"
SharesOutstanding="361643000"
DividendDate="2023-09-01"
ExDividendDate="2023-08-08"
symbol="EQT"
open="42.52"
high="43.48"
low="42.45"
price="43.47"
volume="5191535.00"
latest_trading_day="2023-08-18"
previous_close="42.91"
change="0.56"
change_percent="1.3051%"
aroon_positive_momentum_days="78"
aroon_negative_momentum_days="0"
trend_strength="Absent or Weak Trend"
buying_signal="Strong Buy Signal"
volume_analysis="Target Volume"
value_analysis="Expected Range"
Aroon_change="FALSE"
Aroon_momentum="78"
Volume_recent_avg="6138938"
Change_recent_avg="0.09"
Delta_recent_avg="1.13"
Variance_recent_avg="0.56"
Change_ratio_recent_avg="0.21"
RSI_change="FALSE"
ADX_change="FALSE"

event="FALSE"
Aroon_signal="positive"
Aroon_change="FALSE"
Aroon_momentum_positive="78"
Aroon_momentum_negative="22"
image_negative_thumbnail_id_1="500"
image_negative_url_1="https://hehge.com/wp-content/uploads/sites/16/2023/06/MI_Finance_Negative_Landscape_0105.jpeg"
image_negative_thumbnail_id_2="1102"
image_negative_url_2="https://hehge.com/wp-content/uploads/sites/16/2023/06/MI_Finance_Negative_Landscape_0135.jpeg"
image_neutral_thumbnail_id_1="540"
image_neutral_url_1="https://hehge.com/wp-content/uploads/sites/16/2023/06/MI_Finance_Neutral_Landscape_0059.jpeg"
image_neutral_thumbnail_id_2="555"
image_neutral_url_2="https://hehge.com/wp-content/uploads/sites/16/2023/06/MI_Finance_Neutral_Landscape_0044.jpeg"
image_positive_thumbnail_id_1="954"
image_positive_url_1="https://hehge.com/wp-content/uploads/sites/16/2023/06/MI_Finance_Positive_Landscape_0116.jpeg"
image_positive_thumbnail_id_2="697"
image_positive_url_2="https://hehge.com/wp-content/uploads/sites/16/2023/06/MI_Finance_Positive_Landscape_0011.jpeg"
image_professor_thumbnail_id_1="1177"
image_professor_url_1="https://hehge.com/wp-content/uploads/sites/16/2023/06/MI_Finance_Professor_Landscape_0011.jpeg"
image_professor_thumbnail_id_2="1167"
image_professor_url_2="https://hehge.com/wp-content/uploads/sites/16/2023/06/MI_Finance_Professor_Landscape_0001.jpeg"
