Symbol="HMY"
AssetType="Common Stock"
Name="Harmony Gold Mining Company Limited"
Description="Harmony Gold Mining Company Limited is engaged in the exploration, extraction and processing of gold in South Africa and Papua New Guinea. The company is headquartered in Randfontein, South Africa."
CIK="1023514"
Exchange="NYSE"
Currency="USD"
Country="USA"
Sector="ENERGY & TRANSPORTATION"
Industry="GOLD AND SILVER ORES"
Address="RANDFONTEIN OFFICE PARK, CAR MAIN REEF ROAD AND WARD AVENUE, RANDFONTEIN, ZA"
FiscalYearEnd="June"
LatestQuarter="2022-12-31"
MarketCapitalization="2654417000"
EBITDA="8456500000"
PERatio="None"
PEGRatio="0"
BookValue="51.37"
DividendPerShare="0.62"
DividendYield="0.0096"
EPS="-0.05"
RevenuePerShareTTM="71.46"
ProfitMargin="-0.0137"
OperatingMarginTTM="0.108"
ReturnOnAssetsTTM="0.0573"
ReturnOnEquityTTM="-0.0173"
RevenueTTM="43953000000"
GrossProfitTTM="9052000000"
DilutedEPSTTM="-0.05"
QuarterlyEarningsGrowthYOY="0.32"
QuarterlyRevenueGrowthYOY="0.06"
AnalystTargetPrice="4.28"
TrailingPE="-"
ForwardPE="-"
PriceToSalesRatioTTM="0.0518"
PriceToBookRatio="1.271"
EVToRevenue="0.0525"
EVToEBITDA="0.669"
Beta="0.817"
num_52WeekHigh="5.43"
num_52WeekLow="1.926"
num_50DayMovingAverage="4.113"
num_200DayMovingAverage="3.974"
SharesOutstanding="618025000"
DividendDate="2022-10-24"
ExDividendDate="2022-10-13"
symbol="HMY"
open="4.22"
high="4.32"
low="4.15"
price="4.17"
volume="2418473.00"
latest_trading_day="2023-08-30"
previous_close="4.09"
change="0.08"
change_percent="1.9560%"
aroon_positive_momentum_days="0"
aroon_negative_momentum_days="46"
trend_strength="Absent or Weak Trend"
buying_signal="Strong Sell Signal"
volume_analysis="Target Volume"
value_analysis="Expected Range"
Aroon_change="FALSE"
Aroon_momentum="54"
Volume_recent_avg="3653275"
Change_recent_avg="-0.01"
Delta_recent_avg="0.14"
Variance_recent_avg="0.07"
Change_ratio_recent_avg="-0.31"
RSI_change="FALSE"
ADX_change="FALSE"

event="FALSE"
Aroon_signal="negative"
Aroon_change="FALSE"
Aroon_momentum_positive="54"
Aroon_momentum_negative="46"
image_negative_thumbnail_id_1="97"
image_negative_url_1="https://hehge.com/wp-content/uploads/sites/16/2023/05/MI_Finance_Negative_Landscape_0079.jpeg"
image_negative_thumbnail_id_2="133"
image_negative_url_2="https://hehge.com/wp-content/uploads/sites/16/2023/05/MI_Finance_Negative_Landscape_0043.jpeg"
image_neutral_thumbnail_id_1="563"
image_neutral_url_1="https://hehge.com/wp-content/uploads/sites/16/2023/06/MI_Finance_Neutral_Landscape_0036.jpeg"
image_neutral_thumbnail_id_2="539"
image_neutral_url_2="https://hehge.com/wp-content/uploads/sites/16/2023/06/MI_Finance_Neutral_Landscape_0060.jpeg"
image_positive_thumbnail_id_1="684"
image_positive_url_1="https://hehge.com/wp-content/uploads/sites/16/2023/06/MI_Finance_Positive_Landscape_0024.jpeg"
image_positive_thumbnail_id_2="650"
image_positive_url_2="https://hehge.com/wp-content/uploads/sites/16/2023/06/MI_Finance_Positive_Landscape_0058.jpeg"
image_professor_thumbnail_id_1="1189"
image_professor_url_1="https://hehge.com/wp-content/uploads/sites/16/2023/06/MI_Finance_Professor_Landscape_0023.jpeg"
image_professor_thumbnail_id_2="1203"
image_professor_url_2="https://hehge.com/wp-content/uploads/sites/16/2023/06/MI_Finance_Professor_Landscape_0037.jpeg"
