Symbol="CVE"
AssetType="Common Stock"
Name="Cenovus Energy Inc"
Description="Cenovus Energy Inc., develops, produces and markets crude oil, natural gas liquids and natural gas in Canada, the United States and the Asia Pacific region. The company is headquartered in Calgary, Canada."
CIK="1475260"
Exchange="NYSE"
Currency="USD"
Country="USA"
Sector="ENERGY & TRANSPORTATION"
Industry="CRUDE PETROLEUM & NATURAL GAS"
Address="225 - 6 AVENUE S.W., P.O. BOX 766, CALGARY, AB, CA"
FiscalYearEnd="December"
LatestQuarter="2023-06-30"
MarketCapitalization="36301468000"
EBITDA="9326000000"
PERatio="13.1"
PEGRatio="0.45"
BookValue="14.11"
DividendPerShare="0.569"
DividendYield="0.0221"
EPS="1.46"
RevenuePerShareTTM="29.27"
ProfitMargin="0.0695"
OperatingMarginTTM="0.0936"
ReturnOnAssetsTTM="0.0598"
ReturnOnEquityTTM="0.145"
RevenueTTM="56027001000"
GrossProfitTTM="15997000000"
DilutedEPSTTM="1.46"
QuarterlyEarningsGrowthYOY="-0.63"
QuarterlyRevenueGrowthYOY="-0.362"
AnalystTargetPrice="21.8"
TrailingPE="13.1"
ForwardPE="6.15"
PriceToSalesRatioTTM="0.525"
PriceToBookRatio="1.774"
EVToRevenue="0.583"
EVToEBITDA="3.274"
Beta="2.873"
num_52WeekHigh="21.76"
num_52WeekLow="14.17"
num_50DayMovingAverage="17.86"
num_200DayMovingAverage="18.14"
SharesOutstanding="1896530000"
DividendDate="2023-09-29"
ExDividendDate="2023-09-14"
symbol="CVE"
open="19.15"
high="19.36"
low="19.04"
price="19.13"
volume="6143024.00"
latest_trading_day="2023-08-22"
previous_close="19.18"
change="-0.05"
change_percent="-0.2607%"
aroon_positive_momentum_days="30"
aroon_negative_momentum_days="0"
trend_strength="Absent or Weak Trend"
buying_signal="Strong Buy Signal"
volume_analysis="Target Volume"
value_analysis="Expected Range"
Aroon_change="FALSE"
Aroon_momentum="30"
Volume_recent_avg="7373254"
Change_recent_avg="0.01"
Delta_recent_avg="0.5"
Variance_recent_avg="0.25"
Change_ratio_recent_avg="0.06"
RSI_change="FALSE"
ADX_change="FALSE"

event="aroon_milestone_positive_30"
Aroon_signal="positive"
Aroon_change="FALSE"
Aroon_momentum_positive="30"
Aroon_momentum_negative="70"
image_negative_thumbnail_id_1="489"
image_negative_url_1="https://hehge.com/wp-content/uploads/sites/16/2023/06/MI_Finance_Negative_Landscape_0116.jpeg"
image_negative_thumbnail_id_2="116"
image_negative_url_2="https://hehge.com/wp-content/uploads/sites/16/2023/05/MI_Finance_Negative_Landscape_0060.jpeg"
image_neutral_thumbnail_id_1="582"
image_neutral_url_1="https://hehge.com/wp-content/uploads/sites/16/2023/06/MI_Finance_Neutral_Landscape_0017.jpeg"
image_neutral_thumbnail_id_2="594"
image_neutral_url_2="https://hehge.com/wp-content/uploads/sites/16/2023/06/MI_Finance_Neutral_Landscape_0005.jpeg"
image_positive_thumbnail_id_1="659"
image_positive_url_1="https://hehge.com/wp-content/uploads/sites/16/2023/06/MI_Finance_Positive_Landscape_0049.jpeg"
image_positive_thumbnail_id_2="989"
image_positive_url_2="https://hehge.com/wp-content/uploads/sites/16/2023/06/MI_Finance_Positive_Landscape_0151.jpeg"
image_professor_thumbnail_id_1="1196"
image_professor_url_1="https://hehge.com/wp-content/uploads/sites/16/2023/06/MI_Finance_Professor_Landscape_0030.jpeg"
image_professor_thumbnail_id_2="1180"
image_professor_url_2="https://hehge.com/wp-content/uploads/sites/16/2023/06/MI_Finance_Professor_Landscape_0014.jpeg"
