Symbol="OXY"
AssetType="Common Stock"
Name="Occidental Petroleum Corporation"
Description="Occidental Petroleum Corporation is an American company engaged in hydrocarbon exploration in the United States, the Middle East, and Colombia as well as petrochemical manufacturing in the United States, Canada, and Chile."
CIK="797468"
Exchange="NYSE"
Currency="USD"
Country="USA"
Sector="ENERGY & TRANSPORTATION"
Industry="CRUDE PETROLEUM & NATURAL GAS"
Address="5 GREENWAY PLAZA, SUITE 110, HOUSTON, TX, US"
FiscalYearEnd="December"
LatestQuarter="2023-06-30"
MarketCapitalization="55778652000"
EBITDA="16304000000"
PERatio="7.15"
PEGRatio="1.218"
BookValue="23.16"
DividendPerShare="0.62"
DividendYield="0.0113"
EPS="8.75"
RevenuePerShareTTM="34.85"
ProfitMargin="0.215"
OperatingMarginTTM="0.289"
ReturnOnAssetsTTM="0.0783"
ReturnOnEquityTTM="0.237"
RevenueTTM="31536001000"
GrossProfitTTM="24571000000"
DilutedEPSTTM="8.75"
QuarterlyEarningsGrowthYOY="-0.818"
QuarterlyRevenueGrowthYOY="-0.372"
AnalystTargetPrice="68.25"
TrailingPE="7.15"
ForwardPE="8.52"
PriceToSalesRatioTTM="1.58"
PriceToBookRatio="3.053"
EVToRevenue="2.43"
EVToEBITDA="4.041"
Beta="1.785"
num_52WeekHigh="76.37"
num_52WeekLow="55.34"
num_50DayMovingAverage="60.44"
num_200DayMovingAverage="62.69"
SharesOutstanding="891745000"
DividendDate="2023-10-13"
ExDividendDate="2023-09-07"
symbol="OXY"
open="63.88"
high="64.30"
low="62.50"
price="62.55"
volume="7805724.00"
latest_trading_day="2023-08-16"
previous_close="63.55"
change="-1.00"
change_percent="-1.5736%"
aroon_positive_momentum_days="39"
aroon_negative_momentum_days="0"
trend_strength="Absent or Weak Trend"
buying_signal="Weak Buy Signal"
volume_analysis="Target Volume"
value_analysis="Expected Range"
Aroon_change="FALSE"
Aroon_momentum="39"
Volume_recent_avg="10628682"
Change_recent_avg="0.01"
Delta_recent_avg="1.23"
Variance_recent_avg="0.62"
Change_ratio_recent_avg="-0.01"
RSI_change="FALSE"
ADX_change="FALSE"

event="FALSE"
Aroon_signal="positive"
Aroon_change="FALSE"
Aroon_momentum_positive="39"
Aroon_momentum_negative="61"
image_negative_thumbnail_id_1="144"
image_negative_url_1="https://hehge.com/wp-content/uploads/sites/16/2023/05/MI_Finance_Negative_Landscape_0032.jpeg"
image_negative_thumbnail_id_2="140"
image_negative_url_2="https://hehge.com/wp-content/uploads/sites/16/2023/05/MI_Finance_Negative_Landscape_0036.jpeg"
image_neutral_thumbnail_id_1="523"
image_neutral_url_1="https://hehge.com/wp-content/uploads/sites/16/2023/06/MI_Finance_Neutral_Landscape_0076.jpeg"
image_neutral_thumbnail_id_2="540"
image_neutral_url_2="https://hehge.com/wp-content/uploads/sites/16/2023/06/MI_Finance_Neutral_Landscape_0059.jpeg"
image_positive_thumbnail_id_1="617"
image_positive_url_1="https://hehge.com/wp-content/uploads/sites/16/2023/06/MI_Finance_Positive_Landscape_0091.jpeg"
image_positive_thumbnail_id_2="604"
image_positive_url_2="https://hehge.com/wp-content/uploads/sites/16/2023/06/MI_Finance_Positive_Landscape_0104.jpeg"
image_professor_thumbnail_id_1="1191"
image_professor_url_1="https://hehge.com/wp-content/uploads/sites/16/2023/06/MI_Finance_Professor_Landscape_0025.jpeg"
image_professor_thumbnail_id_2="1190"
image_professor_url_2="https://hehge.com/wp-content/uploads/sites/16/2023/06/MI_Finance_Professor_Landscape_0024.jpeg"
