Symbol="PNW"
AssetType="Common Stock"
Name="Pinnacle West Capital Corp"
Description="Pinnacle West Capital is a utility holding company that owns Arizona Public Service and Bright Canyon Energy."
CIK="764622"
Exchange="NYSE"
Currency="USD"
Country="USA"
Sector="ENERGY & TRANSPORTATION"
Industry="ELECTRIC SERVICES"
Address="400 NORTH FIFTH STREET, MS8695, PHOENIX, AZ, US"
FiscalYearEnd="December"
LatestQuarter="2023-06-30"
MarketCapitalization="8940317000"
EBITDA="1587420000"
PERatio="22.1"
PEGRatio="39.15"
BookValue="52.66"
DividendPerShare="3.445"
DividendYield="0.0445"
EPS="3.57"
RevenuePerShareTTM="40.12"
ProfitMargin="0.0893"
OperatingMarginTTM="0.167"
ReturnOnAssetsTTM="0.0204"
ReturnOnEquityTTM="0.0699"
RevenueTTM="4545843000"
GrossProfitTTM="1707970000"
DilutedEPSTTM="3.57"
QuarterlyEarningsGrowthYOY="-0.352"
QuarterlyRevenueGrowthYOY="0.057"
AnalystTargetPrice="80.1"
TrailingPE="22.1"
ForwardPE="18.83"
PriceToSalesRatioTTM="2.162"
PriceToBookRatio="1.44"
EVToRevenue="4.276"
EVToEBITDA="10.48"
Beta="0.46"
num_52WeekHigh="85.14"
num_52WeekLow="56.39"
num_50DayMovingAverage="81.25"
num_200DayMovingAverage="77.86"
SharesOutstanding="113256000"
DividendDate="2023-09-01"
ExDividendDate="2023-07-31"
symbol="PNW"
open="78.85"
high="80.24"
low="78.67"
price="78.79"
volume="894916.00"
latest_trading_day="2023-08-24"
previous_close="78.90"
change="-0.11"
change_percent="-0.1394%"
aroon_positive_momentum_days="100"
aroon_negative_momentum_days="0"
trend_strength="Absent or Weak Trend"
buying_signal="Weak Buy Signal"
volume_analysis="Target Volume"
value_analysis="Expected Range"
Aroon_change="FALSE"
Aroon_momentum="100"
Volume_recent_avg="775573"
Change_recent_avg="-0.03"
Delta_recent_avg="1.38"
Variance_recent_avg="0.69"
Change_ratio_recent_avg="-0.05"
RSI_change="FALSE"
ADX_change="FALSE"
Aroon_signal="positive"
Aroon_change="FALSE"
Aroon_momentum_positive="100"
Aroon_momentum_negative="0"
image_negative_thumbnail_id_1="1148"
image_negative_url_1="https://hehge.com/wp-content/uploads/sites/16/2023/06/MI_Finance_Negative_Landscape_0181.jpeg"
image_negative_thumbnail_id_2="122"
image_negative_url_2="https://hehge.com/wp-content/uploads/sites/16/2023/05/MI_Finance_Negative_Landscape_0054.jpeg"
image_neutral_thumbnail_id_1="592"
image_neutral_url_1="https://hehge.com/wp-content/uploads/sites/16/2023/06/MI_Finance_Neutral_Landscape_0007.jpeg"
image_neutral_thumbnail_id_2="550"
image_neutral_url_2="https://hehge.com/wp-content/uploads/sites/16/2023/06/MI_Finance_Neutral_Landscape_0049.jpeg"
image_positive_thumbnail_id_1="618"
image_positive_url_1="https://hehge.com/wp-content/uploads/sites/16/2023/06/MI_Finance_Positive_Landscape_0090.jpeg"
image_positive_thumbnail_id_2="693"
image_positive_url_2="https://hehge.com/wp-content/uploads/sites/16/2023/06/MI_Finance_Positive_Landscape_0015.jpeg"
image_professor_thumbnail_id_1="1198"
image_professor_url_1="https://hehge.com/wp-content/uploads/sites/16/2023/06/MI_Finance_Professor_Landscape_0032.jpeg"
image_professor_thumbnail_id_2="1170"
image_professor_url_2="https://hehge.com/wp-content/uploads/sites/16/2023/06/MI_Finance_Professor_Landscape_0004.jpeg"
