Symbol="PNW"
AssetType="Common Stock"
Name="Pinnacle West Capital Corp"
Description="Pinnacle West Capital is a utility holding company that owns Arizona Public Service and Bright Canyon Energy."
CIK="764622"
Exchange="NYSE"
Currency="USD"
Country="USA"
Sector="ENERGY & TRANSPORTATION"
Industry="ELECTRIC SERVICES"
Address="400 NORTH FIFTH STREET, MS8695, PHOENIX, AZ, US"
FiscalYearEnd="December"
LatestQuarter="2023-06-30"
MarketCapitalization="8734104000"
EBITDA="1587420000"
PERatio="19.54"
PEGRatio="39.15"
BookValue="52.66"
DividendPerShare="3.445"
DividendYield="0.0452"
EPS="3.573"
RevenuePerShareTTM="40.12"
ProfitMargin="0.0893"
OperatingMarginTTM="0.167"
ReturnOnAssetsTTM="0.0204"
ReturnOnEquityTTM="6.22"
RevenueTTM="4545843000"
GrossProfitTTM="1707970000"
DilutedEPSTTM="4.08"
QuarterlyEarningsGrowthYOY="-0.352"
QuarterlyRevenueGrowthYOY="0.057"
AnalystTargetPrice="80.3"
TrailingPE="18.89"
ForwardPE="18.83"
PriceToSalesRatioTTM="2.162"
PriceToBookRatio="1.44"
EVToRevenue="4.276"
EVToEBITDA="10.48"
Beta="0.46"
num_52WeekHigh="85.14"
num_52WeekLow="56.39"
num_50DayMovingAverage="81.45"
num_200DayMovingAverage="77.23"
SharesOutstanding="113256000"
DividendDate="2023-09-01"
ExDividendDate="2023-07-31"
symbol="PNW"
open="78.30"
high="79.56"
low="77.72"
price="77.96"
volume="1204927.00"
latest_trading_day="2023-08-09"
previous_close="77.08"
change="0.88"
change_percent="1.1417%"
aroon_positive_momentum_days="100"
aroon_negative_momentum_days="0"
trend_strength="Absent or Weak Trend"
buying_signal="Weak Buy Signal"
volume_analysis="Target Volume"
value_analysis="Expected Range"
Aroon_change="FALSE"
Aroon_momentum="100"
Volume_recent_avg="788900"
Change_recent_avg="-0.02"
Delta_recent_avg="1.47"
Variance_recent_avg="0.74"
Change_ratio_recent_avg="-0.03"
RSI_change="FALSE"
ADX_change="FALSE"
Aroon_signal="positive"
Aroon_change="FALSE"
Aroon_momentum_positive="100"
Aroon_momentum_negative="0"
image_negative_thumbnail_id_1="1123"
image_negative_url_1="https://hehge.com/wp-content/uploads/sites/16/2023/06/MI_Finance_Negative_Landscape_0156.jpeg"
image_negative_thumbnail_id_2="490"
image_negative_url_2="https://hehge.com/wp-content/uploads/sites/16/2023/06/MI_Finance_Negative_Landscape_0115.jpeg"
image_neutral_thumbnail_id_1="594"
image_neutral_url_1="https://hehge.com/wp-content/uploads/sites/16/2023/06/MI_Finance_Neutral_Landscape_0005.jpeg"
image_neutral_thumbnail_id_2="561"
image_neutral_url_2="https://hehge.com/wp-content/uploads/sites/16/2023/06/MI_Finance_Neutral_Landscape_0038.jpeg"
image_positive_thumbnail_id_1="687"
image_positive_url_1="https://hehge.com/wp-content/uploads/sites/16/2023/06/MI_Finance_Positive_Landscape_0021.jpeg"
image_positive_thumbnail_id_2="684"
image_positive_url_2="https://hehge.com/wp-content/uploads/sites/16/2023/06/MI_Finance_Positive_Landscape_0024.jpeg"
image_professor_thumbnail_id_1="1191"
image_professor_url_1="https://hehge.com/wp-content/uploads/sites/16/2023/06/MI_Finance_Professor_Landscape_0025.jpeg"
image_professor_thumbnail_id_2="1167"
image_professor_url_2="https://hehge.com/wp-content/uploads/sites/16/2023/06/MI_Finance_Professor_Landscape_0001.jpeg"
