Symbol="GNE"
AssetType="Common Stock"
Name="Genie Energy Ltd"
Description="Genie Energy Ltd. supplies electricity and natural gas to residential and small business customers in the United States, Europe and Asia. The company is headquartered in Newark, New Jersey."
CIK="1528356"
Exchange="NYSE"
Currency="USD"
Country="USA"
Sector="ENERGY & TRANSPORTATION"
Industry="ELECTRIC & OTHER SERVICES COMBINED"
Address="520 BROAD STREET, NEWARK, NJ, US"
FiscalYearEnd="December"
LatestQuarter="2023-03-31"
MarketCapitalization="373449000"
EBITDA="64518000"
PERatio="6.94"
PEGRatio="0"
BookValue="7.37"
DividendPerShare="0.3"
DividendYield="0.0218"
EPS="1.96"
RevenuePerShareTTM="13.12"
ProfitMargin="0.252"
OperatingMarginTTM="0.192"
ReturnOnAssetsTTM="0.156"
ReturnOnEquityTTM="0.315"
RevenueTTM="334889000"
GrossProfitTTM="154782000"
DilutedEPSTTM="1.96"
QuarterlyEarningsGrowthYOY="-0.197"
QuarterlyRevenueGrowthYOY="0.225"
AnalystTargetPrice="7.5"
TrailingPE="6.94"
ForwardPE="-"
PriceToSalesRatioTTM="0.751"
PriceToBookRatio="1.688"
EVToRevenue="0.719"
EVToEBITDA="3.497"
Beta="0.393"
num_52WeekHigh="16.78"
num_52WeekLow="8.07"
num_50DayMovingAverage="14.2"
num_200DayMovingAverage="12.1"
SharesOutstanding="25885200"
DividendDate="2023-05-30"
ExDividendDate="2023-05-18"
symbol="GNE"
open="13.85"
high="13.96"
low="13.57"
price="13.60"
volume="85249.00"
latest_trading_day="2023-07-21"
previous_close="13.74"
change="-0.14"
change_percent="-1.0189%"
aroon_positive_momentum_days="0"
aroon_negative_momentum_days="20"
trend_strength="Absent or Weak Trend"
buying_signal="Weak Sell Signal"
volume_analysis="Target Volume"
value_analysis="Expected Range"
Aroon_change="FALSE"
Aroon_momentum="80"
Volume_recent_avg="154869"
Change_recent_avg="0.01"
Delta_recent_avg="0.64"
Variance_recent_avg="0.32"
Change_ratio_recent_avg="-0.06"
RSI_change="FALSE"
ADX_change="FALSE"

event="FALSE"
Aroon_signal="negative"
Aroon_change="FALSE"
Aroon_momentum_positive="80"
Aroon_momentum_negative="20"
image_negative_thumbnail_id_1="1150"
image_negative_url_1="https://hehge.com/wp-content/uploads/sites/16/2023/06/MI_Finance_Negative_Landscape_0183.jpeg"
image_negative_thumbnail_id_2="132"
image_negative_url_2="https://hehge.com/wp-content/uploads/sites/16/2023/05/MI_Finance_Negative_Landscape_0044.jpeg"
image_neutral_thumbnail_id_1="538"
image_neutral_url_1="https://hehge.com/wp-content/uploads/sites/16/2023/06/MI_Finance_Neutral_Landscape_0061.jpeg"
image_neutral_thumbnail_id_2="529"
image_neutral_url_2="https://hehge.com/wp-content/uploads/sites/16/2023/06/MI_Finance_Neutral_Landscape_0070.jpeg"
image_positive_thumbnail_id_1="1001"
image_positive_url_1="https://hehge.com/wp-content/uploads/sites/16/2023/06/MI_Finance_Positive_Landscape_0163.jpeg"
image_positive_thumbnail_id_2="632"
image_positive_url_2="https://hehge.com/wp-content/uploads/sites/16/2023/06/MI_Finance_Positive_Landscape_0076.jpeg"
image_professor_thumbnail_id_1="1199"
image_professor_url_1="https://hehge.com/wp-content/uploads/sites/16/2023/06/MI_Finance_Professor_Landscape_0033.jpeg"
image_professor_thumbnail_id_2="1180"
image_professor_url_2="https://hehge.com/wp-content/uploads/sites/16/2023/06/MI_Finance_Professor_Landscape_0014.jpeg"
