Symbol="BEP"
AssetType="Common Stock"
Name="Brookfield Renewable Partners LP"
Description="Brookfield Renewable Partners LP has a portfolio of renewable energy generation facilities primarily in North America, Colombia, Brazil, Europe, India, and China. The company is headquartered in Hamilton, Bermuda."
CIK="1533232"
Exchange="NYSE"
Currency="USD"
Country="USA"
Sector="ENERGY & TRANSPORTATION"
Industry="ELECTRIC SERVICES"
Address="73 FRONT STREET, FIFTH FLOOR, HAMILTON, BM"
FiscalYearEnd="December"
LatestQuarter="2023-03-31"
MarketCapitalization="10996500000"
EBITDA="3126000000"
PERatio="254.05"
PEGRatio="3.398"
BookValue="19.96"
DividendPerShare="1.297"
DividendYield="0.0467"
EPS="-0.705"
RevenuePerShareTTM="10.4"
ProfitMargin="-0.0359"
OperatingMarginTTM="0.304"
ReturnOnAssetsTTM="0.0152"
ReturnOnEquityTTM="-3.033"
RevenueTTM="4931000000"
GrossProfitTTM="3302000000"
DilutedEPSTTM="-0.53"
QuarterlyEarningsGrowthYOY="-0.434"
QuarterlyRevenueGrowthYOY="0.172"
AnalystTargetPrice="37.89"
TrailingPE="-"
ForwardPE="156.25"
PriceToSalesRatioTTM="3.658"
PriceToBookRatio="1.741"
EVToRevenue="6.88"
EVToEBITDA="11.52"
Beta="0.737"
num_52WeekHigh="39.55"
num_52WeekLow="23.56"
num_50DayMovingAverage="30.55"
num_200DayMovingAverage="29.29"
SharesOutstanding="275433000"
DividendDate="2023-06-30"
ExDividendDate="2023-05-30"
symbol="BEP"
open="29.84"
high="30.32"
low="29.73"
price="30.18"
volume="171959.00"
latest_trading_day="2023-07-13"
previous_close="29.57"
change="0.61"
change_percent="2.0629%"
aroon_positive_momentum_days="0"
aroon_negative_momentum_days="10"
trend_strength="Absent or Weak Trend"
buying_signal="Weak Sell Signal"
volume_analysis="Target Volume"
value_analysis="Expected Range"
Aroon_change="FALSE"
Aroon_momentum="90"
Volume_recent_avg="279152"
Change_recent_avg="0.07"
Delta_recent_avg="0.66"
Variance_recent_avg="0.33"
Change_ratio_recent_avg="0.23"
RSI_change="FALSE"
ADX_change="FALSE"

event="aroon_milestone_negative_10"
Aroon_signal="negative"
Aroon_change="FALSE"
Aroon_momentum_positive="90"
Aroon_momentum_negative="10"
image_negative_thumbnail_id_1="93"
image_negative_url_1="https://hehge.com/wp-content/uploads/sites/16/2023/05/MI_Finance_Negative_Landscape_0083.jpeg"
image_negative_thumbnail_id_2="1166"
image_negative_url_2="https://hehge.com/wp-content/uploads/sites/16/2023/06/MI_Finance_Positive_Negative_0187.jpeg"
image_neutral_thumbnail_id_1="544"
image_neutral_url_1="https://hehge.com/wp-content/uploads/sites/16/2023/06/MI_Finance_Neutral_Landscape_0055.jpeg"
image_neutral_thumbnail_id_2="549"
image_neutral_url_2="https://hehge.com/wp-content/uploads/sites/16/2023/06/MI_Finance_Neutral_Landscape_0050.jpeg"
image_positive_thumbnail_id_1="982"
image_positive_url_1="https://hehge.com/wp-content/uploads/sites/16/2023/06/MI_Finance_Positive_Landscape_0144.jpeg"
image_positive_thumbnail_id_2="1015"
image_positive_url_2="https://hehge.com/wp-content/uploads/sites/16/2023/06/MI_Finance_Positive_Landscape_0177.jpeg"
image_professor_thumbnail_id_1="1203"
image_professor_url_1="https://hehge.com/wp-content/uploads/sites/16/2023/06/MI_Finance_Professor_Landscape_0037.jpeg"
image_professor_thumbnail_id_2="1202"
image_professor_url_2="https://hehge.com/wp-content/uploads/sites/16/2023/06/MI_Finance_Professor_Landscape_0036.jpeg"
