Symbol="WTI"
AssetType="Common Stock"
Name="W&T Offshore Inc"
Description="W&T Offshore, Inc., an independent oil and natural gas producer, is engaged in the acquisition, exploration and development of oil and natural gas properties in the Gulf of Mexico. The company is headquartered in Houston, Texas."
CIK="1288403"
Exchange="NYSE"
Currency="USD"
Country="USA"
Sector="ENERGY & TRANSPORTATION"
Industry="CRUDE PETROLEUM & NATURAL GAS"
Address="NINE GREENWAY PLAZA, SUITE 300, HOUSTON, TX, US"
FiscalYearEnd="December"
LatestQuarter="2023-06-30"
MarketCapitalization="577056000"
EBITDA="530846000"
PERatio="2.153"
PEGRatio="-0.18"
BookValue="0.238"
DividendPerShare="0"
DividendYield="0"
EPS="1.83"
RevenuePerShareTTM="5.98"
ProfitMargin="0.301"
OperatingMarginTTM="0.462"
ReturnOnAssetsTTM="0.202"
ReturnOnEquityTTM="0"
RevenueTTM="861718000"
GrossProfitTTM="661455000"
DilutedEPSTTM="1.83"
QuarterlyEarningsGrowthYOY="-0.152"
QuarterlyRevenueGrowthYOY="-0.31"
AnalystTargetPrice="9.7"
TrailingPE="2.153"
ForwardPE="2.893"
PriceToSalesRatioTTM="0.961"
PriceToBookRatio="-"
EVToRevenue="1.166"
EVToEBITDA="2.101"
Beta="1.964"
num_52WeekHigh="9.16"
num_52WeekLow="3.62"
num_50DayMovingAverage="4.048"
num_200DayMovingAverage="5.36"
SharesOutstanding="146461000"
DividendDate="2014-12-03"
ExDividendDate="2014-11-14"
symbol="WTI"
open="3.96"
high="4.21"
low="3.96"
price="4.12"
volume="2558113.00"
latest_trading_day="2023-08-03"
previous_close="3.94"
change="0.18"
change_percent="4.5685%"
aroon_positive_momentum_days="0"
aroon_negative_momentum_days="98"
trend_strength="Absent or Weak Trend"
buying_signal="Weak Sell Signal"
volume_analysis="Target Volume"
value_analysis="Expected Range"
Aroon_change="FALSE"
Aroon_momentum="2"
Volume_recent_avg="2433779"
Change_recent_avg="-0.02"
Delta_recent_avg="0.19"
Variance_recent_avg="0.1"
Change_ratio_recent_avg="-0.4"
RSI_change="FALSE"
ADX_change="FALSE"

event="FALSE"
Aroon_signal="negative"
Aroon_change="FALSE"
Aroon_momentum_positive="2"
Aroon_momentum_negative="98"
image_negative_thumbnail_id_1="1147"
image_negative_url_1="https://hehge.com/wp-content/uploads/sites/16/2023/06/MI_Finance_Negative_Landscape_0180.jpeg"
image_negative_thumbnail_id_2="153"
image_negative_url_2="https://hehge.com/wp-content/uploads/sites/16/2023/05/MI_Finance_Negative_Landscape_0023.jpeg"
image_neutral_thumbnail_id_1="590"
image_neutral_url_1="https://hehge.com/wp-content/uploads/sites/16/2023/06/MI_Finance_Neutral_Landscape_0009.jpeg"
image_neutral_thumbnail_id_2="579"
image_neutral_url_2="https://hehge.com/wp-content/uploads/sites/16/2023/06/MI_Finance_Neutral_Landscape_0020.jpeg"
image_positive_thumbnail_id_1="659"
image_positive_url_1="https://hehge.com/wp-content/uploads/sites/16/2023/06/MI_Finance_Positive_Landscape_0049.jpeg"
image_positive_thumbnail_id_2="613"
image_positive_url_2="https://hehge.com/wp-content/uploads/sites/16/2023/06/MI_Finance_Positive_Landscape_0095.jpeg"
image_professor_thumbnail_id_1="1189"
image_professor_url_1="https://hehge.com/wp-content/uploads/sites/16/2023/06/MI_Finance_Professor_Landscape_0023.jpeg"
image_professor_thumbnail_id_2="1171"
image_professor_url_2="https://hehge.com/wp-content/uploads/sites/16/2023/06/MI_Finance_Professor_Landscape_0005.jpeg"
