Symbol="PNRG"
AssetType="Common Stock"
Name="PrimeEnergy Corporation"
Description="PrimeEnergy Resources Corporation, an independent oil and natural gas company, is dedicated to acquiring, developing and producing oil and natural gas properties in the United States. The company is headquartered in Houston, Texas."
CIK="56868"
Exchange="NASDAQ"
Currency="USD"
Country="USA"
Sector="ENERGY & TRANSPORTATION"
Industry="CRUDE PETROLEUM & NATURAL GAS"
Address="ONE LANDMARK SQ, STAMFORD, CT, US"
FiscalYearEnd="December"
LatestQuarter="2023-03-31"
MarketCapitalization="174003000"
EBITDA="56531000"
PERatio="6.58"
PEGRatio="0"
BookValue="74.36"
DividendPerShare="0"
DividendYield="0"
EPS="14.29"
RevenuePerShareTTM="63.43"
ProfitMargin="0.318"
OperatingMarginTTM="0.237"
ReturnOnAssetsTTM="0.0816"
ReturnOnEquityTTM="0.313"
RevenueTTM="122473000"
GrossProfitTTM="88216000"
DilutedEPSTTM="14.29"
QuarterlyEarningsGrowthYOY="-0.87"
QuarterlyRevenueGrowthYOY="-0.397"
AnalystTargetPrice="None"
TrailingPE="6.58"
ForwardPE="-"
PriceToSalesRatioTTM="1.085"
PriceToBookRatio="1.24"
EVToRevenue="1.19"
EVToEBITDA="1.891"
Beta="0.734"
num_52WeekHigh="100"
num_52WeekLow="69.84"
num_50DayMovingAverage="93.65"
num_200DayMovingAverage="87.5"
SharesOutstanding="1850500"
DividendDate="None"
ExDividendDate="None"
symbol="PNRG"
open="94.24"
high="94.52"
low="92.48"
price="92.95"
volume="3445.00"
latest_trading_day="2023-08-11"
previous_close="94.03"
change="-1.08"
change_percent="-1.1486%"
aroon_positive_momentum_days="86"
aroon_negative_momentum_days="0"
trend_strength="Absent or Weak Trend"
buying_signal="Weak Buy Signal"
volume_analysis="Target Volume"
value_analysis="Expected Range"
Aroon_change="FALSE"
Aroon_momentum="86"
Volume_recent_avg="6695"
Change_recent_avg="-0.06"
Delta_recent_avg="2.49"
Variance_recent_avg="1.24"
Change_ratio_recent_avg="-0.07"
RSI_change="FALSE"
ADX_change="FALSE"

event="FALSE"
Aroon_signal="positive"
Aroon_change="FALSE"
Aroon_momentum_positive="86"
Aroon_momentum_negative="14"
image_negative_thumbnail_id_1="519"
image_negative_url_1="https://hehge.com/wp-content/uploads/sites/16/2023/06/MI_Finance_Negative_Landscape_0086.jpeg"
image_negative_thumbnail_id_2="1115"
image_negative_url_2="https://hehge.com/wp-content/uploads/sites/16/2023/06/MI_Finance_Negative_Landscape_0148.jpeg"
image_neutral_thumbnail_id_1="539"
image_neutral_url_1="https://hehge.com/wp-content/uploads/sites/16/2023/06/MI_Finance_Neutral_Landscape_0060.jpeg"
image_neutral_thumbnail_id_2="595"
image_neutral_url_2="https://hehge.com/wp-content/uploads/sites/16/2023/06/MI_Finance_Neutral_Landscape_0004.jpeg"
image_positive_thumbnail_id_1="696"
image_positive_url_1="https://hehge.com/wp-content/uploads/sites/16/2023/06/MI_Finance_Positive_Landscape_0012.jpeg"
image_positive_thumbnail_id_2="1004"
image_positive_url_2="https://hehge.com/wp-content/uploads/sites/16/2023/06/MI_Finance_Positive_Landscape_0166.jpeg"
image_professor_thumbnail_id_1="1199"
image_professor_url_1="https://hehge.com/wp-content/uploads/sites/16/2023/06/MI_Finance_Professor_Landscape_0033.jpeg"
image_professor_thumbnail_id_2="1186"
image_professor_url_2="https://hehge.com/wp-content/uploads/sites/16/2023/06/MI_Finance_Professor_Landscape_0020.jpeg"
