Symbol="PNRG"
AssetType="Common Stock"
Name="PrimeEnergy Corporation"
Description="PrimeEnergy Resources Corporation, an independent oil and natural gas company, is dedicated to acquiring, developing and producing oil and natural gas properties in the United States. The company is headquartered in Houston, Texas."
CIK="56868"
Exchange="NASDAQ"
Currency="USD"
Country="USA"
Sector="ENERGY & TRANSPORTATION"
Industry="CRUDE PETROLEUM & NATURAL GAS"
Address="ONE LANDMARK SQ, STAMFORD, CT, US"
FiscalYearEnd="December"
LatestQuarter="2023-03-31"
MarketCapitalization="165305000"
EBITDA="56531000"
PERatio="6.34"
PEGRatio="0"
BookValue="74.36"
DividendPerShare="0"
DividendYield="0"
EPS="14.1"
RevenuePerShareTTM="63.43"
ProfitMargin="0.318"
OperatingMarginTTM="0.237"
ReturnOnAssetsTTM="0.0816"
ReturnOnEquityTTM="0.313"
RevenueTTM="122473000"
GrossProfitTTM="88216000"
DilutedEPSTTM="14.1"
QuarterlyEarningsGrowthYOY="-0.87"
QuarterlyRevenueGrowthYOY="-0.397"
AnalystTargetPrice="None"
TrailingPE="6.34"
ForwardPE="-"
PriceToSalesRatioTTM="1.085"
PriceToBookRatio="1.24"
EVToRevenue="1.19"
EVToEBITDA="1.891"
Beta="0.733"
num_52WeekHigh="100"
num_52WeekLow="69.84"
num_50DayMovingAverage="90.29"
num_200DayMovingAverage="86.25"
SharesOutstanding="1850500"
DividendDate="None"
ExDividendDate="None"
symbol="PNRG"
open="89.50"
high="90.49"
low="89.50"
price="90.08"
volume="1606.00"
latest_trading_day="2023-07-17"
previous_close="89.33"
change="0.75"
change_percent="0.8396%"
aroon_positive_momentum_days="82"
aroon_negative_momentum_days="0"
trend_strength="Absent or Weak Trend"
buying_signal="Weak Buy Signal"
volume_analysis="Target Volume"
value_analysis="Expected Range"
Aroon_change="FALSE"
Aroon_momentum="82"
Volume_recent_avg="7566"
Change_recent_avg="-0.15"
Delta_recent_avg="2.52"
Variance_recent_avg="1.26"
Change_ratio_recent_avg="-0.18"
RSI_change="FALSE"
ADX_change="FALSE"

event="FALSE"
Aroon_signal="positive"
Aroon_change="FALSE"
Aroon_momentum_positive="82"
Aroon_momentum_negative="18"
image_negative_thumbnail_id_1="494"
image_negative_url_1="https://hehge.com/wp-content/uploads/sites/16/2023/06/MI_Finance_Negative_Landscape_0111.jpeg"
image_negative_thumbnail_id_2="1137"
image_negative_url_2="https://hehge.com/wp-content/uploads/sites/16/2023/06/MI_Finance_Negative_Landscape_0170.jpeg"
image_neutral_thumbnail_id_1="564"
image_neutral_url_1="https://hehge.com/wp-content/uploads/sites/16/2023/06/MI_Finance_Neutral_Landscape_0035.jpeg"
image_neutral_thumbnail_id_2="538"
image_neutral_url_2="https://hehge.com/wp-content/uploads/sites/16/2023/06/MI_Finance_Neutral_Landscape_0061.jpeg"
image_positive_thumbnail_id_1="688"
image_positive_url_1="https://hehge.com/wp-content/uploads/sites/16/2023/06/MI_Finance_Positive_Landscape_0020.jpeg"
image_positive_thumbnail_id_2="707"
image_positive_url_2="https://hehge.com/wp-content/uploads/sites/16/2023/06/MI_Finance_Positive_Landscape_0001.jpeg"
image_professor_thumbnail_id_1="1176"
image_professor_url_1="https://hehge.com/wp-content/uploads/sites/16/2023/06/MI_Finance_Professor_Landscape_0010.jpeg"
image_professor_thumbnail_id_2="1169"
image_professor_url_2="https://hehge.com/wp-content/uploads/sites/16/2023/06/MI_Finance_Professor_Landscape_0003.jpeg"
aroon_positive_momentum_days="82"
aroon_negative_momentum_days="0"
trend_strength="Absent or Weak Trend"
buying_signal="Weak Buy Signal"
volume_analysis="Target Volume"
value_analysis="Expected Range"
Aroon_change="FALSE"
Aroon_momentum="82"
Volume_recent_avg="7566"
Change_recent_avg="-0.15"
Delta_recent_avg="2.52"
Variance_recent_avg="1.26"
Change_ratio_recent_avg="-0.18"
RSI_change="FALSE"
ADX_change="FALSE"

event="FALSE"
Aroon_signal="positive"
Aroon_change="FALSE"
Aroon_momentum_positive="82"
Aroon_momentum_negative="18"
image_negative_thumbnail_id_1="99"
image_negative_url_1="https://hehge.com/wp-content/uploads/sites/16/2023/05/MI_Finance_Negative_Landscape_0077.jpeg"
image_negative_thumbnail_id_2="487"
image_negative_url_2="https://hehge.com/wp-content/uploads/sites/16/2023/06/MI_Finance_Negative_Landscape_0118.jpeg"
image_neutral_thumbnail_id_1="538"
image_neutral_url_1="https://hehge.com/wp-content/uploads/sites/16/2023/06/MI_Finance_Neutral_Landscape_0061.jpeg"
image_neutral_thumbnail_id_2="597"
image_neutral_url_2="https://hehge.com/wp-content/uploads/sites/16/2023/06/MI_Finance_Neutral_Landscape_0002.jpeg"
image_positive_thumbnail_id_1="664"
image_positive_url_1="https://hehge.com/wp-content/uploads/sites/16/2023/06/MI_Finance_Positive_Landscape_0044.jpeg"
image_positive_thumbnail_id_2="697"
image_positive_url_2="https://hehge.com/wp-content/uploads/sites/16/2023/06/MI_Finance_Positive_Landscape_0011.jpeg"
image_professor_thumbnail_id_1="1173"
image_professor_url_1="https://hehge.com/wp-content/uploads/sites/16/2023/06/MI_Finance_Professor_Landscape_0007.jpeg"
image_professor_thumbnail_id_2="1191"
image_professor_url_2="https://hehge.com/wp-content/uploads/sites/16/2023/06/MI_Finance_Professor_Landscape_0025.jpeg"
