Symbol="ARCB"
AssetType="Common Stock"
Name="ArcBest Corp"
Description="ArcBest Corporation offers integrated freight forwarding and logistics services. The company is headquartered in Fort Smith, Arkansas."
CIK="894405"
Exchange="NASDAQ"
Currency="USD"
Country="USA"
Sector="ENERGY & TRANSPORTATION"
Industry="TRUCKING (NO LOCAL)"
Address="8401 MCCLURE DRIVE, FORT SMITH, AR, US"
FiscalYearEnd="December"
LatestQuarter="2023-06-30"
MarketCapitalization="2592215000"
EBITDA="371152000"
PERatio="11.02"
PEGRatio="3"
BookValue="50.42"
DividendPerShare="0.48"
DividendYield="0.0044"
EPS="9.82"
RevenuePerShareTTM="203.08"
ProfitMargin="0.0481"
OperatingMarginTTM="0.0465"
ReturnOnAssetsTTM="0.0611"
ReturnOnEquityTTM="0.165"
RevenueTTM="4943827000"
GrossProfitTTM="554655000"
DilutedEPSTTM="9.82"
QuarterlyEarningsGrowthYOY="-0.592"
QuarterlyRevenueGrowthYOY="-0.165"
AnalystTargetPrice="135.8"
TrailingPE="11.02"
ForwardPE="8.35"
PriceToSalesRatioTTM="0.353"
PriceToBookRatio="1.71"
EVToRevenue="0.389"
EVToEBITDA="3.58"
Beta="1.572"
num_52WeekHigh="122.73"
num_52WeekLow="67.75"
num_50DayMovingAverage="99.54"
num_200DayMovingAverage="89.33"
SharesOutstanding="23953200"
DividendDate="2023-08-23"
ExDividendDate="2023-08-08"
symbol="ARCB"
open="104.53"
high="105.64"
low="103.19"
price="104.53"
volume="370543.00"
latest_trading_day="2023-08-15"
previous_close="105.28"
change="-0.75"
change_percent="-0.7124%"
aroon_positive_momentum_days="62"
aroon_negative_momentum_days="0"
trend_strength="Absent or Weak Trend"
buying_signal="Weak Buy Signal"
volume_analysis="Target Volume"
value_analysis="Expected Range"
Aroon_change="FALSE"
Aroon_momentum="62"
Volume_recent_avg="322220"
Change_recent_avg="0.31"
Delta_recent_avg="3.43"
Variance_recent_avg="1.72"
Change_ratio_recent_avg="0.28"
RSI_change="FALSE"
ADX_change="FALSE"

event="FALSE"
Aroon_signal="positive"
Aroon_change="FALSE"
Aroon_momentum_positive="62"
Aroon_momentum_negative="38"
image_negative_thumbnail_id_1="1151"
image_negative_url_1="https://hehge.com/wp-content/uploads/sites/16/2023/06/MI_Finance_Negative_Landscape_0184.jpeg"
image_negative_thumbnail_id_2="510"
image_negative_url_2="https://hehge.com/wp-content/uploads/sites/16/2023/06/MI_Finance_Negative_Landscape_0095.jpeg"
image_neutral_thumbnail_id_1="533"
image_neutral_url_1="https://hehge.com/wp-content/uploads/sites/16/2023/06/MI_Finance_Neutral_Landscape_0066.jpeg"
image_neutral_thumbnail_id_2="522"
image_neutral_url_2="https://hehge.com/wp-content/uploads/sites/16/2023/06/MI_Finance_Neutral_Landscape_0077.jpeg"
image_positive_thumbnail_id_1="1005"
image_positive_url_1="https://hehge.com/wp-content/uploads/sites/16/2023/06/MI_Finance_Positive_Landscape_0167.jpeg"
image_positive_thumbnail_id_2="620"
image_positive_url_2="https://hehge.com/wp-content/uploads/sites/16/2023/06/MI_Finance_Positive_Landscape_0088.jpeg"
image_professor_thumbnail_id_1="1201"
image_professor_url_1="https://hehge.com/wp-content/uploads/sites/16/2023/06/MI_Finance_Professor_Landscape_0035.jpeg"
image_professor_thumbnail_id_2="1182"
image_professor_url_2="https://hehge.com/wp-content/uploads/sites/16/2023/06/MI_Finance_Professor_Landscape_0016.jpeg"
