Symbol="PUMP"
AssetType="Common Stock"
Name="ProPetro Holding Corp"
Description="ProPetro Holding Corp. The company is headquartered in Midland, Texas."
CIK="1680247"
Exchange="NYSE"
Currency="USD"
Country="USA"
Sector="ENERGY & TRANSPORTATION"
Industry="OIL & GAS FIELD SERVICES, NEC"
Address="1706 S. MIDKIFF ROAD, BUILDING B, MIDLAND, TX, US"
FiscalYearEnd="December"
LatestQuarter="2023-06-30"
MarketCapitalization="1171899000"
EBITDA="394718000"
PERatio="59.82"
PEGRatio="0"
BookValue="8.93"
DividendPerShare="0"
DividendYield="0"
EPS="0.17"
RevenuePerShareTTM="13.84"
ProfitMargin="0.0591"
OperatingMarginTTM="0.157"
ReturnOnAssetsTTM="0.121"
ReturnOnEquityTTM="0.0998"
RevenueTTM="1540757000"
GrossProfitTTM="396881000"
DilutedEPSTTM="0.17"
QuarterlyEarningsGrowthYOY="1.273"
QuarterlyRevenueGrowthYOY="0.381"
AnalystTargetPrice="12.67"
TrailingPE="59.82"
ForwardPE="3.097"
PriceToSalesRatioTTM="0.931"
PriceToBookRatio="1.382"
EVToRevenue="0.932"
EVToEBITDA="11.79"
Beta="2.421"
num_52WeekHigh="12.58"
num_52WeekLow="6.33"
num_50DayMovingAverage="8.88"
num_200DayMovingAverage="9.02"
SharesOutstanding="115231000"
DividendDate="None"
ExDividendDate="None"
symbol="PUMP"
open="10.13"
high="10.22"
low="10.01"
price="10.18"
volume="587946.00"
latest_trading_day="2023-08-14"
previous_close="10.27"
change="-0.09"
change_percent="-0.8763%"
aroon_positive_momentum_days="32"
aroon_negative_momentum_days="0"
trend_strength="Absent or Weak Trend"
buying_signal="Strong Buy Signal"
volume_analysis="Target Volume"
value_analysis="Expected Range"
Aroon_change="FALSE"
Aroon_momentum="32"
Volume_recent_avg="1341007"
Change_recent_avg="0.02"
Delta_recent_avg="0.35"
Variance_recent_avg="0.18"
Change_ratio_recent_avg="0.21"
RSI_change="FALSE"
ADX_change="FALSE"

event="FALSE"
Aroon_signal="positive"
Aroon_change="FALSE"
Aroon_momentum_positive="32"
Aroon_momentum_negative="68"
image_negative_thumbnail_id_1="1125"
image_negative_url_1="https://hehge.com/wp-content/uploads/sites/16/2023/06/MI_Finance_Negative_Landscape_0158.jpeg"
image_negative_thumbnail_id_2="144"
image_negative_url_2="https://hehge.com/wp-content/uploads/sites/16/2023/05/MI_Finance_Negative_Landscape_0032.jpeg"
image_neutral_thumbnail_id_1="531"
image_neutral_url_1="https://hehge.com/wp-content/uploads/sites/16/2023/06/MI_Finance_Neutral_Landscape_0068.jpeg"
image_neutral_thumbnail_id_2="546"
image_neutral_url_2="https://hehge.com/wp-content/uploads/sites/16/2023/06/MI_Finance_Neutral_Landscape_0053.jpeg"
image_positive_thumbnail_id_1="698"
image_positive_url_1="https://hehge.com/wp-content/uploads/sites/16/2023/06/MI_Finance_Positive_Landscape_0010.jpeg"
image_positive_thumbnail_id_2="663"
image_positive_url_2="https://hehge.com/wp-content/uploads/sites/16/2023/06/MI_Finance_Positive_Landscape_0045.jpeg"
image_professor_thumbnail_id_1="1179"
image_professor_url_1="https://hehge.com/wp-content/uploads/sites/16/2023/06/MI_Finance_Professor_Landscape_0013.jpeg"
image_professor_thumbnail_id_2="1203"
image_professor_url_2="https://hehge.com/wp-content/uploads/sites/16/2023/06/MI_Finance_Professor_Landscape_0037.jpeg"
