Symbol="HESM"
AssetType="Common Stock"
Name="Hess Midstream Partners LP"
Description="Hess Midstream LP owns, develops, operates and acquires midstream assets. The company is headquartered in Houston, Texas."
CIK="1789832"
Exchange="NYSE"
Currency="USD"
Country="USA"
Sector="ENERGY & TRANSPORTATION"
Industry="CRUDE PETROLEUM & NATURAL GAS"
Address="1501 MCKINNEY STREET, HOUSTON, TX, US"
FiscalYearEnd="December"
LatestQuarter="2023-03-31"
MarketCapitalization="7803896000"
EBITDA="968700000"
PERatio="15.74"
PEGRatio="1.57"
BookValue="5.17"
DividendPerShare="2.273"
DividendYield="0.0716"
EPS="1.99"
RevenuePerShareTTM="28.9"
ProfitMargin="0.0692"
OperatingMarginTTM="0.619"
ReturnOnAssetsTTM="0.139"
ReturnOnEquityTTM="0.989"
RevenueTTM="1267800000"
GrossProfitTTM="995600000"
DilutedEPSTTM="1.99"
QuarterlyEarningsGrowthYOY="-0.041"
QuarterlyRevenueGrowthYOY="-0.024"
AnalystTargetPrice="34.67"
TrailingPE="15.74"
ForwardPE="12.95"
PriceToSalesRatioTTM="5.46"
PriceToBookRatio="5.25"
EVToRevenue="3.295"
EVToEBITDA="4.258"
Beta="1.582"
num_52WeekHigh="32.43"
num_52WeekLow="22.96"
num_50DayMovingAverage="29.5"
num_200DayMovingAverage="29.05"
SharesOutstanding="56858000"
DividendDate="2023-05-12"
ExDividendDate="2023-05-03"
symbol="HESM"
open="31.21"
high="31.55"
low="31.07"
price="31.12"
volume="366850.00"
latest_trading_day="2023-07-27"
previous_close="31.21"
change="-0.09"
change_percent="-0.2884%"
aroon_positive_momentum_days="59"
aroon_negative_momentum_days="0"
trend_strength="Absent or Weak Trend"
buying_signal="Weak Buy Signal"
volume_analysis="Target Volume"
value_analysis="Expected Range"
Aroon_change="FALSE"
Aroon_momentum="59"
Volume_recent_avg="573119"
Change_recent_avg="0.04"
Delta_recent_avg="0.65"
Variance_recent_avg="0.33"
Change_ratio_recent_avg="0.12"
RSI_change="FALSE"
ADX_change="FALSE"

event="FALSE"
Aroon_signal="positive"
Aroon_change="FALSE"
Aroon_momentum_positive="59"
Aroon_momentum_negative="41"
image_negative_thumbnail_id_1="1131"
image_negative_url_1="https://hehge.com/wp-content/uploads/sites/16/2023/06/MI_Finance_Negative_Landscape_0164.jpeg"
image_negative_thumbnail_id_2="502"
image_negative_url_2="https://hehge.com/wp-content/uploads/sites/16/2023/06/MI_Finance_Negative_Landscape_0103.jpeg"
image_neutral_thumbnail_id_1="524"
image_neutral_url_1="https://hehge.com/wp-content/uploads/sites/16/2023/06/MI_Finance_Neutral_Landscape_0075.jpeg"
image_neutral_thumbnail_id_2="585"
image_neutral_url_2="https://hehge.com/wp-content/uploads/sites/16/2023/06/MI_Finance_Neutral_Landscape_0014.jpeg"
image_positive_thumbnail_id_1="608"
image_positive_url_1="https://hehge.com/wp-content/uploads/sites/16/2023/06/MI_Finance_Positive_Landscape_0100.jpeg"
image_positive_thumbnail_id_2="630"
image_positive_url_2="https://hehge.com/wp-content/uploads/sites/16/2023/06/MI_Finance_Positive_Landscape_0078.jpeg"
image_professor_thumbnail_id_1="1200"
image_professor_url_1="https://hehge.com/wp-content/uploads/sites/16/2023/06/MI_Finance_Professor_Landscape_0034.jpeg"
image_professor_thumbnail_id_2="1192"
image_professor_url_2="https://hehge.com/wp-content/uploads/sites/16/2023/06/MI_Finance_Professor_Landscape_0026.jpeg"
