Symbol="UP"
AssetType="Common Stock"
Name="Wheels Up Experience Inc"
Description="None"
CIK="1819516"
Exchange="NYSE"
Currency="USD"
Country="USA"
Sector="ENERGY & TRANSPORTATION"
Industry="AIR TRANSPORTATION, NONSCHEDULED"
Address="601 WEST 26TH STREET, SUITE 900, NEW YORK, NY, US"
FiscalYearEnd="December"
LatestQuarter="2023-03-31"
MarketCapitalization="59633000"
EBITDA="-298100992"
PERatio="None"
PEGRatio="None"
BookValue="6.49"
DividendPerShare="0"
DividendYield="0"
EPS="-21.21"
RevenuePerShareTTM="64.79"
ProfitMargin="-0.353"
OperatingMarginTTM="-0.217"
ReturnOnAssetsTTM="-0.121"
ReturnOnEquityTTM="-1.372"
RevenueTTM="1605937000"
GrossProfitTTM="43490000"
DilutedEPSTTM="-21.21"
QuarterlyEarningsGrowthYOY="0"
QuarterlyRevenueGrowthYOY="0.08"
AnalystTargetPrice="20.33"
TrailingPE="-"
ForwardPE="-"
PriceToSalesRatioTTM="0.181"
PriceToBookRatio="0.5"
EVToRevenue="0.057"
EVToEBITDA="-0.304"
Beta="1.32"
num_52WeekHigh="28.8"
num_52WeekLow="0.98"
num_50DayMovingAverage="2.271"
num_200DayMovingAverage="8.4"
SharesOutstanding="25161400"
DividendDate="None"
ExDividendDate="None"
symbol="UP"
open="2.25"
high="2.48"
low="2.25"
price="2.37"
volume="1105724.00"
latest_trading_day="2023-07-31"
previous_close="2.25"
change="0.12"
change_percent="5.3333%"
aroon_positive_momentum_days="0"
aroon_negative_momentum_days="97"
trend_strength="Absent or Weak Trend"
buying_signal="Weak Sell Signal"
volume_analysis="Target Volume"
value_analysis="Expected Range"
Aroon_change="FALSE"
Aroon_momentum="3"
Volume_recent_avg="1865706"
Change_recent_avg="-0.02"
Delta_recent_avg="0.17"
Variance_recent_avg="0.08"
Change_ratio_recent_avg="-3.74"
RSI_change="FALSE"
ADX_change="FALSE"

event="FALSE"
Aroon_signal="negative"
Aroon_change="FALSE"
Aroon_momentum_positive="3"
Aroon_momentum_negative="97"
image_negative_thumbnail_id_1="107"
image_negative_url_1="https://hehge.com/wp-content/uploads/sites/16/2023/05/MI_Finance_Negative_Landscape_0069.jpeg"
image_negative_thumbnail_id_2="514"
image_negative_url_2="https://hehge.com/wp-content/uploads/sites/16/2023/06/MI_Finance_Negative_Landscape_0091.jpeg"
image_neutral_thumbnail_id_1="586"
image_neutral_url_1="https://hehge.com/wp-content/uploads/sites/16/2023/06/MI_Finance_Neutral_Landscape_0013.jpeg"
image_neutral_thumbnail_id_2="568"
image_neutral_url_2="https://hehge.com/wp-content/uploads/sites/16/2023/06/MI_Finance_Neutral_Landscape_0031.jpeg"
image_positive_thumbnail_id_1="1003"
image_positive_url_1="https://hehge.com/wp-content/uploads/sites/16/2023/06/MI_Finance_Positive_Landscape_0165.jpeg"
image_positive_thumbnail_id_2="969"
image_positive_url_2="https://hehge.com/wp-content/uploads/sites/16/2023/06/MI_Finance_Positive_Landscape_0131.jpeg"
image_professor_thumbnail_id_1="1181"
image_professor_url_1="https://hehge.com/wp-content/uploads/sites/16/2023/06/MI_Finance_Professor_Landscape_0015.jpeg"
image_professor_thumbnail_id_2="1178"
image_professor_url_2="https://hehge.com/wp-content/uploads/sites/16/2023/06/MI_Finance_Professor_Landscape_0012.jpeg"
