Symbol="ARCH"
AssetType="Common Stock"
Name="Arch Resources Inc"
Description="Arch Resources, Inc. produces and sells thermal and metallurgical coal from surface and underground mines. The company is headquartered in St. Louis, Missouri."
CIK="1037676"
Exchange="NYSE"
Currency="USD"
Country="USA"
Sector="ENERGY & TRANSPORTATION"
Industry="BITUMINOUS COAL & LIGNITE SURFACE MINING"
Address="CITY PLACE ONE STE 300, ARCH MINERAL CORP, ST LOUIS, MO, US"
FiscalYearEnd="December"
LatestQuarter="2023-03-31"
MarketCapitalization="2111514000"
EBITDA="1222128000"
PERatio="1.853"
PEGRatio="0"
BookValue="78.14"
DividendPerShare="25.11"
DividendYield="0.0288"
EPS="61.01"
RevenuePerShareTTM="208.68"
ProfitMargin="0.339"
OperatingMarginTTM="0.288"
ReturnOnAssetsTTM="0.291"
ReturnOnEquityTTM="1.053"
RevenueTTM="3705088000"
GrossProfitTTM="1385730000"
DilutedEPSTTM="61.01"
QuarterlyEarningsGrowthYOY="-0.223"
QuarterlyRevenueGrowthYOY="0.002"
AnalystTargetPrice="168.33"
TrailingPE="1.853"
ForwardPE="3.038"
PriceToSalesRatioTTM="0.695"
PriceToBookRatio="2.165"
EVToRevenue="0.611"
EVToEBITDA="1.791"
Beta="0.71"
num_52WeekHigh="163.87"
num_52WeekLow="98.74"
num_50DayMovingAverage="115.02"
num_200DayMovingAverage="135.54"
SharesOutstanding="18674100"
DividendDate="2023-06-15"
ExDividendDate="2023-05-30"
symbol="ARCH"
open="111.39"
high="113.34"
low="111.39"
price="111.93"
volume="178282.00"
latest_trading_day="2023-07-18"
previous_close="110.94"
change="0.99"
change_percent="0.8924%"
aroon_positive_momentum_days="0"
aroon_negative_momentum_days="79"
trend_strength="Absent or Weak Trend"
buying_signal="Weak Sell Signal"
volume_analysis="Target Volume"
value_analysis="Expected Range"
Aroon_change="FALSE"
Aroon_momentum="21"
Volume_recent_avg="434365"
Change_recent_avg="-0.34"
Delta_recent_avg="4.45"
Variance_recent_avg="2.22"
Change_ratio_recent_avg="-0.28"
RSI_change="FALSE"
ADX_change="FALSE"

event="FALSE"
Aroon_signal="negative"
Aroon_change="FALSE"
Aroon_momentum_positive="21"
Aroon_momentum_negative="79"
image_negative_thumbnail_id_1="517"
image_negative_url_1="https://hehge.com/wp-content/uploads/sites/16/2023/06/MI_Finance_Negative_Landscape_0088.jpeg"
image_negative_thumbnail_id_2="166"
image_negative_url_2="https://hehge.com/wp-content/uploads/sites/16/2023/05/MI_Finance_Negative_Landscape_0010.jpeg"
image_neutral_thumbnail_id_1="560"
image_neutral_url_1="https://hehge.com/wp-content/uploads/sites/16/2023/06/MI_Finance_Neutral_Landscape_0039.jpeg"
image_neutral_thumbnail_id_2="592"
image_neutral_url_2="https://hehge.com/wp-content/uploads/sites/16/2023/06/MI_Finance_Neutral_Landscape_0007.jpeg"
image_positive_thumbnail_id_1="1006"
image_positive_url_1="https://hehge.com/wp-content/uploads/sites/16/2023/06/MI_Finance_Positive_Landscape_0168.jpeg"
image_positive_thumbnail_id_2="954"
image_positive_url_2="https://hehge.com/wp-content/uploads/sites/16/2023/06/MI_Finance_Positive_Landscape_0116.jpeg"
image_professor_thumbnail_id_1="1184"
image_professor_url_1="https://hehge.com/wp-content/uploads/sites/16/2023/06/MI_Finance_Professor_Landscape_0018.jpeg"
image_professor_thumbnail_id_2="1185"
image_professor_url_2="https://hehge.com/wp-content/uploads/sites/16/2023/06/MI_Finance_Professor_Landscape_0019.jpeg"
