Symbol="TTE"
AssetType="Common Stock"
Name="TotalEnergies SE ADR"
Description="TotalEnergies SE is a global integrated oil and gas company. The company is headquartered in Paris, France."
CIK="879764"
Exchange="NYSE"
Currency="USD"
Country="USA"
Sector="ENERGY & TRANSPORTATION"
Industry="CRUDE PETROLEUM & NATURAL GAS"
Address="2 PLACE JEAN MILLIER, LA DEFENSE 6, COURBEVOIE, FR"
FiscalYearEnd="December"
LatestQuarter="2023-03-31"
MarketCapitalization="126730100000"
EBITDA="59158999000"
PERatio="4.355"
PEGRatio="7.12"
BookValue="47.09"
DividendPerShare="3.041"
DividendYield="0.0495"
EPS="7.44"
RevenuePerShareTTM="102.35"
ProfitMargin="0.0821"
OperatingMarginTTM="0.18"
ReturnOnAssetsTTM="0.0939"
ReturnOnEquityTTM="17.95"
RevenueTTM="257593000000"
GrossProfitTTM="92261000000"
DilutedEPSTTM="7.99"
QuarterlyEarningsGrowthYOY="0.195"
QuarterlyRevenueGrowthYOY="-0.089"
AnalystTargetPrice="72.01"
TrailingPE="7.03"
ForwardPE="5.03"
PriceToSalesRatioTTM="0.581"
PriceToBookRatio="1.284"
EVToRevenue="0.649"
EVToEBITDA="2.726"
Beta="0.923"
num_52WeekHigh="65.01"
num_52WeekLow="42.76"
num_50DayMovingAverage="59.22"
num_200DayMovingAverage="59.03"
SharesOutstanding="2423530000"
DividendDate="2023-07-17"
ExDividendDate="2023-06-16"
symbol="TTE"
open="55.29"
high="56.30"
low="55.27"
price="56.14"
volume="898077.00"
latest_trading_day="2023-07-07"
previous_close="55.39"
change="0.75"
change_percent="1.3540%"
aroon_positive_momentum_days="0"
aroon_negative_momentum_days="30"
trend_strength="Absent or Weak Trend"
buying_signal="Strong Sell Signal"
volume_analysis="Target Volume"
value_analysis="Expected Range"
Aroon_change="FALSE"
Aroon_momentum="70"
Volume_recent_avg="1562723"
Change_recent_avg="0.01"
Delta_recent_avg="0.92"
Variance_recent_avg="0.46"
Change_ratio_recent_avg="-0.01"
RSI_change="FALSE"
ADX_change="FALSE"

event="FALSE"
Aroon_signal="negative"
Aroon_change="FALSE"
Aroon_momentum_positive="70"
Aroon_momentum_negative="30"
image_negative_thumbnail_id_1="1157"
image_negative_url_1="https://hehge.com/wp-content/uploads/sites/16/2023/06/MI_Finance_Negative_Landscape_0191.jpeg"
image_negative_thumbnail_id_2="1146"
image_negative_url_2="https://hehge.com/wp-content/uploads/sites/16/2023/06/MI_Finance_Negative_Landscape_0179.jpeg"
image_neutral_thumbnail_id_1="546"
image_neutral_url_1="https://hehge.com/wp-content/uploads/sites/16/2023/06/MI_Finance_Neutral_Landscape_0053.jpeg"
image_neutral_thumbnail_id_2="574"
image_neutral_url_2="https://hehge.com/wp-content/uploads/sites/16/2023/06/MI_Finance_Neutral_Landscape_0025.jpeg"
image_positive_thumbnail_id_1="629"
image_positive_url_1="https://hehge.com/wp-content/uploads/sites/16/2023/06/MI_Finance_Positive_Landscape_0079.jpeg"
image_positive_thumbnail_id_2="665"
image_positive_url_2="https://hehge.com/wp-content/uploads/sites/16/2023/06/MI_Finance_Positive_Landscape_0043.jpeg"
image_professor_thumbnail_id_1="1192"
image_professor_url_1="https://hehge.com/wp-content/uploads/sites/16/2023/06/MI_Finance_Professor_Landscape_0026.jpeg"
image_professor_thumbnail_id_2="1197"
image_professor_url_2="https://hehge.com/wp-content/uploads/sites/16/2023/06/MI_Finance_Professor_Landscape_0031.jpeg"
