Symbol="CWST"
AssetType="Common Stock"
Name="Casella Waste Systems Inc"
Description="Casella Waste Systems, Inc., is a vertically integrated solid waste service company in the northeastern United States. The company is headquartered in Rutland, Vermont."
CIK="911177"
Exchange="NASDAQ"
Currency="USD"
Country="USA"
Sector="ENERGY & TRANSPORTATION"
Industry="REFUSE SYSTEMS"
Address="25 GREENS HILL ROAD, RUTLAND, VT, US"
FiscalYearEnd="December"
LatestQuarter="2023-06-30"
MarketCapitalization="4702436000"
EBITDA="233447000"
PERatio="80.06"
PEGRatio="7.52"
BookValue="9.67"
DividendPerShare="0"
DividendYield="0"
EPS="1"
RevenuePerShareTTM="21.54"
ProfitMargin="0.0471"
OperatingMarginTTM="0.0926"
ReturnOnAssetsTTM="0.0473"
ReturnOnEquityTTM="0.112"
RevenueTTM="1113657000"
GrossProfitTTM="361972000"
DilutedEPSTTM="1"
QuarterlyEarningsGrowthYOY="-0.143"
QuarterlyRevenueGrowthYOY="0.122"
AnalystTargetPrice="102.2"
TrailingPE="80.06"
ForwardPE="67.57"
PriceToSalesRatioTTM="4.002"
PriceToBookRatio="8.96"
EVToRevenue="4.704"
EVToEBITDA="22.89"
Beta="0.905"
num_52WeekHigh="95.78"
num_52WeekLow="70.07"
num_50DayMovingAverage="88.83"
num_200DayMovingAverage="83.4"
SharesOutstanding="56951000"
DividendDate="None"
ExDividendDate="None"
symbol="CWST"
open="81.39"
high="83.81"
low="77.16"
price="80.06"
volume="997812.00"
latest_trading_day="2023-07-28"
previous_close="82.37"
change="-2.31"
change_percent="-2.8044%"
aroon_positive_momentum_days="0"
aroon_negative_momentum_days="35"
trend_strength="Absent or Weak Trend"
buying_signal="Strong Sell Signal"
volume_analysis="Target Volume"
value_analysis="Expected Range"
Aroon_change="FALSE"
Aroon_momentum="65"
Volume_recent_avg="309578"
Change_recent_avg="0.06"
Delta_recent_avg="1.83"
Variance_recent_avg="0.91"
Change_ratio_recent_avg="0.06"
RSI_change="FALSE"
ADX_change="FALSE"

event="FALSE"
Aroon_signal="negative"
Aroon_change="FALSE"
Aroon_momentum_positive="65"
Aroon_momentum_negative="35"
image_negative_thumbnail_id_1="97"
image_negative_url_1="https://hehge.com/wp-content/uploads/sites/16/2023/05/MI_Finance_Negative_Landscape_0079.jpeg"
image_negative_thumbnail_id_2="138"
image_negative_url_2="https://hehge.com/wp-content/uploads/sites/16/2023/05/MI_Finance_Negative_Landscape_0038.jpeg"
image_neutral_thumbnail_id_1="568"
image_neutral_url_1="https://hehge.com/wp-content/uploads/sites/16/2023/06/MI_Finance_Neutral_Landscape_0031.jpeg"
image_neutral_thumbnail_id_2="593"
image_neutral_url_2="https://hehge.com/wp-content/uploads/sites/16/2023/06/MI_Finance_Neutral_Landscape_0006.jpeg"
image_positive_thumbnail_id_1="660"
image_positive_url_1="https://hehge.com/wp-content/uploads/sites/16/2023/06/MI_Finance_Positive_Landscape_0048.jpeg"
image_positive_thumbnail_id_2="961"
image_positive_url_2="https://hehge.com/wp-content/uploads/sites/16/2023/06/MI_Finance_Positive_Landscape_0123.jpeg"
image_professor_thumbnail_id_1="1183"
image_professor_url_1="https://hehge.com/wp-content/uploads/sites/16/2023/06/MI_Finance_Professor_Landscape_0017.jpeg"
image_professor_thumbnail_id_2="1194"
image_professor_url_2="https://hehge.com/wp-content/uploads/sites/16/2023/06/MI_Finance_Professor_Landscape_0028.jpeg"
