Symbol="CWST"
AssetType="Common Stock"
Name="Casella Waste Systems Inc"
Description="Casella Waste Systems, Inc., is a vertically integrated solid waste service company in the northeastern United States. The company is headquartered in Rutland, Vermont."
CIK="911177"
Exchange="NASDAQ"
Currency="USD"
Country="USA"
Sector="ENERGY & TRANSPORTATION"
Industry="REFUSE SYSTEMS"
Address="25 GREENS HILL ROAD, RUTLAND, VT, US"
FiscalYearEnd="December"
LatestQuarter="2023-06-30"
MarketCapitalization="4641937000"
EBITDA="236841000"
PERatio="79.03"
PEGRatio="7.52"
BookValue="17.4"
DividendPerShare="0"
DividendYield="0"
EPS="1"
RevenuePerShareTTM="21.53"
ProfitMargin="0.0358"
OperatingMarginTTM="0.0917"
ReturnOnAssetsTTM="0.0339"
ReturnOnEquityTTM="0.0548"
RevenueTTM="1119637000"
GrossProfitTTM="361972000"
DilutedEPSTTM="1"
QuarterlyEarningsGrowthYOY="-0.706"
QuarterlyRevenueGrowthYOY="0.021"
AnalystTargetPrice="100.6"
TrailingPE="79.03"
ForwardPE="67.57"
PriceToSalesRatioTTM="4.002"
PriceToBookRatio="8.96"
EVToRevenue="4.704"
EVToEBITDA="22.89"
Beta="0.886"
num_52WeekHigh="95.78"
num_52WeekLow="70.07"
num_50DayMovingAverage="86.32"
num_200DayMovingAverage="83.63"
SharesOutstanding="56951000"
DividendDate="None"
ExDividendDate="None"
symbol="CWST"
open="79.06"
high="79.59"
low="78.14"
price="79.03"
volume="241189.00"
latest_trading_day="2023-08-11"
previous_close="79.12"
change="-0.09"
change_percent="-0.1138%"
aroon_positive_momentum_days="0"
aroon_negative_momentum_days="35"
trend_strength="Absent or Weak Trend"
buying_signal="Strong Sell Signal"
volume_analysis="Target Volume"
value_analysis="Expected Range"
Aroon_change="FALSE"
Aroon_momentum="65"
Volume_recent_avg="308256"
Change_recent_avg="0.04"
Delta_recent_avg="1.79"
Variance_recent_avg="0.89"
Change_ratio_recent_avg="0.04"
RSI_change="FALSE"
ADX_change="FALSE"

event="FALSE"
Aroon_signal="negative"
Aroon_change="FALSE"
Aroon_momentum_positive="65"
Aroon_momentum_negative="35"
image_negative_thumbnail_id_1="149"
image_negative_url_1="https://hehge.com/wp-content/uploads/sites/16/2023/05/MI_Finance_Negative_Landscape_0027.jpeg"
image_negative_thumbnail_id_2="1131"
image_negative_url_2="https://hehge.com/wp-content/uploads/sites/16/2023/06/MI_Finance_Negative_Landscape_0164.jpeg"
image_neutral_thumbnail_id_1="539"
image_neutral_url_1="https://hehge.com/wp-content/uploads/sites/16/2023/06/MI_Finance_Neutral_Landscape_0060.jpeg"
image_neutral_thumbnail_id_2="527"
image_neutral_url_2="https://hehge.com/wp-content/uploads/sites/16/2023/06/MI_Finance_Neutral_Landscape_0072.jpeg"
image_positive_thumbnail_id_1="987"
image_positive_url_1="https://hehge.com/wp-content/uploads/sites/16/2023/06/MI_Finance_Positive_Landscape_0149.jpeg"
image_positive_thumbnail_id_2="648"
image_positive_url_2="https://hehge.com/wp-content/uploads/sites/16/2023/06/MI_Finance_Positive_Landscape_0060.jpeg"
image_professor_thumbnail_id_1="1192"
image_professor_url_1="https://hehge.com/wp-content/uploads/sites/16/2023/06/MI_Finance_Professor_Landscape_0026.jpeg"
image_professor_thumbnail_id_2="1176"
image_professor_url_2="https://hehge.com/wp-content/uploads/sites/16/2023/06/MI_Finance_Professor_Landscape_0010.jpeg"
