Symbol="ED"
AssetType="Common Stock"
Name="Consolidated Edison Inc"
Description="Consolidated Edison, Inc., commonly known as Con Edison (stylized as conEdison) or ConEd, is one of the largest investor-owned energy companies in the United States, with approximately $12 billion in annual revenues as of 2017, and over $48 billion in assets. The company provides a wide range of energy-related products and services to its customers through its subsidiaries."
CIK="1047862"
Exchange="NYSE"
Currency="USD"
Country="USA"
Sector="ENERGY & TRANSPORTATION"
Industry="ELECTRIC & OTHER SERVICES COMBINED"
Address="4 IRVING PLACE, NEW YORK, NY, US"
FiscalYearEnd="December"
LatestQuarter="2023-03-31"
MarketCapitalization="33787650000"
EBITDA="5190000000"
PERatio="13.91"
PEGRatio="3.724"
BookValue="60.24"
DividendPerShare="3.18"
DividendYield="0.0334"
EPS="7.01"
RevenuePerShareTTM="45.21"
ProfitMargin="0.156"
OperatingMarginTTM="0.198"
ReturnOnAssetsTTM="0.0313"
ReturnOnEquityTTM="0.119"
RevenueTTM="16013000000"
GrossProfitTTM="7685000000"
DilutedEPSTTM="7.01"
QuarterlyEarningsGrowthYOY="1.382"
QuarterlyRevenueGrowthYOY="0.084"
AnalystTargetPrice="91.33"
TrailingPE="13.91"
ForwardPE="20.28"
PriceToSalesRatioTTM="2.286"
PriceToBookRatio="1.684"
EVToRevenue="4.047"
EVToEBITDA="12.2"
Beta="0.356"
num_52WeekHigh="100.09"
num_52WeekLow="76.1"
num_50DayMovingAverage="93.3"
num_200DayMovingAverage="93.57"
SharesOutstanding="346540000"
DividendDate="2023-06-15"
ExDividendDate="2023-08-15"
symbol="ED"
open="96.95"
high="97.47"
low="95.54"
price="95.75"
volume="1482009.00"
latest_trading_day="2023-07-27"
previous_close="97.50"
change="-1.75"
change_percent="-1.7949%"
aroon_positive_momentum_days="0"
aroon_negative_momentum_days="48"
trend_strength="Absent or Weak Trend"
buying_signal="Weak Sell Signal"
volume_analysis="Target Volume"
value_analysis="Expected Range"
Aroon_change="FALSE"
Aroon_momentum="52"
Volume_recent_avg="1861842"
Change_recent_avg="0.01"
Delta_recent_avg="1.61"
Variance_recent_avg="0.8"
Change_ratio_recent_avg="0.01"
RSI_change="FALSE"
ADX_change="FALSE"

event="FALSE"
Aroon_signal="negative"
Aroon_change="FALSE"
Aroon_momentum_positive="52"
Aroon_momentum_negative="48"
image_negative_thumbnail_id_1="1165"
image_negative_url_1="https://hehge.com/wp-content/uploads/sites/16/2023/06/MI_Finance_Negative_Landscape_0199.jpeg"
image_negative_thumbnail_id_2="156"
image_negative_url_2="https://hehge.com/wp-content/uploads/sites/16/2023/05/MI_Finance_Negative_Landscape_0020.jpeg"
image_neutral_thumbnail_id_1="527"
image_neutral_url_1="https://hehge.com/wp-content/uploads/sites/16/2023/06/MI_Finance_Neutral_Landscape_0072.jpeg"
image_neutral_thumbnail_id_2="524"
image_neutral_url_2="https://hehge.com/wp-content/uploads/sites/16/2023/06/MI_Finance_Neutral_Landscape_0075.jpeg"
image_positive_thumbnail_id_1="642"
image_positive_url_1="https://hehge.com/wp-content/uploads/sites/16/2023/06/MI_Finance_Positive_Landscape_0066.jpeg"
image_positive_thumbnail_id_2="703"
image_positive_url_2="https://hehge.com/wp-content/uploads/sites/16/2023/06/MI_Finance_Positive_Landscape_0005.jpeg"
image_professor_thumbnail_id_1="1200"
image_professor_url_1="https://hehge.com/wp-content/uploads/sites/16/2023/06/MI_Finance_Professor_Landscape_0034.jpeg"
image_professor_thumbnail_id_2="1179"
image_professor_url_2="https://hehge.com/wp-content/uploads/sites/16/2023/06/MI_Finance_Professor_Landscape_0013.jpeg"
