Symbol="CPE"
AssetType="Common Stock"
Name="Callon Petroleum Company"
Description="Callon Petroleum Company, an independent oil and natural gas company, focuses on the acquisition, exploration and development of oil and natural gas properties in the Permian Basin in West Texas. The company is headquartered in Houston, Texas."
CIK="928022"
Exchange="NYSE"
Currency="USD"
Country="USA"
Sector="ENERGY & TRANSPORTATION"
Industry="CRUDE PETROLEUM & NATURAL GAS"
Address="2000 W SAM HOUSTON PARKWAY S, SUITE 2000, HOUSTON, TX, US"
FiscalYearEnd="December"
LatestQuarter="2023-03-31"
MarketCapitalization="2083156000"
EBITDA="1999741000"
PERatio="1.66"
PEGRatio="0.133"
BookValue="59.23"
DividendPerShare="0"
DividendYield="0"
EPS="22.48"
RevenuePerShareTTM="48.88"
ProfitMargin="0.477"
OperatingMarginTTM="0.505"
ReturnOnAssetsTTM="0.153"
ReturnOnEquityTTM="49.99"
RevenueTTM="3013792000"
GrossProfitTTM="2205211000"
DilutedEPSTTM="22.21"
QuarterlyEarningsGrowthYOY="-0.08"
QuarterlyRevenueGrowthYOY="-0.279"
AnalystTargetPrice="48.89"
TrailingPE="1.516"
ForwardPE="2.267"
PriceToSalesRatioTTM="0.678"
PriceToBookRatio="0.784"
EVToRevenue="1.42"
EVToEBITDA="2.612"
Beta="2.761"
num_52WeekHigh="50.19"
num_52WeekLow="28.91"
num_50DayMovingAverage="32.97"
num_200DayMovingAverage="37.22"
SharesOutstanding="68170000"
DividendDate="2020-08-10"
ExDividendDate="1998-06-26"
symbol="CPE"
open="35.00"
high="35.02"
low="33.54"
price="33.67"
volume="1967860.00"
latest_trading_day="2023-07-14"
previous_close="35.46"
change="-1.79"
change_percent="-5.0479%"
aroon_positive_momentum_days="0"
aroon_negative_momentum_days="74"
trend_strength="Absent or Weak Trend"
buying_signal="High Volatility / Hold Signal"
volume_analysis="Target Volume"
value_analysis="Expected Range"
Aroon_change="FALSE"
Aroon_momentum="26"
Volume_recent_avg="1613622"
Change_recent_avg="-0.06"
Delta_recent_avg="1.5"
Variance_recent_avg="0.75"
Change_ratio_recent_avg="-0.21"
RSI_change="FALSE"
ADX_change="FALSE"

event="FALSE"
Aroon_signal="negative"
Aroon_change="FALSE"
Aroon_momentum_positive="26"
Aroon_momentum_negative="74"
image_negative_thumbnail_id_1="492"
image_negative_url_1="https://hehge.com/wp-content/uploads/sites/16/2023/06/MI_Finance_Negative_Landscape_0113.jpeg"
image_negative_thumbnail_id_2="120"
image_negative_url_2="https://hehge.com/wp-content/uploads/sites/16/2023/05/MI_Finance_Negative_Landscape_0056.jpeg"
image_neutral_thumbnail_id_1="587"
image_neutral_url_1="https://hehge.com/wp-content/uploads/sites/16/2023/06/MI_Finance_Neutral_Landscape_0012.jpeg"
image_neutral_thumbnail_id_2="578"
image_neutral_url_2="https://hehge.com/wp-content/uploads/sites/16/2023/06/MI_Finance_Neutral_Landscape_0021.jpeg"
image_positive_thumbnail_id_1="685"
image_positive_url_1="https://hehge.com/wp-content/uploads/sites/16/2023/06/MI_Finance_Positive_Landscape_0023.jpeg"
image_positive_thumbnail_id_2="960"
image_positive_url_2="https://hehge.com/wp-content/uploads/sites/16/2023/06/MI_Finance_Positive_Landscape_0122.jpeg"
image_professor_thumbnail_id_1="1181"
image_professor_url_1="https://hehge.com/wp-content/uploads/sites/16/2023/06/MI_Finance_Professor_Landscape_0015.jpeg"
image_professor_thumbnail_id_2="1202"
image_professor_url_2="https://hehge.com/wp-content/uploads/sites/16/2023/06/MI_Finance_Professor_Landscape_0036.jpeg"
