Symbol="AR"
AssetType="Common Stock"
Name="Antero Resources Corp"
Description="Antero Resources Corporation, an independent oil and natural gas company, acquires, explores, develops, and produces natural gas, natural gas liquids, and oil properties in the United States. The company is headquartered in Denver, Colorado."
CIK="1433270"
Exchange="NYSE"
Currency="USD"
Country="USA"
Sector="ENERGY & TRANSPORTATION"
Industry="CRUDE PETROLEUM & NATURAL GAS"
Address="1615 WYNKOOP STREET, DENVER, CO, US"
FiscalYearEnd="December"
LatestQuarter="2023-06-30"
MarketCapitalization="8092345000"
EBITDA="2831271000"
PERatio="5.99"
PEGRatio="0.419"
BookValue="22.73"
DividendPerShare="0"
DividendYield="0"
EPS="4.5"
RevenuePerShareTTM="22.25"
ProfitMargin="0.213"
OperatingMarginTTM="0.301"
ReturnOnAssetsTTM="0.09"
ReturnOnEquityTTM="0.237"
RevenueTTM="6681775000"
GrossProfitTTM="6674183000"
DilutedEPSTTM="4.5"
QuarterlyEarningsGrowthYOY="-0.127"
QuarterlyRevenueGrowthYOY="-0.619"
AnalystTargetPrice="31.36"
TrailingPE="5.99"
ForwardPE="3.425"
PriceToSalesRatioTTM="1.163"
PriceToBookRatio="1.537"
EVToRevenue="1.72"
EVToEBITDA="4.014"
Beta="3.483"
num_52WeekHigh="43.26"
num_52WeekLow="19.91"
num_50DayMovingAverage="24.4"
num_200DayMovingAverage="26.62"
SharesOutstanding="300384000"
DividendDate="None"
ExDividendDate="None"
symbol="AR"
open="25.58"
high="26.50"
low="25.50"
price="26.11"
volume="3577136.00"
latest_trading_day="2023-08-24"
previous_close="25.86"
change="0.25"
change_percent="0.9667%"
aroon_positive_momentum_days="27"
aroon_negative_momentum_days="0"
trend_strength="Absent or Weak Trend"
buying_signal="Strong Buy Signal"
volume_analysis="Target Volume"
value_analysis="Expected Range"
Aroon_change="FALSE"
Aroon_momentum="27"
Volume_recent_avg="5447304"
Change_recent_avg="0.02"
Delta_recent_avg="0.88"
Variance_recent_avg="0.44"
Change_ratio_recent_avg="0.04"
RSI_change="FALSE"
ADX_change="FALSE"

event="FALSE"
Aroon_signal="positive"
Aroon_change="FALSE"
Aroon_momentum_positive="27"
Aroon_momentum_negative="73"
image_negative_thumbnail_id_1="1096"
image_negative_url_1="https://hehge.com/wp-content/uploads/sites/16/2023/06/MI_Finance_Negative_Landscape_0129.jpeg"
image_negative_thumbnail_id_2="110"
image_negative_url_2="https://hehge.com/wp-content/uploads/sites/16/2023/05/MI_Finance_Negative_Landscape_0066.jpeg"
image_neutral_thumbnail_id_1="586"
image_neutral_url_1="https://hehge.com/wp-content/uploads/sites/16/2023/06/MI_Finance_Neutral_Landscape_0013.jpeg"
image_neutral_thumbnail_id_2="531"
image_neutral_url_2="https://hehge.com/wp-content/uploads/sites/16/2023/06/MI_Finance_Neutral_Landscape_0068.jpeg"
image_positive_thumbnail_id_1="702"
image_positive_url_1="https://hehge.com/wp-content/uploads/sites/16/2023/06/MI_Finance_Positive_Landscape_0006.jpeg"
image_positive_thumbnail_id_2="1011"
image_positive_url_2="https://hehge.com/wp-content/uploads/sites/16/2023/06/MI_Finance_Positive_Landscape_0173.jpeg"
image_professor_thumbnail_id_1="1201"
image_professor_url_1="https://hehge.com/wp-content/uploads/sites/16/2023/06/MI_Finance_Professor_Landscape_0035.jpeg"
image_professor_thumbnail_id_2="1172"
image_professor_url_2="https://hehge.com/wp-content/uploads/sites/16/2023/06/MI_Finance_Professor_Landscape_0006.jpeg"
