Symbol="VIA"
AssetType="Common Stock"
Name="Via Renewables Inc"
Description="On December 4, 2019, Viacom Inc. was acquired by CBS Corporation. The company is headquartered in New York, New York."
CIK="1606268"
Exchange="NASDAQ"
Currency="USD"
Country="USA"
Sector="ENERGY & TRANSPORTATION"
Industry="ELECTRIC & OTHER SERVICES COMBINED"
Address="12140 WICKCHESTER LANE, SUITE 100, HOUSTON, TX, US"
FiscalYearEnd="December"
LatestQuarter="2023-06-30"
MarketCapitalization="61465000"
EBITDA="10449000"
PERatio="None"
PEGRatio="None"
BookValue="13.44"
DividendPerShare="1.812"
DividendYield="0.353"
EPS="-3.91"
RevenuePerShareTTM="144.47"
ProfitMargin="-0.0048"
OperatingMarginTTM="0.0014"
ReturnOnAssetsTTM="0.0012"
ReturnOnEquityTTM="-0.142"
RevenueTTM="459491000"
GrossProfitTTM="108597000"
DilutedEPSTTM="-3.91"
QuarterlyEarningsGrowthYOY="0.811"
QuarterlyRevenueGrowthYOY="-0.059"
AnalystTargetPrice="None"
TrailingPE="-"
ForwardPE="-"
PriceToSalesRatioTTM="0.431"
PriceToBookRatio="1.429"
EVToRevenue="0.548"
EVToEBITDA="8.72"
Beta="1.098"
num_52WeekHigh="40.76"
num_52WeekLow="5.81"
num_50DayMovingAverage="8.41"
num_200DayMovingAverage="20.13"
SharesOutstanding="3231100"
DividendDate="2023-03-15"
ExDividendDate="2023-02-28"
symbol="VIA"
open="8.48"
high="8.66"
low="8.33"
price="8.51"
volume="21023.00"
latest_trading_day="2023-08-24"
previous_close="8.48"
change="0.03"
change_percent="0.3538%"
aroon_positive_momentum_days="0"
aroon_negative_momentum_days="100"
trend_strength="Absent or Weak Trend"
buying_signal="Weak Sell Signal"
volume_analysis="Target Volume"
value_analysis="Expected Range"
Aroon_change="FALSE"
Aroon_momentum="0"
Volume_recent_avg="53277"
Change_recent_avg="-0.08"
Delta_recent_avg="0.83"
Variance_recent_avg="0.41"
Change_ratio_recent_avg="-0.89"
RSI_change="FALSE"
ADX_change="FALSE"
Aroon_signal="negative"
Aroon_change="FALSE"
Aroon_momentum_positive="0"
Aroon_momentum_negative="100"
image_negative_thumbnail_id_1="1092"
image_negative_url_1="https://hehge.com/wp-content/uploads/sites/16/2023/06/MI_Finance_Negative_Landscape_0125.jpeg"
image_negative_thumbnail_id_2="147"
image_negative_url_2="https://hehge.com/wp-content/uploads/sites/16/2023/05/MI_Finance_Negative_Landscape_0029.jpeg"
image_neutral_thumbnail_id_1="590"
image_neutral_url_1="https://hehge.com/wp-content/uploads/sites/16/2023/06/MI_Finance_Neutral_Landscape_0009.jpeg"
image_neutral_thumbnail_id_2="534"
image_neutral_url_2="https://hehge.com/wp-content/uploads/sites/16/2023/06/MI_Finance_Neutral_Landscape_0065.jpeg"
image_positive_thumbnail_id_1="690"
image_positive_url_1="https://hehge.com/wp-content/uploads/sites/16/2023/06/MI_Finance_Positive_Landscape_0018.jpeg"
image_positive_thumbnail_id_2="999"
image_positive_url_2="https://hehge.com/wp-content/uploads/sites/16/2023/06/MI_Finance_Positive_Landscape_0161.jpeg"
image_professor_thumbnail_id_1="1191"
image_professor_url_1="https://hehge.com/wp-content/uploads/sites/16/2023/06/MI_Finance_Professor_Landscape_0025.jpeg"
image_professor_thumbnail_id_2="1203"
image_professor_url_2="https://hehge.com/wp-content/uploads/sites/16/2023/06/MI_Finance_Professor_Landscape_0037.jpeg"
