Symbol="CVI"
AssetType="Common Stock"
Name="CVR Energy Inc"
Description="CVR Energy, Inc., is engaged in petroleum refining and nitrogen fertilizer manufacturing activities in the United States. The company is headquartered in Sugar Land, Texas."
CIK="1376139"
Exchange="NYSE"
Currency="USD"
Country="USA"
Sector="ENERGY & TRANSPORTATION"
Industry="PETROLEUM REFINING"
Address="2277 PLAZA DRIVE, SUITE 500, SUGAR LAND, TX, US"
FiscalYearEnd="December"
LatestQuarter="2023-03-31"
MarketCapitalization="3398953000"
EBITDA="1373000000"
PERatio="5.91"
PEGRatio="-2.16"
BookValue="6.71"
DividendPerShare="1.8"
DividendYield="0.06"
EPS="5.72"
RevenuePerShareTTM="107.55"
ProfitMargin="0.0522"
OperatingMarginTTM="0.1"
ReturnOnAssetsTTM="0.158"
ReturnOnEquityTTM="0.831"
RevenueTTM="10809000000"
GrossProfitTTM="1422000000"
DilutedEPSTTM="5.72"
QuarterlyEarningsGrowthYOY="1.074"
QuarterlyRevenueGrowthYOY="-0.037"
AnalystTargetPrice="30.33"
TrailingPE="5.91"
ForwardPE="26.74"
PriceToSalesRatioTTM="0.294"
PriceToBookRatio="5.35"
EVToRevenue="0.386"
EVToEBITDA="4.077"
Beta="1.579"
num_52WeekHigh="39.82"
num_52WeekLow="22.6"
num_50DayMovingAverage="27.6"
num_200DayMovingAverage="31.5"
SharesOutstanding="100531000"
DividendDate="2023-05-22"
ExDividendDate="2023-05-12"
symbol="CVI"
open="34.15"
high="35.54"
low="33.86"
price="35.03"
volume="924751.00"
latest_trading_day="2023-07-24"
previous_close="33.81"
change="1.22"
change_percent="3.6084%"
aroon_positive_momentum_days="18"
aroon_negative_momentum_days="0"
trend_strength="Absent or Weak Trend"
buying_signal="Weak Buy Signal"
volume_analysis="Target Volume"
value_analysis="Expected Range"
Aroon_change="FALSE"
Aroon_momentum="18"
Volume_recent_avg="1135186"
Change_recent_avg="0.04"
Delta_recent_avg="1.18"
Variance_recent_avg="0.59"
Change_ratio_recent_avg="0.11"
RSI_change="FALSE"
ADX_change="FALSE"

event="aroon_milestone_positive_10"
Aroon_signal="positive"
Aroon_change="FALSE"
Aroon_momentum_positive="18"
Aroon_momentum_negative="82"
image_negative_thumbnail_id_1="1160"
image_negative_url_1="https://hehge.com/wp-content/uploads/sites/16/2023/06/MI_Finance_Negative_Landscape_0194.jpeg"
image_negative_thumbnail_id_2="1123"
image_negative_url_2="https://hehge.com/wp-content/uploads/sites/16/2023/06/MI_Finance_Negative_Landscape_0156.jpeg"
image_neutral_thumbnail_id_1="522"
image_neutral_url_1="https://hehge.com/wp-content/uploads/sites/16/2023/06/MI_Finance_Neutral_Landscape_0077.jpeg"
image_neutral_thumbnail_id_2="592"
image_neutral_url_2="https://hehge.com/wp-content/uploads/sites/16/2023/06/MI_Finance_Neutral_Landscape_0007.jpeg"
image_positive_thumbnail_id_1="680"
image_positive_url_1="https://hehge.com/wp-content/uploads/sites/16/2023/06/MI_Finance_Positive_Landscape_0028.jpeg"
image_positive_thumbnail_id_2="959"
image_positive_url_2="https://hehge.com/wp-content/uploads/sites/16/2023/06/MI_Finance_Positive_Landscape_0121.jpeg"
image_professor_thumbnail_id_1="1184"
image_professor_url_1="https://hehge.com/wp-content/uploads/sites/16/2023/06/MI_Finance_Professor_Landscape_0018.jpeg"
image_professor_thumbnail_id_2="1180"
image_professor_url_2="https://hehge.com/wp-content/uploads/sites/16/2023/06/MI_Finance_Professor_Landscape_0014.jpeg"
