Symbol="SBS"
AssetType="Common Stock"
Name="Companhia de Saneamento Basico do Estado de Sao Paulo SABESP ADR"
Description="Companhia de Saneamento Basico do Estado de So Paulo - SABESP provides water and sewerage services to residential, commercial, industrial and government clients. The company is headquartered in So Paulo, Brazil."
CIK="1170858"
Exchange="NYSE"
Currency="USD"
Country="USA"
Sector="ENERGY & TRANSPORTATION"
Industry="WATER SUPPLY"
Address="RUA COSTA CARVALHO, 300, SAO PAULO, SP, BR"
FiscalYearEnd="December"
LatestQuarter="2023-03-31"
MarketCapitalization="38604640000"
EBITDA="7200436000"
PERatio="12.34"
PEGRatio="2.55"
BookValue="41.08"
DividendPerShare="1.276"
DividendYield="0.0226"
EPS="4.232"
RevenuePerShareTTM="33.48"
ProfitMargin="0.126"
OperatingMarginTTM="0.213"
ReturnOnAssetsTTM="0.0549"
ReturnOnEquityTTM="10.72"
RevenueTTM="22883699000"
GrossProfitTTM="7704817000"
DilutedEPSTTM="0.89"
QuarterlyEarningsGrowthYOY="-0.234"
QuarterlyRevenueGrowthYOY="0.17"
AnalystTargetPrice="12.39"
TrailingPE="13.33"
ForwardPE="11.3"
PriceToSalesRatioTTM="0.326"
PriceToBookRatio="1.381"
EVToRevenue="0.469"
EVToEBITDA="1.291"
Beta="0.55"
num_52WeekHigh="12.05"
num_52WeekLow="7.78"
num_50DayMovingAverage="11.1"
num_200DayMovingAverage="10.54"
SharesOutstanding="683510000"
DividendDate="2023-07-06"
ExDividendDate="2023-05-02"
symbol="SBS"
open="12.01"
high="12.05"
low="11.85"
price="11.95"
volume="1088105.00"
latest_trading_day="2023-07-28"
previous_close="11.85"
change="0.10"
change_percent="0.8439%"
aroon_positive_momentum_days="53"
aroon_negative_momentum_days="0"
trend_strength="Absent or Weak Trend"
buying_signal="Strong Buy Signal"
volume_analysis="Target Volume"
value_analysis="Expected Range"
Aroon_change="FALSE"
Aroon_momentum="53"
Volume_recent_avg="1573703"
Change_recent_avg="0.03"
Delta_recent_avg="0.27"
Variance_recent_avg="0.13"
Change_ratio_recent_avg="0.26"
RSI_change="FALSE"
ADX_change="FALSE"

event="FALSE"
Aroon_signal="positive"
Aroon_change="FALSE"
Aroon_momentum_positive="53"
Aroon_momentum_negative="47"
image_negative_thumbnail_id_1="146"
image_negative_url_1="https://hehge.com/wp-content/uploads/sites/16/2023/05/MI_Finance_Negative_Landscape_0030.jpeg"
image_negative_thumbnail_id_2="121"
image_negative_url_2="https://hehge.com/wp-content/uploads/sites/16/2023/05/MI_Finance_Negative_Landscape_0055.jpeg"
image_neutral_thumbnail_id_1="546"
image_neutral_url_1="https://hehge.com/wp-content/uploads/sites/16/2023/06/MI_Finance_Neutral_Landscape_0053.jpeg"
image_neutral_thumbnail_id_2="596"
image_neutral_url_2="https://hehge.com/wp-content/uploads/sites/16/2023/06/MI_Finance_Neutral_Landscape_0003.jpeg"
image_positive_thumbnail_id_1="966"
image_positive_url_1="https://hehge.com/wp-content/uploads/sites/16/2023/06/MI_Finance_Positive_Landscape_0128.jpeg"
image_positive_thumbnail_id_2="681"
image_positive_url_2="https://hehge.com/wp-content/uploads/sites/16/2023/06/MI_Finance_Positive_Landscape_0027.jpeg"
image_professor_thumbnail_id_1="1190"
image_professor_url_1="https://hehge.com/wp-content/uploads/sites/16/2023/06/MI_Finance_Professor_Landscape_0024.jpeg"
image_professor_thumbnail_id_2="1202"
image_professor_url_2="https://hehge.com/wp-content/uploads/sites/16/2023/06/MI_Finance_Professor_Landscape_0036.jpeg"
