Symbol="IDA"
AssetType="Common Stock"
Name="IDACORP Inc"
Description="IDACORP, Inc. is dedicated to the generation, transmission, distribution, purchase and sale of electrical energy in the United States. The company is headquartered in Boise, Idaho."
CIK="1057877"
Exchange="NYSE"
Currency="USD"
Country="USA"
Sector="ENERGY & TRANSPORTATION"
Industry="ELECTRIC SERVICES"
Address="1221 WEST IDAHO STREET, BOISE, ID, US"
FiscalYearEnd="December"
LatestQuarter="2023-06-30"
MarketCapitalization="4803168000"
EBITDA="514487000"
PERatio="17.87"
PEGRatio="3.32"
BookValue="56.38"
DividendPerShare="3.12"
DividendYield="0.0328"
EPS="5.31"
RevenuePerShareTTM="35.21"
ProfitMargin="0.153"
OperatingMarginTTM="0.184"
ReturnOnAssetsTTM="0.0268"
ReturnOnEquityTTM="0.0982"
RevenueTTM="1784467000"
GrossProfitTTM="537513000"
DilutedEPSTTM="5.31"
QuarterlyEarningsGrowthYOY="0.064"
QuarterlyRevenueGrowthYOY="0.154"
AnalystTargetPrice="114.2"
TrailingPE="17.87"
ForwardPE="20.58"
PriceToSalesRatioTTM="3.457"
PriceToBookRatio="1.963"
EVToRevenue="4.742"
EVToEBITDA="13.56"
Beta="0.601"
num_52WeekHigh="111.84"
num_52WeekLow="90.8"
num_50DayMovingAverage="102.35"
num_200DayMovingAverage="105.38"
SharesOutstanding="50608000"
DividendDate="2023-08-31"
ExDividendDate="2023-08-01"
symbol="IDA"
open="94.81"
high="95.04"
low="94.08"
price="94.43"
volume="318034.00"
latest_trading_day="2023-08-18"
previous_close="94.25"
change="0.18"
change_percent="0.1910%"
aroon_positive_momentum_days="0"
aroon_negative_momentum_days="47"
trend_strength="Absent or Weak Trend"
buying_signal="Strong Sell Signal"
volume_analysis="Target Volume"
value_analysis="Expected Range"
Aroon_change="FALSE"
Aroon_momentum="53"
Volume_recent_avg="197656"
Change_recent_avg="-0.12"
Delta_recent_avg="1.63"
Variance_recent_avg="0.82"
Change_ratio_recent_avg="-0.12"
RSI_change="FALSE"
ADX_change="FALSE"

event="FALSE"
Aroon_signal="negative"
Aroon_change="FALSE"
Aroon_momentum_positive="53"
Aroon_momentum_negative="47"
image_negative_thumbnail_id_1="104"
image_negative_url_1="https://hehge.com/wp-content/uploads/sites/16/2023/05/MI_Finance_Negative_Landscape_0072.jpeg"
image_negative_thumbnail_id_2="103"
image_negative_url_2="https://hehge.com/wp-content/uploads/sites/16/2023/05/MI_Finance_Negative_Landscape_0073.jpeg"
image_neutral_thumbnail_id_1="546"
image_neutral_url_1="https://hehge.com/wp-content/uploads/sites/16/2023/06/MI_Finance_Neutral_Landscape_0053.jpeg"
image_neutral_thumbnail_id_2="568"
image_neutral_url_2="https://hehge.com/wp-content/uploads/sites/16/2023/06/MI_Finance_Neutral_Landscape_0031.jpeg"
image_positive_thumbnail_id_1="1009"
image_positive_url_1="https://hehge.com/wp-content/uploads/sites/16/2023/06/MI_Finance_Positive_Landscape_0171.jpeg"
image_positive_thumbnail_id_2="645"
image_positive_url_2="https://hehge.com/wp-content/uploads/sites/16/2023/06/MI_Finance_Positive_Landscape_0063.jpeg"
image_professor_thumbnail_id_1="1196"
image_professor_url_1="https://hehge.com/wp-content/uploads/sites/16/2023/06/MI_Finance_Professor_Landscape_0030.jpeg"
image_professor_thumbnail_id_2="1184"
image_professor_url_2="https://hehge.com/wp-content/uploads/sites/16/2023/06/MI_Finance_Professor_Landscape_0018.jpeg"
