Symbol="CMS"
AssetType="Common Stock"
Name="CMS Energy Corporation"
Description="CMS Energy (NYSE: CMS), based in Jackson, Michigan, is an energy company that is focused principally on utility operations in Michigan."
CIK="811156"
Exchange="NYSE"
Currency="USD"
Country="USA"
Sector="ENERGY & TRANSPORTATION"
Industry="ELECTRIC & OTHER SERVICES COMBINED"
Address="ONE ENERGY PLAZA, JACKSON, MI, US"
FiscalYearEnd="December"
LatestQuarter="2023-06-30"
MarketCapitalization="17581023000"
EBITDA="2298000000"
PERatio="25.87"
PEGRatio="3.003"
BookValue="23.73"
DividendPerShare="1.895"
DividendYield="0.0323"
EPS="2.33"
RevenuePerShareTTM="28.05"
ProfitMargin="0.0906"
OperatingMarginTTM="0.158"
ReturnOnAssetsTTM="0.0261"
ReturnOnEquityTTM="0.0934"
RevenueTTM="8141000000"
GrossProfitTTM="2762000000"
DilutedEPSTTM="2.33"
QuarterlyEarningsGrowthYOY="0.341"
QuarterlyRevenueGrowthYOY="-0.19"
AnalystTargetPrice="67.38"
TrailingPE="25.87"
ForwardPE="20.45"
PriceToSalesRatioTTM="2.195"
PriceToBookRatio="2.767"
EVToRevenue="3.87"
EVToEBITDA="13.16"
Beta="0.358"
num_52WeekHigh="68.93"
num_52WeekLow="50.74"
num_50DayMovingAverage="59.9"
num_200DayMovingAverage="60.52"
SharesOutstanding="291656000"
DividendDate="2023-08-31"
ExDividendDate="2023-08-03"
symbol="CMS"
open="59.64"
high="59.76"
low="58.11"
price="58.35"
volume="1810394.00"
latest_trading_day="2023-08-03"
previous_close="60.28"
change="-1.93"
change_percent="-3.2017%"
aroon_positive_momentum_days="28"
aroon_negative_momentum_days="0"
trend_strength="Absent or Weak Trend"
buying_signal="Weak Buy Signal"
volume_analysis="Target Volume"
value_analysis="Expected Range"
Aroon_change="FALSE"
Aroon_momentum="28"
Volume_recent_avg="2112472"
Change_recent_avg="0.01"
Delta_recent_avg="1.13"
Variance_recent_avg="0.56"
Change_ratio_recent_avg="-0.01"
RSI_change="FALSE"
ADX_change="FALSE"

event="aroon_milestone_positive_10"
Aroon_signal="positive"
Aroon_change="FALSE"
Aroon_momentum_positive="28"
Aroon_momentum_negative="72"
image_negative_thumbnail_id_1="118"
image_negative_url_1="https://hehge.com/wp-content/uploads/sites/16/2023/05/MI_Finance_Negative_Landscape_0058.jpeg"
image_negative_thumbnail_id_2="1121"
image_negative_url_2="https://hehge.com/wp-content/uploads/sites/16/2023/06/MI_Finance_Negative_Landscape_0154.jpeg"
image_neutral_thumbnail_id_1="544"
image_neutral_url_1="https://hehge.com/wp-content/uploads/sites/16/2023/06/MI_Finance_Neutral_Landscape_0055.jpeg"
image_neutral_thumbnail_id_2="573"
image_neutral_url_2="https://hehge.com/wp-content/uploads/sites/16/2023/06/MI_Finance_Neutral_Landscape_0026.jpeg"
image_positive_thumbnail_id_1="625"
image_positive_url_1="https://hehge.com/wp-content/uploads/sites/16/2023/06/MI_Finance_Positive_Landscape_0083.jpeg"
image_positive_thumbnail_id_2="981"
image_positive_url_2="https://hehge.com/wp-content/uploads/sites/16/2023/06/MI_Finance_Positive_Landscape_0143.jpeg"
image_professor_thumbnail_id_1="1192"
image_professor_url_1="https://hehge.com/wp-content/uploads/sites/16/2023/06/MI_Finance_Professor_Landscape_0026.jpeg"
image_professor_thumbnail_id_2="1170"
image_professor_url_2="https://hehge.com/wp-content/uploads/sites/16/2023/06/MI_Finance_Professor_Landscape_0004.jpeg"
