Symbol="TNK"
AssetType="Common Stock"
Name="Teekay Tankers Ltd"
Description="Teekay Tankers Ltd. provides ocean freight services to oil industries in Bermuda and internationally. The company is headquartered in Hamilton, Canada."
CIK="1419945"
Exchange="NYSE"
Currency="USD"
Country="USA"
Sector="ENERGY & TRANSPORTATION"
Industry="WATER TRANSPORTATION"
Address="C/O TEEKAY CORPORATION, 4TH FLOOR,, BELVEDERE BUILDING, 69 PITTS BAY ROAD, HAMILTON, BM"
FiscalYearEnd="December"
LatestQuarter="2023-03-31"
MarketCapitalization="1480952000"
EBITDA="510599000"
PERatio="3.508"
PEGRatio="31.59"
BookValue="36.52"
DividendPerShare="0.25"
DividendYield="0.0236"
EPS="12.43"
RevenuePerShareTTM="37.71"
ProfitMargin="0.321"
OperatingMarginTTM="0.342"
ReturnOnAssetsTTM="0.161"
ReturnOnEquityTTM="0.399"
RevenueTTM="1283750000"
GrossProfitTTM="389685000"
DilutedEPSTTM="12.43"
QuarterlyEarningsGrowthYOY="7.51"
QuarterlyRevenueGrowthYOY="1.268"
AnalystTargetPrice="59.2"
TrailingPE="3.508"
ForwardPE="3.22"
PriceToSalesRatioTTM="1.333"
PriceToBookRatio="1.122"
EVToRevenue="1.804"
EVToEBITDA="8.72"
Beta="-0.0939"
num_52WeekHigh="47.75"
num_52WeekLow="21.61"
num_50DayMovingAverage="38.3"
num_200DayMovingAverage="36.56"
SharesOutstanding="29333000"
DividendDate="2023-06-02"
ExDividendDate="2023-05-19"
symbol="TNK"
open="42.89"
high="43.75"
low="42.18"
price="43.61"
volume="538199.00"
latest_trading_day="2023-07-31"
previous_close="42.40"
change="1.21"
change_percent="2.8538%"
aroon_positive_momentum_days="0"
aroon_negative_momentum_days="55"
trend_strength="Absent or Weak Trend"
buying_signal="Weak Sell Signal"
volume_analysis="Target Volume"
value_analysis="Expected Range"
Aroon_change="FALSE"
Aroon_momentum="45"
Volume_recent_avg="471878"
Change_recent_avg="-0.07"
Delta_recent_avg="1.71"
Variance_recent_avg="0.85"
Change_ratio_recent_avg="-0.2"
RSI_change="FALSE"
ADX_change="FALSE"

event="FALSE"
Aroon_signal="negative"
Aroon_change="FALSE"
Aroon_momentum_positive="45"
Aroon_momentum_negative="55"
image_negative_thumbnail_id_1="1091"
image_negative_url_1="https://hehge.com/wp-content/uploads/sites/16/2023/06/MI_Finance_Negative_Landscape_0124.jpeg"
image_negative_thumbnail_id_2="173"
image_negative_url_2="https://hehge.com/wp-content/uploads/sites/16/2023/05/MI_Finance_Negative_Landscape_0003.jpeg"
image_neutral_thumbnail_id_1="529"
image_neutral_url_1="https://hehge.com/wp-content/uploads/sites/16/2023/06/MI_Finance_Neutral_Landscape_0070.jpeg"
image_neutral_thumbnail_id_2="530"
image_neutral_url_2="https://hehge.com/wp-content/uploads/sites/16/2023/06/MI_Finance_Neutral_Landscape_0069.jpeg"
image_positive_thumbnail_id_1="618"
image_positive_url_1="https://hehge.com/wp-content/uploads/sites/16/2023/06/MI_Finance_Positive_Landscape_0090.jpeg"
image_positive_thumbnail_id_2="693"
image_positive_url_2="https://hehge.com/wp-content/uploads/sites/16/2023/06/MI_Finance_Positive_Landscape_0015.jpeg"
image_professor_thumbnail_id_1="1199"
image_professor_url_1="https://hehge.com/wp-content/uploads/sites/16/2023/06/MI_Finance_Professor_Landscape_0033.jpeg"
image_professor_thumbnail_id_2="1175"
image_professor_url_2="https://hehge.com/wp-content/uploads/sites/16/2023/06/MI_Finance_Professor_Landscape_0009.jpeg"
