Symbol="TGS"
AssetType="Common Stock"
Name="Transportadora de Gas del Sur SA ADR"
Description="Transportadora de Gas del Sur SA provides natural gas transportation and distribution services in Argentina. The company is headquartered in Buenos Aires, Argentina."
CIK="931427"
Exchange="NYSE"
Currency="USD"
Country="USA"
Sector="ENERGY & TRANSPORTATION"
Industry="NATURAL GAS TRANSMISSION"
Address="DON BOSCO 3672 5TH FLR, 1206 CAPITAL FEDERAL, ARGENTINA, AR"
FiscalYearEnd="December"
LatestQuarter="2023-03-31"
MarketCapitalization="4351658000"
EBITDA="60010111000"
PERatio="27.24"
PEGRatio="0"
BookValue="2198.32"
DividendPerShare="0"
DividendYield="0.931"
EPS="0.5"
RevenuePerShareTTM="1013.22"
ProfitMargin="0.139"
OperatingMarginTTM="0.274"
ReturnOnAssetsTTM="0.0691"
ReturnOnEquityTTM="0.0886"
RevenueTTM="152541397000"
GrossProfitTTM="43198677000"
DilutedEPSTTM="0.5"
QuarterlyEarningsGrowthYOY="-0.662"
QuarterlyRevenueGrowthYOY="-0.205"
AnalystTargetPrice="10.57"
TrailingPE="27.24"
ForwardPE="-"
PriceToSalesRatioTTM="0.0309"
PriceToBookRatio="1.022"
EVToRevenue="0.0183"
EVToEBITDA="0.037"
Beta="0.869"
num_52WeekHigh="14.16"
num_52WeekLow="4.58"
num_50DayMovingAverage="12.79"
num_200DayMovingAverage="10.62"
SharesOutstanding="150552000"
DividendDate="2019-04-30"
ExDividendDate="2019-04-18"
symbol="TGS"
open="12.82"
high="13.77"
low="12.82"
price="13.54"
volume="183648.00"
latest_trading_day="2023-07-17"
previous_close="12.83"
change="0.71"
change_percent="5.5339%"
aroon_positive_momentum_days="63"
aroon_negative_momentum_days="0"
trend_strength="Absent or Weak Trend"
buying_signal="Strong Buy Signal"
volume_analysis="Target Volume"
value_analysis="Expected Range"
Aroon_change="FALSE"
Aroon_momentum="63"
Volume_recent_avg="192759"
Change_recent_avg="0.02"
Delta_recent_avg="0.57"
Variance_recent_avg="0.28"
Change_ratio_recent_avg="0.15"
RSI_change="FALSE"
ADX_change="FALSE"

event="FALSE"
Aroon_signal="positive"
Aroon_change="FALSE"
Aroon_momentum_positive="63"
Aroon_momentum_negative="37"
image_negative_thumbnail_id_1="1109"
image_negative_url_1="https://hehge.com/wp-content/uploads/sites/16/2023/06/MI_Finance_Negative_Landscape_0142.jpeg"
image_negative_thumbnail_id_2="1101"
image_negative_url_2="https://hehge.com/wp-content/uploads/sites/16/2023/06/MI_Finance_Negative_Landscape_0134.jpeg"
image_neutral_thumbnail_id_1="583"
image_neutral_url_1="https://hehge.com/wp-content/uploads/sites/16/2023/06/MI_Finance_Neutral_Landscape_0016.jpeg"
image_neutral_thumbnail_id_2="580"
image_neutral_url_2="https://hehge.com/wp-content/uploads/sites/16/2023/06/MI_Finance_Neutral_Landscape_0019.jpeg"
image_positive_thumbnail_id_1="697"
image_positive_url_1="https://hehge.com/wp-content/uploads/sites/16/2023/06/MI_Finance_Positive_Landscape_0011.jpeg"
image_positive_thumbnail_id_2="677"
image_positive_url_2="https://hehge.com/wp-content/uploads/sites/16/2023/06/MI_Finance_Positive_Landscape_0031.jpeg"
image_professor_thumbnail_id_1="1178"
image_professor_url_1="https://hehge.com/wp-content/uploads/sites/16/2023/06/MI_Finance_Professor_Landscape_0012.jpeg"
image_professor_thumbnail_id_2="1203"
image_professor_url_2="https://hehge.com/wp-content/uploads/sites/16/2023/06/MI_Finance_Professor_Landscape_0037.jpeg"
