Symbol="DEN"
AssetType="Common Stock"
Name="Denbury Resources Inc"
Description="Denbury Inc., an independent energy company, focuses on producing oil from mature oil fields in the Gulf Coast and Rocky Mountain regions. The company is headquartered in Plano, Texas."
CIK="945764"
Exchange="NYSE"
Currency="USD"
Country="USA"
Sector="ENERGY & TRANSPORTATION"
Industry="CRUDE PETROLEUM & NATURAL GAS"
Address="5320 LEGACY DRIVE, PLANO, TX, US"
FiscalYearEnd="December"
LatestQuarter="2023-06-30"
MarketCapitalization="4504324000"
EBITDA="778941000"
PERatio="9.92"
PEGRatio="None"
BookValue="33.68"
DividendPerShare="0"
DividendYield="0"
EPS="8.86"
RevenuePerShareTTM="28.98"
ProfitMargin="0.324"
OperatingMarginTTM="0.404"
ReturnOnAssetsTTM="0.161"
ReturnOnEquityTTM="0.325"
RevenueTTM="1489845000"
GrossProfitTTM="1118595000"
DilutedEPSTTM="8.86"
QuarterlyEarningsGrowthYOY="-0.558"
QuarterlyRevenueGrowthYOY="-0.318"
AnalystTargetPrice="96.78"
TrailingPE="9.92"
ForwardPE="9.58"
PriceToSalesRatioTTM="2.591"
PriceToBookRatio="3.078"
EVToRevenue="2.697"
EVToEBITDA="6.17"
Beta="1.34"
num_52WeekHigh="104.05"
num_52WeekLow="73.12"
num_50DayMovingAverage="87.08"
num_200DayMovingAverage="87.59"
SharesOutstanding="50277000"
DividendDate="None"
ExDividendDate="None"
symbol="DEN"
open="88.53"
high="89.90"
low="87.98"
price="89.25"
volume="1181327.00"
latest_trading_day="2023-08-25"
previous_close="87.91"
change="1.34"
change_percent="1.5243%"
aroon_positive_momentum_days="0"
aroon_negative_momentum_days="44"
trend_strength="Absent or Weak Trend"
buying_signal="Weak Sell Signal"
volume_analysis="Target Volume"
value_analysis="Expected Range"
Aroon_change="FALSE"
Aroon_momentum="56"
Volume_recent_avg="1025773"
Change_recent_avg="0.02"
Delta_recent_avg="2.09"
Variance_recent_avg="1.05"
Change_ratio_recent_avg="0.01"
RSI_change="FALSE"
ADX_change="FALSE"

event="FALSE"
Aroon_signal="negative"
Aroon_change="FALSE"
Aroon_momentum_positive="56"
Aroon_momentum_negative="44"
image_negative_thumbnail_id_1="512"
image_negative_url_1="https://hehge.com/wp-content/uploads/sites/16/2023/06/MI_Finance_Negative_Landscape_0093.jpeg"
image_negative_thumbnail_id_2="144"
image_negative_url_2="https://hehge.com/wp-content/uploads/sites/16/2023/05/MI_Finance_Negative_Landscape_0032.jpeg"
image_neutral_thumbnail_id_1="524"
image_neutral_url_1="https://hehge.com/wp-content/uploads/sites/16/2023/06/MI_Finance_Neutral_Landscape_0075.jpeg"
image_neutral_thumbnail_id_2="562"
image_neutral_url_2="https://hehge.com/wp-content/uploads/sites/16/2023/06/MI_Finance_Neutral_Landscape_0037.jpeg"
image_positive_thumbnail_id_1="644"
image_positive_url_1="https://hehge.com/wp-content/uploads/sites/16/2023/06/MI_Finance_Positive_Landscape_0064.jpeg"
image_positive_thumbnail_id_2="639"
image_positive_url_2="https://hehge.com/wp-content/uploads/sites/16/2023/06/MI_Finance_Positive_Landscape_0069.jpeg"
image_professor_thumbnail_id_1="1184"
image_professor_url_1="https://hehge.com/wp-content/uploads/sites/16/2023/06/MI_Finance_Professor_Landscape_0018.jpeg"
image_professor_thumbnail_id_2="1177"
image_professor_url_2="https://hehge.com/wp-content/uploads/sites/16/2023/06/MI_Finance_Professor_Landscape_0011.jpeg"
