Symbol="NVGS"
AssetType="Common Stock"
Name="Navigator Holdings Ltd"
Description="Navigator Holdings Ltd. owns and operates a worldwide fleet of liquefied gas carriers. The company is headquartered in London, the United Kingdom."
CIK="1581804"
Exchange="NYSE"
Currency="USD"
Country="USA"
Sector="ENERGY & TRANSPORTATION"
Industry="DEEP SEA FOREIGN TRANSPORTATION OF FREIGHT"
Address="21 PALMER STREET, LONDON, GB"
FiscalYearEnd="December"
LatestQuarter="2023-03-31"
MarketCapitalization="1027558000"
EBITDA="178654000"
PERatio="22.55"
PEGRatio="4.42"
BookValue="15.44"
DividendPerShare="0"
DividendYield="0"
EPS="0.62"
RevenuePerShareTTM="6.37"
ProfitMargin="0.0923"
OperatingMarginTTM="0.144"
ReturnOnAssetsTTM="0.02"
ReturnOnEquityTTM="0.0398"
RevenueTTM="490017000"
GrossProfitTTM="215136000"
DilutedEPSTTM="0.62"
QuarterlyEarningsGrowthYOY="-0.293"
QuarterlyRevenueGrowthYOY="0.135"
AnalystTargetPrice="18.67"
TrailingPE="22.55"
ForwardPE="-"
PriceToSalesRatioTTM="1.949"
PriceToBookRatio="0.808"
EVToRevenue="3.284"
EVToEBITDA="10.6"
Beta="1.61"
num_52WeekHigh="15.21"
num_52WeekLow="10.39"
num_50DayMovingAverage="13.3"
num_200DayMovingAverage="12.98"
SharesOutstanding="73502000"
DividendDate="None"
ExDividendDate="None"
symbol="NVGS"
open="13.89"
high="14.04"
low="13.83"
price="13.94"
volume="96297.00"
latest_trading_day="2023-08-11"
previous_close="13.98"
change="-0.04"
change_percent="-0.2861%"
aroon_positive_momentum_days="0"
aroon_negative_momentum_days="8"
trend_strength="Absent or Weak Trend"
buying_signal="Weak Sell Signal"
volume_analysis="Target Volume"
value_analysis="Expected Range"
Aroon_change="FALSE"
Aroon_momentum="92"
Volume_recent_avg="159550"
Change_recent_avg="-0.01"
Delta_recent_avg="0.35"
Variance_recent_avg="0.18"
Change_ratio_recent_avg="-0.11"
RSI_change="FALSE"
ADX_change="FALSE"

event="FALSE"
Aroon_signal="negative"
Aroon_change="FALSE"
Aroon_momentum_positive="92"
Aroon_momentum_negative="8"
image_negative_thumbnail_id_1="1144"
image_negative_url_1="https://hehge.com/wp-content/uploads/sites/16/2023/06/MI_Finance_Negative_Landscape_0177.jpeg"
image_negative_thumbnail_id_2="1094"
image_negative_url_2="https://hehge.com/wp-content/uploads/sites/16/2023/06/MI_Finance_Negative_Landscape_0127.jpeg"
image_neutral_thumbnail_id_1="525"
image_neutral_url_1="https://hehge.com/wp-content/uploads/sites/16/2023/06/MI_Finance_Neutral_Landscape_0074.jpeg"
image_neutral_thumbnail_id_2="590"
image_neutral_url_2="https://hehge.com/wp-content/uploads/sites/16/2023/06/MI_Finance_Neutral_Landscape_0009.jpeg"
image_positive_thumbnail_id_1="949"
image_positive_url_1="https://hehge.com/wp-content/uploads/sites/16/2023/06/MI_Finance_Positive_Landscape_0111.jpeg"
image_positive_thumbnail_id_2="986"
image_positive_url_2="https://hehge.com/wp-content/uploads/sites/16/2023/06/MI_Finance_Positive_Landscape_0148.jpeg"
image_professor_thumbnail_id_1="1174"
image_professor_url_1="https://hehge.com/wp-content/uploads/sites/16/2023/06/MI_Finance_Professor_Landscape_0008.jpeg"
image_professor_thumbnail_id_2="1194"
image_professor_url_2="https://hehge.com/wp-content/uploads/sites/16/2023/06/MI_Finance_Professor_Landscape_0028.jpeg"
