Symbol="BORR"
AssetType="Common Stock"
Name="Borr Drilling Ltd"
Description="Borr Drilling Limited is an offshore drilling contractor for the global oil and gas industry. The company is headquartered in Hamilton, Bermuda."
CIK="1715497"
Exchange="NYSE"
Currency="USD"
Country="USA"
Sector="ENERGY & TRANSPORTATION"
Industry="DRILLING OIL & GAS WELLS"
Address="THISTLE HOUSE, 4 BURNABY STREET, HAMILTON HM 11, BM"
FiscalYearEnd="December"
LatestQuarter="2023-03-31"
MarketCapitalization="2141863000"
EBITDA="199000000"
PERatio="None"
PEGRatio="None"
BookValue="3.706"
DividendPerShare="0"
DividendYield="0"
EPS="-1.37"
RevenuePerShareTTM="2.66"
ProfitMargin="-0.466"
OperatingMarginTTM="0.157"
ReturnOnAssetsTTM="0.0167"
ReturnOnEquityTTM="-0.28"
RevenueTTM="533800000"
GrossProfitTTM="178900000"
DilutedEPSTTM="-1.37"
QuarterlyEarningsGrowthYOY="0"
QuarterlyRevenueGrowthYOY="1.098"
AnalystTargetPrice="9"
TrailingPE="-"
ForwardPE="-"
PriceToSalesRatioTTM="2.846"
PriceToBookRatio="1.12"
EVToRevenue="7.21"
EVToEBITDA="-46.19"
Beta="2.634"
num_52WeekHigh="8.78"
num_52WeekLow="3.22"
num_50DayMovingAverage="7.42"
num_200DayMovingAverage="6.27"
SharesOutstanding="243948000"
DividendDate="None"
ExDividendDate="None"
symbol="BORR"
open="8.45"
high="8.78"
low="8.44"
price="8.78"
volume="2043968.00"
latest_trading_day="2023-07-31"
previous_close="8.40"
change="0.38"
change_percent="4.5238%"
aroon_positive_momentum_days="82"
aroon_negative_momentum_days="0"
trend_strength="Absent or Weak Trend"
buying_signal="Weak Buy Signal"
volume_analysis="Target Volume"
value_analysis="Expected Range"
Aroon_change="FALSE"
Aroon_momentum="82"
Volume_recent_avg="1573676"
Change_recent_avg="0.01"
Delta_recent_avg="0.3"
Variance_recent_avg="0.15"
Change_ratio_recent_avg="0.01"
RSI_change="FALSE"
ADX_change="FALSE"

event="FALSE"
Aroon_signal="positive"
Aroon_change="FALSE"
Aroon_momentum_positive="82"
Aroon_momentum_negative="18"
image_negative_thumbnail_id_1="488"
image_negative_url_1="https://hehge.com/wp-content/uploads/sites/16/2023/06/MI_Finance_Negative_Landscape_0117.jpeg"
image_negative_thumbnail_id_2="519"
image_negative_url_2="https://hehge.com/wp-content/uploads/sites/16/2023/06/MI_Finance_Negative_Landscape_0086.jpeg"
image_neutral_thumbnail_id_1="590"
image_neutral_url_1="https://hehge.com/wp-content/uploads/sites/16/2023/06/MI_Finance_Neutral_Landscape_0009.jpeg"
image_neutral_thumbnail_id_2="551"
image_neutral_url_2="https://hehge.com/wp-content/uploads/sites/16/2023/06/MI_Finance_Neutral_Landscape_0048.jpeg"
image_positive_thumbnail_id_1="647"
image_positive_url_1="https://hehge.com/wp-content/uploads/sites/16/2023/06/MI_Finance_Positive_Landscape_0061.jpeg"
image_positive_thumbnail_id_2="609"
image_positive_url_2="https://hehge.com/wp-content/uploads/sites/16/2023/06/MI_Finance_Positive_Landscape_0099.jpeg"
image_professor_thumbnail_id_1="1203"
image_professor_url_1="https://hehge.com/wp-content/uploads/sites/16/2023/06/MI_Finance_Professor_Landscape_0037.jpeg"
image_professor_thumbnail_id_2="1202"
image_professor_url_2="https://hehge.com/wp-content/uploads/sites/16/2023/06/MI_Finance_Professor_Landscape_0036.jpeg"
