Symbol="AVA"
AssetType="Common Stock"
Name="Avista Corporation"
Description="Avista Corporation is a natural gas and electric utility company. The company is headquartered in Spokane, Washington."
CIK="104918"
Exchange="NYSE"
Currency="USD"
Country="USA"
Sector="ENERGY & TRANSPORTATION"
Industry="ELECTRIC & OTHER SERVICES COMBINED"
Address="1411 E MISSION AVE, SPOKANE, WA, US"
FiscalYearEnd="December"
LatestQuarter="2023-06-30"
MarketCapitalization="2598029000"
EBITDA="465500000"
PERatio="15.99"
PEGRatio="4.562"
BookValue="31.37"
DividendPerShare="1.8"
DividendYield="0.054"
EPS="1.926"
RevenuePerShareTTM="23.09"
ProfitMargin="0.0838"
OperatingMarginTTM="0.12"
ReturnOnAssetsTTM="0.018"
ReturnOnEquityTTM="6.23"
RevenueTTM="1724163000"
GrossProfitTTM="974345000"
DilutedEPSTTM="1.86"
QuarterlyEarningsGrowthYOY="0.458"
QuarterlyRevenueGrowthYOY="0.004"
AnalystTargetPrice="38.67"
TrailingPE="18"
ForwardPE="18.25"
PriceToSalesRatioTTM="1.919"
PriceToBookRatio="1.422"
EVToRevenue="3.608"
EVToEBITDA="12.24"
Beta="0.495"
num_52WeekHigh="44.03"
num_52WeekLow="33.31"
num_50DayMovingAverage="38.56"
num_200DayMovingAverage="40.97"
SharesOutstanding="75764000"
DividendDate="2023-09-15"
ExDividendDate="2023-05-25"
symbol="AVA"
open="33.67"
high="33.79"
low="33.48"
price="33.48"
volume="619002.00"
latest_trading_day="2023-08-17"
previous_close="34.07"
change="-0.59"
change_percent="-1.7317%"
aroon_positive_momentum_days="0"
aroon_negative_momentum_days="47"
trend_strength="Absent or Weak Trend"
buying_signal="Strong Sell Signal"
volume_analysis="Trending High"
value_analysis="Bullish Trend"
Aroon_change="FALSE"
Aroon_momentum="53"
Volume_recent_avg="663744"
Change_recent_avg="-0.08"
Delta_recent_avg="0.79"
Variance_recent_avg="0.4"
Change_ratio_recent_avg="-0.21"
RSI_change="FALSE"
ADX_change="FALSE"

event="FALSE"
Aroon_signal="negative"
Aroon_change="FALSE"
Aroon_momentum_positive="53"
Aroon_momentum_negative="47"
image_negative_thumbnail_id_1="1116"
image_negative_url_1="https://hehge.com/wp-content/uploads/sites/16/2023/06/MI_Finance_Negative_Landscape_0149.jpeg"
image_negative_thumbnail_id_2="148"
image_negative_url_2="https://hehge.com/wp-content/uploads/sites/16/2023/05/MI_Finance_Negative_Landscape_0028.jpeg"
image_neutral_thumbnail_id_1="542"
image_neutral_url_1="https://hehge.com/wp-content/uploads/sites/16/2023/06/MI_Finance_Neutral_Landscape_0057.jpeg"
image_neutral_thumbnail_id_2="567"
image_neutral_url_2="https://hehge.com/wp-content/uploads/sites/16/2023/06/MI_Finance_Neutral_Landscape_0032.jpeg"
image_positive_thumbnail_id_1="655"
image_positive_url_1="https://hehge.com/wp-content/uploads/sites/16/2023/06/MI_Finance_Positive_Landscape_0053.jpeg"
image_positive_thumbnail_id_2="948"
image_positive_url_2="https://hehge.com/wp-content/uploads/sites/16/2023/06/MI_Finance_Positive_Landscape_0110.jpeg"
image_professor_thumbnail_id_1="1174"
image_professor_url_1="https://hehge.com/wp-content/uploads/sites/16/2023/06/MI_Finance_Professor_Landscape_0008.jpeg"
image_professor_thumbnail_id_2="1199"
image_professor_url_2="https://hehge.com/wp-content/uploads/sites/16/2023/06/MI_Finance_Professor_Landscape_0033.jpeg"
