Symbol="TOUR"
AssetType="Common Stock"
Name="Tuniu Corp"
Description="Tuniu Corporation is an online leisure travel company in China. The company is headquartered in Nanjing, the People's Republic of China."
CIK="1597095"
Exchange="NASDAQ"
Currency="USD"
Country="China"
Sector="ENERGY & TRANSPORTATION"
Industry="TRANSPORTATION SERVICES"
Address="TUNIU BUILDING, NO. 699-32, XUANWUDADAO, XUANWU DISTRICT, NANJING, CHINA"
FiscalYearEnd="December"
LatestQuarter="2023-03-31"
MarketCapitalization="194985000"
EBITDA="-51227248"
PERatio="None"
PEGRatio="6540"
BookValue="8.87"
DividendPerShare="0"
DividendYield="0"
EPS="-0.18"
RevenuePerShareTTM="1.659"
ProfitMargin="-0.779"
OperatingMarginTTM="-0.318"
ReturnOnAssetsTTM="-0.0197"
ReturnOnEquityTTM="-0.149"
RevenueTTM="205322000"
GrossProfitTTM="89554000"
DilutedEPSTTM="-0.18"
QuarterlyEarningsGrowthYOY="0"
QuarterlyRevenueGrowthYOY="0.523"
AnalystTargetPrice="2.82"
TrailingPE="-"
ForwardPE="7.91"
PriceToSalesRatioTTM="1.031"
PriceToBookRatio="1.558"
EVToRevenue="0.324"
EVToEBITDA="-1.033"
Beta="1.845"
num_52WeekHigh="2.9"
num_52WeekLow="0.529"
num_50DayMovingAverage="1.547"
num_200DayMovingAverage="1.543"
SharesOutstanding="123800000"
DividendDate="None"
ExDividendDate="None"
symbol="TOUR"
open="1.62"
high="1.64"
low="1.55"
price="1.56"
volume="292989.00"
latest_trading_day="2023-07-12"
previous_close="1.59"
change="-0.03"
change_percent="-1.8868%"
aroon_positive_momentum_days="0"
aroon_negative_momentum_days="71"
trend_strength="Absent or Weak Trend"
buying_signal="Weak Sell Signal"
volume_analysis="Target Volume"
value_analysis="Expected Range"
Aroon_change="FALSE"
Aroon_momentum="29"
Volume_recent_avg="320784"
Change_recent_avg="0.01"
Delta_recent_avg="0.12"
Variance_recent_avg="0.06"
Change_ratio_recent_avg="-0.29"
RSI_change="FALSE"
ADX_change="FALSE"

event="FALSE"
Aroon_signal="negative"
Aroon_change="FALSE"
Aroon_momentum_positive="29"
Aroon_momentum_negative="71"
image_negative_thumbnail_id_1="1154"
image_negative_url_1="https://hehge.com/wp-content/uploads/sites/16/2023/06/MI_Finance_Negative_Landscape_0188.jpeg"
image_negative_thumbnail_id_2="1137"
image_negative_url_2="https://hehge.com/wp-content/uploads/sites/16/2023/06/MI_Finance_Negative_Landscape_0170.jpeg"
image_neutral_thumbnail_id_1="582"
image_neutral_url_1="https://hehge.com/wp-content/uploads/sites/16/2023/06/MI_Finance_Neutral_Landscape_0017.jpeg"
image_neutral_thumbnail_id_2="536"
image_neutral_url_2="https://hehge.com/wp-content/uploads/sites/16/2023/06/MI_Finance_Neutral_Landscape_0063.jpeg"
image_positive_thumbnail_id_1="985"
image_positive_url_1="https://hehge.com/wp-content/uploads/sites/16/2023/06/MI_Finance_Positive_Landscape_0147.jpeg"
image_positive_thumbnail_id_2="629"
image_positive_url_2="https://hehge.com/wp-content/uploads/sites/16/2023/06/MI_Finance_Positive_Landscape_0079.jpeg"
image_professor_thumbnail_id_1="1190"
image_professor_url_1="https://hehge.com/wp-content/uploads/sites/16/2023/06/MI_Finance_Professor_Landscape_0024.jpeg"
image_professor_thumbnail_id_2="1193"
image_professor_url_2="https://hehge.com/wp-content/uploads/sites/16/2023/06/MI_Finance_Professor_Landscape_0027.jpeg"
