Symbol="SRCL"
AssetType="Common Stock"
Name="Stericycle Inc"
Description="Stericycle, Inc. provides regulatory and compliance solutions in the United States, Europe, and internationally. The company is headquartered in Bannockburn, Illinois."
CIK="861878"
Exchange="NASDAQ"
Currency="USD"
Country="USA"
Sector="ENERGY & TRANSPORTATION"
Industry="HAZARDOUS WASTE MANAGEMENT"
Address="2355 WAUKEGAN ROAD, BANNOCKBURN, IL, US"
FiscalYearEnd="December"
LatestQuarter="2023-06-30"
MarketCapitalization="4017288000"
EBITDA="504800000"
PERatio="180.92"
PEGRatio="1.952"
BookValue="26.84"
DividendPerShare="0"
DividendYield="0"
EPS="0.24"
RevenuePerShareTTM="29.43"
ProfitMargin="0.0079"
OperatingMarginTTM="0.103"
ReturnOnAssetsTTM="0.0331"
ReturnOnEquityTTM="0.0091"
RevenueTTM="2714500000"
GrossProfitTTM="1011700000"
DilutedEPSTTM="0.24"
QuarterlyEarningsGrowthYOY="-0.655"
QuarterlyRevenueGrowthYOY="-0.015"
AnalystTargetPrice="56.25"
TrailingPE="180.92"
ForwardPE="21.46"
PriceToSalesRatioTTM="1.735"
PriceToBookRatio="2.054"
EVToRevenue="2.526"
EVToEBITDA="20.21"
Beta="1.224"
num_52WeekHigh="56.12"
num_52WeekLow="39.63"
num_50DayMovingAverage="44.86"
num_200DayMovingAverage="47.04"
SharesOutstanding="92522000"
DividendDate="None"
ExDividendDate="None"
symbol="SRCL"
open="43.21"
high="43.88"
low="43.17"
price="43.21"
volume="189346.00"
latest_trading_day="2023-08-24"
previous_close="43.42"
change="-0.21"
change_percent="-0.4836%"
aroon_positive_momentum_days="0"
aroon_negative_momentum_days="64"
trend_strength="Absent or Weak Trend"
buying_signal="Weak Sell Signal"
volume_analysis="Target Volume"
value_analysis="Expected Range"
Aroon_change="FALSE"
Aroon_momentum="36"
Volume_recent_avg="415326"
Change_recent_avg="-0.01"
Delta_recent_avg="1.03"
Variance_recent_avg="0.51"
Change_ratio_recent_avg="-0.03"
RSI_change="FALSE"
ADX_change="FALSE"

event="FALSE"
Aroon_signal="negative"
Aroon_change="FALSE"
Aroon_momentum_positive="36"
Aroon_momentum_negative="64"
image_negative_thumbnail_id_1="164"
image_negative_url_1="https://hehge.com/wp-content/uploads/sites/16/2023/05/MI_Finance_Negative_Landscape_0012.jpeg"
image_negative_thumbnail_id_2="152"
image_negative_url_2="https://hehge.com/wp-content/uploads/sites/16/2023/05/MI_Finance_Negative_Landscape_0024.jpeg"
image_neutral_thumbnail_id_1="548"
image_neutral_url_1="https://hehge.com/wp-content/uploads/sites/16/2023/06/MI_Finance_Neutral_Landscape_0051.jpeg"
image_neutral_thumbnail_id_2="565"
image_neutral_url_2="https://hehge.com/wp-content/uploads/sites/16/2023/06/MI_Finance_Neutral_Landscape_0034.jpeg"
image_positive_thumbnail_id_1="649"
image_positive_url_1="https://hehge.com/wp-content/uploads/sites/16/2023/06/MI_Finance_Positive_Landscape_0059.jpeg"
image_positive_thumbnail_id_2="966"
image_positive_url_2="https://hehge.com/wp-content/uploads/sites/16/2023/06/MI_Finance_Positive_Landscape_0128.jpeg"
image_professor_thumbnail_id_1="1202"
image_professor_url_1="https://hehge.com/wp-content/uploads/sites/16/2023/06/MI_Finance_Professor_Landscape_0036.jpeg"
image_professor_thumbnail_id_2="1187"
image_professor_url_2="https://hehge.com/wp-content/uploads/sites/16/2023/06/MI_Finance_Professor_Landscape_0021.jpeg"
