Symbol="METC"
AssetType="Common Stock"
Name="Ramaco Resources Inc"
Description="Ramaco Resources, Inc. produces and sells metallurgical coal. The company is headquartered in Lexington, Kentucky."
CIK="1687187"
Exchange="NASDAQ"
Currency="USD"
Country="USA"
Sector="ENERGY & TRANSPORTATION"
Industry="BITUMINOUS COAL & LIGNITE MINING"
Address="250 WEST MAIN STREET, SUITE 210, LEXINGTON, KY, US"
FiscalYearEnd="December"
LatestQuarter="2023-03-31"
MarketCapitalization="502506000"
EBITDA="170114000"
PERatio="3.696"
PEGRatio="0"
BookValue="7.58"
DividendPerShare="0.468"
DividendYield="0.0557"
EPS="2.4"
RevenuePerShareTTM="13.06"
ProfitMargin="0.173"
OperatingMarginTTM="0.224"
ReturnOnAssetsTTM="0.154"
ReturnOnEquityTTM="0.339"
RevenueTTM="577166000"
GrossProfitTTM="232728000"
DilutedEPSTTM="2.4"
QuarterlyEarningsGrowthYOY="-0.38"
QuarterlyRevenueGrowthYOY="0.074"
AnalystTargetPrice="9.66"
TrailingPE="3.696"
ForwardPE="27.62"
PriceToSalesRatioTTM="0.747"
PriceToBookRatio="1.3"
EVToRevenue="0.918"
EVToEBITDA="2.451"
Beta="1.132"
num_52WeekHigh="12.32"
num_52WeekLow="7.26"
num_50DayMovingAverage="8.64"
num_200DayMovingAverage="9.54"
SharesOutstanding="44413400"
DividendDate="2023-06-15"
ExDividendDate="2023-05-31"
symbol="METC"
open="8.74"
high="8.83"
low="8.27"
price="8.45"
volume="407416.00"
latest_trading_day="2023-07-14"
previous_close="8.78"
change="-0.33"
change_percent="-3.7585%"
aroon_positive_momentum_days="0"
aroon_negative_momentum_days="83"
trend_strength="Absent or Weak Trend"
buying_signal="Weak Sell Signal"
volume_analysis="Target Volume"
value_analysis="Expected Range"
Aroon_change="FALSE"
Aroon_momentum="17"
Volume_recent_avg="413734"
Change_recent_avg="-0.02"
Delta_recent_avg="0.44"
Variance_recent_avg="0.22"
Change_ratio_recent_avg="-0.25"
RSI_change="FALSE"
ADX_change="FALSE"

event="FALSE"
Aroon_signal="negative"
Aroon_change="FALSE"
Aroon_momentum_positive="17"
Aroon_momentum_negative="83"
image_negative_thumbnail_id_1="146"
image_negative_url_1="https://hehge.com/wp-content/uploads/sites/16/2023/05/MI_Finance_Negative_Landscape_0030.jpeg"
image_negative_thumbnail_id_2="1164"
image_negative_url_2="https://hehge.com/wp-content/uploads/sites/16/2023/06/MI_Finance_Negative_Landscape_0198.jpeg"
image_neutral_thumbnail_id_1="523"
image_neutral_url_1="https://hehge.com/wp-content/uploads/sites/16/2023/06/MI_Finance_Neutral_Landscape_0076.jpeg"
image_neutral_thumbnail_id_2="557"
image_neutral_url_2="https://hehge.com/wp-content/uploads/sites/16/2023/06/MI_Finance_Neutral_Landscape_0042.jpeg"
image_positive_thumbnail_id_1="707"
image_positive_url_1="https://hehge.com/wp-content/uploads/sites/16/2023/06/MI_Finance_Positive_Landscape_0001.jpeg"
image_positive_thumbnail_id_2="669"
image_positive_url_2="https://hehge.com/wp-content/uploads/sites/16/2023/06/MI_Finance_Positive_Landscape_0039.jpeg"
image_professor_thumbnail_id_1="1173"
image_professor_url_1="https://hehge.com/wp-content/uploads/sites/16/2023/06/MI_Finance_Professor_Landscape_0007.jpeg"
image_professor_thumbnail_id_2="1189"
image_professor_url_2="https://hehge.com/wp-content/uploads/sites/16/2023/06/MI_Finance_Professor_Landscape_0023.jpeg"
