Symbol="AGR"
AssetType="Common Stock"
Name="Avangrid Inc"
Description="Avangrid, Inc. is an energy services portfolio company in the United States. The company is headquartered in Orange, Connecticut."
CIK="1634997"
Exchange="NYSE"
Currency="USD"
Country="USA"
Sector="ENERGY & TRANSPORTATION"
Industry="ELECTRIC SERVICES"
Address="180 MARSH HILL ROAD, ORANGE, CT, US"
FiscalYearEnd="December"
LatestQuarter="2023-03-31"
MarketCapitalization="14371600000"
EBITDA="1879000000"
PERatio="16.13"
PEGRatio="4.183"
BookValue="50.45"
DividendPerShare="1.76"
DividendYield="0.0473"
EPS="1.759"
RevenuePerShareTTM="21.35"
ProfitMargin="0.0825"
OperatingMarginTTM="0.0922"
ReturnOnAssetsTTM="0.0117"
ReturnOnEquityTTM="3.521"
RevenueTTM="8256000000"
GrossProfitTTM="2595000000"
DilutedEPSTTM="1.71"
QuarterlyEarningsGrowthYOY="-0.452"
QuarterlyRevenueGrowthYOY="0.156"
AnalystTargetPrice="42.17"
TrailingPE="22.21"
ForwardPE="18.8"
PriceToSalesRatioTTM="2.111"
PriceToBookRatio="0.87"
EVToRevenue="3.315"
EVToEBITDA="11.4"
Beta="0.441"
num_52WeekHigh="49.56"
num_52WeekLow="36.15"
num_50DayMovingAverage="38.56"
num_200DayMovingAverage="40.54"
SharesOutstanding="386749000"
DividendDate="2023-07-03"
ExDividendDate="2023-05-31"
symbol="AGR"
open="37.95"
high="38.39"
low="37.77"
price="38.39"
volume="570815.00"
latest_trading_day="2023-07-13"
previous_close="38.05"
change="0.34"
change_percent="0.8936%"
aroon_positive_momentum_days="0"
aroon_negative_momentum_days="91"
trend_strength="Absent or Weak Trend"
buying_signal="Weak Sell Signal"
volume_analysis="Target Volume"
value_analysis="Expected Range"
Aroon_change="FALSE"
Aroon_momentum="9"
Volume_recent_avg="613069"
Change_recent_avg="-0.01"
Delta_recent_avg="0.76"
Variance_recent_avg="0.38"
Change_ratio_recent_avg="-0.04"
RSI_change="FALSE"
ADX_change="FALSE"

event="FALSE"
Aroon_signal="negative"
Aroon_change="FALSE"
Aroon_momentum_positive="9"
Aroon_momentum_negative="91"
image_negative_thumbnail_id_1="142"
image_negative_url_1="https://hehge.com/wp-content/uploads/sites/16/2023/05/MI_Finance_Negative_Landscape_0034.jpeg"
image_negative_thumbnail_id_2="108"
image_negative_url_2="https://hehge.com/wp-content/uploads/sites/16/2023/05/MI_Finance_Negative_Landscape_0068.jpeg"
image_neutral_thumbnail_id_1="563"
image_neutral_url_1="https://hehge.com/wp-content/uploads/sites/16/2023/06/MI_Finance_Neutral_Landscape_0036.jpeg"
image_neutral_thumbnail_id_2="562"
image_neutral_url_2="https://hehge.com/wp-content/uploads/sites/16/2023/06/MI_Finance_Neutral_Landscape_0037.jpeg"
image_positive_thumbnail_id_1="632"
image_positive_url_1="https://hehge.com/wp-content/uploads/sites/16/2023/06/MI_Finance_Positive_Landscape_0076.jpeg"
image_positive_thumbnail_id_2="668"
image_positive_url_2="https://hehge.com/wp-content/uploads/sites/16/2023/06/MI_Finance_Positive_Landscape_0040.jpeg"
image_professor_thumbnail_id_1="1179"
image_professor_url_1="https://hehge.com/wp-content/uploads/sites/16/2023/06/MI_Finance_Professor_Landscape_0013.jpeg"
image_professor_thumbnail_id_2="1197"
image_professor_url_2="https://hehge.com/wp-content/uploads/sites/16/2023/06/MI_Finance_Professor_Landscape_0031.jpeg"
