Symbol="OTTR"
AssetType="Common Stock"
Name="Otter Tail Corporation"
Description="Otter Tail Corporation is engaged in electrical service, manufacturing and plastic piping businesses in the United States. The company is headquartered in Fergus Falls, Minnesota."
CIK="1466593"
Exchange="NASDAQ"
Currency="USD"
Country="USA"
Sector="ENERGY & TRANSPORTATION"
Industry="ELECTRIC SERVICES"
Address="215 S CASCADE ST, PO BOX 496, FERGUS FALLS, MN, US"
FiscalYearEnd="December"
LatestQuarter="2023-03-31"
MarketCapitalization="3395243000"
EBITDA="469180000"
PERatio="12.43"
PEGRatio="1.891"
BookValue="30.32"
DividendPerShare="1.675"
DividendYield="0.0215"
EPS="6.55"
RevenuePerShareTTM="34.23"
ProfitMargin="0.193"
OperatingMarginTTM="0.264"
ReturnOnAssetsTTM="0.0814"
ReturnOnEquityTTM="0.238"
RevenueTTM="1424386000"
GrossProfitTTM="570496000"
DilutedEPSTTM="6.55"
QuarterlyEarningsGrowthYOY="-0.134"
QuarterlyRevenueGrowthYOY="-0.096"
AnalystTargetPrice="67.5"
TrailingPE="12.43"
ForwardPE="13.99"
PriceToSalesRatioTTM="1.6"
PriceToBookRatio="2.081"
EVToRevenue="2.155"
EVToEBITDA="6.43"
Beta="0.519"
num_52WeekHigh="81.49"
num_52WeekLow="51.57"
num_50DayMovingAverage="76.87"
num_200DayMovingAverage="67.57"
SharesOutstanding="41710600"
DividendDate="2023-06-09"
ExDividendDate="2023-05-12"
symbol="OTTR"
open="81.25"
high="81.49"
low="80.43"
price="81.40"
volume="93912.00"
latest_trading_day="2023-07-14"
previous_close="81.11"
change="0.29"
change_percent="0.3575%"
aroon_positive_momentum_days="100"
aroon_negative_momentum_days="0"
trend_strength="Absent or Weak Trend"
buying_signal="Strong Buy Signal"
volume_analysis="Target Volume"
value_analysis="Expected Range"
Aroon_change="FALSE"
Aroon_momentum="100"
Volume_recent_avg="326073"
Change_recent_avg="0.09"
Delta_recent_avg="1.59"
Variance_recent_avg="0.8"
Change_ratio_recent_avg="0.11"
RSI_change="FALSE"
ADX_change="FALSE"
Aroon_signal="positive"
Aroon_change="FALSE"
Aroon_momentum_positive="100"
Aroon_momentum_negative="0"
image_negative_thumbnail_id_1="509"
image_negative_url_1="https://hehge.com/wp-content/uploads/sites/16/2023/06/MI_Finance_Negative_Landscape_0096.jpeg"
image_negative_thumbnail_id_2="174"
image_negative_url_2="https://hehge.com/wp-content/uploads/sites/16/2023/05/MI_Finance_Negative_Landscape_0002.jpeg"
image_neutral_thumbnail_id_1="567"
image_neutral_url_1="https://hehge.com/wp-content/uploads/sites/16/2023/06/MI_Finance_Neutral_Landscape_0032.jpeg"
image_neutral_thumbnail_id_2="537"
image_neutral_url_2="https://hehge.com/wp-content/uploads/sites/16/2023/06/MI_Finance_Neutral_Landscape_0062.jpeg"
image_positive_thumbnail_id_1="655"
image_positive_url_1="https://hehge.com/wp-content/uploads/sites/16/2023/06/MI_Finance_Positive_Landscape_0053.jpeg"
image_positive_thumbnail_id_2="1005"
image_positive_url_2="https://hehge.com/wp-content/uploads/sites/16/2023/06/MI_Finance_Positive_Landscape_0167.jpeg"
image_professor_thumbnail_id_1="1187"
image_professor_url_1="https://hehge.com/wp-content/uploads/sites/16/2023/06/MI_Finance_Professor_Landscape_0021.jpeg"
image_professor_thumbnail_id_2="1176"
image_professor_url_2="https://hehge.com/wp-content/uploads/sites/16/2023/06/MI_Finance_Professor_Landscape_0010.jpeg"
