Symbol="RIG"
AssetType="Common Stock"
Name="Transocean Ltd"
Description="Transocean Ltd., provides offshore contract drilling services for oil and gas wells globally. The company is headquartered in Steinhausen, Switzerland."
CIK="1451505"
Exchange="NYSE"
Currency="USD"
Country="USA"
Sector="ENERGY & TRANSPORTATION"
Industry="DRILLING OIL & GAS WELLS"
Address="TURMSTRASSE 30, STEINHAUSEN, CH"
FiscalYearEnd="December"
LatestQuarter="2023-06-30"
MarketCapitalization="6130498000"
EBITDA="866000000"
PERatio="None"
PEGRatio="-22.91"
BookValue="13.57"
DividendPerShare="0"
DividendYield="0"
EPS="-1.33"
RevenuePerShareTTM="3.652"
ProfitMargin="-0.377"
OperatingMarginTTM="0.0131"
ReturnOnAssetsTTM="0.0011"
ReturnOnEquityTTM="-0.0934"
RevenueTTM="2675000000"
GrossProfitTTM="907000000"
DilutedEPSTTM="-1.33"
QuarterlyEarningsGrowthYOY="0"
QuarterlyRevenueGrowthYOY="0.053"
AnalystTargetPrice="8.69"
TrailingPE="-"
ForwardPE="-"
PriceToSalesRatioTTM="1.182"
PriceToBookRatio="0.281"
EVToRevenue="3.63"
EVToEBITDA="10.56"
Beta="2.969"
num_52WeekHigh="8.86"
num_52WeekLow="2.33"
num_50DayMovingAverage="7.73"
num_200DayMovingAverage="6.27"
SharesOutstanding="766655000"
DividendDate="2015-09-23"
ExDividendDate="2015-08-21"
symbol="RIG"
open="7.69"
high="7.79"
low="7.56"
price="7.72"
volume="9460628.00"
latest_trading_day="2023-08-25"
previous_close="7.61"
change="0.11"
change_percent="1.4455%"
aroon_positive_momentum_days="45"
aroon_negative_momentum_days="0"
trend_strength="Absent or Weak Trend"
buying_signal="Strong Buy Signal"
volume_analysis="Target Volume"
value_analysis="Expected Range"
Aroon_change="FALSE"
Aroon_momentum="45"
Volume_recent_avg="14807619"
Change_recent_avg="0.01"
Delta_recent_avg="0.32"
Variance_recent_avg="0.16"
Change_ratio_recent_avg="-0.03"
RSI_change="FALSE"
ADX_change="FALSE"

event="FALSE"
Aroon_signal="positive"
Aroon_change="FALSE"
Aroon_momentum_positive="45"
Aroon_momentum_negative="55"
image_negative_thumbnail_id_1="1122"
image_negative_url_1="https://hehge.com/wp-content/uploads/sites/16/2023/06/MI_Finance_Negative_Landscape_0155.jpeg"
image_negative_thumbnail_id_2="105"
image_negative_url_2="https://hehge.com/wp-content/uploads/sites/16/2023/05/MI_Finance_Negative_Landscape_0071.jpeg"
image_neutral_thumbnail_id_1="565"
image_neutral_url_1="https://hehge.com/wp-content/uploads/sites/16/2023/06/MI_Finance_Neutral_Landscape_0034.jpeg"
image_neutral_thumbnail_id_2="524"
image_neutral_url_2="https://hehge.com/wp-content/uploads/sites/16/2023/06/MI_Finance_Neutral_Landscape_0075.jpeg"
image_positive_thumbnail_id_1="626"
image_positive_url_1="https://hehge.com/wp-content/uploads/sites/16/2023/06/MI_Finance_Positive_Landscape_0082.jpeg"
image_positive_thumbnail_id_2="673"
image_positive_url_2="https://hehge.com/wp-content/uploads/sites/16/2023/06/MI_Finance_Positive_Landscape_0035.jpeg"
image_professor_thumbnail_id_1="1196"
image_professor_url_1="https://hehge.com/wp-content/uploads/sites/16/2023/06/MI_Finance_Professor_Landscape_0030.jpeg"
image_professor_thumbnail_id_2="1198"
image_professor_url_2="https://hehge.com/wp-content/uploads/sites/16/2023/06/MI_Finance_Professor_Landscape_0032.jpeg"
