Symbol="RIG"
AssetType="Common Stock"
Name="Transocean Ltd"
Description="Transocean Ltd., provides offshore contract drilling services for oil and gas wells globally. The company is headquartered in Steinhausen, Switzerland."
CIK="1451505"
Exchange="NYSE"
Currency="USD"
Country="USA"
Sector="ENERGY & TRANSPORTATION"
Industry="DRILLING OIL & GAS WELLS"
Address="TURMSTRASSE 30, STEINHAUSEN, CH"
FiscalYearEnd="December"
LatestQuarter="2023-03-31"
MarketCapitalization="6300203000"
EBITDA="896000000"
PERatio="None"
PEGRatio="-22.91"
BookValue="14.11"
DividendPerShare="0"
DividendYield="0"
EPS="-1.62"
RevenuePerShareTTM="3.69"
ProfitMargin="-0.345"
OperatingMarginTTM="0.0212"
ReturnOnAssetsTTM="0.0017"
ReturnOnEquityTTM="-0.0849"
RevenueTTM="2638000000"
GrossProfitTTM="907000000"
DilutedEPSTTM="-1.62"
QuarterlyEarningsGrowthYOY="0"
QuarterlyRevenueGrowthYOY="0.108"
AnalystTargetPrice="7.62"
TrailingPE="-"
ForwardPE="-"
PriceToSalesRatioTTM="1.182"
PriceToBookRatio="0.281"
EVToRevenue="3.63"
EVToEBITDA="10.56"
Beta="2.948"
num_52WeekHigh="8.4"
num_52WeekLow="2.32"
num_50DayMovingAverage="6.28"
num_200DayMovingAverage="5.44"
SharesOutstanding="766448000"
DividendDate="2015-09-23"
ExDividendDate="2015-08-21"
symbol="RIG"
open="8.35"
high="8.40"
low="7.98"
price="8.02"
volume="20604364.00"
latest_trading_day="2023-07-12"
previous_close="8.22"
change="-0.20"
change_percent="-2.4331%"
aroon_positive_momentum_days="45"
aroon_negative_momentum_days="0"
trend_strength="Absent or Weak Trend"
buying_signal="Strong Buy Signal"
volume_analysis="Target Volume"
value_analysis="Expected Range"
Aroon_change="FALSE"
Aroon_momentum="45"
Volume_recent_avg="18444924"
Change_recent_avg="0.01"
Delta_recent_avg="0.34"
Variance_recent_avg="0.17"
Change_ratio_recent_avg="0.01"
RSI_change="FALSE"
ADX_change="FALSE"

event="FALSE"
Aroon_signal="positive"
Aroon_change="FALSE"
Aroon_momentum_positive="45"
Aroon_momentum_negative="55"
image_negative_thumbnail_id_1="515"
image_negative_url_1="https://hehge.com/wp-content/uploads/sites/16/2023/06/MI_Finance_Negative_Landscape_0090.jpeg"
image_negative_thumbnail_id_2="93"
image_negative_url_2="https://hehge.com/wp-content/uploads/sites/16/2023/05/MI_Finance_Negative_Landscape_0083.jpeg"
image_neutral_thumbnail_id_1="545"
image_neutral_url_1="https://hehge.com/wp-content/uploads/sites/16/2023/06/MI_Finance_Neutral_Landscape_0054.jpeg"
image_neutral_thumbnail_id_2="551"
image_neutral_url_2="https://hehge.com/wp-content/uploads/sites/16/2023/06/MI_Finance_Neutral_Landscape_0048.jpeg"
image_positive_thumbnail_id_1="966"
image_positive_url_1="https://hehge.com/wp-content/uploads/sites/16/2023/06/MI_Finance_Positive_Landscape_0128.jpeg"
image_positive_thumbnail_id_2="663"
image_positive_url_2="https://hehge.com/wp-content/uploads/sites/16/2023/06/MI_Finance_Positive_Landscape_0045.jpeg"
image_professor_thumbnail_id_1="1203"
image_professor_url_1="https://hehge.com/wp-content/uploads/sites/16/2023/06/MI_Finance_Professor_Landscape_0037.jpeg"
image_professor_thumbnail_id_2="1181"
image_professor_url_2="https://hehge.com/wp-content/uploads/sites/16/2023/06/MI_Finance_Professor_Landscape_0015.jpeg"
