Symbol="PLL"
AssetType="Common Stock"
Name="Piedmont Lithium Ltd ADR"
Description="Piedmont Lithium Inc. is engaged in the exploration and development of resource projects in the United States. The company is headquartered in Belmont, North Carolina."
CIK="1728205"
Exchange="NASDAQ"
Currency="USD"
Country="USA"
Sector="ENERGY & TRANSPORTATION"
Industry="MINING & QUARRYING OF NONMETALLIC MINERALS (NO FUELS)"
Address="42 E CATAWBA STREET, BELMONT, NC, US"
FiscalYearEnd="June"
LatestQuarter="2023-03-31"
MarketCapitalization="1014605000"
EBITDA="-34906792"
PERatio="None"
PEGRatio="None"
BookValue="0.173"
DividendPerShare="0"
DividendYield="0"
EPS="-0.65"
RevenuePerShareTTM="0"
ProfitMargin="0"
OperatingMarginTTM="0"
ReturnOnAssetsTTM="-0.0696"
ReturnOnEquityTTM="-0.0411"
RevenueTTM="10810"
GrossProfitTTM="0"
DilutedEPSTTM="-0.65"
QuarterlyEarningsGrowthYOY="0"
QuarterlyRevenueGrowthYOY="0"
AnalystTargetPrice="116"
TrailingPE="-"
ForwardPE="15.31"
PriceToSalesRatioTTM="-"
PriceToBookRatio="3.535"
EVToRevenue="-"
EVToEBITDA="-31.58"
Beta="0.636"
num_52WeekHigh="76.78"
num_52WeekLow="41.02"
num_50DayMovingAverage="58.43"
num_200DayMovingAverage="57.82"
SharesOutstanding="19183300"
DividendDate="None"
ExDividendDate="None"
symbol="PLL"
open="51.85"
high="52.40"
low="50.17"
price="51.55"
volume="443034.00"
latest_trading_day="2023-08-02"
previous_close="52.89"
change="-1.34"
change_percent="-2.5336%"
aroon_positive_momentum_days="0"
aroon_negative_momentum_days="41"
trend_strength="Absent or Weak Trend"
buying_signal="Weak Sell Signal"
volume_analysis="Target Volume"
value_analysis="Expected Range"
Aroon_change="TRUE"
Aroon_momentum="59"
Volume_recent_avg="360170"
Change_recent_avg="-0.18"
Delta_recent_avg="2.53"
Variance_recent_avg="1.27"
Change_ratio_recent_avg="-0.35"
RSI_change="FALSE"
ADX_change="FALSE"
Aroon_signal="negative"
Aroon_change="TRUE"
Aroon_momentum_positive="59"
Aroon_momentum_negative="41"
image_negative_thumbnail_id_1="1096"
image_negative_url_1="https://hehge.com/wp-content/uploads/sites/16/2023/06/MI_Finance_Negative_Landscape_0129.jpeg"
image_negative_thumbnail_id_2="131"
image_negative_url_2="https://hehge.com/wp-content/uploads/sites/16/2023/05/MI_Finance_Negative_Landscape_0045.jpeg"
image_neutral_thumbnail_id_1="535"
image_neutral_url_1="https://hehge.com/wp-content/uploads/sites/16/2023/06/MI_Finance_Neutral_Landscape_0064.jpeg"
image_neutral_thumbnail_id_2="581"
image_neutral_url_2="https://hehge.com/wp-content/uploads/sites/16/2023/06/MI_Finance_Neutral_Landscape_0018.jpeg"
image_positive_thumbnail_id_1="687"
image_positive_url_1="https://hehge.com/wp-content/uploads/sites/16/2023/06/MI_Finance_Positive_Landscape_0021.jpeg"
image_positive_thumbnail_id_2="965"
image_positive_url_2="https://hehge.com/wp-content/uploads/sites/16/2023/06/MI_Finance_Positive_Landscape_0127.jpeg"
image_professor_thumbnail_id_1="1173"
image_professor_url_1="https://hehge.com/wp-content/uploads/sites/16/2023/06/MI_Finance_Professor_Landscape_0007.jpeg"
image_professor_thumbnail_id_2="1170"
image_professor_url_2="https://hehge.com/wp-content/uploads/sites/16/2023/06/MI_Finance_Professor_Landscape_0004.jpeg"
