Symbol="SWX"
AssetType="Common Stock"
Name="Southwest Gas Holdings Inc"
Description="Southwest Gas Holdings, Inc. purchases, distributes and transports natural gas in Arizona, Nevada and California. The company is headquartered in Las Vegas, Nevada."
CIK="1692115"
Exchange="NYSE"
Currency="USD"
Country="USA"
Sector="ENERGY & TRANSPORTATION"
Industry="NATURAL GAS TRANSMISISON & DISTRIBUTION"
Address="C/O SOUTHWEST GAS CORPORATION, 5241 SPRING MOUNTAIN ROAD, LAS VEGAS, NV, US"
FiscalYearEnd="December"
LatestQuarter="2023-03-31"
MarketCapitalization="4586194000"
EBITDA="933687000"
PERatio="45.45"
PEGRatio="5.82"
BookValue="46.21"
DividendPerShare="2.48"
DividendYield="0.0397"
EPS="-3.784"
RevenuePerShareTTM="78.53"
ProfitMargin="-0.0479"
OperatingMarginTTM="0.0894"
ReturnOnAssetsTTM="0.0236"
ReturnOnEquityTTM="-7.47"
RevenueTTM="5295904000"
GrossProfitTTM="994865000"
DilutedEPSTTM="-4.01"
QuarterlyEarningsGrowthYOY="-0.576"
QuarterlyRevenueGrowthYOY="0.265"
AnalystTargetPrice="69"
TrailingPE="-"
ForwardPE="15.2"
PriceToSalesRatioTTM="0.943"
PriceToBookRatio="1.401"
EVToRevenue="2.357"
EVToEBITDA="13.14"
Beta="0.268"
num_52WeekHigh="85.09"
num_52WeekLow="53.2"
num_50DayMovingAverage="59.41"
num_200DayMovingAverage="64.27"
SharesOutstanding="71336000"
DividendDate="2023-09-01"
ExDividendDate="2023-08-14"
symbol="SWX"
open="63.45"
high="64.12"
low="63.13"
price="63.58"
volume="371027.00"
latest_trading_day="2023-07-07"
previous_close="63.87"
change="-0.29"
change_percent="-0.4540%"
aroon_positive_momentum_days="21"
aroon_negative_momentum_days="0"
trend_strength="Absent or Weak Trend"
buying_signal="Weak Buy Signal"
volume_analysis="Target Volume"
value_analysis="Expected Range"
Aroon_change="FALSE"
Aroon_momentum="21"
Volume_recent_avg="580953"
Change_recent_avg="-0.05"
Delta_recent_avg="1.43"
Variance_recent_avg="0.71"
Change_ratio_recent_avg="-0.09"
RSI_change="FALSE"
ADX_change="FALSE"

event="FALSE"
Aroon_signal="positive"
Aroon_change="FALSE"
Aroon_momentum_positive="21"
Aroon_momentum_negative="79"
image_negative_thumbnail_id_1="119"
image_negative_url_1="https://hehge.com/wp-content/uploads/sites/16/2023/05/MI_Finance_Negative_Landscape_0057.jpeg"
image_negative_thumbnail_id_2="1145"
image_negative_url_2="https://hehge.com/wp-content/uploads/sites/16/2023/06/MI_Finance_Negative_Landscape_0178.jpeg"
image_neutral_thumbnail_id_1="548"
image_neutral_url_1="https://hehge.com/wp-content/uploads/sites/16/2023/06/MI_Finance_Neutral_Landscape_0051.jpeg"
image_neutral_thumbnail_id_2="566"
image_neutral_url_2="https://hehge.com/wp-content/uploads/sites/16/2023/06/MI_Finance_Neutral_Landscape_0033.jpeg"
image_positive_thumbnail_id_1="962"
image_positive_url_1="https://hehge.com/wp-content/uploads/sites/16/2023/06/MI_Finance_Positive_Landscape_0124.jpeg"
image_positive_thumbnail_id_2="618"
image_positive_url_2="https://hehge.com/wp-content/uploads/sites/16/2023/06/MI_Finance_Positive_Landscape_0090.jpeg"
image_professor_thumbnail_id_1="1201"
image_professor_url_1="https://hehge.com/wp-content/uploads/sites/16/2023/06/MI_Finance_Professor_Landscape_0035.jpeg"
image_professor_thumbnail_id_2="1190"
image_professor_url_2="https://hehge.com/wp-content/uploads/sites/16/2023/06/MI_Finance_Professor_Landscape_0024.jpeg"
