Symbol="FRPH"
AssetType="Common Stock"
Name="Frp Holdings Ord"
Description="FRP Holdings, Inc. is a real estate investment and development company in the United States. The company is headquartered in Jacksonville, Florida."
CIK="844059"
Exchange="NASDAQ"
Currency="USD"
Country="USA"
Sector="ENERGY & TRANSPORTATION"
Industry="TRUCKING & COURIER SERVICES (NO AIR)"
Address="200 W. FORSYTH ST., 7TH FLOOR, JACKSONVILLE, FL, US"
FiscalYearEnd="December"
LatestQuarter="2023-06-30"
MarketCapitalization="537351000"
EBITDA="11460000"
PERatio="120.17"
PEGRatio="0"
BookValue="43.16"
DividendPerShare="0"
DividendYield="0"
EPS="0.47"
RevenuePerShareTTM="3.181"
ProfitMargin="0.147"
OperatingMarginTTM="0.0055"
ReturnOnAssetsTTM="0.0001"
ReturnOnEquityTTM="0.0091"
RevenueTTM="29933000"
GrossProfitTTM="13492000"
DilutedEPSTTM="0.47"
QuarterlyEarningsGrowthYOY="-0.143"
QuarterlyRevenueGrowthYOY="-0.154"
AnalystTargetPrice="45"
TrailingPE="120.17"
ForwardPE="-"
PriceToSalesRatioTTM="18.19"
PriceToBookRatio="1.409"
EVToRevenue="16.51"
EVToEBITDA="38.79"
Beta="0.637"
num_52WeekHigh="61.81"
num_52WeekLow="52.45"
num_50DayMovingAverage="57.24"
num_200DayMovingAverage="56.93"
SharesOutstanding="9514000"
DividendDate="None"
ExDividendDate="None"
symbol="FRPH"
open="55.59"
high="56.81"
low="55.59"
price="56.48"
volume="9531.00"
latest_trading_day="2023-08-18"
previous_close="56.11"
change="0.37"
change_percent="0.6594%"
aroon_positive_momentum_days="86"
aroon_negative_momentum_days="0"
trend_strength="Absent or Weak Trend"
buying_signal="High Volatility / Hold Signal"
volume_analysis="Target Volume"
value_analysis="Expected Range"
Aroon_change="FALSE"
Aroon_momentum="86"
Volume_recent_avg="17826"
Change_recent_avg="0.04"
Delta_recent_avg="1.24"
Variance_recent_avg="0.62"
Change_ratio_recent_avg="0.07"
RSI_change="FALSE"
ADX_change="FALSE"

event="FALSE"
Aroon_signal="positive"
Aroon_change="FALSE"
Aroon_momentum_positive="86"
Aroon_momentum_negative="14"
image_negative_thumbnail_id_1="109"
image_negative_url_1="https://hehge.com/wp-content/uploads/sites/16/2023/05/MI_Finance_Negative_Landscape_0067.jpeg"
image_negative_thumbnail_id_2="128"
image_negative_url_2="https://hehge.com/wp-content/uploads/sites/16/2023/05/MI_Finance_Negative_Landscape_0048.jpeg"
image_neutral_thumbnail_id_1="556"
image_neutral_url_1="https://hehge.com/wp-content/uploads/sites/16/2023/06/MI_Finance_Neutral_Landscape_0043.jpeg"
image_neutral_thumbnail_id_2="550"
image_neutral_url_2="https://hehge.com/wp-content/uploads/sites/16/2023/06/MI_Finance_Neutral_Landscape_0049.jpeg"
image_positive_thumbnail_id_1="1004"
image_positive_url_1="https://hehge.com/wp-content/uploads/sites/16/2023/06/MI_Finance_Positive_Landscape_0166.jpeg"
image_positive_thumbnail_id_2="1005"
image_positive_url_2="https://hehge.com/wp-content/uploads/sites/16/2023/06/MI_Finance_Positive_Landscape_0167.jpeg"
image_professor_thumbnail_id_1="1190"
image_professor_url_1="https://hehge.com/wp-content/uploads/sites/16/2023/06/MI_Finance_Professor_Landscape_0024.jpeg"
image_professor_thumbnail_id_2="1179"
image_professor_url_2="https://hehge.com/wp-content/uploads/sites/16/2023/06/MI_Finance_Professor_Landscape_0013.jpeg"
