Symbol="LEXXW"
AssetType="Common Stock"
Name="Lexaria Bioscience Corp"
Description="Lexaria Bioscience Corp. The company is headquartered in Kelowna, Canada."
CIK="1348362"
Exchange="NASDAQ"
Currency="USD"
Country="USA"
Sector="ENERGY & TRANSPORTATION"
Industry="METAL MINING"
Address=", "
FiscalYearEnd="December"
LatestQuarter="2023-03-31"
MarketCapitalization="33790700"
EBITDA="-3535628"
PERatio="None"
PEGRatio="None"
BookValue="None"
DividendPerShare="None"
DividendYield="0"
EPS="None"
RevenuePerShareTTM="0.234"
ProfitMargin="0"
OperatingMarginTTM="-5.45"
ReturnOnAssetsTTM="-0.927"
ReturnOnEquityTTM="-34.38"
RevenueTTM="669870"
GrossProfitTTM="0"
DilutedEPSTTM="0"
QuarterlyEarningsGrowthYOY="0"
QuarterlyRevenueGrowthYOY="27.62"
AnalystTargetPrice="None"
TrailingPE="-"
ForwardPE="-"
PriceToSalesRatioTTM="-"
PriceToBookRatio="-"
EVToRevenue="-"
EVToEBITDA="-"
Beta="2.121"
num_52WeekHigh="1"
num_52WeekLow="0.0732"
num_50DayMovingAverage="0"
num_200DayMovingAverage="0"
SharesOutstanding="0"
DividendDate="None"
ExDividendDate="None"
symbol="LEXXW"
open="0.31"
high="0.31"
low="0.31"
price="0.31"
volume="1.00"
latest_trading_day="2023-07-12"
previous_close="0.27"
change="0.04"
change_percent="14.5185%"
aroon_positive_momentum_days="0"
aroon_negative_momentum_days="47"
trend_strength="Absent or Weak Trend"
buying_signal="Weak Sell Signal"
volume_analysis="Target Volume"
value_analysis="Expected Range"
Aroon_change="FALSE"
Aroon_momentum="53"
Volume_recent_avg="2404"
Change_recent_avg="0.01"
Delta_recent_avg="0.06"
Variance_recent_avg="0.03"
Change_ratio_recent_avg="1.82"
RSI_change="FALSE"
ADX_change="FALSE"

event="FALSE"
Aroon_signal="negative"
Aroon_change="FALSE"
Aroon_momentum_positive="53"
Aroon_momentum_negative="47"
image_negative_thumbnail_id_1="1120"
image_negative_url_1="https://hehge.com/wp-content/uploads/sites/16/2023/06/MI_Finance_Negative_Landscape_0153.jpeg"
image_negative_thumbnail_id_2="1091"
image_negative_url_2="https://hehge.com/wp-content/uploads/sites/16/2023/06/MI_Finance_Negative_Landscape_0124.jpeg"
image_neutral_thumbnail_id_1="590"
image_neutral_url_1="https://hehge.com/wp-content/uploads/sites/16/2023/06/MI_Finance_Neutral_Landscape_0009.jpeg"
image_neutral_thumbnail_id_2="539"
image_neutral_url_2="https://hehge.com/wp-content/uploads/sites/16/2023/06/MI_Finance_Neutral_Landscape_0060.jpeg"
image_positive_thumbnail_id_1="976"
image_positive_url_1="https://hehge.com/wp-content/uploads/sites/16/2023/06/MI_Finance_Positive_Landscape_0138.jpeg"
image_positive_thumbnail_id_2="683"
image_positive_url_2="https://hehge.com/wp-content/uploads/sites/16/2023/06/MI_Finance_Positive_Landscape_0025.jpeg"
image_professor_thumbnail_id_1="1187"
image_professor_url_1="https://hehge.com/wp-content/uploads/sites/16/2023/06/MI_Finance_Professor_Landscape_0021.jpeg"
image_professor_thumbnail_id_2="1202"
image_professor_url_2="https://hehge.com/wp-content/uploads/sites/16/2023/06/MI_Finance_Professor_Landscape_0036.jpeg"
