Symbol="XPO"
AssetType="Common Stock"
Name="XPO Logistics Inc"
Description="XPO Logistics, Inc. provides supply chain solutions in the United States, the rest of North America, France, the United Kingdom, the rest of Europe, and internationally. The company is headquartered in Greenwich, Connecticut."
CIK="1166003"
Exchange="NYSE"
Currency="USD"
Country="USA"
Sector="ENERGY & TRANSPORTATION"
Industry="TRANSPORTATION SERVICES"
Address="FIVE AMERICAN LANE, GREENWICH, CT, US"
FiscalYearEnd="December"
LatestQuarter="2023-03-31"
MarketCapitalization="7034838000"
EBITDA="1034000000"
PERatio="24.15"
PEGRatio="1.185"
BookValue="9.1"
DividendPerShare="0"
DividendYield="0"
EPS="1.655"
RevenuePerShareTTM="67.08"
ProfitMargin="0.0248"
OperatingMarginTTM="0.0821"
ReturnOnAssetsTTM="0.0507"
ReturnOnEquityTTM="12.74"
RevenueTTM="7731000000"
GrossProfitTTM="1619000000"
DilutedEPSTTM="1.46"
QuarterlyEarningsGrowthYOY="-0.972"
QuarterlyRevenueGrowthYOY="0.007"
AnalystTargetPrice="57.77"
TrailingPE="41.59"
ForwardPE="9.01"
PriceToSalesRatioTTM="0.321"
PriceToBookRatio="2.439"
EVToRevenue="0.575"
EVToEBITDA="4.397"
Beta="2.058"
num_52WeekHigh="61.74"
num_52WeekLow="24.75"
num_50DayMovingAverage="51.38"
num_200DayMovingAverage="39.03"
SharesOutstanding="115857000"
DividendDate="None"
ExDividendDate="None"
symbol="XPO"
open="61.00"
high="61.42"
low="59.74"
price="60.72"
volume="1407360.00"
latest_trading_day="2023-07-14"
previous_close="60.75"
change="-0.03"
change_percent="-0.0494%"
aroon_positive_momentum_days="66"
aroon_negative_momentum_days="0"
trend_strength="Absent or Weak Trend"
buying_signal="Strong Buy Signal"
volume_analysis="Trending Low"
value_analysis="Bearish Trend"
Aroon_change="FALSE"
Aroon_momentum="66"
Volume_recent_avg="1975257"
Change_recent_avg="0.15"
Delta_recent_avg="1.46"
Variance_recent_avg="0.73"
Change_ratio_recent_avg="0.23"
RSI_change="FALSE"
ADX_change="FALSE"

event="FALSE"
Aroon_signal="positive"
Aroon_change="FALSE"
Aroon_momentum_positive="66"
Aroon_momentum_negative="34"
image_negative_thumbnail_id_1="1108"
image_negative_url_1="https://hehge.com/wp-content/uploads/sites/16/2023/06/MI_Finance_Negative_Landscape_0141.jpeg"
image_negative_thumbnail_id_2="513"
image_negative_url_2="https://hehge.com/wp-content/uploads/sites/16/2023/06/MI_Finance_Negative_Landscape_0092.jpeg"
image_neutral_thumbnail_id_1="562"
image_neutral_url_1="https://hehge.com/wp-content/uploads/sites/16/2023/06/MI_Finance_Neutral_Landscape_0037.jpeg"
image_neutral_thumbnail_id_2="595"
image_neutral_url_2="https://hehge.com/wp-content/uploads/sites/16/2023/06/MI_Finance_Neutral_Landscape_0004.jpeg"
image_positive_thumbnail_id_1="638"
image_positive_url_1="https://hehge.com/wp-content/uploads/sites/16/2023/06/MI_Finance_Positive_Landscape_0070.jpeg"
image_positive_thumbnail_id_2="647"
image_positive_url_2="https://hehge.com/wp-content/uploads/sites/16/2023/06/MI_Finance_Positive_Landscape_0061.jpeg"
image_professor_thumbnail_id_1="1182"
image_professor_url_1="https://hehge.com/wp-content/uploads/sites/16/2023/06/MI_Finance_Professor_Landscape_0016.jpeg"
image_professor_thumbnail_id_2="1186"
image_professor_url_2="https://hehge.com/wp-content/uploads/sites/16/2023/06/MI_Finance_Professor_Landscape_0020.jpeg"
